Initialized native services in: C:\Users\saqib\.gradle\native
Initialized jansi services in: C:\Users\saqib\.gradle\native
Found daemon DaemonInfo{pid=4312, address=[d0b0158f-fe63-48ce-bfde-1f8e7b3ead36 port:50270, addresses:[/127.0.0.1]], state=Idle, lastBusy=1774254849635, context=DefaultDaemonContext[uid=eaf3bc97-dcda-435a-b685-05fe394e7153,javaHome=C:\Program Files\Java\jdk1.8.0_201,javaVersion=8,javaVendor=Oracle Corporation,daemonRegistryDir=C:\Users\saqib\.gradle\daemon,pid=4312,idleTimeout=10800000,priority=NORMAL,applyInstrumentationAgent=true,nativeServicesMode=ENABLED,daemonOpts=-Xmx2048m,-Dfile.encoding=UTF-8,-Duser.country=GB,-Duser.language=en,-Duser.variant]} however its context does not match the desired criteria.
JVM is incompatible.
Wanted: DaemonRequestContext{jvmCriteria=C:\Program Files\Android\Android Studio\jbr (from org.gradle.java.home), daemonOpts=[-Xmx2048m, -Dfile.encoding=UTF-8, -Duser.country=GB, -Duser.language=en, -Duser.variant], applyInstrumentationAgent=true, nativeServicesMode=ENABLED, priority=NORMAL}
Actual: DefaultDaemonContext[uid=eaf3bc97-dcda-435a-b685-05fe394e7153,javaHome=C:\Program Files\Java\jdk1.8.0_201,javaVersion=8,javaVendor=Oracle Corporation,daemonRegistryDir=C:\Users\saqib\.gradle\daemon,pid=4312,idleTimeout=10800000,priority=NORMAL,applyInstrumentationAgent=true,nativeServicesMode=ENABLED,daemonOpts=-Xmx2048m,-Dfile.encoding=UTF-8,-Duser.country=GB,-Duser.language=en,-Duser.variant]

  Looking for a different daemon...
The client will now receive all logging from the daemon (pid: 8288). The daemon log file: C:\Users\saqib\.gradle\daemon\8.11.1\daemon-8288.out.log
Starting 3rd build in daemon [uptime: 3 mins 20.558 secs, performance: 100%, GC rate: 0.00/s, heap usage: 0% of 2 GiB]
Using 4 worker leases.
Now considering [E:\Desktop\calourie_ai] as hierarchies to watch
Watching the file system is configured to be enabled if available
File system watching is active
Starting Build
Settings evaluated using settings file 'E:\Desktop\calourie_ai\settings.gradle.kts'.
Projects loaded. Root project using build file 'E:\Desktop\calourie_ai\build.gradle.kts'.
Included projects: [root project 'calorieapp', project ':app']

> Configure project :
Evaluating root project 'calorieapp' using build file 'E:\Desktop\calourie_ai\build.gradle.kts'.
Transforming hilt-android-gradle-plugin-2.51.1.jar (com.google.dagger:hilt-android-gradle-plugin:2.51.1) with InstrumentationAnalysisTransform
Transforming gradle-8.10.1.jar (com.android.tools.build:gradle:8.10.1) with InstrumentationAnalysisTransform
Transforming databinding-compiler-common-8.10.1.jar (androidx.databinding:databinding-compiler-common:8.10.1) with InstrumentationAnalysisTransform
Transforming jetifier-processor-1.0.0-beta10.jar (com.android.tools.build.jetifier:jetifier-processor:1.0.0-beta10) with InstrumentationAnalysisTransform
Transforming jetifier-core-1.0.0-beta10.jar (com.android.tools.build.jetifier:jetifier-core:1.0.0-beta10) with InstrumentationAnalysisTransform
Transforming gradle-settings-api-8.10.1.jar (com.android.tools.build:gradle-settings-api:8.10.1) with InstrumentationAnalysisTransform
Transforming lint-model-31.10.1.jar (com.android.tools.lint:lint-model:31.10.1) with InstrumentationAnalysisTransform
Transforming builder-8.10.1.jar (com.android.tools.build:builder:8.10.1) with InstrumentationAnalysisTransform
Transforming manifest-merger-31.10.1.jar (com.android.tools.build:manifest-merger:31.10.1) with InstrumentationAnalysisTransform
Transforming sdk-common-31.10.1.jar (com.android.tools:sdk-common:31.10.1) with InstrumentationAnalysisTransform
Transforming sdklib-31.10.1.jar (com.android.tools:sdklib:31.10.1) with InstrumentationAnalysisTransform
Transforming repository-31.10.1.jar (com.android.tools:repository:31.10.1) with InstrumentationAnalysisTransform
Transforming aaptcompiler-8.10.1.jar (com.android.tools.build:aaptcompiler:8.10.1) with InstrumentationAnalysisTransform
Transforming tracker-31.10.1.jar (com.android.tools.analytics-library:tracker:31.10.1) with InstrumentationAnalysisTransform
Transforming shared-31.10.1.jar (com.android.tools.analytics-library:shared:31.10.1) with InstrumentationAnalysisTransform
Transforming android-test-plugin-host-emulator-control-proto-31.10.1.jar (com.android.tools.utp:android-test-plugin-host-emulator-control-proto:31.10.1) with InstrumentationAnalysisTransform
Transforming builder-model-8.10.1.jar (com.android.tools.build:builder-model:8.10.1) with InstrumentationAnalysisTransform
Transforming gradle-api-8.10.1.jar (com.android.tools.build:gradle-api:8.10.1) with InstrumentationAnalysisTransform
Transforming builder-test-api-8.10.1.jar (com.android.tools.build:builder-test-api:8.10.1) with InstrumentationAnalysisTransform
Transforming ddmlib-31.10.1.jar (com.android.tools.ddms:ddmlib:31.10.1) with InstrumentationAnalysisTransform
Transforming layoutlib-api-31.10.1.jar (com.android.tools.layoutlib:layoutlib-api:31.10.1) with InstrumentationAnalysisTransform
Transforming dvlib-31.10.1.jar (com.android.tools:dvlib:31.10.1) with InstrumentationAnalysisTransform
Transforming common-31.10.1.jar (com.android.tools:common:31.10.1) with InstrumentationAnalysisTransform
Transforming kotlin-stdlib-jdk8-2.1.0.jar (org.jetbrains.kotlin:kotlin-stdlib-jdk8:2.1.0) with InstrumentationAnalysisTransform
Transforming kotlin-reflect-2.0.20.jar (org.jetbrains.kotlin:kotlin-reflect:2.0.20) with InstrumentationAnalysisTransform
Transforming kotlin-stdlib-jdk7-2.1.0.jar (org.jetbrains.kotlin:kotlin-stdlib-jdk7:2.1.0) with InstrumentationAnalysisTransform
Transforming kotlin-stdlib-2.0.20.jar (org.jetbrains.kotlin:kotlin-stdlib:2.0.20) with InstrumentationAnalysisTransform
Transforming annotations-13.0.jar (org.jetbrains:annotations:13.0) with InstrumentationAnalysisTransform
Transforming lint-typedef-remover-31.10.1.jar (com.android.tools.lint:lint-typedef-remover:31.10.1) with InstrumentationAnalysisTransform
Transforming asm-commons-9.7.1.jar (org.ow2.asm:asm-commons:9.7.1) with InstrumentationAnalysisTransform
Transforming asm-util-9.7.1.jar (org.ow2.asm:asm-util:9.7.1) with InstrumentationAnalysisTransform
Transforming asm-analysis-9.7.1.jar (org.ow2.asm:asm-analysis:9.7.1) with InstrumentationAnalysisTransform
Transforming asm-tree-9.7.1.jar (org.ow2.asm:asm-tree:9.7.1) with InstrumentationAnalysisTransform
Transforming asm-9.7.1.jar (org.ow2.asm:asm:9.7.1) with InstrumentationAnalysisTransform
Transforming javapoet-1.13.0.jar (com.squareup:javapoet:1.13.0) with InstrumentationAnalysisTransform
Transforming kotlin-gradle-plugin-model-2.0.21.jar (org.jetbrains.kotlin:kotlin-gradle-plugin-model:2.0.21) with InstrumentationAnalysisTransform
Transforming kotlin-gradle-plugin-api-2.0.21.jar (org.jetbrains.kotlin:kotlin-gradle-plugin-api:2.0.21) with InstrumentationAnalysisTransform
Transforming kotlin-gradle-plugin-api-2.0.21-gradle85.jar (org.jetbrains.kotlin:kotlin-gradle-plugin-api:2.0.21) with InstrumentationAnalysisTransform
Transforming compose-compiler-gradle-plugin-2.0.21-gradle85.jar (org.jetbrains.kotlin:compose-compiler-gradle-plugin:2.0.21) with InstrumentationAnalysisTransform
Transforming kotlin-gradle-plugin-2.0.21-gradle85.jar (org.jetbrains.kotlin:kotlin-gradle-plugin:2.0.21) with InstrumentationAnalysisTransform
Transforming bundletool-1.18.0.jar (com.android.tools.build:bundletool:1.18.0) with InstrumentationAnalysisTransform
Transforming aapt2-proto-8.10.1-12782657.jar (com.android.tools.build:aapt2-proto:8.10.1-12782657) with InstrumentationAnalysisTransform
Transforming crash-31.10.1.jar (com.android.tools.analytics-library:crash:31.10.1) with InstrumentationAnalysisTransform
Transforming databinding-common-8.10.1.jar (androidx.databinding:databinding-common:8.10.1) with InstrumentationAnalysisTransform
Transforming baseLibrary-8.10.1.jar (com.android.databinding:baseLibrary:8.10.1) with InstrumentationAnalysisTransform
Transforming android-device-provider-ddmlib-proto-31.10.1.jar (com.android.tools.utp:android-device-provider-ddmlib-proto:31.10.1) with InstrumentationAnalysisTransform
Transforming android-device-provider-gradle-proto-31.10.1.jar (com.android.tools.utp:android-device-provider-gradle-proto:31.10.1) with InstrumentationAnalysisTransform
Transforming android-device-provider-profile-proto-31.10.1.jar (com.android.tools.utp:android-device-provider-profile-proto:31.10.1) with InstrumentationAnalysisTransform
Transforming android-test-plugin-host-additional-test-output-proto-31.10.1.jar (com.android.tools.utp:android-test-plugin-host-additional-test-output-proto:31.10.1) with InstrumentationAnalysisTransform
Transforming android-test-plugin-host-coverage-proto-31.10.1.jar (com.android.tools.utp:android-test-plugin-host-coverage-proto:31.10.1) with InstrumentationAnalysisTransform
Transforming android-test-plugin-host-logcat-proto-31.10.1.jar (com.android.tools.utp:android-test-plugin-host-logcat-proto:31.10.1) with InstrumentationAnalysisTransform
Transforming android-test-plugin-host-apk-installer-proto-31.10.1.jar (com.android.tools.utp:android-test-plugin-host-apk-installer-proto:31.10.1) with InstrumentationAnalysisTransform
Transforming android-test-plugin-result-listener-gradle-proto-31.10.1.jar (com.android.tools.utp:android-test-plugin-result-listener-gradle-proto:31.10.1) with InstrumentationAnalysisTransform
Transforming transform-api-2.0.0-deprecated-use-gradle-api.jar (com.android.tools.build:transform-api:2.0.0-deprecated-use-gradle-api) with InstrumentationAnalysisTransform
Transforming httpmime-4.5.6.jar (org.apache.httpcomponents:httpmime:4.5.6) with InstrumentationAnalysisTransform
Transforming commons-io-2.16.1.jar (commons-io:commons-io:2.16.1) with InstrumentationAnalysisTransform
Transforming apkzlib-8.10.1.jar (com.android.tools.build:apkzlib:8.10.1) with InstrumentationAnalysisTransform
Transforming bcpkix-jdk18on-1.79.jar (org.bouncycastle:bcpkix-jdk18on:1.79) with InstrumentationAnalysisTransform
Transforming jaxb-runtime-2.3.2.jar (org.glassfish.jaxb:jaxb-runtime:2.3.2) with InstrumentationAnalysisTransform
Transforming jopt-simple-4.9.jar (net.sf.jopt-simple:jopt-simple:4.9) with InstrumentationAnalysisTransform
Transforming protobuf-java-util-3.25.5.jar (com.google.protobuf:protobuf-java-util:3.25.5) with InstrumentationAnalysisTransform
Transforming grpc-protobuf-1.69.1.jar (io.grpc:grpc-protobuf:1.69.1) with InstrumentationAnalysisTransform
Transforming tink-1.7.0.jar (com.google.crypto.tink:tink:1.7.0) with InstrumentationAnalysisTransform
Transforming core-proto-0.0.9-alpha03.jar (com.google.testing.platform:core-proto:0.0.9-alpha03) with InstrumentationAnalysisTransform
Transforming protos-31.10.1.jar (com.android.tools.analytics-library:protos:31.10.1) with InstrumentationAnalysisTransform
Transforming proto-google-common-protos-2.48.0.jar (com.google.api.grpc:proto-google-common-protos:2.48.0) with InstrumentationAnalysisTransform
Transforming protobuf-java-3.25.5.jar (com.google.protobuf:protobuf-java:3.25.5) with InstrumentationAnalysisTransform
Transforming grpc-netty-1.69.1.jar (io.grpc:grpc-netty:1.69.1) with InstrumentationAnalysisTransform
Transforming grpc-inprocess-1.69.1.jar (io.grpc:grpc-inprocess:1.69.1) with InstrumentationAnalysisTransform
Transforming grpc-util-1.69.1.jar (io.grpc:grpc-util:1.69.1) with InstrumentationAnalysisTransform
Transforming grpc-core-1.69.1.jar (io.grpc:grpc-core:1.69.1) with InstrumentationAnalysisTransform
Transforming kotlin-build-statistics-2.0.21.jar (org.jetbrains.kotlin:kotlin-build-statistics:2.0.21) with InstrumentationAnalysisTransform
Transforming gson-2.11.0.jar (com.google.code.gson:gson:2.11.0) with InstrumentationAnalysisTransform
Transforming grpc-stub-1.69.1.jar (io.grpc:grpc-stub:1.69.1) with InstrumentationAnalysisTransform
Transforming tensorflow-lite-metadata-0.2.0.jar (org.tensorflow:tensorflow-lite-metadata:0.2.0) with InstrumentationAnalysisTransform
Transforming flatbuffers-java-1.12.0.jar (com.google.flatbuffers:flatbuffers-java:1.12.0) with InstrumentationAnalysisTransform
Transforming kotlin-gradle-plugin-idea-proto-2.0.21.jar (org.jetbrains.kotlin:kotlin-gradle-plugin-idea-proto:2.0.21) with InstrumentationAnalysisTransform
Transforming kotlin-gradle-plugin-idea-2.0.21.jar (org.jetbrains.kotlin:kotlin-gradle-plugin-idea:2.0.21) with InstrumentationAnalysisTransform
Transforming kotlin-klib-commonizer-api-2.0.21.jar (org.jetbrains.kotlin:kotlin-klib-commonizer-api:2.0.21) with InstrumentationAnalysisTransform
Transforming kotlin-build-tools-api-2.0.21.jar (org.jetbrains.kotlin:kotlin-build-tools-api:2.0.21) with InstrumentationAnalysisTransform
Transforming kotlin-compiler-runner-2.0.21.jar (org.jetbrains.kotlin:kotlin-compiler-runner:2.0.21) with InstrumentationAnalysisTransform
Transforming kotlin-native-utils-2.0.21.jar (org.jetbrains.kotlin:kotlin-native-utils:2.0.21) with InstrumentationAnalysisTransform
Transforming kotlin-util-klib-2.0.21.jar (org.jetbrains.kotlin:kotlin-util-klib:2.0.21) with InstrumentationAnalysisTransform
Transforming kotlin-compiler-embeddable-2.0.21.jar (org.jetbrains.kotlin:kotlin-compiler-embeddable:2.0.21) with InstrumentationAnalysisTransform
Transforming jimfs-1.1.jar (com.google.jimfs:jimfs:1.1) with InstrumentationAnalysisTransform
Transforming grpc-context-1.69.1.jar (io.grpc:grpc-context:1.69.1) with InstrumentationAnalysisTransform
Transforming grpc-protobuf-lite-1.69.1.jar (io.grpc:grpc-protobuf-lite:1.69.1) with InstrumentationAnalysisTransform
Transforming grpc-api-1.69.1.jar (io.grpc:grpc-api:1.69.1) with InstrumentationAnalysisTransform
Transforming guava-33.3.1-jre.jar (com.google.guava:guava:33.3.1-jre) with InstrumentationAnalysisTransform
Transforming dagger-2.28.3.jar (com.google.dagger:dagger:2.28.3) with InstrumentationAnalysisTransform
Transforming javax.inject-1.jar (javax.inject:javax.inject:1) with InstrumentationAnalysisTransform
Transforming kxml2-2.3.0.jar (net.sf.kxml:kxml2:2.3.0) with InstrumentationAnalysisTransform
Transforming commons-compress-1.21.jar (org.apache.commons:commons-compress:1.21) with InstrumentationAnalysisTransform
Transforming bcutil-jdk18on-1.79.jar (org.bouncycastle:bcutil-jdk18on:1.79) with InstrumentationAnalysisTransform
Transforming bcprov-jdk18on-1.79.jar (org.bouncycastle:bcprov-jdk18on:1.79) with InstrumentationAnalysisTransform
Transforming httpclient-4.5.14.jar (org.apache.httpcomponents:httpclient:4.5.14) with InstrumentationAnalysisTransform
Transforming httpcore-4.4.16.jar (org.apache.httpcomponents:httpcore:4.4.16) with InstrumentationAnalysisTransform
Transforming javax.activation-1.2.0.jar (com.sun.activation:javax.activation:1.2.0) with InstrumentationAnalysisTransform
Transforming signflinger-8.10.1.jar (com.android:signflinger:8.10.1) with InstrumentationAnalysisTransform
Transforming zipflinger-8.10.1.jar (com.android:zipflinger:8.10.1) with InstrumentationAnalysisTransform
Transforming annotations-31.10.1.jar (com.android.tools:annotations:31.10.1) with InstrumentationAnalysisTransform
Transforming jna-platform-5.6.0.jar (net.java.dev.jna:jna-platform:5.6.0) with InstrumentationAnalysisTransform
Transforming juniversalchardet-1.0.3.jar (com.googlecode.juniversalchardet:juniversalchardet:1.0.3) with InstrumentationAnalysisTransform
Transforming javax.annotation-api-1.3.2.jar (javax.annotation:javax.annotation-api:1.3.2) with InstrumentationAnalysisTransform
Transforming stax-ex-1.8.1.jar (org.jvnet.staxex:stax-ex:1.8.1) with InstrumentationAnalysisTransform
Transforming jakarta.xml.bind-api-2.3.2.jar (jakarta.xml.bind:jakarta.xml.bind-api:2.3.2) with InstrumentationAnalysisTransform
Transforming txw2-2.3.2.jar (org.glassfish.jaxb:txw2:2.3.2) with InstrumentationAnalysisTransform
Transforming istack-commons-runtime-3.0.8.jar (com.sun.istack:istack-commons-runtime:3.0.8) with InstrumentationAnalysisTransform
Transforming FastInfoset-1.2.16.jar (com.sun.xml.fastinfoset:FastInfoset:1.2.16) with InstrumentationAnalysisTransform
Transforming jakarta.activation-api-1.2.1.jar (jakarta.activation:jakarta.activation-api:1.2.1) with InstrumentationAnalysisTransform
Transforming auto-value-annotations-1.6.2.jar (com.google.auto.value:auto-value-annotations:1.6.2) with InstrumentationAnalysisTransform
Transforming error_prone_annotations-2.30.0.jar (com.google.errorprone:error_prone_annotations:2.30.0) with InstrumentationAnalysisTransform
Transforming jose4j-0.9.5.jar (org.bitbucket.b_c:jose4j:0.9.5) with InstrumentationAnalysisTransform
Transforming slf4j-api-1.7.30.jar (org.slf4j:slf4j-api:1.7.30) with InstrumentationAnalysisTransform
Transforming jdom2-2.0.6.jar (org.jdom:jdom2:2.0.6) with InstrumentationAnalysisTransform
Transforming jsr305-3.0.2.jar (com.google.code.findbugs:jsr305:3.0.2) with InstrumentationAnalysisTransform
Transforming j2objc-annotations-3.0.0.jar (com.google.j2objc:j2objc-annotations:3.0.0) with InstrumentationAnalysisTransform
Transforming annotations-4.1.1.4.jar (com.google.android:annotations:4.1.1.4) with InstrumentationAnalysisTransform
Transforming animal-sniffer-annotations-1.24.jar (org.codehaus.mojo:animal-sniffer-annotations:1.24) with InstrumentationAnalysisTransform
Transforming perfmark-api-0.27.0.jar (io.perfmark:perfmark-api:0.27.0) with InstrumentationAnalysisTransform
Transforming netty-codec-http2-4.1.110.Final.jar (io.netty:netty-codec-http2:4.1.110.Final) with InstrumentationAnalysisTransform
Transforming netty-handler-proxy-4.1.110.Final.jar (io.netty:netty-handler-proxy:4.1.110.Final) with InstrumentationAnalysisTransform
Transforming netty-codec-http-4.1.110.Final.jar (io.netty:netty-codec-http:4.1.110.Final) with InstrumentationAnalysisTransform
Transforming netty-handler-4.1.110.Final.jar (io.netty:netty-handler:4.1.110.Final) with InstrumentationAnalysisTransform
Transforming netty-transport-native-unix-common-4.1.110.Final.jar (io.netty:netty-transport-native-unix-common:4.1.110.Final) with InstrumentationAnalysisTransform
Transforming checker-qual-3.43.0.jar (org.checkerframework:checker-qual:3.43.0) with InstrumentationAnalysisTransform
Transforming apksig-8.10.1.jar (com.android.tools.build:apksig:8.10.1) with InstrumentationAnalysisTransform
Transforming javawriter-2.5.0.jar (com.squareup:javawriter:2.5.0) with InstrumentationAnalysisTransform
Transforming kotlin-gradle-plugin-annotations-2.0.21.jar (org.jetbrains.kotlin:kotlin-gradle-plugin-annotations:2.0.21) with InstrumentationAnalysisTransform
Transforming kotlin-tooling-core-2.0.21.jar (org.jetbrains.kotlin:kotlin-tooling-core:2.0.21) with InstrumentationAnalysisTransform
Transforming kotlin-daemon-client-2.0.21.jar (org.jetbrains.kotlin:kotlin-daemon-client:2.0.21) with InstrumentationAnalysisTransform
Transforming kotlinx-coroutines-core-jvm-1.6.4.jar (org.jetbrains.kotlinx:kotlinx-coroutines-core-jvm:1.6.4) with InstrumentationAnalysisTransform
Transforming kotlin-util-io-2.0.21.jar (org.jetbrains.kotlin:kotlin-util-io:2.0.21) with InstrumentationAnalysisTransform
Transforming kotlin-daemon-embeddable-2.0.21.jar (org.jetbrains.kotlin:kotlin-daemon-embeddable:2.0.21) with InstrumentationAnalysisTransform
Transforming trove4j-1.0.20200330.jar (org.jetbrains.intellij.deps:trove4j:1.0.20200330) with InstrumentationAnalysisTransform
Transforming failureaccess-1.0.2.jar (com.google.guava:failureaccess:1.0.2) with InstrumentationAnalysisTransform
Transforming listenablefuture-9999.0-empty-to-avoid-conflict-with-guava.jar (com.google.guava:listenablefuture:9999.0-empty-to-avoid-conflict-with-guava) with InstrumentationAnalysisTransform
Transforming commons-logging-1.2.jar (commons-logging:commons-logging:1.2) with InstrumentationAnalysisTransform
Transforming commons-codec-1.11.jar (commons-codec:commons-codec:1.11) with InstrumentationAnalysisTransform
Transforming jna-5.6.0.jar (net.java.dev.jna:jna:5.6.0) with InstrumentationAnalysisTransform
Transforming netty-codec-socks-4.1.110.Final.jar (io.netty:netty-codec-socks:4.1.110.Final) with InstrumentationAnalysisTransform
Transforming netty-codec-4.1.110.Final.jar (io.netty:netty-codec:4.1.110.Final) with InstrumentationAnalysisTransform
Transforming netty-transport-4.1.110.Final.jar (io.netty:netty-transport:4.1.110.Final) with InstrumentationAnalysisTransform
Transforming netty-buffer-4.1.110.Final.jar (io.netty:netty-buffer:4.1.110.Final) with InstrumentationAnalysisTransform
Transforming netty-resolver-4.1.110.Final.jar (io.netty:netty-resolver:4.1.110.Final) with InstrumentationAnalysisTransform
Transforming netty-common-4.1.110.Final.jar (io.netty:netty-common:4.1.110.Final) with InstrumentationAnalysisTransform
Transforming hilt-android-gradle-plugin-2.51.1.jar (com.google.dagger:hilt-android-gradle-plugin:2.51.1) with InstrumentationAnalysisTransform
Transforming hilt-android-gradle-plugin-2.51.1.jar (com.google.dagger:hilt-android-gradle-plugin:2.51.1) with MergeInstrumentationAnalysisTransform
Transforming gradle-8.10.1.jar (com.android.tools.build:gradle:8.10.1) with InstrumentationAnalysisTransform
Transforming gradle-8.10.1.jar (com.android.tools.build:gradle:8.10.1) with MergeInstrumentationAnalysisTransform
Transforming databinding-compiler-common-8.10.1.jar (androidx.databinding:databinding-compiler-common:8.10.1) with InstrumentationAnalysisTransform
Transforming databinding-compiler-common-8.10.1.jar (androidx.databinding:databinding-compiler-common:8.10.1) with MergeInstrumentationAnalysisTransform
Transforming jetifier-processor-1.0.0-beta10.jar (com.android.tools.build.jetifier:jetifier-processor:1.0.0-beta10) with InstrumentationAnalysisTransform
Transforming jetifier-processor-1.0.0-beta10.jar (com.android.tools.build.jetifier:jetifier-processor:1.0.0-beta10) with MergeInstrumentationAnalysisTransform
Transforming jetifier-core-1.0.0-beta10.jar (com.android.tools.build.jetifier:jetifier-core:1.0.0-beta10) with InstrumentationAnalysisTransform
Transforming jetifier-core-1.0.0-beta10.jar (com.android.tools.build.jetifier:jetifier-core:1.0.0-beta10) with MergeInstrumentationAnalysisTransform
Transforming gradle-settings-api-8.10.1.jar (com.android.tools.build:gradle-settings-api:8.10.1) with InstrumentationAnalysisTransform
Transforming gradle-settings-api-8.10.1.jar (com.android.tools.build:gradle-settings-api:8.10.1) with MergeInstrumentationAnalysisTransform
Transforming lint-model-31.10.1.jar (com.android.tools.lint:lint-model:31.10.1) with InstrumentationAnalysisTransform
Transforming lint-model-31.10.1.jar (com.android.tools.lint:lint-model:31.10.1) with MergeInstrumentationAnalysisTransform
Transforming builder-8.10.1.jar (com.android.tools.build:builder:8.10.1) with InstrumentationAnalysisTransform
Transforming builder-8.10.1.jar (com.android.tools.build:builder:8.10.1) with MergeInstrumentationAnalysisTransform
Transforming manifest-merger-31.10.1.jar (com.android.tools.build:manifest-merger:31.10.1) with InstrumentationAnalysisTransform
Transforming manifest-merger-31.10.1.jar (com.android.tools.build:manifest-merger:31.10.1) with MergeInstrumentationAnalysisTransform
Transforming sdk-common-31.10.1.jar (com.android.tools:sdk-common:31.10.1) with InstrumentationAnalysisTransform
Transforming sdk-common-31.10.1.jar (com.android.tools:sdk-common:31.10.1) with MergeInstrumentationAnalysisTransform
Transforming sdklib-31.10.1.jar (com.android.tools:sdklib:31.10.1) with InstrumentationAnalysisTransform
Transforming sdklib-31.10.1.jar (com.android.tools:sdklib:31.10.1) with MergeInstrumentationAnalysisTransform
Transforming repository-31.10.1.jar (com.android.tools:repository:31.10.1) with InstrumentationAnalysisTransform
Transforming repository-31.10.1.jar (com.android.tools:repository:31.10.1) with MergeInstrumentationAnalysisTransform
Transforming aaptcompiler-8.10.1.jar (com.android.tools.build:aaptcompiler:8.10.1) with InstrumentationAnalysisTransform
Transforming aaptcompiler-8.10.1.jar (com.android.tools.build:aaptcompiler:8.10.1) with MergeInstrumentationAnalysisTransform
Transforming tracker-31.10.1.jar (com.android.tools.analytics-library:tracker:31.10.1) with InstrumentationAnalysisTransform
Transforming tracker-31.10.1.jar (com.android.tools.analytics-library:tracker:31.10.1) with MergeInstrumentationAnalysisTransform
Transforming shared-31.10.1.jar (com.android.tools.analytics-library:shared:31.10.1) with InstrumentationAnalysisTransform
Transforming shared-31.10.1.jar (com.android.tools.analytics-library:shared:31.10.1) with MergeInstrumentationAnalysisTransform
Transforming android-test-plugin-host-emulator-control-proto-31.10.1.jar (com.android.tools.utp:android-test-plugin-host-emulator-control-proto:31.10.1) with InstrumentationAnalysisTransform
Transforming android-test-plugin-host-emulator-control-proto-31.10.1.jar (com.android.tools.utp:android-test-plugin-host-emulator-control-proto:31.10.1) with MergeInstrumentationAnalysisTransform
Transforming builder-model-8.10.1.jar (com.android.tools.build:builder-model:8.10.1) with InstrumentationAnalysisTransform
Transforming builder-model-8.10.1.jar (com.android.tools.build:builder-model:8.10.1) with MergeInstrumentationAnalysisTransform
Transforming gradle-api-8.10.1.jar (com.android.tools.build:gradle-api:8.10.1) with InstrumentationAnalysisTransform
Transforming gradle-api-8.10.1.jar (com.android.tools.build:gradle-api:8.10.1) with MergeInstrumentationAnalysisTransform
Transforming builder-test-api-8.10.1.jar (com.android.tools.build:builder-test-api:8.10.1) with InstrumentationAnalysisTransform
Transforming builder-test-api-8.10.1.jar (com.android.tools.build:builder-test-api:8.10.1) with MergeInstrumentationAnalysisTransform
Transforming ddmlib-31.10.1.jar (com.android.tools.ddms:ddmlib:31.10.1) with InstrumentationAnalysisTransform
Transforming ddmlib-31.10.1.jar (com.android.tools.ddms:ddmlib:31.10.1) with MergeInstrumentationAnalysisTransform
Transforming layoutlib-api-31.10.1.jar (com.android.tools.layoutlib:layoutlib-api:31.10.1) with InstrumentationAnalysisTransform
Transforming layoutlib-api-31.10.1.jar (com.android.tools.layoutlib:layoutlib-api:31.10.1) with MergeInstrumentationAnalysisTransform
Transforming dvlib-31.10.1.jar (com.android.tools:dvlib:31.10.1) with InstrumentationAnalysisTransform
Transforming dvlib-31.10.1.jar (com.android.tools:dvlib:31.10.1) with MergeInstrumentationAnalysisTransform
Transforming common-31.10.1.jar (com.android.tools:common:31.10.1) with InstrumentationAnalysisTransform
Transforming common-31.10.1.jar (com.android.tools:common:31.10.1) with MergeInstrumentationAnalysisTransform
Transforming kotlin-stdlib-jdk8-2.1.0.jar (org.jetbrains.kotlin:kotlin-stdlib-jdk8:2.1.0) with InstrumentationAnalysisTransform
Transforming kotlin-stdlib-jdk8-2.1.0.jar (org.jetbrains.kotlin:kotlin-stdlib-jdk8:2.1.0) with MergeInstrumentationAnalysisTransform
Transforming kotlin-reflect-2.0.20.jar (org.jetbrains.kotlin:kotlin-reflect:2.0.20) with InstrumentationAnalysisTransform
Transforming kotlin-reflect-2.0.20.jar (org.jetbrains.kotlin:kotlin-reflect:2.0.20) with MergeInstrumentationAnalysisTransform
Transforming kotlin-stdlib-jdk7-2.1.0.jar (org.jetbrains.kotlin:kotlin-stdlib-jdk7:2.1.0) with InstrumentationAnalysisTransform
Transforming kotlin-stdlib-jdk7-2.1.0.jar (org.jetbrains.kotlin:kotlin-stdlib-jdk7:2.1.0) with MergeInstrumentationAnalysisTransform
Transforming kotlin-stdlib-2.0.20.jar (org.jetbrains.kotlin:kotlin-stdlib:2.0.20) with InstrumentationAnalysisTransform
Transforming kotlin-stdlib-2.0.20.jar (org.jetbrains.kotlin:kotlin-stdlib:2.0.20) with MergeInstrumentationAnalysisTransform
Transforming annotations-13.0.jar (org.jetbrains:annotations:13.0) with InstrumentationAnalysisTransform
Transforming annotations-13.0.jar (org.jetbrains:annotations:13.0) with MergeInstrumentationAnalysisTransform
Transforming lint-typedef-remover-31.10.1.jar (com.android.tools.lint:lint-typedef-remover:31.10.1) with InstrumentationAnalysisTransform
Transforming lint-typedef-remover-31.10.1.jar (com.android.tools.lint:lint-typedef-remover:31.10.1) with MergeInstrumentationAnalysisTransform
Transforming asm-commons-9.7.1.jar (org.ow2.asm:asm-commons:9.7.1) with InstrumentationAnalysisTransform
Transforming asm-commons-9.7.1.jar (org.ow2.asm:asm-commons:9.7.1) with MergeInstrumentationAnalysisTransform
Transforming asm-util-9.7.1.jar (org.ow2.asm:asm-util:9.7.1) with InstrumentationAnalysisTransform
Transforming asm-util-9.7.1.jar (org.ow2.asm:asm-util:9.7.1) with MergeInstrumentationAnalysisTransform
Transforming asm-analysis-9.7.1.jar (org.ow2.asm:asm-analysis:9.7.1) with InstrumentationAnalysisTransform
Transforming asm-analysis-9.7.1.jar (org.ow2.asm:asm-analysis:9.7.1) with MergeInstrumentationAnalysisTransform
Transforming asm-tree-9.7.1.jar (org.ow2.asm:asm-tree:9.7.1) with InstrumentationAnalysisTransform
Transforming asm-tree-9.7.1.jar (org.ow2.asm:asm-tree:9.7.1) with MergeInstrumentationAnalysisTransform
Transforming asm-9.7.1.jar (org.ow2.asm:asm:9.7.1) with InstrumentationAnalysisTransform
Transforming asm-9.7.1.jar (org.ow2.asm:asm:9.7.1) with MergeInstrumentationAnalysisTransform
Transforming javapoet-1.13.0.jar (com.squareup:javapoet:1.13.0) with InstrumentationAnalysisTransform
Transforming javapoet-1.13.0.jar (com.squareup:javapoet:1.13.0) with MergeInstrumentationAnalysisTransform
Transforming kotlin-gradle-plugin-model-2.0.21.jar (org.jetbrains.kotlin:kotlin-gradle-plugin-model:2.0.21) with InstrumentationAnalysisTransform
Transforming kotlin-gradle-plugin-model-2.0.21.jar (org.jetbrains.kotlin:kotlin-gradle-plugin-model:2.0.21) with MergeInstrumentationAnalysisTransform
Transforming kotlin-gradle-plugin-api-2.0.21.jar (org.jetbrains.kotlin:kotlin-gradle-plugin-api:2.0.21) with InstrumentationAnalysisTransform
Transforming kotlin-gradle-plugin-api-2.0.21.jar (org.jetbrains.kotlin:kotlin-gradle-plugin-api:2.0.21) with MergeInstrumentationAnalysisTransform
Transforming kotlin-gradle-plugin-api-2.0.21-gradle85.jar (org.jetbrains.kotlin:kotlin-gradle-plugin-api:2.0.21) with InstrumentationAnalysisTransform
Transforming kotlin-gradle-plugin-api-2.0.21-gradle85.jar (org.jetbrains.kotlin:kotlin-gradle-plugin-api:2.0.21) with MergeInstrumentationAnalysisTransform
Transforming compose-compiler-gradle-plugin-2.0.21-gradle85.jar (org.jetbrains.kotlin:compose-compiler-gradle-plugin:2.0.21) with InstrumentationAnalysisTransform
Transforming compose-compiler-gradle-plugin-2.0.21-gradle85.jar (org.jetbrains.kotlin:compose-compiler-gradle-plugin:2.0.21) with MergeInstrumentationAnalysisTransform
Transforming kotlin-gradle-plugin-2.0.21-gradle85.jar (org.jetbrains.kotlin:kotlin-gradle-plugin:2.0.21) with InstrumentationAnalysisTransform
Transforming kotlin-gradle-plugin-2.0.21-gradle85.jar (org.jetbrains.kotlin:kotlin-gradle-plugin:2.0.21) with MergeInstrumentationAnalysisTransform
Transforming bundletool-1.18.0.jar (com.android.tools.build:bundletool:1.18.0) with InstrumentationAnalysisTransform
Transforming bundletool-1.18.0.jar (com.android.tools.build:bundletool:1.18.0) with MergeInstrumentationAnalysisTransform
Transforming aapt2-proto-8.10.1-12782657.jar (com.android.tools.build:aapt2-proto:8.10.1-12782657) with InstrumentationAnalysisTransform
Transforming aapt2-proto-8.10.1-12782657.jar (com.android.tools.build:aapt2-proto:8.10.1-12782657) with MergeInstrumentationAnalysisTransform
Transforming crash-31.10.1.jar (com.android.tools.analytics-library:crash:31.10.1) with InstrumentationAnalysisTransform
Transforming crash-31.10.1.jar (com.android.tools.analytics-library:crash:31.10.1) with MergeInstrumentationAnalysisTransform
Transforming databinding-common-8.10.1.jar (androidx.databinding:databinding-common:8.10.1) with InstrumentationAnalysisTransform
Transforming databinding-common-8.10.1.jar (androidx.databinding:databinding-common:8.10.1) with MergeInstrumentationAnalysisTransform
Transforming baseLibrary-8.10.1.jar (com.android.databinding:baseLibrary:8.10.1) with InstrumentationAnalysisTransform
Transforming baseLibrary-8.10.1.jar (com.android.databinding:baseLibrary:8.10.1) with MergeInstrumentationAnalysisTransform
Transforming android-device-provider-ddmlib-proto-31.10.1.jar (com.android.tools.utp:android-device-provider-ddmlib-proto:31.10.1) with InstrumentationAnalysisTransform
Transforming android-device-provider-ddmlib-proto-31.10.1.jar (com.android.tools.utp:android-device-provider-ddmlib-proto:31.10.1) with MergeInstrumentationAnalysisTransform
Transforming android-device-provider-gradle-proto-31.10.1.jar (com.android.tools.utp:android-device-provider-gradle-proto:31.10.1) with InstrumentationAnalysisTransform
Transforming android-device-provider-gradle-proto-31.10.1.jar (com.android.tools.utp:android-device-provider-gradle-proto:31.10.1) with MergeInstrumentationAnalysisTransform
Transforming android-device-provider-profile-proto-31.10.1.jar (com.android.tools.utp:android-device-provider-profile-proto:31.10.1) with InstrumentationAnalysisTransform
Transforming android-device-provider-profile-proto-31.10.1.jar (com.android.tools.utp:android-device-provider-profile-proto:31.10.1) with MergeInstrumentationAnalysisTransform
Transforming android-test-plugin-host-additional-test-output-proto-31.10.1.jar (com.android.tools.utp:android-test-plugin-host-additional-test-output-proto:31.10.1) with InstrumentationAnalysisTransform
Transforming android-test-plugin-host-additional-test-output-proto-31.10.1.jar (com.android.tools.utp:android-test-plugin-host-additional-test-output-proto:31.10.1) with MergeInstrumentationAnalysisTransform
Transforming android-test-plugin-host-coverage-proto-31.10.1.jar (com.android.tools.utp:android-test-plugin-host-coverage-proto:31.10.1) with InstrumentationAnalysisTransform
Transforming android-test-plugin-host-coverage-proto-31.10.1.jar (com.android.tools.utp:android-test-plugin-host-coverage-proto:31.10.1) with MergeInstrumentationAnalysisTransform
Transforming android-test-plugin-host-logcat-proto-31.10.1.jar (com.android.tools.utp:android-test-plugin-host-logcat-proto:31.10.1) with InstrumentationAnalysisTransform
Transforming android-test-plugin-host-logcat-proto-31.10.1.jar (com.android.tools.utp:android-test-plugin-host-logcat-proto:31.10.1) with MergeInstrumentationAnalysisTransform
Transforming android-test-plugin-host-apk-installer-proto-31.10.1.jar (com.android.tools.utp:android-test-plugin-host-apk-installer-proto:31.10.1) with InstrumentationAnalysisTransform
Transforming android-test-plugin-host-apk-installer-proto-31.10.1.jar (com.android.tools.utp:android-test-plugin-host-apk-installer-proto:31.10.1) with MergeInstrumentationAnalysisTransform
Transforming android-test-plugin-result-listener-gradle-proto-31.10.1.jar (com.android.tools.utp:android-test-plugin-result-listener-gradle-proto:31.10.1) with InstrumentationAnalysisTransform
Transforming android-test-plugin-result-listener-gradle-proto-31.10.1.jar (com.android.tools.utp:android-test-plugin-result-listener-gradle-proto:31.10.1) with MergeInstrumentationAnalysisTransform
Transforming transform-api-2.0.0-deprecated-use-gradle-api.jar (com.android.tools.build:transform-api:2.0.0-deprecated-use-gradle-api) with InstrumentationAnalysisTransform
Transforming transform-api-2.0.0-deprecated-use-gradle-api.jar (com.android.tools.build:transform-api:2.0.0-deprecated-use-gradle-api) with MergeInstrumentationAnalysisTransform
Transforming httpmime-4.5.6.jar (org.apache.httpcomponents:httpmime:4.5.6) with InstrumentationAnalysisTransform
Transforming httpmime-4.5.6.jar (org.apache.httpcomponents:httpmime:4.5.6) with MergeInstrumentationAnalysisTransform
Transforming commons-io-2.16.1.jar (commons-io:commons-io:2.16.1) with InstrumentationAnalysisTransform
Transforming commons-io-2.16.1.jar (commons-io:commons-io:2.16.1) with MergeInstrumentationAnalysisTransform
Transforming apkzlib-8.10.1.jar (com.android.tools.build:apkzlib:8.10.1) with InstrumentationAnalysisTransform
Transforming apkzlib-8.10.1.jar (com.android.tools.build:apkzlib:8.10.1) with MergeInstrumentationAnalysisTransform
Transforming bcpkix-jdk18on-1.79.jar (org.bouncycastle:bcpkix-jdk18on:1.79) with InstrumentationAnalysisTransform
Transforming bcpkix-jdk18on-1.79.jar (org.bouncycastle:bcpkix-jdk18on:1.79) with MergeInstrumentationAnalysisTransform
Transforming jaxb-runtime-2.3.2.jar (org.glassfish.jaxb:jaxb-runtime:2.3.2) with InstrumentationAnalysisTransform
Transforming jaxb-runtime-2.3.2.jar (org.glassfish.jaxb:jaxb-runtime:2.3.2) with MergeInstrumentationAnalysisTransform
Transforming jopt-simple-4.9.jar (net.sf.jopt-simple:jopt-simple:4.9) with InstrumentationAnalysisTransform
Transforming jopt-simple-4.9.jar (net.sf.jopt-simple:jopt-simple:4.9) with MergeInstrumentationAnalysisTransform
Transforming protobuf-java-util-3.25.5.jar (com.google.protobuf:protobuf-java-util:3.25.5) with InstrumentationAnalysisTransform
Transforming protobuf-java-util-3.25.5.jar (com.google.protobuf:protobuf-java-util:3.25.5) with MergeInstrumentationAnalysisTransform
Transforming hilt-android-gradle-plugin-2.51.1.jar (com.google.dagger:hilt-android-gradle-plugin:2.51.1) with ExternalDependencyInstrumentingArtifactTransform
Transforming grpc-protobuf-1.69.1.jar (io.grpc:grpc-protobuf:1.69.1) with InstrumentationAnalysisTransform
Transforming grpc-protobuf-1.69.1.jar (io.grpc:grpc-protobuf:1.69.1) with MergeInstrumentationAnalysisTransform
Transforming tink-1.7.0.jar (com.google.crypto.tink:tink:1.7.0) with InstrumentationAnalysisTransform
Transforming tink-1.7.0.jar (com.google.crypto.tink:tink:1.7.0) with MergeInstrumentationAnalysisTransform
Transforming core-proto-0.0.9-alpha03.jar (com.google.testing.platform:core-proto:0.0.9-alpha03) with InstrumentationAnalysisTransform
Transforming gradle-8.10.1.jar (com.android.tools.build:gradle:8.10.1) with ExternalDependencyInstrumentingArtifactTransform
Transforming core-proto-0.0.9-alpha03.jar (com.google.testing.platform:core-proto:0.0.9-alpha03) with MergeInstrumentationAnalysisTransform
Transforming protos-31.10.1.jar (com.android.tools.analytics-library:protos:31.10.1) with InstrumentationAnalysisTransform
Transforming protos-31.10.1.jar (com.android.tools.analytics-library:protos:31.10.1) with MergeInstrumentationAnalysisTransform
Transforming proto-google-common-protos-2.48.0.jar (com.google.api.grpc:proto-google-common-protos:2.48.0) with InstrumentationAnalysisTransform
Transforming proto-google-common-protos-2.48.0.jar (com.google.api.grpc:proto-google-common-protos:2.48.0) with MergeInstrumentationAnalysisTransform
Transforming databinding-compiler-common-8.10.1.jar (androidx.databinding:databinding-compiler-common:8.10.1) with ExternalDependencyInstrumentingArtifactTransform
Transforming protobuf-java-3.25.5.jar (com.google.protobuf:protobuf-java:3.25.5) with InstrumentationAnalysisTransform
Transforming protobuf-java-3.25.5.jar (com.google.protobuf:protobuf-java:3.25.5) with MergeInstrumentationAnalysisTransform
Transforming grpc-netty-1.69.1.jar (io.grpc:grpc-netty:1.69.1) with InstrumentationAnalysisTransform
Transforming grpc-netty-1.69.1.jar (io.grpc:grpc-netty:1.69.1) with MergeInstrumentationAnalysisTransform
Transforming jetifier-processor-1.0.0-beta10.jar (com.android.tools.build.jetifier:jetifier-processor:1.0.0-beta10) with ExternalDependencyInstrumentingArtifactTransform
Transforming grpc-inprocess-1.69.1.jar (io.grpc:grpc-inprocess:1.69.1) with InstrumentationAnalysisTransform
Transforming grpc-inprocess-1.69.1.jar (io.grpc:grpc-inprocess:1.69.1) with MergeInstrumentationAnalysisTransform
Transforming grpc-util-1.69.1.jar (io.grpc:grpc-util:1.69.1) with InstrumentationAnalysisTransform
Transforming grpc-util-1.69.1.jar (io.grpc:grpc-util:1.69.1) with MergeInstrumentationAnalysisTransform
Transforming jetifier-core-1.0.0-beta10.jar (com.android.tools.build.jetifier:jetifier-core:1.0.0-beta10) with ExternalDependencyInstrumentingArtifactTransform
Transforming grpc-core-1.69.1.jar (io.grpc:grpc-core:1.69.1) with InstrumentationAnalysisTransform
Transforming grpc-core-1.69.1.jar (io.grpc:grpc-core:1.69.1) with MergeInstrumentationAnalysisTransform
Transforming kotlin-build-statistics-2.0.21.jar (org.jetbrains.kotlin:kotlin-build-statistics:2.0.21) with InstrumentationAnalysisTransform
Transforming kotlin-build-statistics-2.0.21.jar (org.jetbrains.kotlin:kotlin-build-statistics:2.0.21) with MergeInstrumentationAnalysisTransform
Transforming gradle-settings-api-8.10.1.jar (com.android.tools.build:gradle-settings-api:8.10.1) with ExternalDependencyInstrumentingArtifactTransform
Transforming gson-2.11.0.jar (com.google.code.gson:gson:2.11.0) with InstrumentationAnalysisTransform
Transforming gson-2.11.0.jar (com.google.code.gson:gson:2.11.0) with MergeInstrumentationAnalysisTransform
Transforming grpc-stub-1.69.1.jar (io.grpc:grpc-stub:1.69.1) with InstrumentationAnalysisTransform
Transforming grpc-stub-1.69.1.jar (io.grpc:grpc-stub:1.69.1) with MergeInstrumentationAnalysisTransform
Transforming tensorflow-lite-metadata-0.2.0.jar (org.tensorflow:tensorflow-lite-metadata:0.2.0) with InstrumentationAnalysisTransform
Transforming tensorflow-lite-metadata-0.2.0.jar (org.tensorflow:tensorflow-lite-metadata:0.2.0) with MergeInstrumentationAnalysisTransform
Transforming lint-model-31.10.1.jar (com.android.tools.lint:lint-model:31.10.1) with ExternalDependencyInstrumentingArtifactTransform
Transforming flatbuffers-java-1.12.0.jar (com.google.flatbuffers:flatbuffers-java:1.12.0) with InstrumentationAnalysisTransform
Transforming flatbuffers-java-1.12.0.jar (com.google.flatbuffers:flatbuffers-java:1.12.0) with MergeInstrumentationAnalysisTransform
Transforming kotlin-gradle-plugin-idea-proto-2.0.21.jar (org.jetbrains.kotlin:kotlin-gradle-plugin-idea-proto:2.0.21) with InstrumentationAnalysisTransform
Transforming kotlin-gradle-plugin-idea-proto-2.0.21.jar (org.jetbrains.kotlin:kotlin-gradle-plugin-idea-proto:2.0.21) with MergeInstrumentationAnalysisTransform
Transforming kotlin-gradle-plugin-idea-2.0.21.jar (org.jetbrains.kotlin:kotlin-gradle-plugin-idea:2.0.21) with InstrumentationAnalysisTransform
Transforming builder-8.10.1.jar (com.android.tools.build:builder:8.10.1) with ExternalDependencyInstrumentingArtifactTransform
Transforming kotlin-gradle-plugin-idea-2.0.21.jar (org.jetbrains.kotlin:kotlin-gradle-plugin-idea:2.0.21) with MergeInstrumentationAnalysisTransform
Transforming kotlin-klib-commonizer-api-2.0.21.jar (org.jetbrains.kotlin:kotlin-klib-commonizer-api:2.0.21) with InstrumentationAnalysisTransform
Transforming kotlin-klib-commonizer-api-2.0.21.jar (org.jetbrains.kotlin:kotlin-klib-commonizer-api:2.0.21) with MergeInstrumentationAnalysisTransform
Transforming kotlin-build-tools-api-2.0.21.jar (org.jetbrains.kotlin:kotlin-build-tools-api:2.0.21) with InstrumentationAnalysisTransform
Transforming manifest-merger-31.10.1.jar (com.android.tools.build:manifest-merger:31.10.1) with ExternalDependencyInstrumentingArtifactTransform
Transforming kotlin-build-tools-api-2.0.21.jar (org.jetbrains.kotlin:kotlin-build-tools-api:2.0.21) with MergeInstrumentationAnalysisTransform
Transforming kotlin-compiler-runner-2.0.21.jar (org.jetbrains.kotlin:kotlin-compiler-runner:2.0.21) with InstrumentationAnalysisTransform
Transforming kotlin-compiler-runner-2.0.21.jar (org.jetbrains.kotlin:kotlin-compiler-runner:2.0.21) with MergeInstrumentationAnalysisTransform
Transforming kotlin-native-utils-2.0.21.jar (org.jetbrains.kotlin:kotlin-native-utils:2.0.21) with InstrumentationAnalysisTransform
Transforming kotlin-native-utils-2.0.21.jar (org.jetbrains.kotlin:kotlin-native-utils:2.0.21) with MergeInstrumentationAnalysisTransform
Transforming sdk-common-31.10.1.jar (com.android.tools:sdk-common:31.10.1) with ExternalDependencyInstrumentingArtifactTransform
Transforming kotlin-util-klib-2.0.21.jar (org.jetbrains.kotlin:kotlin-util-klib:2.0.21) with InstrumentationAnalysisTransform
Transforming kotlin-util-klib-2.0.21.jar (org.jetbrains.kotlin:kotlin-util-klib:2.0.21) with MergeInstrumentationAnalysisTransform
Transforming kotlin-compiler-embeddable-2.0.21.jar (org.jetbrains.kotlin:kotlin-compiler-embeddable:2.0.21) with InstrumentationAnalysisTransform
Transforming kotlin-compiler-embeddable-2.0.21.jar (org.jetbrains.kotlin:kotlin-compiler-embeddable:2.0.21) with MergeInstrumentationAnalysisTransform
Transforming sdklib-31.10.1.jar (com.android.tools:sdklib:31.10.1) with ExternalDependencyInstrumentingArtifactTransform
Transforming jimfs-1.1.jar (com.google.jimfs:jimfs:1.1) with InstrumentationAnalysisTransform
Transforming jimfs-1.1.jar (com.google.jimfs:jimfs:1.1) with MergeInstrumentationAnalysisTransform
Transforming grpc-context-1.69.1.jar (io.grpc:grpc-context:1.69.1) with InstrumentationAnalysisTransform
Transforming grpc-context-1.69.1.jar (io.grpc:grpc-context:1.69.1) with MergeInstrumentationAnalysisTransform
Transforming repository-31.10.1.jar (com.android.tools:repository:31.10.1) with ExternalDependencyInstrumentingArtifactTransform
Transforming grpc-protobuf-lite-1.69.1.jar (io.grpc:grpc-protobuf-lite:1.69.1) with InstrumentationAnalysisTransform
Transforming grpc-protobuf-lite-1.69.1.jar (io.grpc:grpc-protobuf-lite:1.69.1) with MergeInstrumentationAnalysisTransform
Transforming grpc-api-1.69.1.jar (io.grpc:grpc-api:1.69.1) with InstrumentationAnalysisTransform
Transforming grpc-api-1.69.1.jar (io.grpc:grpc-api:1.69.1) with MergeInstrumentationAnalysisTransform
Transforming aaptcompiler-8.10.1.jar (com.android.tools.build:aaptcompiler:8.10.1) with ExternalDependencyInstrumentingArtifactTransform
Transforming guava-33.3.1-jre.jar (com.google.guava:guava:33.3.1-jre) with InstrumentationAnalysisTransform
Transforming guava-33.3.1-jre.jar (com.google.guava:guava:33.3.1-jre) with MergeInstrumentationAnalysisTransform
Transforming dagger-2.28.3.jar (com.google.dagger:dagger:2.28.3) with InstrumentationAnalysisTransform
Transforming dagger-2.28.3.jar (com.google.dagger:dagger:2.28.3) with MergeInstrumentationAnalysisTransform
Transforming tracker-31.10.1.jar (com.android.tools.analytics-library:tracker:31.10.1) with ExternalDependencyInstrumentingArtifactTransform
Transforming javax.inject-1.jar (javax.inject:javax.inject:1) with InstrumentationAnalysisTransform
Transforming javax.inject-1.jar (javax.inject:javax.inject:1) with MergeInstrumentationAnalysisTransform
Transforming kxml2-2.3.0.jar (net.sf.kxml:kxml2:2.3.0) with InstrumentationAnalysisTransform
Transforming kxml2-2.3.0.jar (net.sf.kxml:kxml2:2.3.0) with MergeInstrumentationAnalysisTransform
Transforming shared-31.10.1.jar (com.android.tools.analytics-library:shared:31.10.1) with ExternalDependencyInstrumentingArtifactTransform
Transforming commons-compress-1.21.jar (org.apache.commons:commons-compress:1.21) with InstrumentationAnalysisTransform
Transforming commons-compress-1.21.jar (org.apache.commons:commons-compress:1.21) with MergeInstrumentationAnalysisTransform
Transforming bcutil-jdk18on-1.79.jar (org.bouncycastle:bcutil-jdk18on:1.79) with InstrumentationAnalysisTransform
Transforming bcutil-jdk18on-1.79.jar (org.bouncycastle:bcutil-jdk18on:1.79) with MergeInstrumentationAnalysisTransform
Transforming android-test-plugin-host-emulator-control-proto-31.10.1.jar (com.android.tools.utp:android-test-plugin-host-emulator-control-proto:31.10.1) with ExternalDependencyInstrumentingArtifactTransform
Transforming bcprov-jdk18on-1.79.jar (org.bouncycastle:bcprov-jdk18on:1.79) with InstrumentationAnalysisTransform
Transforming bcprov-jdk18on-1.79.jar (org.bouncycastle:bcprov-jdk18on:1.79) with MergeInstrumentationAnalysisTransform
Transforming httpclient-4.5.14.jar (org.apache.httpcomponents:httpclient:4.5.14) with InstrumentationAnalysisTransform
Transforming httpclient-4.5.14.jar (org.apache.httpcomponents:httpclient:4.5.14) with MergeInstrumentationAnalysisTransform
Transforming builder-model-8.10.1.jar (com.android.tools.build:builder-model:8.10.1) with ExternalDependencyInstrumentingArtifactTransform
Transforming httpcore-4.4.16.jar (org.apache.httpcomponents:httpcore:4.4.16) with InstrumentationAnalysisTransform
Transforming httpcore-4.4.16.jar (org.apache.httpcomponents:httpcore:4.4.16) with MergeInstrumentationAnalysisTransform
Transforming javax.activation-1.2.0.jar (com.sun.activation:javax.activation:1.2.0) with InstrumentationAnalysisTransform
Transforming javax.activation-1.2.0.jar (com.sun.activation:javax.activation:1.2.0) with MergeInstrumentationAnalysisTransform
Transforming gradle-api-8.10.1.jar (com.android.tools.build:gradle-api:8.10.1) with ExternalDependencyInstrumentingArtifactTransform
Transforming signflinger-8.10.1.jar (com.android:signflinger:8.10.1) with InstrumentationAnalysisTransform
Transforming signflinger-8.10.1.jar (com.android:signflinger:8.10.1) with MergeInstrumentationAnalysisTransform
Transforming zipflinger-8.10.1.jar (com.android:zipflinger:8.10.1) with InstrumentationAnalysisTransform
Transforming zipflinger-8.10.1.jar (com.android:zipflinger:8.10.1) with MergeInstrumentationAnalysisTransform
Transforming builder-test-api-8.10.1.jar (com.android.tools.build:builder-test-api:8.10.1) with ExternalDependencyInstrumentingArtifactTransform
Transforming annotations-31.10.1.jar (com.android.tools:annotations:31.10.1) with InstrumentationAnalysisTransform
Transforming annotations-31.10.1.jar (com.android.tools:annotations:31.10.1) with MergeInstrumentationAnalysisTransform
Transforming jna-platform-5.6.0.jar (net.java.dev.jna:jna-platform:5.6.0) with InstrumentationAnalysisTransform
Transforming jna-platform-5.6.0.jar (net.java.dev.jna:jna-platform:5.6.0) with MergeInstrumentationAnalysisTransform
Transforming ddmlib-31.10.1.jar (com.android.tools.ddms:ddmlib:31.10.1) with ExternalDependencyInstrumentingArtifactTransform
Transforming juniversalchardet-1.0.3.jar (com.googlecode.juniversalchardet:juniversalchardet:1.0.3) with InstrumentationAnalysisTransform
Transforming juniversalchardet-1.0.3.jar (com.googlecode.juniversalchardet:juniversalchardet:1.0.3) with MergeInstrumentationAnalysisTransform
Transforming javax.annotation-api-1.3.2.jar (javax.annotation:javax.annotation-api:1.3.2) with InstrumentationAnalysisTransform
Transforming javax.annotation-api-1.3.2.jar (javax.annotation:javax.annotation-api:1.3.2) with MergeInstrumentationAnalysisTransform
Transforming stax-ex-1.8.1.jar (org.jvnet.staxex:stax-ex:1.8.1) with InstrumentationAnalysisTransform
Transforming layoutlib-api-31.10.1.jar (com.android.tools.layoutlib:layoutlib-api:31.10.1) with ExternalDependencyInstrumentingArtifactTransform
Transforming stax-ex-1.8.1.jar (org.jvnet.staxex:stax-ex:1.8.1) with MergeInstrumentationAnalysisTransform
Transforming jakarta.xml.bind-api-2.3.2.jar (jakarta.xml.bind:jakarta.xml.bind-api:2.3.2) with InstrumentationAnalysisTransform
Transforming jakarta.xml.bind-api-2.3.2.jar (jakarta.xml.bind:jakarta.xml.bind-api:2.3.2) with MergeInstrumentationAnalysisTransform
Transforming txw2-2.3.2.jar (org.glassfish.jaxb:txw2:2.3.2) with InstrumentationAnalysisTransform
Transforming txw2-2.3.2.jar (org.glassfish.jaxb:txw2:2.3.2) with MergeInstrumentationAnalysisTransform
Transforming dvlib-31.10.1.jar (com.android.tools:dvlib:31.10.1) with ExternalDependencyInstrumentingArtifactTransform
Transforming istack-commons-runtime-3.0.8.jar (com.sun.istack:istack-commons-runtime:3.0.8) with InstrumentationAnalysisTransform
Transforming istack-commons-runtime-3.0.8.jar (com.sun.istack:istack-commons-runtime:3.0.8) with MergeInstrumentationAnalysisTransform
Transforming FastInfoset-1.2.16.jar (com.sun.xml.fastinfoset:FastInfoset:1.2.16) with InstrumentationAnalysisTransform
Transforming FastInfoset-1.2.16.jar (com.sun.xml.fastinfoset:FastInfoset:1.2.16) with MergeInstrumentationAnalysisTransform
Transforming common-31.10.1.jar (com.android.tools:common:31.10.1) with ExternalDependencyInstrumentingArtifactTransform
Transforming jakarta.activation-api-1.2.1.jar (jakarta.activation:jakarta.activation-api:1.2.1) with InstrumentationAnalysisTransform
Transforming jakarta.activation-api-1.2.1.jar (jakarta.activation:jakarta.activation-api:1.2.1) with MergeInstrumentationAnalysisTransform
Transforming auto-value-annotations-1.6.2.jar (com.google.auto.value:auto-value-annotations:1.6.2) with InstrumentationAnalysisTransform
Transforming auto-value-annotations-1.6.2.jar (com.google.auto.value:auto-value-annotations:1.6.2) with MergeInstrumentationAnalysisTransform
Transforming kotlin-stdlib-jdk8-2.1.0.jar (org.jetbrains.kotlin:kotlin-stdlib-jdk8:2.1.0) with ExternalDependencyInstrumentingArtifactTransform
Transforming error_prone_annotations-2.30.0.jar (com.google.errorprone:error_prone_annotations:2.30.0) with InstrumentationAnalysisTransform
Transforming error_prone_annotations-2.30.0.jar (com.google.errorprone:error_prone_annotations:2.30.0) with MergeInstrumentationAnalysisTransform
Transforming jose4j-0.9.5.jar (org.bitbucket.b_c:jose4j:0.9.5) with InstrumentationAnalysisTransform
Transforming jose4j-0.9.5.jar (org.bitbucket.b_c:jose4j:0.9.5) with MergeInstrumentationAnalysisTransform
Transforming kotlin-reflect-2.0.20.jar (org.jetbrains.kotlin:kotlin-reflect:2.0.20) with ExternalDependencyInstrumentingArtifactTransform
Transforming slf4j-api-1.7.30.jar (org.slf4j:slf4j-api:1.7.30) with InstrumentationAnalysisTransform
Transforming slf4j-api-1.7.30.jar (org.slf4j:slf4j-api:1.7.30) with MergeInstrumentationAnalysisTransform
Transforming jdom2-2.0.6.jar (org.jdom:jdom2:2.0.6) with InstrumentationAnalysisTransform
Transforming jdom2-2.0.6.jar (org.jdom:jdom2:2.0.6) with MergeInstrumentationAnalysisTransform
Transforming kotlin-stdlib-jdk7-2.1.0.jar (org.jetbrains.kotlin:kotlin-stdlib-jdk7:2.1.0) with ExternalDependencyInstrumentingArtifactTransform
Transforming jsr305-3.0.2.jar (com.google.code.findbugs:jsr305:3.0.2) with InstrumentationAnalysisTransform
Transforming jsr305-3.0.2.jar (com.google.code.findbugs:jsr305:3.0.2) with MergeInstrumentationAnalysisTransform
Transforming j2objc-annotations-3.0.0.jar (com.google.j2objc:j2objc-annotations:3.0.0) with InstrumentationAnalysisTransform
Transforming j2objc-annotations-3.0.0.jar (com.google.j2objc:j2objc-annotations:3.0.0) with MergeInstrumentationAnalysisTransform
Transforming annotations-4.1.1.4.jar (com.google.android:annotations:4.1.1.4) with InstrumentationAnalysisTransform
Transforming annotations-4.1.1.4.jar (com.google.android:annotations:4.1.1.4) with MergeInstrumentationAnalysisTransform
Transforming animal-sniffer-annotations-1.24.jar (org.codehaus.mojo:animal-sniffer-annotations:1.24) with InstrumentationAnalysisTransform
Transforming kotlin-stdlib-2.0.20.jar (org.jetbrains.kotlin:kotlin-stdlib:2.0.20) with ExternalDependencyInstrumentingArtifactTransform
Transforming animal-sniffer-annotations-1.24.jar (org.codehaus.mojo:animal-sniffer-annotations:1.24) with MergeInstrumentationAnalysisTransform
Transforming perfmark-api-0.27.0.jar (io.perfmark:perfmark-api:0.27.0) with InstrumentationAnalysisTransform
Transforming perfmark-api-0.27.0.jar (io.perfmark:perfmark-api:0.27.0) with MergeInstrumentationAnalysisTransform
Transforming netty-codec-http2-4.1.110.Final.jar (io.netty:netty-codec-http2:4.1.110.Final) with InstrumentationAnalysisTransform
Transforming annotations-13.0.jar (org.jetbrains:annotations:13.0) with ExternalDependencyInstrumentingArtifactTransform
Transforming netty-codec-http2-4.1.110.Final.jar (io.netty:netty-codec-http2:4.1.110.Final) with MergeInstrumentationAnalysisTransform
Transforming netty-handler-proxy-4.1.110.Final.jar (io.netty:netty-handler-proxy:4.1.110.Final) with InstrumentationAnalysisTransform
Transforming netty-handler-proxy-4.1.110.Final.jar (io.netty:netty-handler-proxy:4.1.110.Final) with MergeInstrumentationAnalysisTransform
Transforming netty-codec-http-4.1.110.Final.jar (io.netty:netty-codec-http:4.1.110.Final) with InstrumentationAnalysisTransform
Transforming lint-typedef-remover-31.10.1.jar (com.android.tools.lint:lint-typedef-remover:31.10.1) with ExternalDependencyInstrumentingArtifactTransform
Transforming netty-codec-http-4.1.110.Final.jar (io.netty:netty-codec-http:4.1.110.Final) with MergeInstrumentationAnalysisTransform
Transforming netty-handler-4.1.110.Final.jar (io.netty:netty-handler:4.1.110.Final) with InstrumentationAnalysisTransform
Transforming netty-handler-4.1.110.Final.jar (io.netty:netty-handler:4.1.110.Final) with MergeInstrumentationAnalysisTransform
Transforming netty-transport-native-unix-common-4.1.110.Final.jar (io.netty:netty-transport-native-unix-common:4.1.110.Final) with InstrumentationAnalysisTransform
Transforming asm-commons-9.7.1.jar (org.ow2.asm:asm-commons:9.7.1) with ExternalDependencyInstrumentingArtifactTransform
Transforming netty-transport-native-unix-common-4.1.110.Final.jar (io.netty:netty-transport-native-unix-common:4.1.110.Final) with MergeInstrumentationAnalysisTransform
Transforming checker-qual-3.43.0.jar (org.checkerframework:checker-qual:3.43.0) with InstrumentationAnalysisTransform
Transforming checker-qual-3.43.0.jar (org.checkerframework:checker-qual:3.43.0) with MergeInstrumentationAnalysisTransform
Transforming apksig-8.10.1.jar (com.android.tools.build:apksig:8.10.1) with InstrumentationAnalysisTransform
Transforming asm-util-9.7.1.jar (org.ow2.asm:asm-util:9.7.1) with ExternalDependencyInstrumentingArtifactTransform
Transforming apksig-8.10.1.jar (com.android.tools.build:apksig:8.10.1) with MergeInstrumentationAnalysisTransform
Transforming javawriter-2.5.0.jar (com.squareup:javawriter:2.5.0) with InstrumentationAnalysisTransform
Transforming javawriter-2.5.0.jar (com.squareup:javawriter:2.5.0) with MergeInstrumentationAnalysisTransform
Transforming kotlin-gradle-plugin-annotations-2.0.21.jar (org.jetbrains.kotlin:kotlin-gradle-plugin-annotations:2.0.21) with InstrumentationAnalysisTransform
Transforming asm-analysis-9.7.1.jar (org.ow2.asm:asm-analysis:9.7.1) with ExternalDependencyInstrumentingArtifactTransform
Transforming kotlin-gradle-plugin-annotations-2.0.21.jar (org.jetbrains.kotlin:kotlin-gradle-plugin-annotations:2.0.21) with MergeInstrumentationAnalysisTransform
Transforming kotlin-tooling-core-2.0.21.jar (org.jetbrains.kotlin:kotlin-tooling-core:2.0.21) with InstrumentationAnalysisTransform
Transforming kotlin-tooling-core-2.0.21.jar (org.jetbrains.kotlin:kotlin-tooling-core:2.0.21) with MergeInstrumentationAnalysisTransform
Transforming kotlin-daemon-client-2.0.21.jar (org.jetbrains.kotlin:kotlin-daemon-client:2.0.21) with InstrumentationAnalysisTransform
Transforming asm-tree-9.7.1.jar (org.ow2.asm:asm-tree:9.7.1) with ExternalDependencyInstrumentingArtifactTransform
Transforming kotlin-daemon-client-2.0.21.jar (org.jetbrains.kotlin:kotlin-daemon-client:2.0.21) with MergeInstrumentationAnalysisTransform
Transforming kotlinx-coroutines-core-jvm-1.6.4.jar (org.jetbrains.kotlinx:kotlinx-coroutines-core-jvm:1.6.4) with InstrumentationAnalysisTransform
Transforming kotlinx-coroutines-core-jvm-1.6.4.jar (org.jetbrains.kotlinx:kotlinx-coroutines-core-jvm:1.6.4) with MergeInstrumentationAnalysisTransform
Transforming kotlin-util-io-2.0.21.jar (org.jetbrains.kotlin:kotlin-util-io:2.0.21) with InstrumentationAnalysisTransform
Transforming kotlin-util-io-2.0.21.jar (org.jetbrains.kotlin:kotlin-util-io:2.0.21) with MergeInstrumentationAnalysisTransform
Transforming asm-9.7.1.jar (org.ow2.asm:asm:9.7.1) with ExternalDependencyInstrumentingArtifactTransform
Transforming kotlin-daemon-embeddable-2.0.21.jar (org.jetbrains.kotlin:kotlin-daemon-embeddable:2.0.21) with InstrumentationAnalysisTransform
Transforming kotlin-daemon-embeddable-2.0.21.jar (org.jetbrains.kotlin:kotlin-daemon-embeddable:2.0.21) with MergeInstrumentationAnalysisTransform
Transforming trove4j-1.0.20200330.jar (org.jetbrains.intellij.deps:trove4j:1.0.20200330) with InstrumentationAnalysisTransform
Transforming trove4j-1.0.20200330.jar (org.jetbrains.intellij.deps:trove4j:1.0.20200330) with MergeInstrumentationAnalysisTransform
Transforming javapoet-1.13.0.jar (com.squareup:javapoet:1.13.0) with ExternalDependencyInstrumentingArtifactTransform
Transforming failureaccess-1.0.2.jar (com.google.guava:failureaccess:1.0.2) with InstrumentationAnalysisTransform
Transforming failureaccess-1.0.2.jar (com.google.guava:failureaccess:1.0.2) with MergeInstrumentationAnalysisTransform
Transforming listenablefuture-9999.0-empty-to-avoid-conflict-with-guava.jar (com.google.guava:listenablefuture:9999.0-empty-to-avoid-conflict-with-guava) with InstrumentationAnalysisTransform
Transforming listenablefuture-9999.0-empty-to-avoid-conflict-with-guava.jar (com.google.guava:listenablefuture:9999.0-empty-to-avoid-conflict-with-guava) with MergeInstrumentationAnalysisTransform
Transforming kotlin-gradle-plugin-model-2.0.21.jar (org.jetbrains.kotlin:kotlin-gradle-plugin-model:2.0.21) with ExternalDependencyInstrumentingArtifactTransform
Transforming commons-logging-1.2.jar (commons-logging:commons-logging:1.2) with InstrumentationAnalysisTransform
Transforming commons-logging-1.2.jar (commons-logging:commons-logging:1.2) with MergeInstrumentationAnalysisTransform
Transforming commons-codec-1.11.jar (commons-codec:commons-codec:1.11) with InstrumentationAnalysisTransform
Transforming commons-codec-1.11.jar (commons-codec:commons-codec:1.11) with MergeInstrumentationAnalysisTransform
Transforming kotlin-gradle-plugin-api-2.0.21.jar (org.jetbrains.kotlin:kotlin-gradle-plugin-api:2.0.21) with ExternalDependencyInstrumentingArtifactTransform
Transforming jna-5.6.0.jar (net.java.dev.jna:jna:5.6.0) with InstrumentationAnalysisTransform
Transforming jna-5.6.0.jar (net.java.dev.jna:jna:5.6.0) with MergeInstrumentationAnalysisTransform
Transforming netty-codec-socks-4.1.110.Final.jar (io.netty:netty-codec-socks:4.1.110.Final) with InstrumentationAnalysisTransform
Transforming netty-codec-socks-4.1.110.Final.jar (io.netty:netty-codec-socks:4.1.110.Final) with MergeInstrumentationAnalysisTransform
Transforming netty-codec-4.1.110.Final.jar (io.netty:netty-codec:4.1.110.Final) with InstrumentationAnalysisTransform
Transforming netty-codec-4.1.110.Final.jar (io.netty:netty-codec:4.1.110.Final) with MergeInstrumentationAnalysisTransform
Transforming netty-transport-4.1.110.Final.jar (io.netty:netty-transport:4.1.110.Final) with InstrumentationAnalysisTransform
Transforming netty-transport-4.1.110.Final.jar (io.netty:netty-transport:4.1.110.Final) with MergeInstrumentationAnalysisTransform
Transforming netty-buffer-4.1.110.Final.jar (io.netty:netty-buffer:4.1.110.Final) with InstrumentationAnalysisTransform
Transforming netty-buffer-4.1.110.Final.jar (io.netty:netty-buffer:4.1.110.Final) with MergeInstrumentationAnalysisTransform
Transforming netty-resolver-4.1.110.Final.jar (io.netty:netty-resolver:4.1.110.Final) with InstrumentationAnalysisTransform
Transforming netty-resolver-4.1.110.Final.jar (io.netty:netty-resolver:4.1.110.Final) with MergeInstrumentationAnalysisTransform
Transforming netty-common-4.1.110.Final.jar (io.netty:netty-common:4.1.110.Final) with InstrumentationAnalysisTransform
Transforming netty-common-4.1.110.Final.jar (io.netty:netty-common:4.1.110.Final) with MergeInstrumentationAnalysisTransform
Transforming kotlin-gradle-plugin-api-2.0.21-gradle85.jar (org.jetbrains.kotlin:kotlin-gradle-plugin-api:2.0.21) with ExternalDependencyInstrumentingArtifactTransform
Transforming compose-compiler-gradle-plugin-2.0.21-gradle85.jar (org.jetbrains.kotlin:compose-compiler-gradle-plugin:2.0.21) with ExternalDependencyInstrumentingArtifactTransform
Transforming kotlin-gradle-plugin-2.0.21-gradle85.jar (org.jetbrains.kotlin:kotlin-gradle-plugin:2.0.21) with ExternalDependencyInstrumentingArtifactTransform
Transforming bundletool-1.18.0.jar (com.android.tools.build:bundletool:1.18.0) with ExternalDependencyInstrumentingArtifactTransform
Transforming aapt2-proto-8.10.1-12782657.jar (com.android.tools.build:aapt2-proto:8.10.1-12782657) with ExternalDependencyInstrumentingArtifactTransform
Transforming crash-31.10.1.jar (com.android.tools.analytics-library:crash:31.10.1) with ExternalDependencyInstrumentingArtifactTransform
Transforming databinding-common-8.10.1.jar (androidx.databinding:databinding-common:8.10.1) with ExternalDependencyInstrumentingArtifactTransform
Transforming baseLibrary-8.10.1.jar (com.android.databinding:baseLibrary:8.10.1) with ExternalDependencyInstrumentingArtifactTransform
Transforming android-device-provider-ddmlib-proto-31.10.1.jar (com.android.tools.utp:android-device-provider-ddmlib-proto:31.10.1) with ExternalDependencyInstrumentingArtifactTransform
Transforming android-device-provider-gradle-proto-31.10.1.jar (com.android.tools.utp:android-device-provider-gradle-proto:31.10.1) with ExternalDependencyInstrumentingArtifactTransform
Transforming android-device-provider-profile-proto-31.10.1.jar (com.android.tools.utp:android-device-provider-profile-proto:31.10.1) with ExternalDependencyInstrumentingArtifactTransform
Transforming android-test-plugin-host-additional-test-output-proto-31.10.1.jar (com.android.tools.utp:android-test-plugin-host-additional-test-output-proto:31.10.1) with ExternalDependencyInstrumentingArtifactTransform
Transforming android-test-plugin-host-coverage-proto-31.10.1.jar (com.android.tools.utp:android-test-plugin-host-coverage-proto:31.10.1) with ExternalDependencyInstrumentingArtifactTransform
Transforming android-test-plugin-host-logcat-proto-31.10.1.jar (com.android.tools.utp:android-test-plugin-host-logcat-proto:31.10.1) with ExternalDependencyInstrumentingArtifactTransform
Transforming android-test-plugin-host-apk-installer-proto-31.10.1.jar (com.android.tools.utp:android-test-plugin-host-apk-installer-proto:31.10.1) with ExternalDependencyInstrumentingArtifactTransform
Transforming android-test-plugin-result-listener-gradle-proto-31.10.1.jar (com.android.tools.utp:android-test-plugin-result-listener-gradle-proto:31.10.1) with ExternalDependencyInstrumentingArtifactTransform
Transforming transform-api-2.0.0-deprecated-use-gradle-api.jar (com.android.tools.build:transform-api:2.0.0-deprecated-use-gradle-api) with ExternalDependencyInstrumentingArtifactTransform
Transforming httpmime-4.5.6.jar (org.apache.httpcomponents:httpmime:4.5.6) with ExternalDependencyInstrumentingArtifactTransform
Transforming commons-io-2.16.1.jar (commons-io:commons-io:2.16.1) with ExternalDependencyInstrumentingArtifactTransform
Transforming apkzlib-8.10.1.jar (com.android.tools.build:apkzlib:8.10.1) with ExternalDependencyInstrumentingArtifactTransform
Transforming bcpkix-jdk18on-1.79.jar (org.bouncycastle:bcpkix-jdk18on:1.79) with ExternalDependencyInstrumentingArtifactTransform
Transforming jaxb-runtime-2.3.2.jar (org.glassfish.jaxb:jaxb-runtime:2.3.2) with ExternalDependencyInstrumentingArtifactTransform
Transforming jopt-simple-4.9.jar (net.sf.jopt-simple:jopt-simple:4.9) with ExternalDependencyInstrumentingArtifactTransform
Transforming protobuf-java-util-3.25.5.jar (com.google.protobuf:protobuf-java-util:3.25.5) with ExternalDependencyInstrumentingArtifactTransform
Transforming grpc-protobuf-1.69.1.jar (io.grpc:grpc-protobuf:1.69.1) with ExternalDependencyInstrumentingArtifactTransform
Transforming tink-1.7.0.jar (com.google.crypto.tink:tink:1.7.0) with ExternalDependencyInstrumentingArtifactTransform
Transforming core-proto-0.0.9-alpha03.jar (com.google.testing.platform:core-proto:0.0.9-alpha03) with ExternalDependencyInstrumentingArtifactTransform
Transforming protos-31.10.1.jar (com.android.tools.analytics-library:protos:31.10.1) with ExternalDependencyInstrumentingArtifactTransform
Transforming proto-google-common-protos-2.48.0.jar (com.google.api.grpc:proto-google-common-protos:2.48.0) with ExternalDependencyInstrumentingArtifactTransform
Transforming protobuf-java-3.25.5.jar (com.google.protobuf:protobuf-java:3.25.5) with ExternalDependencyInstrumentingArtifactTransform
Transforming grpc-netty-1.69.1.jar (io.grpc:grpc-netty:1.69.1) with ExternalDependencyInstrumentingArtifactTransform
Transforming grpc-inprocess-1.69.1.jar (io.grpc:grpc-inprocess:1.69.1) with ExternalDependencyInstrumentingArtifactTransform
Transforming grpc-util-1.69.1.jar (io.grpc:grpc-util:1.69.1) with ExternalDependencyInstrumentingArtifactTransform
Transforming grpc-core-1.69.1.jar (io.grpc:grpc-core:1.69.1) with ExternalDependencyInstrumentingArtifactTransform
Transforming kotlin-build-statistics-2.0.21.jar (org.jetbrains.kotlin:kotlin-build-statistics:2.0.21) with ExternalDependencyInstrumentingArtifactTransform
Transforming gson-2.11.0.jar (com.google.code.gson:gson:2.11.0) with ExternalDependencyInstrumentingArtifactTransform
Transforming grpc-stub-1.69.1.jar (io.grpc:grpc-stub:1.69.1) with ExternalDependencyInstrumentingArtifactTransform
Transforming tensorflow-lite-metadata-0.2.0.jar (org.tensorflow:tensorflow-lite-metadata:0.2.0) with ExternalDependencyInstrumentingArtifactTransform
Transforming flatbuffers-java-1.12.0.jar (com.google.flatbuffers:flatbuffers-java:1.12.0) with ExternalDependencyInstrumentingArtifactTransform
Transforming kotlin-gradle-plugin-idea-proto-2.0.21.jar (org.jetbrains.kotlin:kotlin-gradle-plugin-idea-proto:2.0.21) with ExternalDependencyInstrumentingArtifactTransform
Transforming kotlin-gradle-plugin-idea-2.0.21.jar (org.jetbrains.kotlin:kotlin-gradle-plugin-idea:2.0.21) with ExternalDependencyInstrumentingArtifactTransform
Transforming kotlin-klib-commonizer-api-2.0.21.jar (org.jetbrains.kotlin:kotlin-klib-commonizer-api:2.0.21) with ExternalDependencyInstrumentingArtifactTransform
Transforming kotlin-build-tools-api-2.0.21.jar (org.jetbrains.kotlin:kotlin-build-tools-api:2.0.21) with ExternalDependencyInstrumentingArtifactTransform
Transforming kotlin-compiler-runner-2.0.21.jar (org.jetbrains.kotlin:kotlin-compiler-runner:2.0.21) with ExternalDependencyInstrumentingArtifactTransform
Transforming kotlin-native-utils-2.0.21.jar (org.jetbrains.kotlin:kotlin-native-utils:2.0.21) with ExternalDependencyInstrumentingArtifactTransform
Transforming kotlin-util-klib-2.0.21.jar (org.jetbrains.kotlin:kotlin-util-klib:2.0.21) with ExternalDependencyInstrumentingArtifactTransform
Transforming kotlin-compiler-embeddable-2.0.21.jar (org.jetbrains.kotlin:kotlin-compiler-embeddable:2.0.21) with ExternalDependencyInstrumentingArtifactTransform
Transforming jimfs-1.1.jar (com.google.jimfs:jimfs:1.1) with ExternalDependencyInstrumentingArtifactTransform
Transforming grpc-context-1.69.1.jar (io.grpc:grpc-context:1.69.1) with ExternalDependencyInstrumentingArtifactTransform
Transforming grpc-protobuf-lite-1.69.1.jar (io.grpc:grpc-protobuf-lite:1.69.1) with ExternalDependencyInstrumentingArtifactTransform
Transforming grpc-api-1.69.1.jar (io.grpc:grpc-api:1.69.1) with ExternalDependencyInstrumentingArtifactTransform
Transforming guava-33.3.1-jre.jar (com.google.guava:guava:33.3.1-jre) with ExternalDependencyInstrumentingArtifactTransform
Transforming dagger-2.28.3.jar (com.google.dagger:dagger:2.28.3) with ExternalDependencyInstrumentingArtifactTransform
Transforming javax.inject-1.jar (javax.inject:javax.inject:1) with ExternalDependencyInstrumentingArtifactTransform
Transforming kxml2-2.3.0.jar (net.sf.kxml:kxml2:2.3.0) with ExternalDependencyInstrumentingArtifactTransform
Transforming commons-compress-1.21.jar (org.apache.commons:commons-compress:1.21) with ExternalDependencyInstrumentingArtifactTransform
Transforming bcutil-jdk18on-1.79.jar (org.bouncycastle:bcutil-jdk18on:1.79) with ExternalDependencyInstrumentingArtifactTransform
Transforming bcprov-jdk18on-1.79.jar (org.bouncycastle:bcprov-jdk18on:1.79) with ExternalDependencyInstrumentingArtifactTransform
Transforming httpclient-4.5.14.jar (org.apache.httpcomponents:httpclient:4.5.14) with ExternalDependencyInstrumentingArtifactTransform
Transforming httpcore-4.4.16.jar (org.apache.httpcomponents:httpcore:4.4.16) with ExternalDependencyInstrumentingArtifactTransform
Transforming javax.activation-1.2.0.jar (com.sun.activation:javax.activation:1.2.0) with ExternalDependencyInstrumentingArtifactTransform
Transforming signflinger-8.10.1.jar (com.android:signflinger:8.10.1) with ExternalDependencyInstrumentingArtifactTransform
Transforming zipflinger-8.10.1.jar (com.android:zipflinger:8.10.1) with ExternalDependencyInstrumentingArtifactTransform
Transforming annotations-31.10.1.jar (com.android.tools:annotations:31.10.1) with ExternalDependencyInstrumentingArtifactTransform
Transforming jna-platform-5.6.0.jar (net.java.dev.jna:jna-platform:5.6.0) with ExternalDependencyInstrumentingArtifactTransform
Transforming juniversalchardet-1.0.3.jar (com.googlecode.juniversalchardet:juniversalchardet:1.0.3) with ExternalDependencyInstrumentingArtifactTransform
Transforming javax.annotation-api-1.3.2.jar (javax.annotation:javax.annotation-api:1.3.2) with ExternalDependencyInstrumentingArtifactTransform
Transforming stax-ex-1.8.1.jar (org.jvnet.staxex:stax-ex:1.8.1) with ExternalDependencyInstrumentingArtifactTransform
Transforming jakarta.xml.bind-api-2.3.2.jar (jakarta.xml.bind:jakarta.xml.bind-api:2.3.2) with ExternalDependencyInstrumentingArtifactTransform
Transforming txw2-2.3.2.jar (org.glassfish.jaxb:txw2:2.3.2) with ExternalDependencyInstrumentingArtifactTransform
Transforming istack-commons-runtime-3.0.8.jar (com.sun.istack:istack-commons-runtime:3.0.8) with ExternalDependencyInstrumentingArtifactTransform
Transforming FastInfoset-1.2.16.jar (com.sun.xml.fastinfoset:FastInfoset:1.2.16) with ExternalDependencyInstrumentingArtifactTransform
Transforming jakarta.activation-api-1.2.1.jar (jakarta.activation:jakarta.activation-api:1.2.1) with ExternalDependencyInstrumentingArtifactTransform
Transforming auto-value-annotations-1.6.2.jar (com.google.auto.value:auto-value-annotations:1.6.2) with ExternalDependencyInstrumentingArtifactTransform
Transforming error_prone_annotations-2.30.0.jar (com.google.errorprone:error_prone_annotations:2.30.0) with ExternalDependencyInstrumentingArtifactTransform
Transforming jose4j-0.9.5.jar (org.bitbucket.b_c:jose4j:0.9.5) with ExternalDependencyInstrumentingArtifactTransform
Transforming slf4j-api-1.7.30.jar (org.slf4j:slf4j-api:1.7.30) with ExternalDependencyInstrumentingArtifactTransform
Transforming jdom2-2.0.6.jar (org.jdom:jdom2:2.0.6) with ExternalDependencyInstrumentingArtifactTransform
Transforming jsr305-3.0.2.jar (com.google.code.findbugs:jsr305:3.0.2) with ExternalDependencyInstrumentingArtifactTransform
Transforming j2objc-annotations-3.0.0.jar (com.google.j2objc:j2objc-annotations:3.0.0) with ExternalDependencyInstrumentingArtifactTransform
Transforming annotations-4.1.1.4.jar (com.google.android:annotations:4.1.1.4) with ExternalDependencyInstrumentingArtifactTransform
Transforming animal-sniffer-annotations-1.24.jar (org.codehaus.mojo:animal-sniffer-annotations:1.24) with ExternalDependencyInstrumentingArtifactTransform
Transforming perfmark-api-0.27.0.jar (io.perfmark:perfmark-api:0.27.0) with ExternalDependencyInstrumentingArtifactTransform
Transforming netty-codec-http2-4.1.110.Final.jar (io.netty:netty-codec-http2:4.1.110.Final) with ExternalDependencyInstrumentingArtifactTransform
Transforming netty-handler-proxy-4.1.110.Final.jar (io.netty:netty-handler-proxy:4.1.110.Final) with ExternalDependencyInstrumentingArtifactTransform
Transforming netty-codec-http-4.1.110.Final.jar (io.netty:netty-codec-http:4.1.110.Final) with ExternalDependencyInstrumentingArtifactTransform
Transforming netty-handler-4.1.110.Final.jar (io.netty:netty-handler:4.1.110.Final) with ExternalDependencyInstrumentingArtifactTransform
Transforming netty-transport-native-unix-common-4.1.110.Final.jar (io.netty:netty-transport-native-unix-common:4.1.110.Final) with ExternalDependencyInstrumentingArtifactTransform
Transforming checker-qual-3.43.0.jar (org.checkerframework:checker-qual:3.43.0) with ExternalDependencyInstrumentingArtifactTransform
Transforming apksig-8.10.1.jar (com.android.tools.build:apksig:8.10.1) with ExternalDependencyInstrumentingArtifactTransform
Transforming javawriter-2.5.0.jar (com.squareup:javawriter:2.5.0) with ExternalDependencyInstrumentingArtifactTransform
Transforming kotlin-gradle-plugin-annotations-2.0.21.jar (org.jetbrains.kotlin:kotlin-gradle-plugin-annotations:2.0.21) with ExternalDependencyInstrumentingArtifactTransform
Transforming kotlin-tooling-core-2.0.21.jar (org.jetbrains.kotlin:kotlin-tooling-core:2.0.21) with ExternalDependencyInstrumentingArtifactTransform
Transforming kotlin-daemon-client-2.0.21.jar (org.jetbrains.kotlin:kotlin-daemon-client:2.0.21) with ExternalDependencyInstrumentingArtifactTransform
Transforming kotlinx-coroutines-core-jvm-1.6.4.jar (org.jetbrains.kotlinx:kotlinx-coroutines-core-jvm:1.6.4) with ExternalDependencyInstrumentingArtifactTransform
Transforming kotlin-util-io-2.0.21.jar (org.jetbrains.kotlin:kotlin-util-io:2.0.21) with ExternalDependencyInstrumentingArtifactTransform
Transforming trove4j-1.0.20200330.jar (org.jetbrains.intellij.deps:trove4j:1.0.20200330) with ExternalDependencyInstrumentingArtifactTransform
Transforming kotlin-daemon-embeddable-2.0.21.jar (org.jetbrains.kotlin:kotlin-daemon-embeddable:2.0.21) with ExternalDependencyInstrumentingArtifactTransform
Transforming failureaccess-1.0.2.jar (com.google.guava:failureaccess:1.0.2) with ExternalDependencyInstrumentingArtifactTransform
Transforming listenablefuture-9999.0-empty-to-avoid-conflict-with-guava.jar (com.google.guava:listenablefuture:9999.0-empty-to-avoid-conflict-with-guava) with ExternalDependencyInstrumentingArtifactTransform
Transforming commons-logging-1.2.jar (commons-logging:commons-logging:1.2) with ExternalDependencyInstrumentingArtifactTransform
Transforming commons-codec-1.11.jar (commons-codec:commons-codec:1.11) with ExternalDependencyInstrumentingArtifactTransform
Transforming jna-5.6.0.jar (net.java.dev.jna:jna:5.6.0) with ExternalDependencyInstrumentingArtifactTransform
Transforming netty-codec-socks-4.1.110.Final.jar (io.netty:netty-codec-socks:4.1.110.Final) with ExternalDependencyInstrumentingArtifactTransform
Transforming netty-codec-4.1.110.Final.jar (io.netty:netty-codec:4.1.110.Final) with ExternalDependencyInstrumentingArtifactTransform
Transforming netty-transport-4.1.110.Final.jar (io.netty:netty-transport:4.1.110.Final) with ExternalDependencyInstrumentingArtifactTransform
Transforming netty-buffer-4.1.110.Final.jar (io.netty:netty-buffer:4.1.110.Final) with ExternalDependencyInstrumentingArtifactTransform
Transforming netty-resolver-4.1.110.Final.jar (io.netty:netty-resolver:4.1.110.Final) with ExternalDependencyInstrumentingArtifactTransform
Transforming netty-common-4.1.110.Final.jar (io.netty:netty-common:4.1.110.Final) with ExternalDependencyInstrumentingArtifactTransform

> Configure project :app
Evaluating project ':app' using build file 'E:\Desktop\calourie_ai\app\build.gradle.kts'.
Transforming kotlin-gradle-plugin-api-2.0.21-gradle85.jar (org.jetbrains.kotlin:kotlin-gradle-plugin-api:2.0.21) with InstrumentationAnalysisTransform
Transforming kotlin-serialization-2.0.21-gradle85.jar (org.jetbrains.kotlin:kotlin-serialization:2.0.21) with InstrumentationAnalysisTransform
Transforming kotlin-gradle-plugin-annotations-2.0.21.jar (org.jetbrains.kotlin:kotlin-gradle-plugin-annotations:2.0.21) with InstrumentationAnalysisTransform
Transforming kotlin-native-utils-2.0.21.jar (org.jetbrains.kotlin:kotlin-native-utils:2.0.21) with InstrumentationAnalysisTransform
Transforming kotlin-tooling-core-2.0.21.jar (org.jetbrains.kotlin:kotlin-tooling-core:2.0.21) with InstrumentationAnalysisTransform
Transforming kotlin-util-klib-2.0.21.jar (org.jetbrains.kotlin:kotlin-util-klib:2.0.21) with InstrumentationAnalysisTransform
Transforming kotlin-util-io-2.0.21.jar (org.jetbrains.kotlin:kotlin-util-io:2.0.21) with InstrumentationAnalysisTransform
Transforming kotlin-gradle-plugin-api-2.0.21-gradle85.jar (org.jetbrains.kotlin:kotlin-gradle-plugin-api:2.0.21) with InstrumentationAnalysisTransform
Transforming kotlin-gradle-plugin-api-2.0.21-gradle85.jar (org.jetbrains.kotlin:kotlin-gradle-plugin-api:2.0.21) with MergeInstrumentationAnalysisTransform
Transforming kotlin-serialization-2.0.21-gradle85.jar (org.jetbrains.kotlin:kotlin-serialization:2.0.21) with InstrumentationAnalysisTransform
Transforming kotlin-serialization-2.0.21-gradle85.jar (org.jetbrains.kotlin:kotlin-serialization:2.0.21) with MergeInstrumentationAnalysisTransform
Transforming kotlin-gradle-plugin-annotations-2.0.21.jar (org.jetbrains.kotlin:kotlin-gradle-plugin-annotations:2.0.21) with InstrumentationAnalysisTransform
Transforming kotlin-gradle-plugin-annotations-2.0.21.jar (org.jetbrains.kotlin:kotlin-gradle-plugin-annotations:2.0.21) with MergeInstrumentationAnalysisTransform
Transforming kotlin-native-utils-2.0.21.jar (org.jetbrains.kotlin:kotlin-native-utils:2.0.21) with InstrumentationAnalysisTransform
Transforming kotlin-native-utils-2.0.21.jar (org.jetbrains.kotlin:kotlin-native-utils:2.0.21) with MergeInstrumentationAnalysisTransform
Transforming kotlin-tooling-core-2.0.21.jar (org.jetbrains.kotlin:kotlin-tooling-core:2.0.21) with InstrumentationAnalysisTransform
Transforming kotlin-tooling-core-2.0.21.jar (org.jetbrains.kotlin:kotlin-tooling-core:2.0.21) with MergeInstrumentationAnalysisTransform
Transforming kotlin-util-klib-2.0.21.jar (org.jetbrains.kotlin:kotlin-util-klib:2.0.21) with InstrumentationAnalysisTransform
Transforming kotlin-util-klib-2.0.21.jar (org.jetbrains.kotlin:kotlin-util-klib:2.0.21) with MergeInstrumentationAnalysisTransform
Transforming kotlin-util-io-2.0.21.jar (org.jetbrains.kotlin:kotlin-util-io:2.0.21) with InstrumentationAnalysisTransform
Transforming kotlin-util-io-2.0.21.jar (org.jetbrains.kotlin:kotlin-util-io:2.0.21) with MergeInstrumentationAnalysisTransform
Transforming kotlin-gradle-plugin-api-2.0.21-gradle85.jar (org.jetbrains.kotlin:kotlin-gradle-plugin-api:2.0.21) with ExternalDependencyInstrumentingArtifactTransform
Transforming kotlin-serialization-2.0.21-gradle85.jar (org.jetbrains.kotlin:kotlin-serialization:2.0.21) with ExternalDependencyInstrumentingArtifactTransform
Transforming kotlin-gradle-plugin-annotations-2.0.21.jar (org.jetbrains.kotlin:kotlin-gradle-plugin-annotations:2.0.21) with ExternalDependencyInstrumentingArtifactTransform
Transforming kotlin-native-utils-2.0.21.jar (org.jetbrains.kotlin:kotlin-native-utils:2.0.21) with ExternalDependencyInstrumentingArtifactTransform
Transforming kotlin-tooling-core-2.0.21.jar (org.jetbrains.kotlin:kotlin-tooling-core:2.0.21) with ExternalDependencyInstrumentingArtifactTransform
Transforming kotlin-util-klib-2.0.21.jar (org.jetbrains.kotlin:kotlin-util-klib:2.0.21) with ExternalDependencyInstrumentingArtifactTransform
Transforming kotlin-util-io-2.0.21.jar (org.jetbrains.kotlin:kotlin-util-io:2.0.21) with ExternalDependencyInstrumentingArtifactTransform
Using default execution profile
Using Kotlin Gradle Plugin gradle85 variant
Detected Android Gradle Plugin compose compiler configuration
Detected Android Gradle Plugin compose compiler configuration
Detected Android Gradle Plugin compose compiler configuration
Detected Android Gradle Plugin compose compiler configuration
Detected Android Gradle Plugin compose compiler configuration
All projects evaluated.
Task path ':app:testDebugUnitTest' matched project ':app'
Task name matched 'testDebugUnitTest'
Selected primary task 'testDebugUnitTest' from project :app
Adding -Xuse-inline-scopes-numbers Kotlin compiler flag for task :app:compileDebugKotlin
Tasks to be executed: [task ':app:preBuild', task ':app:preDebugBuild', task ':app:checkKotlinGradlePluginConfigurationErrors', task ':app:checkDebugAarMetadata', task ':app:generateDebugResValues', task ':app:mapDebugSourceSetPaths', task ':app:generateDebugResources', task ':app:mergeDebugResources', task ':app:packageDebugResources', task ':app:parseDebugLocalResources', task ':app:createDebugCompatibleScreenManifests', task ':app:extractDeepLinksDebug', task ':app:processDebugMainManifest', task ':app:processDebugManifest', task ':app:processDebugManifestForPackage', task ':app:processDebugResources', task ':app:kaptGenerateStubsDebugKotlin', task ':app:kaptDebugKotlin', task ':app:compileDebugKotlin', task ':app:javaPreCompileDebug', task ':app:compileDebugJavaWithJavac', task ':app:hiltAggregateDepsDebug', task ':app:hiltJavaCompileDebug', task ':app:transformDebugClassesWithAsm', task ':app:bundleDebugClassesToRuntimeJar', task ':app:preDebugUnitTestBuild', task ':app:processDebugJavaRes', task ':app:bundleDebugClassesToCompileJar', task ':app:kaptGenerateStubsDebugUnitTestKotlin', task ':app:kaptDebugUnitTestKotlin', task ':app:compileDebugUnitTestKotlin', task ':app:javaPreCompileDebugUnitTest', task ':app:compileDebugUnitTestJavaWithJavac', task ':app:hiltAggregateDepsDebugUnitTest', task ':app:hiltJavaCompileDebugUnitTest', task ':app:processDebugUnitTestJavaRes', task ':app:transformDebugUnitTestClassesWithAsm', task ':app:testDebugUnitTest']
Tasks that were excluded: []
work action Parameters of IdentityTransform (Thread[#204,included builds,5,main]) started.
work action Parameters of CopyTransform (Thread[#204,included builds,5,main]) started.
work action Parameters of AggregatedPackagesTransform (Thread[#204,included builds,5,main]) started.
Resolve mutations for :app:preBuild (Thread[#204,included builds,5,main]) started.
:app:preBuild (Thread[#204,included builds,5,main]) started.

> Task :app:preBuild UP-TO-DATE
Skipping task ':app:preBuild' as it has no actions.
Resolve mutations for :app:preDebugBuild (Thread[#206,Execution worker Thread 2,5,main]) started.
:app:preDebugBuild (Thread[#206,Execution worker Thread 2,5,main]) started.

> Task :app:preDebugBuild UP-TO-DATE
Skipping task ':app:preDebugBuild' as it has no actions.
Resolve mutations for :app:checkKotlinGradlePluginConfigurationErrors (Thread[#206,Execution worker Thread 2,5,main]) started.
:app:checkKotlinGradlePluginConfigurationErrors (Thread[#206,Execution worker Thread 2,5,main]) started.

> Task :app:checkKotlinGradlePluginConfigurationErrors SKIPPED
Skipping task ':app:checkKotlinGradlePluginConfigurationErrors' as task onlyIf 'errorDiagnostics are present' is false.
Resolve mutations for :app:checkDebugAarMetadata (Thread[#206,Execution worker Thread 2,5,main]) started.
:app:checkDebugAarMetadata (Thread[#206,Execution worker Thread 2,5,main]) started.

> Task :app:checkDebugAarMetadata UP-TO-DATE
Transforming benchmark-traceprocessor.aar (androidx.benchmark:benchmark-traceprocessor-android:1.4.1) with ExtractAarTransform
Transforming benchmark-traceprocessor.aar (androidx.benchmark:benchmark-traceprocessor-android:1.4.1) with AarTransform
Transforming core-splashscreen-1.0.1.aar (androidx.core:core-splashscreen:1.0.1) with ExtractAarTransform
Transforming core-splashscreen-1.0.1.aar (androidx.core:core-splashscreen:1.0.1) with AarTransform
Transforming hilt-navigation-1.2.0.aar (androidx.hilt:hilt-navigation:1.2.0) with ExtractAarTransform
Transforming hilt-navigation-1.2.0.aar (androidx.hilt:hilt-navigation:1.2.0) with AarTransform
Transforming hilt-android-2.51.1.aar (com.google.dagger:hilt-android:2.51.1) with ExtractAarTransform
Transforming hilt-android-2.51.1.aar (com.google.dagger:hilt-android:2.51.1) with AarTransform
Transforming room-runtime-2.6.0.aar (androidx.room:room-runtime:2.6.0) with ExtractAarTransform
Transforming room-runtime-2.6.0.aar (androidx.room:room-runtime:2.6.0) with AarTransform
Transforming room-ktx-2.6.0.aar (androidx.room:room-ktx:2.6.0) with ExtractAarTransform
Transforming room-ktx-2.6.0.aar (androidx.room:room-ktx:2.6.0) with AarTransform
Transforming navigation-runtime-release.aar (androidx.navigation:navigation-runtime-android:2.9.7) with ExtractAarTransform
Transforming navigation-runtime-release.aar (androidx.navigation:navigation-runtime-android:2.9.7) with AarTransform
Transforming navigation-common-release.aar (androidx.navigation:navigation-common-android:2.9.7) with ExtractAarTransform
Transforming navigation-common-release.aar (androidx.navigation:navigation-common-android:2.9.7) with AarTransform
Transforming navigation-compose-release.aar (androidx.navigation:navigation-compose-android:2.9.7) with ExtractAarTransform
Transforming navigation-compose-release.aar (androidx.navigation:navigation-compose-android:2.9.7) with AarTransform
Transforming barcode-scanning-17.2.0.aar (com.google.mlkit:barcode-scanning:17.2.0) with ExtractAarTransform
Transforming barcode-scanning-17.2.0.aar (com.google.mlkit:barcode-scanning:17.2.0) with AarTransform
Transforming play-services-mlkit-barcode-scanning-18.3.0.aar (com.google.android.gms:play-services-mlkit-barcode-scanning:18.3.0) with ExtractAarTransform
Transforming play-services-mlkit-barcode-scanning-18.3.0.aar (com.google.android.gms:play-services-mlkit-barcode-scanning:18.3.0) with AarTransform
Transforming barcode-scanning-common-17.0.0.aar (com.google.mlkit:barcode-scanning-common:17.0.0) with ExtractAarTransform
Transforming barcode-scanning-common-17.0.0.aar (com.google.mlkit:barcode-scanning-common:17.0.0) with ExtractAarTransform
Transforming barcode-scanning-common-17.0.0.aar (com.google.mlkit:barcode-scanning-common:17.0.0) with AarTransform
Transforming barcode-scanning-common-17.0.0.aar (com.google.mlkit:barcode-scanning-common:17.0.0) with AarTransform
Transforming vision-common-17.3.0.aar (com.google.mlkit:vision-common:17.3.0) with ExtractAarTransform
Transforming vision-common-17.3.0.aar (com.google.mlkit:vision-common:17.3.0) with AarTransform
Transforming vision-common-17.3.0.aar (com.google.mlkit:vision-common:17.3.0) with ExtractAarTransform
Transforming vision-common-17.3.0.aar (com.google.mlkit:vision-common:17.3.0) with AarTransform
Transforming common-18.9.0.aar (com.google.mlkit:common:18.9.0) with ExtractAarTransform
Transforming common-18.9.0.aar (com.google.mlkit:common:18.9.0) with AarTransform
Transforming common-18.9.0.aar (com.google.mlkit:common:18.9.0) with ExtractAarTransform
Transforming common-18.9.0.aar (com.google.mlkit:common:18.9.0) with AarTransform
Transforming play-services-base-18.1.0.aar (com.google.android.gms:play-services-base:18.1.0) with ExtractAarTransform
Transforming play-services-base-18.1.0.aar (com.google.android.gms:play-services-base:18.1.0) with AarTransform
Transforming play-services-base-18.1.0.aar (com.google.android.gms:play-services-base:18.1.0) with ExtractAarTransform
Transforming play-services-base-18.1.0.aar (com.google.android.gms:play-services-base:18.1.0) with AarTransform
Transforming vision-interfaces-16.2.0.aar (com.google.mlkit:vision-interfaces:16.2.0) with ExtractAarTransform
Transforming vision-interfaces-16.2.0.aar (com.google.mlkit:vision-interfaces:16.2.0) with AarTransform
Transforming play-services-tasks-18.0.2.aar (com.google.android.gms:play-services-tasks:18.0.2) with ExtractAarTransform
Transforming play-services-tasks-18.0.2.aar (com.google.android.gms:play-services-tasks:18.0.2) with ExtractAarTransform
Transforming play-services-tasks-18.0.2.aar (com.google.android.gms:play-services-tasks:18.0.2) with AarTransform
Transforming play-services-tasks-18.0.2.aar (com.google.android.gms:play-services-tasks:18.0.2) with AarTransform
Transforming play-services-basement-18.1.0.aar (com.google.android.gms:play-services-basement:18.1.0) with ExtractAarTransform
Transforming play-services-basement-18.1.0.aar (com.google.android.gms:play-services-basement:18.1.0) with AarTransform
Transforming camera-video-1.3.0.aar (androidx.camera:camera-video:1.3.0) with ExtractAarTransform
Transforming play-services-basement-18.1.0.aar (com.google.android.gms:play-services-basement:18.1.0) with ExtractAarTransform
Transforming camera-video-1.3.0.aar (androidx.camera:camera-video:1.3.0) with AarTransform
Transforming play-services-basement-18.1.0.aar (com.google.android.gms:play-services-basement:18.1.0) with AarTransform
Transforming camera-core-1.3.0.aar (androidx.camera:camera-core:1.3.0) with ExtractAarTransform
Transforming camera-core-1.3.0.aar (androidx.camera:camera-core:1.3.0) with AarTransform
Transforming camera-lifecycle-1.3.0.aar (androidx.camera:camera-lifecycle:1.3.0) with ExtractAarTransform
Transforming camera-lifecycle-1.3.0.aar (androidx.camera:camera-lifecycle:1.3.0) with AarTransform
Transforming camera-camera2-1.3.0.aar (androidx.camera:camera-camera2:1.3.0) with ExtractAarTransform
Transforming camera-camera2-1.3.0.aar (androidx.camera:camera-camera2:1.3.0) with AarTransform
Transforming camera-view-1.3.0.aar (androidx.camera:camera-view:1.3.0) with ExtractAarTransform
Transforming camera-view-1.3.0.aar (androidx.camera:camera-view:1.3.0) with AarTransform
Transforming coil-compose-2.5.0.aar (io.coil-kt:coil-compose:2.5.0) with ExtractAarTransform
Transforming coil-compose-2.5.0.aar (io.coil-kt:coil-compose:2.5.0) with AarTransform
Transforming coil-compose-base-2.5.0.aar (io.coil-kt:coil-compose-base:2.5.0) with ExtractAarTransform
Transforming coil-compose-base-2.5.0.aar (io.coil-kt:coil-compose-base:2.5.0) with AarTransform
Transforming coil-2.5.0.aar (io.coil-kt:coil:2.5.0) with ExtractAarTransform
Transforming coil-2.5.0.aar (io.coil-kt:coil:2.5.0) with AarTransform
Transforming coil-base-2.5.0.aar (io.coil-kt:coil-base:2.5.0) with ExtractAarTransform
Transforming coil-base-2.5.0.aar (io.coil-kt:coil-base:2.5.0) with AarTransform
Transforming appcompat-resources-1.6.1.aar (androidx.appcompat:appcompat-resources:1.6.1) with ExtractAarTransform
Transforming appcompat-resources-1.6.1.aar (androidx.appcompat:appcompat-resources:1.6.1) with AarTransform
Transforming appcompat-1.6.1.aar (androidx.appcompat:appcompat:1.6.1) with ExtractAarTransform
Transforming appcompat-1.6.1.aar (androidx.appcompat:appcompat:1.6.1) with AarTransform
Transforming fragment-1.5.1.aar (androidx.fragment:fragment:1.5.1) with ExtractAarTransform
Transforming fragment-1.5.1.aar (androidx.fragment:fragment:1.5.1) with AarTransform
Transforming fragment-1.5.1.aar (androidx.fragment:fragment:1.5.1) with ExtractAarTransform
Transforming fragment-1.5.1.aar (androidx.fragment:fragment:1.5.1) with AarTransform
Transforming accompanist-drawablepainter-0.32.0.aar (com.google.accompanist:accompanist-drawablepainter:0.32.0) with ExtractAarTransform
Transforming accompanist-drawablepainter-0.32.0.aar (com.google.accompanist:accompanist-drawablepainter:0.32.0) with AarTransform
Transforming navigationevent.aar (androidx.navigationevent:navigationevent-android:1.0.1) with ExtractAarTransform
Transforming navigationevent.aar (androidx.navigationevent:navigationevent-android:1.0.1) with AarTransform
Transforming navigationevent-compose.aar (androidx.navigationevent:navigationevent-compose-android:1.0.1) with ExtractAarTransform
Transforming navigationevent-compose.aar (androidx.navigationevent:navigationevent-compose-android:1.0.1) with AarTransform
Transforming material-icons-extended-release.aar (androidx.compose.material:material-icons-extended-android:1.7.0) with ExtractAarTransform
Transforming material-icons-extended-release.aar (androidx.compose.material:material-icons-extended-android:1.7.0) with AarTransform
Transforming material3-release.aar (androidx.compose.material3:material3-android:1.3.0) with ExtractAarTransform
Transforming material3-release.aar (androidx.compose.material3:material3-android:1.3.0) with AarTransform
Transforming material-ripple-release.aar (androidx.compose.material:material-ripple-android:1.7.0) with ExtractAarTransform
Transforming material-ripple-release.aar (androidx.compose.material:material-ripple-android:1.7.0) with AarTransform
Transforming ui-tooling-data.aar (androidx.compose.ui:ui-tooling-data-android:1.9.2) with ExtractAarTransform
Transforming ui-tooling-data.aar (androidx.compose.ui:ui-tooling-data-android:1.9.2) with AarTransform
Transforming ui-tooling-preview.aar (androidx.compose.ui:ui-tooling-preview-android:1.9.2) with ExtractAarTransform
Transforming ui-tooling-preview.aar (androidx.compose.ui:ui-tooling-preview-android:1.9.2) with AarTransform
Transforming foundation-release.aar (androidx.compose.foundation:foundation-android:1.9.2) with ExtractAarTransform
Transforming foundation-release.aar (androidx.compose.foundation:foundation-android:1.9.2) with AarTransform
Transforming foundation-layout.aar (androidx.compose.foundation:foundation-layout-android:1.9.2) with ExtractAarTransform
Transforming foundation-layout.aar (androidx.compose.foundation:foundation-layout-android:1.9.2) with AarTransform
Transforming animation-core.aar (androidx.compose.animation:animation-core-android:1.9.2) with ExtractAarTransform
Transforming animation-core.aar (androidx.compose.animation:animation-core-android:1.9.2) with AarTransform
Transforming animation.aar (androidx.compose.animation:animation-android:1.9.2) with ExtractAarTransform
Transforming animation.aar (androidx.compose.animation:animation-android:1.9.2) with AarTransform
Transforming ui-util.aar (androidx.compose.ui:ui-util-android:1.9.2) with ExtractAarTransform
Transforming ui-util.aar (androidx.compose.ui:ui-util-android:1.9.2) with AarTransform
Transforming ui-unit.aar (androidx.compose.ui:ui-unit-android:1.9.2) with ExtractAarTransform
Transforming ui-unit.aar (androidx.compose.ui:ui-unit-android:1.9.2) with AarTransform
Transforming ui-text.aar (androidx.compose.ui:ui-text-android:1.9.2) with ExtractAarTransform
Transforming ui-text.aar (androidx.compose.ui:ui-text-android:1.9.2) with AarTransform
Transforming ui-graphics-release.aar (androidx.compose.ui:ui-graphics-android:1.9.2) with ExtractAarTransform
Transforming ui-graphics-release.aar (androidx.compose.ui:ui-graphics-android:1.9.2) with AarTransform
Transforming ui-geometry.aar (androidx.compose.ui:ui-geometry-android:1.9.2) with ExtractAarTransform
Transforming ui-geometry.aar (androidx.compose.ui:ui-geometry-android:1.9.2) with AarTransform
Transforming ui-test-manifest-1.9.2.aar (androidx.compose.ui:ui-test-manifest:1.9.2) with ExtractAarTransform
Transforming ui-test-manifest-1.9.2.aar (androidx.compose.ui:ui-test-manifest:1.9.2) with AarTransform
Transforming ui-tooling.aar (androidx.compose.ui:ui-tooling-android:1.9.2) with ExtractAarTransform
Transforming ui-tooling.aar (androidx.compose.ui:ui-tooling-android:1.9.2) with AarTransform
Transforming material-icons-core-release.aar (androidx.compose.material:material-icons-core-android:1.7.0) with ExtractAarTransform
Transforming material-icons-core-release.aar (androidx.compose.material:material-icons-core-android:1.7.0) with AarTransform
Transforming material-release.aar (androidx.compose.material:material-android:1.7.0) with ExtractAarTransform
Transforming material-release.aar (androidx.compose.material:material-android:1.7.0) with AarTransform
Transforming loader-1.0.0.aar (androidx.loader:loader:1.0.0) with ExtractAarTransform
Transforming loader-1.0.0.aar (androidx.loader:loader:1.0.0) with AarTransform
Transforming hilt-navigation-compose-1.2.0.aar (androidx.hilt:hilt-navigation-compose:1.2.0) with ExtractAarTransform
Transforming hilt-navigation-compose-1.2.0.aar (androidx.hilt:hilt-navigation-compose:1.2.0) with AarTransform
Transforming viewpager-1.0.0.aar (androidx.viewpager:viewpager:1.0.0) with ExtractAarTransform
Transforming viewpager-1.0.0.aar (androidx.viewpager:viewpager:1.0.0) with AarTransform
Transforming drawerlayout-1.0.0.aar (androidx.drawerlayout:drawerlayout:1.0.0) with ExtractAarTransform
Transforming customview-1.0.0.aar (androidx.customview:customview:1.0.0) with ExtractAarTransform
Transforming customview-1.0.0.aar (androidx.customview:customview:1.0.0) with AarTransform
Transforming customview-1.0.0.aar (androidx.customview:customview:1.0.0) with ExtractAarTransform
Transforming vectordrawable-animated-1.1.0.aar (androidx.vectordrawable:vectordrawable-animated:1.1.0) with ExtractAarTransform
Transforming customview-1.0.0.aar (androidx.customview:customview:1.0.0) with AarTransform
Transforming vectordrawable-animated-1.1.0.aar (androidx.vectordrawable:vectordrawable-animated:1.1.0) with AarTransform
Transforming drawerlayout-1.0.0.aar (androidx.drawerlayout:drawerlayout:1.0.0) with AarTransform
Transforming vectordrawable-1.1.0.aar (androidx.vectordrawable:vectordrawable:1.1.0) with ExtractAarTransform
Transforming vectordrawable-1.1.0.aar (androidx.vectordrawable:vectordrawable:1.1.0) with AarTransform
Transforming vectordrawable-1.1.0.aar (androidx.vectordrawable:vectordrawable:1.1.0) with ExtractAarTransform
Transforming vectordrawable-1.1.0.aar (androidx.vectordrawable:vectordrawable:1.1.0) with AarTransform
Transforming autofill-1.0.0.aar (androidx.autofill:autofill:1.0.0) with ExtractAarTransform
Transforming autofill-1.0.0.aar (androidx.autofill:autofill:1.0.0) with AarTransform
Transforming graphics-path-1.0.1.aar (androidx.graphics:graphics-path:1.0.1) with ExtractAarTransform
Transforming graphics-path-1.0.1.aar (androidx.graphics:graphics-path:1.0.1) with AarTransform
Transforming emoji2-1.4.0.aar (androidx.emoji2:emoji2:1.4.0) with ExtractAarTransform
Transforming emoji2-1.4.0.aar (androidx.emoji2:emoji2:1.4.0) with AarTransform
Transforming core-1.17.0.aar (androidx.core:core:1.17.0) with ExtractAarTransform
Transforming core-1.17.0.aar (androidx.core:core:1.17.0) with AarTransform
Transforming lifecycle-process-2.10.0.aar (androidx.lifecycle:lifecycle-process:2.10.0) with ExtractAarTransform
Transforming lifecycle-process-2.10.0.aar (androidx.lifecycle:lifecycle-process:2.10.0) with AarTransform
Transforming lifecycle-viewmodel-ktx-2.10.0.aar (androidx.lifecycle:lifecycle-viewmodel-ktx:2.10.0) with ExtractAarTransform
Transforming lifecycle-viewmodel-ktx-2.10.0.aar (androidx.lifecycle:lifecycle-viewmodel-ktx:2.10.0) with AarTransform
Transforming lifecycle-viewmodel-savedstate.aar (androidx.lifecycle:lifecycle-viewmodel-savedstate-android:2.10.0) with ExtractAarTransform
Transforming lifecycle-viewmodel-savedstate.aar (androidx.lifecycle:lifecycle-viewmodel-savedstate-android:2.10.0) with AarTransform
Transforming lifecycle-viewmodel-2.10.0.aar (androidx.lifecycle:lifecycle-viewmodel:2.10.0) with ExtractAarTransform
Transforming lifecycle-viewmodel-2.10.0.aar (androidx.lifecycle:lifecycle-viewmodel:2.10.0) with AarTransform
Transforming lifecycle-viewmodel.aar (androidx.lifecycle:lifecycle-viewmodel-android:2.10.0) with ExtractAarTransform
Transforming lifecycle-viewmodel.aar (androidx.lifecycle:lifecycle-viewmodel-android:2.10.0) with AarTransform
Transforming savedstate-ktx-1.4.0.aar (androidx.savedstate:savedstate-ktx:1.4.0) with ExtractAarTransform
Transforming savedstate-ktx-1.4.0.aar (androidx.savedstate:savedstate-ktx:1.4.0) with AarTransform
Transforming savedstate.aar (androidx.savedstate:savedstate-android:1.4.0) with ExtractAarTransform
Transforming savedstate.aar (androidx.savedstate:savedstate-android:1.4.0) with AarTransform
Transforming savedstate-compose.aar (androidx.savedstate:savedstate-compose-android:1.4.0) with ExtractAarTransform
Transforming savedstate-compose.aar (androidx.savedstate:savedstate-compose-android:1.4.0) with AarTransform
Transforming runtime.aar (androidx.compose.runtime:runtime-android:1.9.2) with ExtractAarTransform
Transforming runtime.aar (androidx.compose.runtime:runtime-android:1.9.2) with AarTransform
Transforming runtime-annotation.aar (androidx.compose.runtime:runtime-annotation-android:1.9.2) with ExtractAarTransform
Transforming runtime-annotation.aar (androidx.compose.runtime:runtime-annotation-android:1.9.2) with AarTransform
Transforming runtime-saveable.aar (androidx.compose.runtime:runtime-saveable-android:1.9.2) with ExtractAarTransform
Transforming runtime-saveable.aar (androidx.compose.runtime:runtime-saveable-android:1.9.2) with AarTransform
Transforming lifecycle-runtime-compose.aar (androidx.lifecycle:lifecycle-runtime-compose-android:2.10.0) with ExtractAarTransform
Transforming lifecycle-runtime-compose.aar (androidx.lifecycle:lifecycle-runtime-compose-android:2.10.0) with AarTransform
Transforming lifecycle-livedata-core-ktx-2.10.0.aar (androidx.lifecycle:lifecycle-livedata-core-ktx:2.10.0) with ExtractAarTransform
Transforming lifecycle-livedata-core-ktx-2.10.0.aar (androidx.lifecycle:lifecycle-livedata-core-ktx:2.10.0) with AarTransform
Transforming lifecycle-runtime.aar (androidx.lifecycle:lifecycle-runtime-android:2.10.0) with ExtractAarTransform
Transforming lifecycle-runtime.aar (androidx.lifecycle:lifecycle-runtime-android:2.10.0) with AarTransform
Transforming lifecycle-livedata-core-2.10.0.aar (androidx.lifecycle:lifecycle-livedata-core:2.10.0) with ExtractAarTransform
Transforming lifecycle-livedata-core-2.10.0.aar (androidx.lifecycle:lifecycle-livedata-core:2.10.0) with AarTransform
Transforming lifecycle-livedata-2.10.0.aar (androidx.lifecycle:lifecycle-livedata:2.10.0) with ExtractAarTransform
Transforming lifecycle-livedata-2.10.0.aar (androidx.lifecycle:lifecycle-livedata:2.10.0) with AarTransform
Transforming lifecycle-livedata-2.10.0.aar (androidx.lifecycle:lifecycle-livedata:2.10.0) with ExtractAarTransform
Transforming lifecycle-livedata-2.10.0.aar (androidx.lifecycle:lifecycle-livedata:2.10.0) with AarTransform
Transforming lifecycle-runtime-ktx.aar (androidx.lifecycle:lifecycle-runtime-ktx-android:2.10.0) with ExtractAarTransform
Transforming lifecycle-runtime-ktx.aar (androidx.lifecycle:lifecycle-runtime-ktx-android:2.10.0) with AarTransform
Transforming lifecycle-viewmodel-compose.aar (androidx.lifecycle:lifecycle-viewmodel-compose-android:2.10.0) with ExtractAarTransform
Transforming lifecycle-viewmodel-compose.aar (androidx.lifecycle:lifecycle-viewmodel-compose-android:2.10.0) with AarTransform
Transforming ui-release.aar (androidx.compose.ui:ui-android:1.9.2) with ExtractAarTransform
Transforming ui-release.aar (androidx.compose.ui:ui-android:1.9.2) with AarTransform
Transforming activity-ktx-1.12.2.aar (androidx.activity:activity-ktx:1.12.2) with ExtractAarTransform
Transforming activity-ktx-1.12.2.aar (androidx.activity:activity-ktx:1.12.2) with AarTransform
Transforming activity-1.12.2.aar (androidx.activity:activity:1.12.2) with ExtractAarTransform
Transforming activity-1.12.2.aar (androidx.activity:activity:1.12.2) with AarTransform
Transforming activity-compose-1.12.2.aar (androidx.activity:activity-compose:1.12.2) with ExtractAarTransform
Transforming emoji2-views-helper-1.4.0.aar (androidx.emoji2:emoji2-views-helper:1.4.0) with ExtractAarTransform
Transforming emoji2-views-helper-1.4.0.aar (androidx.emoji2:emoji2-views-helper:1.4.0) with AarTransform
Transforming activity-compose-1.12.2.aar (androidx.activity:activity-compose:1.12.2) with AarTransform
Transforming customview-poolingcontainer-1.0.0.aar (androidx.customview:customview-poolingcontainer:1.0.0) with ExtractAarTransform
Transforming customview-poolingcontainer-1.0.0.aar (androidx.customview:customview-poolingcontainer:1.0.0) with AarTransform
Transforming core-ktx-1.17.0.aar (androidx.core:core-ktx:1.17.0) with ExtractAarTransform
Transforming core-ktx-1.17.0.aar (androidx.core:core-ktx:1.17.0) with AarTransform
Transforming sqlite-framework-2.4.0.aar (androidx.sqlite:sqlite-framework:2.4.0) with ExtractAarTransform
Transforming sqlite-2.4.0.aar (androidx.sqlite:sqlite:2.4.0) with ExtractAarTransform
Transforming sqlite-framework-2.4.0.aar (androidx.sqlite:sqlite-framework:2.4.0) with AarTransform
Transforming sqlite-2.4.0.aar (androidx.sqlite:sqlite:2.4.0) with AarTransform
Transforming annotation-experimental-1.4.1.aar (androidx.annotation:annotation-experimental:1.4.1) with ExtractAarTransform
Transforming annotation-experimental-1.4.1.aar (androidx.annotation:annotation-experimental:1.4.1) with AarTransform
Transforming core-runtime-2.2.0.aar (androidx.arch.core:core-runtime:2.2.0) with ExtractAarTransform
Transforming core-runtime-2.2.0.aar (androidx.arch.core:core-runtime:2.2.0) with AarTransform
Transforming transport-backend-cct-2.3.3.aar (com.google.android.datatransport:transport-backend-cct:2.3.3) with ExtractAarTransform
Transforming transport-backend-cct-2.3.3.aar (com.google.android.datatransport:transport-backend-cct:2.3.3) with AarTransform
Transforming transport-backend-cct-2.3.3.aar (com.google.android.datatransport:transport-backend-cct:2.3.3) with ExtractAarTransform
Transforming transport-backend-cct-2.3.3.aar (com.google.android.datatransport:transport-backend-cct:2.3.3) with AarTransform
Transforming core-viewtree-1.0.0.aar (androidx.core:core-viewtree:1.0.0) with ExtractAarTransform
Transforming core-viewtree-1.0.0.aar (androidx.core:core-viewtree:1.0.0) with AarTransform
Transforming transport-runtime-2.2.6.aar (com.google.android.datatransport:transport-runtime:2.2.6) with ExtractAarTransform
Transforming transport-runtime-2.2.6.aar (com.google.android.datatransport:transport-runtime:2.2.6) with AarTransform
Transforming transport-runtime-2.2.6.aar (com.google.android.datatransport:transport-runtime:2.2.6) with ExtractAarTransform
Transforming transport-api-2.2.1.aar (com.google.android.datatransport:transport-api:2.2.1) with ExtractAarTransform
Transforming transport-runtime-2.2.6.aar (com.google.android.datatransport:transport-runtime:2.2.6) with AarTransform
Transforming transport-api-2.2.1.aar (com.google.android.datatransport:transport-api:2.2.1) with AarTransform
Transforming transport-runtime-2.2.6.aar (com.google.android.datatransport:transport-runtime:2.2.6) with ExtractAarTransform
Transforming transport-runtime-2.2.6.aar (com.google.android.datatransport:transport-runtime:2.2.6) with AarTransform
Transforming firebase-components-16.1.0.aar (com.google.firebase:firebase-components:16.1.0) with ExtractAarTransform
Transforming firebase-components-16.1.0.aar (com.google.firebase:firebase-components:16.1.0) with AarTransform
Transforming firebase-encoders-json-17.1.0.aar (com.google.firebase:firebase-encoders-json:17.1.0) with ExtractAarTransform
Transforming firebase-encoders-json-17.1.0.aar (com.google.firebase:firebase-encoders-json:17.1.0) with AarTransform
Transforming interpolator-1.0.0.aar (androidx.interpolator:interpolator:1.0.0) with ExtractAarTransform
Transforming interpolator-1.0.0.aar (androidx.interpolator:interpolator:1.0.0) with AarTransform
Transforming interpolator-1.0.0.aar (androidx.interpolator:interpolator:1.0.0) with ExtractAarTransform
Transforming interpolator-1.0.0.aar (androidx.interpolator:interpolator:1.0.0) with AarTransform
Transforming firebase-components-16.1.0.aar (com.google.firebase:firebase-components:16.1.0) with ExtractAarTransform
Transforming firebase-components-16.1.0.aar (com.google.firebase:firebase-components:16.1.0) with AarTransform
Transforming firebase-components-16.1.0.aar (com.google.firebase:firebase-components:16.1.0) with ExtractAarTransform
Transforming profileinstaller-1.4.0.aar (androidx.profileinstaller:profileinstaller:1.4.0) with ExtractAarTransform
Transforming firebase-components-16.1.0.aar (com.google.firebase:firebase-components:16.1.0) with AarTransform
Transforming profileinstaller-1.4.0.aar (androidx.profileinstaller:profileinstaller:1.4.0) with AarTransform
Transforming startup-runtime-1.1.1.aar (androidx.startup:startup-runtime:1.1.1) with ExtractAarTransform
Transforming startup-runtime-1.1.1.aar (androidx.startup:startup-runtime:1.1.1) with AarTransform
Transforming tracing-1.2.0.aar (androidx.tracing:tracing:1.2.0) with ExtractAarTransform
Transforming tracing-1.2.0.aar (androidx.tracing:tracing:1.2.0) with AarTransform
Transforming versionedparcelable-1.1.1.aar (androidx.versionedparcelable:versionedparcelable:1.1.1) with ExtractAarTransform
Transforming versionedparcelable-1.1.1.aar (androidx.versionedparcelable:versionedparcelable:1.1.1) with AarTransform
Transforming exifinterface-1.3.6.aar (androidx.exifinterface:exifinterface:1.3.6) with ExtractAarTransform
Transforming exifinterface-1.3.6.aar (androidx.exifinterface:exifinterface:1.3.6) with AarTransform
Transforming exifinterface-1.3.6.aar (androidx.exifinterface:exifinterface:1.3.6) with ExtractAarTransform
Transforming exifinterface-1.3.6.aar (androidx.exifinterface:exifinterface:1.3.6) with AarTransform
Transforming dagger-lint-aar-2.51.1.aar (com.google.dagger:dagger-lint-aar:2.51.1) with ExtractAarTransform
Transforming dagger-lint-aar-2.51.1.aar (com.google.dagger:dagger-lint-aar:2.51.1) with AarTransform
Transforming image-1.0.0-beta1.aar (com.google.android.odml:image:1.0.0-beta1) with ExtractAarTransform
Transforming image-1.0.0-beta1.aar (com.google.android.odml:image:1.0.0-beta1) with AarTransform
Transforming image-1.0.0-beta1.aar (com.google.android.odml:image:1.0.0-beta1) with ExtractAarTransform
Transforming cursoradapter-1.0.0.aar (androidx.cursoradapter:cursoradapter:1.0.0) with ExtractAarTransform
Transforming image-1.0.0-beta1.aar (com.google.android.odml:image:1.0.0-beta1) with AarTransform
Transforming cursoradapter-1.0.0.aar (androidx.cursoradapter:cursoradapter:1.0.0) with AarTransform
Transforming core-1.17.0.aar (androidx.core:core:1.17.0) with ExtractAarTransform
Transforming core-1.17.0.aar (androidx.core:core:1.17.0) with AarTransform
Caching disabled for task ':app:checkDebugAarMetadata' because:
  Build cache is disabled
  Caching has been disabled for the task
Skipping task ':app:checkDebugAarMetadata' as it is up-to-date.
Resolve mutations for :app:generateDebugResValues (Thread[#205,Execution worker,5,main]) started.
:app:generateDebugResValues (Thread[#205,Execution worker,5,main]) started.

> Task :app:generateDebugResValues UP-TO-DATE
Caching disabled for task ':app:generateDebugResValues' because:
  Build cache is disabled
Skipping task ':app:generateDebugResValues' as it is up-to-date.
Resolve mutations for :app:mapDebugSourceSetPaths (Thread[#205,Execution worker,5,main]) started.
:app:mapDebugSourceSetPaths (Thread[#206,Execution worker Thread 2,5,main]) started.

> Task :app:mapDebugSourceSetPaths UP-TO-DATE
Transforming benchmark-traceprocessor.aar (androidx.benchmark:benchmark-traceprocessor-android:1.4.1) with ExtractAarTransform
Transforming benchmark-traceprocessor.aar (androidx.benchmark:benchmark-traceprocessor-android:1.4.1) with AarTransform
Transforming core-splashscreen-1.0.1.aar (androidx.core:core-splashscreen:1.0.1) with ExtractAarTransform
Transforming core-splashscreen-1.0.1.aar (androidx.core:core-splashscreen:1.0.1) with AarTransform
Transforming hilt-navigation-compose-1.2.0.aar (androidx.hilt:hilt-navigation-compose:1.2.0) with ExtractAarTransform
Transforming hilt-navigation-compose-1.2.0.aar (androidx.hilt:hilt-navigation-compose:1.2.0) with AarTransform
Transforming hilt-navigation-1.2.0.aar (androidx.hilt:hilt-navigation:1.2.0) with ExtractAarTransform
Transforming hilt-navigation-1.2.0.aar (androidx.hilt:hilt-navigation:1.2.0) with AarTransform
Transforming hilt-android-2.51.1.aar (com.google.dagger:hilt-android:2.51.1) with ExtractAarTransform
Transforming hilt-android-2.51.1.aar (com.google.dagger:hilt-android:2.51.1) with AarTransform
Transforming room-runtime-2.6.0.aar (androidx.room:room-runtime:2.6.0) with ExtractAarTransform
Transforming room-runtime-2.6.0.aar (androidx.room:room-runtime:2.6.0) with AarTransform
Transforming room-ktx-2.6.0.aar (androidx.room:room-ktx:2.6.0) with ExtractAarTransform
Transforming room-ktx-2.6.0.aar (androidx.room:room-ktx:2.6.0) with AarTransform
Transforming navigation-runtime-release.aar (androidx.navigation:navigation-runtime-android:2.9.7) with ExtractAarTransform
Transforming navigation-runtime-release.aar (androidx.navigation:navigation-runtime-android:2.9.7) with AarTransform
Transforming navigation-common-release.aar (androidx.navigation:navigation-common-android:2.9.7) with ExtractAarTransform
Transforming navigation-common-release.aar (androidx.navigation:navigation-common-android:2.9.7) with AarTransform
Transforming navigation-compose-release.aar (androidx.navigation:navigation-compose-android:2.9.7) with ExtractAarTransform
Transforming navigation-compose-release.aar (androidx.navigation:navigation-compose-android:2.9.7) with AarTransform
Transforming barcode-scanning-17.2.0.aar (com.google.mlkit:barcode-scanning:17.2.0) with ExtractAarTransform
Transforming barcode-scanning-17.2.0.aar (com.google.mlkit:barcode-scanning:17.2.0) with AarTransform
Transforming play-services-mlkit-barcode-scanning-18.3.0.aar (com.google.android.gms:play-services-mlkit-barcode-scanning:18.3.0) with ExtractAarTransform
Transforming play-services-mlkit-barcode-scanning-18.3.0.aar (com.google.android.gms:play-services-mlkit-barcode-scanning:18.3.0) with AarTransform
Transforming barcode-scanning-common-17.0.0.aar (com.google.mlkit:barcode-scanning-common:17.0.0) with ExtractAarTransform
Transforming barcode-scanning-common-17.0.0.aar (com.google.mlkit:barcode-scanning-common:17.0.0) with AarTransform
Transforming vision-common-17.3.0.aar (com.google.mlkit:vision-common:17.3.0) with ExtractAarTransform
Transforming vision-common-17.3.0.aar (com.google.mlkit:vision-common:17.3.0) with AarTransform
Transforming common-18.9.0.aar (com.google.mlkit:common:18.9.0) with ExtractAarTransform
Transforming common-18.9.0.aar (com.google.mlkit:common:18.9.0) with AarTransform
Transforming play-services-base-18.1.0.aar (com.google.android.gms:play-services-base:18.1.0) with ExtractAarTransform
Transforming play-services-base-18.1.0.aar (com.google.android.gms:play-services-base:18.1.0) with AarTransform
Transforming vision-interfaces-16.2.0.aar (com.google.mlkit:vision-interfaces:16.2.0) with ExtractAarTransform
Transforming vision-interfaces-16.2.0.aar (com.google.mlkit:vision-interfaces:16.2.0) with AarTransform
Transforming play-services-tasks-18.0.2.aar (com.google.android.gms:play-services-tasks:18.0.2) with ExtractAarTransform
Transforming play-services-tasks-18.0.2.aar (com.google.android.gms:play-services-tasks:18.0.2) with AarTransform
Transforming play-services-basement-18.1.0.aar (com.google.android.gms:play-services-basement:18.1.0) with ExtractAarTransform
Transforming play-services-basement-18.1.0.aar (com.google.android.gms:play-services-basement:18.1.0) with AarTransform
Transforming camera-video-1.3.0.aar (androidx.camera:camera-video:1.3.0) with ExtractAarTransform
Transforming camera-video-1.3.0.aar (androidx.camera:camera-video:1.3.0) with AarTransform
Transforming camera-core-1.3.0.aar (androidx.camera:camera-core:1.3.0) with ExtractAarTransform
Transforming camera-core-1.3.0.aar (androidx.camera:camera-core:1.3.0) with AarTransform
Transforming camera-lifecycle-1.3.0.aar (androidx.camera:camera-lifecycle:1.3.0) with ExtractAarTransform
Transforming camera-lifecycle-1.3.0.aar (androidx.camera:camera-lifecycle:1.3.0) with AarTransform
Transforming camera-camera2-1.3.0.aar (androidx.camera:camera-camera2:1.3.0) with ExtractAarTransform
Transforming camera-camera2-1.3.0.aar (androidx.camera:camera-camera2:1.3.0) with AarTransform
Transforming camera-view-1.3.0.aar (androidx.camera:camera-view:1.3.0) with ExtractAarTransform
Transforming camera-view-1.3.0.aar (androidx.camera:camera-view:1.3.0) with AarTransform
Transforming coil-compose-2.5.0.aar (io.coil-kt:coil-compose:2.5.0) with ExtractAarTransform
Transforming coil-compose-2.5.0.aar (io.coil-kt:coil-compose:2.5.0) with AarTransform
Transforming coil-compose-base-2.5.0.aar (io.coil-kt:coil-compose-base:2.5.0) with ExtractAarTransform
Transforming coil-compose-base-2.5.0.aar (io.coil-kt:coil-compose-base:2.5.0) with AarTransform
Transforming coil-2.5.0.aar (io.coil-kt:coil:2.5.0) with ExtractAarTransform
Transforming coil-2.5.0.aar (io.coil-kt:coil:2.5.0) with AarTransform
Transforming coil-base-2.5.0.aar (io.coil-kt:coil-base:2.5.0) with ExtractAarTransform
Transforming coil-base-2.5.0.aar (io.coil-kt:coil-base:2.5.0) with AarTransform
Transforming appcompat-resources-1.6.1.aar (androidx.appcompat:appcompat-resources:1.6.1) with ExtractAarTransform
Transforming appcompat-resources-1.6.1.aar (androidx.appcompat:appcompat-resources:1.6.1) with AarTransform
Transforming appcompat-1.6.1.aar (androidx.appcompat:appcompat:1.6.1) with ExtractAarTransform
Transforming appcompat-1.6.1.aar (androidx.appcompat:appcompat:1.6.1) with AarTransform
Transforming fragment-1.5.1.aar (androidx.fragment:fragment:1.5.1) with ExtractAarTransform
Transforming fragment-1.5.1.aar (androidx.fragment:fragment:1.5.1) with AarTransform
Transforming fragment-1.5.1.aar (androidx.fragment:fragment:1.5.1) with ExtractAarTransform
Transforming fragment-1.5.1.aar (androidx.fragment:fragment:1.5.1) with AarTransform
Transforming accompanist-drawablepainter-0.32.0.aar (com.google.accompanist:accompanist-drawablepainter:0.32.0) with ExtractAarTransform
Transforming accompanist-drawablepainter-0.32.0.aar (com.google.accompanist:accompanist-drawablepainter:0.32.0) with AarTransform
Transforming navigationevent.aar (androidx.navigationevent:navigationevent-android:1.0.1) with ExtractAarTransform
Transforming navigationevent.aar (androidx.navigationevent:navigationevent-android:1.0.1) with AarTransform
Transforming navigationevent-compose.aar (androidx.navigationevent:navigationevent-compose-android:1.0.1) with ExtractAarTransform
Transforming navigationevent-compose.aar (androidx.navigationevent:navigationevent-compose-android:1.0.1) with AarTransform
Transforming material-icons-extended-release.aar (androidx.compose.material:material-icons-extended-android:1.7.0) with ExtractAarTransform
Transforming material-icons-extended-release.aar (androidx.compose.material:material-icons-extended-android:1.7.0) with AarTransform
Transforming material3-release.aar (androidx.compose.material3:material3-android:1.3.0) with ExtractAarTransform
Transforming material3-release.aar (androidx.compose.material3:material3-android:1.3.0) with AarTransform
Transforming material-ripple-release.aar (androidx.compose.material:material-ripple-android:1.7.0) with ExtractAarTransform
Transforming material-ripple-release.aar (androidx.compose.material:material-ripple-android:1.7.0) with AarTransform
Transforming ui-tooling-data.aar (androidx.compose.ui:ui-tooling-data-android:1.9.2) with ExtractAarTransform
Transforming ui-tooling-data.aar (androidx.compose.ui:ui-tooling-data-android:1.9.2) with AarTransform
Transforming ui-tooling-preview.aar (androidx.compose.ui:ui-tooling-preview-android:1.9.2) with ExtractAarTransform
Transforming ui-tooling-preview.aar (androidx.compose.ui:ui-tooling-preview-android:1.9.2) with AarTransform
Transforming foundation-release.aar (androidx.compose.foundation:foundation-android:1.9.2) with ExtractAarTransform
Transforming foundation-release.aar (androidx.compose.foundation:foundation-android:1.9.2) with AarTransform
Transforming foundation-layout.aar (androidx.compose.foundation:foundation-layout-android:1.9.2) with ExtractAarTransform
Transforming foundation-layout.aar (androidx.compose.foundation:foundation-layout-android:1.9.2) with AarTransform
Transforming animation-core.aar (androidx.compose.animation:animation-core-android:1.9.2) with ExtractAarTransform
Transforming animation-core.aar (androidx.compose.animation:animation-core-android:1.9.2) with AarTransform
Transforming animation.aar (androidx.compose.animation:animation-android:1.9.2) with ExtractAarTransform
Transforming animation.aar (androidx.compose.animation:animation-android:1.9.2) with AarTransform
Transforming ui-util.aar (androidx.compose.ui:ui-util-android:1.9.2) with ExtractAarTransform
Transforming ui-util.aar (androidx.compose.ui:ui-util-android:1.9.2) with AarTransform
Transforming ui-unit.aar (androidx.compose.ui:ui-unit-android:1.9.2) with ExtractAarTransform
Transforming ui-unit.aar (androidx.compose.ui:ui-unit-android:1.9.2) with AarTransform
Transforming ui-text.aar (androidx.compose.ui:ui-text-android:1.9.2) with ExtractAarTransform
Transforming ui-text.aar (androidx.compose.ui:ui-text-android:1.9.2) with AarTransform
Transforming ui-graphics-release.aar (androidx.compose.ui:ui-graphics-android:1.9.2) with ExtractAarTransform
Transforming ui-graphics-release.aar (androidx.compose.ui:ui-graphics-android:1.9.2) with AarTransform
Transforming ui-geometry.aar (androidx.compose.ui:ui-geometry-android:1.9.2) with ExtractAarTransform
Transforming ui-geometry.aar (androidx.compose.ui:ui-geometry-android:1.9.2) with AarTransform
Transforming ui-test-manifest-1.9.2.aar (androidx.compose.ui:ui-test-manifest:1.9.2) with ExtractAarTransform
Transforming ui-test-manifest-1.9.2.aar (androidx.compose.ui:ui-test-manifest:1.9.2) with AarTransform
Transforming ui-tooling.aar (androidx.compose.ui:ui-tooling-android:1.9.2) with ExtractAarTransform
Transforming ui-tooling.aar (androidx.compose.ui:ui-tooling-android:1.9.2) with AarTransform
Transforming material-release.aar (androidx.compose.material:material-android:1.7.0) with ExtractAarTransform
Transforming material-release.aar (androidx.compose.material:material-android:1.7.0) with AarTransform
Transforming material-icons-core-release.aar (androidx.compose.material:material-icons-core-android:1.7.0) with ExtractAarTransform
Transforming material-icons-core-release.aar (androidx.compose.material:material-icons-core-android:1.7.0) with AarTransform
Transforming loader-1.0.0.aar (androidx.loader:loader:1.0.0) with ExtractAarTransform
Transforming loader-1.0.0.aar (androidx.loader:loader:1.0.0) with AarTransform
Transforming viewpager-1.0.0.aar (androidx.viewpager:viewpager:1.0.0) with ExtractAarTransform
Transforming viewpager-1.0.0.aar (androidx.viewpager:viewpager:1.0.0) with AarTransform
Transforming drawerlayout-1.0.0.aar (androidx.drawerlayout:drawerlayout:1.0.0) with ExtractAarTransform
Transforming drawerlayout-1.0.0.aar (androidx.drawerlayout:drawerlayout:1.0.0) with AarTransform
Transforming customview-1.0.0.aar (androidx.customview:customview:1.0.0) with ExtractAarTransform
Transforming customview-1.0.0.aar (androidx.customview:customview:1.0.0) with AarTransform
Transforming vectordrawable-animated-1.1.0.aar (androidx.vectordrawable:vectordrawable-animated:1.1.0) with ExtractAarTransform
Transforming vectordrawable-animated-1.1.0.aar (androidx.vectordrawable:vectordrawable-animated:1.1.0) with AarTransform
Transforming vectordrawable-1.1.0.aar (androidx.vectordrawable:vectordrawable:1.1.0) with ExtractAarTransform
Transforming vectordrawable-1.1.0.aar (androidx.vectordrawable:vectordrawable:1.1.0) with AarTransform
Transforming vectordrawable-1.1.0.aar (androidx.vectordrawable:vectordrawable:1.1.0) with ExtractAarTransform
Transforming vectordrawable-1.1.0.aar (androidx.vectordrawable:vectordrawable:1.1.0) with AarTransform
Transforming autofill-1.0.0.aar (androidx.autofill:autofill:1.0.0) with ExtractAarTransform
Transforming autofill-1.0.0.aar (androidx.autofill:autofill:1.0.0) with AarTransform
Transforming graphics-path-1.0.1.aar (androidx.graphics:graphics-path:1.0.1) with ExtractAarTransform
Transforming graphics-path-1.0.1.aar (androidx.graphics:graphics-path:1.0.1) with AarTransform
Transforming emoji2-views-helper-1.4.0.aar (androidx.emoji2:emoji2-views-helper:1.4.0) with ExtractAarTransform
Transforming emoji2-views-helper-1.4.0.aar (androidx.emoji2:emoji2-views-helper:1.4.0) with AarTransform
Transforming emoji2-1.4.0.aar (androidx.emoji2:emoji2:1.4.0) with ExtractAarTransform
Transforming emoji2-1.4.0.aar (androidx.emoji2:emoji2:1.4.0) with AarTransform
Transforming core-1.17.0.aar (androidx.core:core:1.17.0) with ExtractAarTransform
Transforming core-1.17.0.aar (androidx.core:core:1.17.0) with AarTransform
Transforming core-1.17.0.aar (androidx.core:core:1.17.0) with ExtractAarTransform
Transforming core-1.17.0.aar (androidx.core:core:1.17.0) with AarTransform
Transforming lifecycle-process-2.10.0.aar (androidx.lifecycle:lifecycle-process:2.10.0) with ExtractAarTransform
Transforming lifecycle-process-2.10.0.aar (androidx.lifecycle:lifecycle-process:2.10.0) with AarTransform
Transforming lifecycle-viewmodel-ktx-2.10.0.aar (androidx.lifecycle:lifecycle-viewmodel-ktx:2.10.0) with ExtractAarTransform
Transforming lifecycle-viewmodel-ktx-2.10.0.aar (androidx.lifecycle:lifecycle-viewmodel-ktx:2.10.0) with AarTransform
Transforming lifecycle-viewmodel-savedstate.aar (androidx.lifecycle:lifecycle-viewmodel-savedstate-android:2.10.0) with ExtractAarTransform
Transforming lifecycle-viewmodel-savedstate.aar (androidx.lifecycle:lifecycle-viewmodel-savedstate-android:2.10.0) with AarTransform
Transforming lifecycle-viewmodel-2.10.0.aar (androidx.lifecycle:lifecycle-viewmodel:2.10.0) with ExtractAarTransform
Transforming lifecycle-viewmodel-2.10.0.aar (androidx.lifecycle:lifecycle-viewmodel:2.10.0) with AarTransform
Transforming lifecycle-viewmodel.aar (androidx.lifecycle:lifecycle-viewmodel-android:2.10.0) with ExtractAarTransform
Transforming lifecycle-viewmodel.aar (androidx.lifecycle:lifecycle-viewmodel-android:2.10.0) with AarTransform
Transforming savedstate-ktx-1.4.0.aar (androidx.savedstate:savedstate-ktx:1.4.0) with ExtractAarTransform
Transforming savedstate-ktx-1.4.0.aar (androidx.savedstate:savedstate-ktx:1.4.0) with AarTransform
Transforming savedstate.aar (androidx.savedstate:savedstate-android:1.4.0) with ExtractAarTransform
Transforming savedstate.aar (androidx.savedstate:savedstate-android:1.4.0) with AarTransform
Transforming savedstate-compose.aar (androidx.savedstate:savedstate-compose-android:1.4.0) with ExtractAarTransform
Transforming savedstate-compose.aar (androidx.savedstate:savedstate-compose-android:1.4.0) with AarTransform
Transforming runtime.aar (androidx.compose.runtime:runtime-android:1.9.2) with ExtractAarTransform
Transforming runtime.aar (androidx.compose.runtime:runtime-android:1.9.2) with AarTransform
Transforming runtime-annotation.aar (androidx.compose.runtime:runtime-annotation-android:1.9.2) with ExtractAarTransform
Transforming runtime-annotation.aar (androidx.compose.runtime:runtime-annotation-android:1.9.2) with AarTransform
Transforming runtime-saveable.aar (androidx.compose.runtime:runtime-saveable-android:1.9.2) with ExtractAarTransform
Transforming runtime-saveable.aar (androidx.compose.runtime:runtime-saveable-android:1.9.2) with AarTransform
Transforming lifecycle-runtime-compose.aar (androidx.lifecycle:lifecycle-runtime-compose-android:2.10.0) with ExtractAarTransform
Transforming lifecycle-runtime-compose.aar (androidx.lifecycle:lifecycle-runtime-compose-android:2.10.0) with AarTransform
Transforming lifecycle-livedata-core-ktx-2.10.0.aar (androidx.lifecycle:lifecycle-livedata-core-ktx:2.10.0) with ExtractAarTransform
Transforming lifecycle-livedata-core-ktx-2.10.0.aar (androidx.lifecycle:lifecycle-livedata-core-ktx:2.10.0) with AarTransform
Transforming lifecycle-runtime.aar (androidx.lifecycle:lifecycle-runtime-android:2.10.0) with ExtractAarTransform
Transforming lifecycle-runtime.aar (androidx.lifecycle:lifecycle-runtime-android:2.10.0) with AarTransform
Transforming lifecycle-livedata-core-2.10.0.aar (androidx.lifecycle:lifecycle-livedata-core:2.10.0) with ExtractAarTransform
Transforming lifecycle-livedata-core-2.10.0.aar (androidx.lifecycle:lifecycle-livedata-core:2.10.0) with AarTransform
Transforming lifecycle-livedata-2.10.0.aar (androidx.lifecycle:lifecycle-livedata:2.10.0) with ExtractAarTransform
Transforming lifecycle-livedata-2.10.0.aar (androidx.lifecycle:lifecycle-livedata:2.10.0) with AarTransform
Transforming lifecycle-livedata-2.10.0.aar (androidx.lifecycle:lifecycle-livedata:2.10.0) with ExtractAarTransform
Transforming lifecycle-livedata-2.10.0.aar (androidx.lifecycle:lifecycle-livedata:2.10.0) with AarTransform
Transforming lifecycle-runtime-ktx.aar (androidx.lifecycle:lifecycle-runtime-ktx-android:2.10.0) with ExtractAarTransform
Transforming lifecycle-runtime-ktx.aar (androidx.lifecycle:lifecycle-runtime-ktx-android:2.10.0) with AarTransform
Transforming lifecycle-viewmodel-compose.aar (androidx.lifecycle:lifecycle-viewmodel-compose-android:2.10.0) with ExtractAarTransform
Transforming lifecycle-viewmodel-compose.aar (androidx.lifecycle:lifecycle-viewmodel-compose-android:2.10.0) with AarTransform
Transforming ui-release.aar (androidx.compose.ui:ui-android:1.9.2) with ExtractAarTransform
Transforming ui-release.aar (androidx.compose.ui:ui-android:1.9.2) with AarTransform
Transforming activity-ktx-1.12.2.aar (androidx.activity:activity-ktx:1.12.2) with ExtractAarTransform
Transforming activity-ktx-1.12.2.aar (androidx.activity:activity-ktx:1.12.2) with AarTransform
Transforming activity-1.12.2.aar (androidx.activity:activity:1.12.2) with ExtractAarTransform
Transforming activity-1.12.2.aar (androidx.activity:activity:1.12.2) with AarTransform
Transforming activity-compose-1.12.2.aar (androidx.activity:activity-compose:1.12.2) with ExtractAarTransform
Transforming activity-compose-1.12.2.aar (androidx.activity:activity-compose:1.12.2) with AarTransform
Transforming customview-poolingcontainer-1.0.0.aar (androidx.customview:customview-poolingcontainer:1.0.0) with ExtractAarTransform
Transforming customview-poolingcontainer-1.0.0.aar (androidx.customview:customview-poolingcontainer:1.0.0) with AarTransform
Transforming core-ktx-1.17.0.aar (androidx.core:core-ktx:1.17.0) with ExtractAarTransform
Transforming core-ktx-1.17.0.aar (androidx.core:core-ktx:1.17.0) with AarTransform
Transforming sqlite-framework-2.4.0.aar (androidx.sqlite:sqlite-framework:2.4.0) with ExtractAarTransform
Transforming sqlite-framework-2.4.0.aar (androidx.sqlite:sqlite-framework:2.4.0) with AarTransform
Transforming sqlite-2.4.0.aar (androidx.sqlite:sqlite:2.4.0) with ExtractAarTransform
Transforming sqlite-2.4.0.aar (androidx.sqlite:sqlite:2.4.0) with AarTransform
Transforming annotation-experimental-1.4.1.aar (androidx.annotation:annotation-experimental:1.4.1) with ExtractAarTransform
Transforming annotation-experimental-1.4.1.aar (androidx.annotation:annotation-experimental:1.4.1) with AarTransform
Transforming core-viewtree-1.0.0.aar (androidx.core:core-viewtree:1.0.0) with ExtractAarTransform
Transforming core-viewtree-1.0.0.aar (androidx.core:core-viewtree:1.0.0) with AarTransform
Transforming core-runtime-2.2.0.aar (androidx.arch.core:core-runtime:2.2.0) with ExtractAarTransform
Transforming core-runtime-2.2.0.aar (androidx.arch.core:core-runtime:2.2.0) with AarTransform
Transforming transport-backend-cct-2.3.3.aar (com.google.android.datatransport:transport-backend-cct:2.3.3) with ExtractAarTransform
Transforming transport-backend-cct-2.3.3.aar (com.google.android.datatransport:transport-backend-cct:2.3.3) with AarTransform
Transforming transport-runtime-2.2.6.aar (com.google.android.datatransport:transport-runtime:2.2.6) with ExtractAarTransform
Transforming transport-runtime-2.2.6.aar (com.google.android.datatransport:transport-runtime:2.2.6) with AarTransform
Transforming transport-api-2.2.1.aar (com.google.android.datatransport:transport-api:2.2.1) with ExtractAarTransform
Transforming transport-api-2.2.1.aar (com.google.android.datatransport:transport-api:2.2.1) with AarTransform
Transforming firebase-components-16.1.0.aar (com.google.firebase:firebase-components:16.1.0) with ExtractAarTransform
Transforming firebase-components-16.1.0.aar (com.google.firebase:firebase-components:16.1.0) with AarTransform
Transforming firebase-encoders-json-17.1.0.aar (com.google.firebase:firebase-encoders-json:17.1.0) with ExtractAarTransform
Transforming firebase-encoders-json-17.1.0.aar (com.google.firebase:firebase-encoders-json:17.1.0) with AarTransform
Transforming interpolator-1.0.0.aar (androidx.interpolator:interpolator:1.0.0) with ExtractAarTransform
Transforming interpolator-1.0.0.aar (androidx.interpolator:interpolator:1.0.0) with AarTransform
Transforming interpolator-1.0.0.aar (androidx.interpolator:interpolator:1.0.0) with ExtractAarTransform
Transforming interpolator-1.0.0.aar (androidx.interpolator:interpolator:1.0.0) with AarTransform
Transforming profileinstaller-1.4.0.aar (androidx.profileinstaller:profileinstaller:1.4.0) with ExtractAarTransform
Transforming profileinstaller-1.4.0.aar (androidx.profileinstaller:profileinstaller:1.4.0) with AarTransform
Transforming startup-runtime-1.1.1.aar (androidx.startup:startup-runtime:1.1.1) with ExtractAarTransform
Transforming startup-runtime-1.1.1.aar (androidx.startup:startup-runtime:1.1.1) with AarTransform
Transforming tracing-1.2.0.aar (androidx.tracing:tracing:1.2.0) with ExtractAarTransform
Transforming tracing-1.2.0.aar (androidx.tracing:tracing:1.2.0) with AarTransform
Transforming versionedparcelable-1.1.1.aar (androidx.versionedparcelable:versionedparcelable:1.1.1) with ExtractAarTransform
Transforming versionedparcelable-1.1.1.aar (androidx.versionedparcelable:versionedparcelable:1.1.1) with AarTransform
Transforming exifinterface-1.3.6.aar (androidx.exifinterface:exifinterface:1.3.6) with ExtractAarTransform
Transforming exifinterface-1.3.6.aar (androidx.exifinterface:exifinterface:1.3.6) with AarTransform
Transforming exifinterface-1.3.6.aar (androidx.exifinterface:exifinterface:1.3.6) with ExtractAarTransform
Transforming exifinterface-1.3.6.aar (androidx.exifinterface:exifinterface:1.3.6) with AarTransform
Transforming cursoradapter-1.0.0.aar (androidx.cursoradapter:cursoradapter:1.0.0) with ExtractAarTransform
Transforming cursoradapter-1.0.0.aar (androidx.cursoradapter:cursoradapter:1.0.0) with AarTransform
Transforming dagger-lint-aar-2.51.1.aar (com.google.dagger:dagger-lint-aar:2.51.1) with ExtractAarTransform
Transforming dagger-lint-aar-2.51.1.aar (com.google.dagger:dagger-lint-aar:2.51.1) with AarTransform
Transforming image-1.0.0-beta1.aar (com.google.android.odml:image:1.0.0-beta1) with ExtractAarTransform
Transforming image-1.0.0-beta1.aar (com.google.android.odml:image:1.0.0-beta1) with AarTransform
Caching disabled for task ':app:mapDebugSourceSetPaths' because:
  Build cache is disabled
  Caching has been disabled for the task
Skipping task ':app:mapDebugSourceSetPaths' as it is up-to-date.
Resolve mutations for :app:generateDebugResources (Thread[#206,Execution worker Thread 2,5,main]) started.
:app:generateDebugResources (Thread[#206,Execution worker Thread 2,5,main]) started.

> Task :app:generateDebugResources UP-TO-DATE
Caching disabled for task ':app:generateDebugResources' because:
  Build cache is disabled
Skipping task ':app:generateDebugResources' as it is up-to-date.
Resolve mutations for :app:mergeDebugResources (Thread[#206,Execution worker Thread 2,5,main]) started.
:app:mergeDebugResources (Thread[#206,Execution worker Thread 2,5,main]) started.

> Task :app:mergeDebugResources UP-TO-DATE
Caching disabled for task ':app:mergeDebugResources' because:
  Build cache is disabled
Skipping task ':app:mergeDebugResources' as it is up-to-date.
Resolve mutations for :app:packageDebugResources (Thread[#206,Execution worker Thread 2,5,main]) started.
:app:packageDebugResources (Thread[#206,Execution worker Thread 2,5,main]) started.

> Task :app:packageDebugResources UP-TO-DATE
Caching disabled for task ':app:packageDebugResources' because:
  Build cache is disabled
Skipping task ':app:packageDebugResources' as it is up-to-date.
Resolve mutations for :app:parseDebugLocalResources (Thread[#204,included builds,5,main]) started.
:app:parseDebugLocalResources (Thread[#204,included builds,5,main]) started.

> Task :app:parseDebugLocalResources UP-TO-DATE
Transforming android.jar with PlatformAttrTransform
Transforming android.jar with PlatformAttrTransform
Transforming android.jar with PlatformAttrTransform
Transforming android.jar with PlatformAttrTransform
Transforming android.jar with PlatformAttrTransform
Transforming android.jar with PlatformAttrTransform
Caching disabled for task ':app:parseDebugLocalResources' because:
  Build cache is disabled
Skipping task ':app:parseDebugLocalResources' as it is up-to-date.
Resolve mutations for :app:createDebugCompatibleScreenManifests (Thread[#204,included builds,5,main]) started.
:app:createDebugCompatibleScreenManifests (Thread[#204,included builds,5,main]) started.

> Task :app:createDebugCompatibleScreenManifests UP-TO-DATE
Caching disabled for task ':app:createDebugCompatibleScreenManifests' because:
  Build cache is disabled
  Caching has been disabled for the task
Skipping task ':app:createDebugCompatibleScreenManifests' as it is up-to-date.
Resolve mutations for :app:extractDeepLinksDebug (Thread[#204,included builds,5,main]) started.
:app:extractDeepLinksDebug (Thread[#204,included builds,5,main]) started.

> Task :app:extractDeepLinksDebug UP-TO-DATE
Caching disabled for task ':app:extractDeepLinksDebug' because:
  Build cache is disabled
Skipping task ':app:extractDeepLinksDebug' as it is up-to-date.
Resolve mutations for :app:processDebugMainManifest (Thread[#204,included builds,5,main]) started.
:app:processDebugMainManifest (Thread[#204,included builds,5,main]) started.

> Task :app:processDebugMainManifest UP-TO-DATE
Transforming benchmark-traceprocessor.aar (androidx.benchmark:benchmark-traceprocessor-android:1.4.1) with ExtractAarTransform
Transforming benchmark-traceprocessor.aar (androidx.benchmark:benchmark-traceprocessor-android:1.4.1) with AarTransform
Transforming core-splashscreen-1.0.1.aar (androidx.core:core-splashscreen:1.0.1) with ExtractAarTransform
Transforming core-splashscreen-1.0.1.aar (androidx.core:core-splashscreen:1.0.1) with AarTransform
Transforming hilt-navigation-compose-1.2.0.aar (androidx.hilt:hilt-navigation-compose:1.2.0) with ExtractAarTransform
Transforming hilt-navigation-compose-1.2.0.aar (androidx.hilt:hilt-navigation-compose:1.2.0) with AarTransform
Transforming hilt-navigation-1.2.0.aar (androidx.hilt:hilt-navigation:1.2.0) with ExtractAarTransform
Transforming hilt-navigation-1.2.0.aar (androidx.hilt:hilt-navigation:1.2.0) with AarTransform
Transforming hilt-android-2.51.1.aar (com.google.dagger:hilt-android:2.51.1) with ExtractAarTransform
Transforming hilt-android-2.51.1.aar (com.google.dagger:hilt-android:2.51.1) with AarTransform
Transforming room-runtime-2.6.0.aar (androidx.room:room-runtime:2.6.0) with ExtractAarTransform
Transforming room-runtime-2.6.0.aar (androidx.room:room-runtime:2.6.0) with AarTransform
Transforming room-ktx-2.6.0.aar (androidx.room:room-ktx:2.6.0) with ExtractAarTransform
Transforming room-ktx-2.6.0.aar (androidx.room:room-ktx:2.6.0) with AarTransform
Transforming navigation-runtime-release.aar (androidx.navigation:navigation-runtime-android:2.9.7) with ExtractAarTransform
Transforming navigation-runtime-release.aar (androidx.navigation:navigation-runtime-android:2.9.7) with AarTransform
Transforming navigation-common-release.aar (androidx.navigation:navigation-common-android:2.9.7) with ExtractAarTransform
Transforming navigation-common-release.aar (androidx.navigation:navigation-common-android:2.9.7) with AarTransform
Transforming navigation-compose-release.aar (androidx.navigation:navigation-compose-android:2.9.7) with ExtractAarTransform
Transforming navigation-compose-release.aar (androidx.navigation:navigation-compose-android:2.9.7) with AarTransform
Transforming barcode-scanning-17.2.0.aar (com.google.mlkit:barcode-scanning:17.2.0) with ExtractAarTransform
Transforming barcode-scanning-17.2.0.aar (com.google.mlkit:barcode-scanning:17.2.0) with AarTransform
Transforming play-services-mlkit-barcode-scanning-18.3.0.aar (com.google.android.gms:play-services-mlkit-barcode-scanning:18.3.0) with ExtractAarTransform
Transforming play-services-mlkit-barcode-scanning-18.3.0.aar (com.google.android.gms:play-services-mlkit-barcode-scanning:18.3.0) with AarTransform
Transforming barcode-scanning-common-17.0.0.aar (com.google.mlkit:barcode-scanning-common:17.0.0) with ExtractAarTransform
Transforming barcode-scanning-common-17.0.0.aar (com.google.mlkit:barcode-scanning-common:17.0.0) with AarTransform
Transforming vision-common-17.3.0.aar (com.google.mlkit:vision-common:17.3.0) with ExtractAarTransform
Transforming vision-common-17.3.0.aar (com.google.mlkit:vision-common:17.3.0) with AarTransform
Transforming common-18.9.0.aar (com.google.mlkit:common:18.9.0) with ExtractAarTransform
Transforming common-18.9.0.aar (com.google.mlkit:common:18.9.0) with AarTransform
Transforming play-services-base-18.1.0.aar (com.google.android.gms:play-services-base:18.1.0) with ExtractAarTransform
Transforming play-services-base-18.1.0.aar (com.google.android.gms:play-services-base:18.1.0) with AarTransform
Transforming vision-interfaces-16.2.0.aar (com.google.mlkit:vision-interfaces:16.2.0) with ExtractAarTransform
Transforming vision-interfaces-16.2.0.aar (com.google.mlkit:vision-interfaces:16.2.0) with AarTransform
Transforming play-services-tasks-18.0.2.aar (com.google.android.gms:play-services-tasks:18.0.2) with ExtractAarTransform
Transforming play-services-tasks-18.0.2.aar (com.google.android.gms:play-services-tasks:18.0.2) with AarTransform
Transforming play-services-basement-18.1.0.aar (com.google.android.gms:play-services-basement:18.1.0) with ExtractAarTransform
Transforming play-services-basement-18.1.0.aar (com.google.android.gms:play-services-basement:18.1.0) with AarTransform
Transforming camera-video-1.3.0.aar (androidx.camera:camera-video:1.3.0) with ExtractAarTransform
Transforming camera-video-1.3.0.aar (androidx.camera:camera-video:1.3.0) with AarTransform
Transforming camera-core-1.3.0.aar (androidx.camera:camera-core:1.3.0) with ExtractAarTransform
Transforming camera-core-1.3.0.aar (androidx.camera:camera-core:1.3.0) with AarTransform
Transforming camera-lifecycle-1.3.0.aar (androidx.camera:camera-lifecycle:1.3.0) with ExtractAarTransform
Transforming camera-lifecycle-1.3.0.aar (androidx.camera:camera-lifecycle:1.3.0) with AarTransform
Transforming camera-camera2-1.3.0.aar (androidx.camera:camera-camera2:1.3.0) with ExtractAarTransform
Transforming camera-camera2-1.3.0.aar (androidx.camera:camera-camera2:1.3.0) with AarTransform
Transforming camera-view-1.3.0.aar (androidx.camera:camera-view:1.3.0) with ExtractAarTransform
Transforming camera-view-1.3.0.aar (androidx.camera:camera-view:1.3.0) with AarTransform
Transforming coil-compose-2.5.0.aar (io.coil-kt:coil-compose:2.5.0) with ExtractAarTransform
Transforming coil-compose-2.5.0.aar (io.coil-kt:coil-compose:2.5.0) with AarTransform
Transforming coil-compose-base-2.5.0.aar (io.coil-kt:coil-compose-base:2.5.0) with ExtractAarTransform
Transforming coil-compose-base-2.5.0.aar (io.coil-kt:coil-compose-base:2.5.0) with AarTransform
Transforming coil-2.5.0.aar (io.coil-kt:coil:2.5.0) with ExtractAarTransform
Transforming coil-2.5.0.aar (io.coil-kt:coil:2.5.0) with AarTransform
Transforming coil-base-2.5.0.aar (io.coil-kt:coil-base:2.5.0) with ExtractAarTransform
Transforming coil-base-2.5.0.aar (io.coil-kt:coil-base:2.5.0) with AarTransform
Transforming appcompat-resources-1.6.1.aar (androidx.appcompat:appcompat-resources:1.6.1) with ExtractAarTransform
Transforming appcompat-resources-1.6.1.aar (androidx.appcompat:appcompat-resources:1.6.1) with AarTransform
Transforming appcompat-1.6.1.aar (androidx.appcompat:appcompat:1.6.1) with ExtractAarTransform
Transforming appcompat-1.6.1.aar (androidx.appcompat:appcompat:1.6.1) with AarTransform
Transforming fragment-1.5.1.aar (androidx.fragment:fragment:1.5.1) with ExtractAarTransform
Transforming fragment-1.5.1.aar (androidx.fragment:fragment:1.5.1) with AarTransform
Transforming fragment-1.5.1.aar (androidx.fragment:fragment:1.5.1) with ExtractAarTransform
Transforming fragment-1.5.1.aar (androidx.fragment:fragment:1.5.1) with AarTransform
Transforming accompanist-drawablepainter-0.32.0.aar (com.google.accompanist:accompanist-drawablepainter:0.32.0) with ExtractAarTransform
Transforming accompanist-drawablepainter-0.32.0.aar (com.google.accompanist:accompanist-drawablepainter:0.32.0) with AarTransform
Transforming navigationevent.aar (androidx.navigationevent:navigationevent-android:1.0.1) with ExtractAarTransform
Transforming navigationevent.aar (androidx.navigationevent:navigationevent-android:1.0.1) with AarTransform
Transforming navigationevent-compose.aar (androidx.navigationevent:navigationevent-compose-android:1.0.1) with ExtractAarTransform
Transforming navigationevent-compose.aar (androidx.navigationevent:navigationevent-compose-android:1.0.1) with AarTransform
Transforming material-icons-extended-release.aar (androidx.compose.material:material-icons-extended-android:1.7.0) with ExtractAarTransform
Transforming material-icons-extended-release.aar (androidx.compose.material:material-icons-extended-android:1.7.0) with AarTransform
Transforming material3-release.aar (androidx.compose.material3:material3-android:1.3.0) with ExtractAarTransform
Transforming material3-release.aar (androidx.compose.material3:material3-android:1.3.0) with AarTransform
Transforming material-ripple-release.aar (androidx.compose.material:material-ripple-android:1.7.0) with ExtractAarTransform
Transforming material-ripple-release.aar (androidx.compose.material:material-ripple-android:1.7.0) with AarTransform
Transforming ui-tooling-data.aar (androidx.compose.ui:ui-tooling-data-android:1.9.2) with ExtractAarTransform
Transforming ui-tooling-data.aar (androidx.compose.ui:ui-tooling-data-android:1.9.2) with AarTransform
Transforming ui-tooling-preview.aar (androidx.compose.ui:ui-tooling-preview-android:1.9.2) with ExtractAarTransform
Transforming ui-tooling-preview.aar (androidx.compose.ui:ui-tooling-preview-android:1.9.2) with AarTransform
Transforming foundation-release.aar (androidx.compose.foundation:foundation-android:1.9.2) with ExtractAarTransform
Transforming foundation-release.aar (androidx.compose.foundation:foundation-android:1.9.2) with AarTransform
Transforming foundation-layout.aar (androidx.compose.foundation:foundation-layout-android:1.9.2) with ExtractAarTransform
Transforming foundation-layout.aar (androidx.compose.foundation:foundation-layout-android:1.9.2) with AarTransform
Transforming animation-core.aar (androidx.compose.animation:animation-core-android:1.9.2) with ExtractAarTransform
Transforming animation-core.aar (androidx.compose.animation:animation-core-android:1.9.2) with AarTransform
Transforming animation.aar (androidx.compose.animation:animation-android:1.9.2) with ExtractAarTransform
Transforming animation.aar (androidx.compose.animation:animation-android:1.9.2) with AarTransform
Transforming ui-util.aar (androidx.compose.ui:ui-util-android:1.9.2) with ExtractAarTransform
Transforming ui-util.aar (androidx.compose.ui:ui-util-android:1.9.2) with AarTransform
Transforming ui-unit.aar (androidx.compose.ui:ui-unit-android:1.9.2) with ExtractAarTransform
Transforming ui-unit.aar (androidx.compose.ui:ui-unit-android:1.9.2) with AarTransform
Transforming ui-text.aar (androidx.compose.ui:ui-text-android:1.9.2) with ExtractAarTransform
Transforming ui-text.aar (androidx.compose.ui:ui-text-android:1.9.2) with AarTransform
Transforming ui-graphics-release.aar (androidx.compose.ui:ui-graphics-android:1.9.2) with ExtractAarTransform
Transforming ui-graphics-release.aar (androidx.compose.ui:ui-graphics-android:1.9.2) with AarTransform
Transforming ui-geometry.aar (androidx.compose.ui:ui-geometry-android:1.9.2) with ExtractAarTransform
Transforming ui-geometry.aar (androidx.compose.ui:ui-geometry-android:1.9.2) with AarTransform
Transforming ui-test-manifest-1.9.2.aar (androidx.compose.ui:ui-test-manifest:1.9.2) with ExtractAarTransform
Transforming ui-test-manifest-1.9.2.aar (androidx.compose.ui:ui-test-manifest:1.9.2) with AarTransform
Transforming ui-tooling.aar (androidx.compose.ui:ui-tooling-android:1.9.2) with ExtractAarTransform
Transforming ui-tooling.aar (androidx.compose.ui:ui-tooling-android:1.9.2) with AarTransform
Transforming material-release.aar (androidx.compose.material:material-android:1.7.0) with ExtractAarTransform
Transforming material-release.aar (androidx.compose.material:material-android:1.7.0) with AarTransform
Transforming material-icons-core-release.aar (androidx.compose.material:material-icons-core-android:1.7.0) with ExtractAarTransform
Transforming material-icons-core-release.aar (androidx.compose.material:material-icons-core-android:1.7.0) with AarTransform
Transforming loader-1.0.0.aar (androidx.loader:loader:1.0.0) with ExtractAarTransform
Transforming loader-1.0.0.aar (androidx.loader:loader:1.0.0) with AarTransform
Transforming viewpager-1.0.0.aar (androidx.viewpager:viewpager:1.0.0) with ExtractAarTransform
Transforming viewpager-1.0.0.aar (androidx.viewpager:viewpager:1.0.0) with AarTransform
Transforming drawerlayout-1.0.0.aar (androidx.drawerlayout:drawerlayout:1.0.0) with ExtractAarTransform
Transforming drawerlayout-1.0.0.aar (androidx.drawerlayout:drawerlayout:1.0.0) with AarTransform
Transforming customview-1.0.0.aar (androidx.customview:customview:1.0.0) with ExtractAarTransform
Transforming customview-1.0.0.aar (androidx.customview:customview:1.0.0) with AarTransform
Transforming vectordrawable-animated-1.1.0.aar (androidx.vectordrawable:vectordrawable-animated:1.1.0) with ExtractAarTransform
Transforming vectordrawable-animated-1.1.0.aar (androidx.vectordrawable:vectordrawable-animated:1.1.0) with AarTransform
Transforming vectordrawable-1.1.0.aar (androidx.vectordrawable:vectordrawable:1.1.0) with ExtractAarTransform
Transforming vectordrawable-1.1.0.aar (androidx.vectordrawable:vectordrawable:1.1.0) with AarTransform
Transforming vectordrawable-1.1.0.aar (androidx.vectordrawable:vectordrawable:1.1.0) with ExtractAarTransform
Transforming vectordrawable-1.1.0.aar (androidx.vectordrawable:vectordrawable:1.1.0) with AarTransform
Transforming autofill-1.0.0.aar (androidx.autofill:autofill:1.0.0) with ExtractAarTransform
Transforming autofill-1.0.0.aar (androidx.autofill:autofill:1.0.0) with AarTransform
Transforming graphics-path-1.0.1.aar (androidx.graphics:graphics-path:1.0.1) with ExtractAarTransform
Transforming graphics-path-1.0.1.aar (androidx.graphics:graphics-path:1.0.1) with AarTransform
Transforming emoji2-views-helper-1.4.0.aar (androidx.emoji2:emoji2-views-helper:1.4.0) with ExtractAarTransform
Transforming emoji2-views-helper-1.4.0.aar (androidx.emoji2:emoji2-views-helper:1.4.0) with AarTransform
Transforming emoji2-1.4.0.aar (androidx.emoji2:emoji2:1.4.0) with ExtractAarTransform
Transforming emoji2-1.4.0.aar (androidx.emoji2:emoji2:1.4.0) with AarTransform
Transforming core-1.17.0.aar (androidx.core:core:1.17.0) with ExtractAarTransform
Transforming core-1.17.0.aar (androidx.core:core:1.17.0) with AarTransform
Transforming core-1.17.0.aar (androidx.core:core:1.17.0) with ExtractAarTransform
Transforming core-1.17.0.aar (androidx.core:core:1.17.0) with AarTransform
Transforming lifecycle-process-2.10.0.aar (androidx.lifecycle:lifecycle-process:2.10.0) with ExtractAarTransform
Transforming lifecycle-process-2.10.0.aar (androidx.lifecycle:lifecycle-process:2.10.0) with AarTransform
Transforming lifecycle-viewmodel-ktx-2.10.0.aar (androidx.lifecycle:lifecycle-viewmodel-ktx:2.10.0) with ExtractAarTransform
Transforming lifecycle-viewmodel-ktx-2.10.0.aar (androidx.lifecycle:lifecycle-viewmodel-ktx:2.10.0) with AarTransform
Transforming lifecycle-viewmodel-savedstate.aar (androidx.lifecycle:lifecycle-viewmodel-savedstate-android:2.10.0) with ExtractAarTransform
Transforming lifecycle-viewmodel-savedstate.aar (androidx.lifecycle:lifecycle-viewmodel-savedstate-android:2.10.0) with AarTransform
Transforming lifecycle-viewmodel-2.10.0.aar (androidx.lifecycle:lifecycle-viewmodel:2.10.0) with ExtractAarTransform
Transforming lifecycle-viewmodel-2.10.0.aar (androidx.lifecycle:lifecycle-viewmodel:2.10.0) with AarTransform
Transforming lifecycle-viewmodel.aar (androidx.lifecycle:lifecycle-viewmodel-android:2.10.0) with ExtractAarTransform
Transforming lifecycle-viewmodel.aar (androidx.lifecycle:lifecycle-viewmodel-android:2.10.0) with AarTransform
Transforming savedstate-ktx-1.4.0.aar (androidx.savedstate:savedstate-ktx:1.4.0) with ExtractAarTransform
Transforming savedstate-ktx-1.4.0.aar (androidx.savedstate:savedstate-ktx:1.4.0) with AarTransform
Transforming savedstate.aar (androidx.savedstate:savedstate-android:1.4.0) with ExtractAarTransform
Transforming savedstate.aar (androidx.savedstate:savedstate-android:1.4.0) with AarTransform
Transforming savedstate-compose.aar (androidx.savedstate:savedstate-compose-android:1.4.0) with ExtractAarTransform
Transforming savedstate-compose.aar (androidx.savedstate:savedstate-compose-android:1.4.0) with AarTransform
Transforming runtime.aar (androidx.compose.runtime:runtime-android:1.9.2) with ExtractAarTransform
Transforming runtime.aar (androidx.compose.runtime:runtime-android:1.9.2) with AarTransform
Transforming runtime-annotation.aar (androidx.compose.runtime:runtime-annotation-android:1.9.2) with ExtractAarTransform
Transforming runtime-annotation.aar (androidx.compose.runtime:runtime-annotation-android:1.9.2) with AarTransform
Transforming runtime-saveable.aar (androidx.compose.runtime:runtime-saveable-android:1.9.2) with ExtractAarTransform
Transforming runtime-saveable.aar (androidx.compose.runtime:runtime-saveable-android:1.9.2) with AarTransform
Transforming lifecycle-runtime-compose.aar (androidx.lifecycle:lifecycle-runtime-compose-android:2.10.0) with ExtractAarTransform
Transforming lifecycle-runtime-compose.aar (androidx.lifecycle:lifecycle-runtime-compose-android:2.10.0) with AarTransform
Transforming lifecycle-livedata-core-ktx-2.10.0.aar (androidx.lifecycle:lifecycle-livedata-core-ktx:2.10.0) with ExtractAarTransform
Transforming lifecycle-livedata-core-ktx-2.10.0.aar (androidx.lifecycle:lifecycle-livedata-core-ktx:2.10.0) with AarTransform
Transforming lifecycle-runtime.aar (androidx.lifecycle:lifecycle-runtime-android:2.10.0) with ExtractAarTransform
Transforming lifecycle-runtime.aar (androidx.lifecycle:lifecycle-runtime-android:2.10.0) with AarTransform
Transforming lifecycle-livedata-core-2.10.0.aar (androidx.lifecycle:lifecycle-livedata-core:2.10.0) with ExtractAarTransform
Transforming lifecycle-livedata-core-2.10.0.aar (androidx.lifecycle:lifecycle-livedata-core:2.10.0) with AarTransform
Transforming lifecycle-livedata-2.10.0.aar (androidx.lifecycle:lifecycle-livedata:2.10.0) with ExtractAarTransform
Transforming lifecycle-livedata-2.10.0.aar (androidx.lifecycle:lifecycle-livedata:2.10.0) with AarTransform
Transforming lifecycle-livedata-2.10.0.aar (androidx.lifecycle:lifecycle-livedata:2.10.0) with ExtractAarTransform
Transforming lifecycle-livedata-2.10.0.aar (androidx.lifecycle:lifecycle-livedata:2.10.0) with AarTransform
Transforming lifecycle-runtime-ktx.aar (androidx.lifecycle:lifecycle-runtime-ktx-android:2.10.0) with ExtractAarTransform
Transforming lifecycle-runtime-ktx.aar (androidx.lifecycle:lifecycle-runtime-ktx-android:2.10.0) with AarTransform
Transforming lifecycle-viewmodel-compose.aar (androidx.lifecycle:lifecycle-viewmodel-compose-android:2.10.0) with ExtractAarTransform
Transforming lifecycle-viewmodel-compose.aar (androidx.lifecycle:lifecycle-viewmodel-compose-android:2.10.0) with AarTransform
Transforming ui-release.aar (androidx.compose.ui:ui-android:1.9.2) with ExtractAarTransform
Transforming ui-release.aar (androidx.compose.ui:ui-android:1.9.2) with AarTransform
Transforming activity-ktx-1.12.2.aar (androidx.activity:activity-ktx:1.12.2) with ExtractAarTransform
Transforming activity-ktx-1.12.2.aar (androidx.activity:activity-ktx:1.12.2) with AarTransform
Transforming activity-1.12.2.aar (androidx.activity:activity:1.12.2) with ExtractAarTransform
Transforming activity-1.12.2.aar (androidx.activity:activity:1.12.2) with AarTransform
Transforming activity-compose-1.12.2.aar (androidx.activity:activity-compose:1.12.2) with ExtractAarTransform
Transforming activity-compose-1.12.2.aar (androidx.activity:activity-compose:1.12.2) with AarTransform
Transforming customview-poolingcontainer-1.0.0.aar (androidx.customview:customview-poolingcontainer:1.0.0) with ExtractAarTransform
Transforming customview-poolingcontainer-1.0.0.aar (androidx.customview:customview-poolingcontainer:1.0.0) with AarTransform
Transforming core-ktx-1.17.0.aar (androidx.core:core-ktx:1.17.0) with ExtractAarTransform
Transforming core-ktx-1.17.0.aar (androidx.core:core-ktx:1.17.0) with AarTransform
Transforming sqlite-framework-2.4.0.aar (androidx.sqlite:sqlite-framework:2.4.0) with ExtractAarTransform
Transforming sqlite-framework-2.4.0.aar (androidx.sqlite:sqlite-framework:2.4.0) with AarTransform
Transforming sqlite-2.4.0.aar (androidx.sqlite:sqlite:2.4.0) with ExtractAarTransform
Transforming sqlite-2.4.0.aar (androidx.sqlite:sqlite:2.4.0) with AarTransform
Transforming annotation-experimental-1.4.1.aar (androidx.annotation:annotation-experimental:1.4.1) with ExtractAarTransform
Transforming annotation-experimental-1.4.1.aar (androidx.annotation:annotation-experimental:1.4.1) with AarTransform
Transforming core-viewtree-1.0.0.aar (androidx.core:core-viewtree:1.0.0) with ExtractAarTransform
Transforming core-viewtree-1.0.0.aar (androidx.core:core-viewtree:1.0.0) with AarTransform
Transforming core-runtime-2.2.0.aar (androidx.arch.core:core-runtime:2.2.0) with ExtractAarTransform
Transforming core-runtime-2.2.0.aar (androidx.arch.core:core-runtime:2.2.0) with AarTransform
Transforming transport-backend-cct-2.3.3.aar (com.google.android.datatransport:transport-backend-cct:2.3.3) with ExtractAarTransform
Transforming transport-backend-cct-2.3.3.aar (com.google.android.datatransport:transport-backend-cct:2.3.3) with AarTransform
Transforming transport-runtime-2.2.6.aar (com.google.android.datatransport:transport-runtime:2.2.6) with ExtractAarTransform
Transforming transport-runtime-2.2.6.aar (com.google.android.datatransport:transport-runtime:2.2.6) with AarTransform
Transforming transport-api-2.2.1.aar (com.google.android.datatransport:transport-api:2.2.1) with ExtractAarTransform
Transforming transport-api-2.2.1.aar (com.google.android.datatransport:transport-api:2.2.1) with AarTransform
Transforming firebase-components-16.1.0.aar (com.google.firebase:firebase-components:16.1.0) with ExtractAarTransform
Transforming firebase-components-16.1.0.aar (com.google.firebase:firebase-components:16.1.0) with AarTransform
Transforming firebase-encoders-json-17.1.0.aar (com.google.firebase:firebase-encoders-json:17.1.0) with ExtractAarTransform
Transforming firebase-encoders-json-17.1.0.aar (com.google.firebase:firebase-encoders-json:17.1.0) with AarTransform
Transforming interpolator-1.0.0.aar (androidx.interpolator:interpolator:1.0.0) with ExtractAarTransform
Transforming interpolator-1.0.0.aar (androidx.interpolator:interpolator:1.0.0) with AarTransform
Transforming interpolator-1.0.0.aar (androidx.interpolator:interpolator:1.0.0) with ExtractAarTransform
Transforming interpolator-1.0.0.aar (androidx.interpolator:interpolator:1.0.0) with AarTransform
Transforming profileinstaller-1.4.0.aar (androidx.profileinstaller:profileinstaller:1.4.0) with ExtractAarTransform
Transforming profileinstaller-1.4.0.aar (androidx.profileinstaller:profileinstaller:1.4.0) with AarTransform
Transforming startup-runtime-1.1.1.aar (androidx.startup:startup-runtime:1.1.1) with ExtractAarTransform
Transforming startup-runtime-1.1.1.aar (androidx.startup:startup-runtime:1.1.1) with AarTransform
Transforming tracing-1.2.0.aar (androidx.tracing:tracing:1.2.0) with ExtractAarTransform
Transforming tracing-1.2.0.aar (androidx.tracing:tracing:1.2.0) with AarTransform
Transforming versionedparcelable-1.1.1.aar (androidx.versionedparcelable:versionedparcelable:1.1.1) with ExtractAarTransform
Transforming versionedparcelable-1.1.1.aar (androidx.versionedparcelable:versionedparcelable:1.1.1) with AarTransform
Transforming exifinterface-1.3.6.aar (androidx.exifinterface:exifinterface:1.3.6) with ExtractAarTransform
Transforming exifinterface-1.3.6.aar (androidx.exifinterface:exifinterface:1.3.6) with AarTransform
Transforming exifinterface-1.3.6.aar (androidx.exifinterface:exifinterface:1.3.6) with ExtractAarTransform
Transforming exifinterface-1.3.6.aar (androidx.exifinterface:exifinterface:1.3.6) with AarTransform
Transforming cursoradapter-1.0.0.aar (androidx.cursoradapter:cursoradapter:1.0.0) with ExtractAarTransform
Transforming cursoradapter-1.0.0.aar (androidx.cursoradapter:cursoradapter:1.0.0) with AarTransform
Transforming dagger-lint-aar-2.51.1.aar (com.google.dagger:dagger-lint-aar:2.51.1) with ExtractAarTransform
Transforming dagger-lint-aar-2.51.1.aar (com.google.dagger:dagger-lint-aar:2.51.1) with AarTransform
Transforming image-1.0.0-beta1.aar (com.google.android.odml:image:1.0.0-beta1) with ExtractAarTransform
Transforming image-1.0.0-beta1.aar (com.google.android.odml:image:1.0.0-beta1) with AarTransform
Transforming benchmark-traceprocessor.aar (androidx.benchmark:benchmark-traceprocessor-android:1.4.1) with ExtractAarTransform
Transforming benchmark-traceprocessor.aar (androidx.benchmark:benchmark-traceprocessor-android:1.4.1) with AarTransform
Transforming core-splashscreen-1.0.1.aar (androidx.core:core-splashscreen:1.0.1) with ExtractAarTransform
Transforming core-splashscreen-1.0.1.aar (androidx.core:core-splashscreen:1.0.1) with AarTransform
Transforming hilt-navigation-compose-1.2.0.aar (androidx.hilt:hilt-navigation-compose:1.2.0) with ExtractAarTransform
Transforming hilt-navigation-compose-1.2.0.aar (androidx.hilt:hilt-navigation-compose:1.2.0) with AarTransform
Transforming hilt-navigation-1.2.0.aar (androidx.hilt:hilt-navigation:1.2.0) with ExtractAarTransform
Transforming hilt-navigation-1.2.0.aar (androidx.hilt:hilt-navigation:1.2.0) with AarTransform
Transforming hilt-android-2.51.1.aar (com.google.dagger:hilt-android:2.51.1) with ExtractAarTransform
Transforming hilt-android-2.51.1.aar (com.google.dagger:hilt-android:2.51.1) with AarTransform
Transforming room-runtime-2.6.0.aar (androidx.room:room-runtime:2.6.0) with ExtractAarTransform
Transforming room-runtime-2.6.0.aar (androidx.room:room-runtime:2.6.0) with AarTransform
Transforming room-ktx-2.6.0.aar (androidx.room:room-ktx:2.6.0) with ExtractAarTransform
Transforming room-ktx-2.6.0.aar (androidx.room:room-ktx:2.6.0) with AarTransform
Transforming navigation-runtime-release.aar (androidx.navigation:navigation-runtime-android:2.9.7) with ExtractAarTransform
Transforming navigation-runtime-release.aar (androidx.navigation:navigation-runtime-android:2.9.7) with AarTransform
Transforming navigation-common-release.aar (androidx.navigation:navigation-common-android:2.9.7) with ExtractAarTransform
Transforming navigation-common-release.aar (androidx.navigation:navigation-common-android:2.9.7) with AarTransform
Transforming navigation-compose-release.aar (androidx.navigation:navigation-compose-android:2.9.7) with ExtractAarTransform
Transforming navigation-compose-release.aar (androidx.navigation:navigation-compose-android:2.9.7) with AarTransform
Transforming barcode-scanning-17.2.0.aar (com.google.mlkit:barcode-scanning:17.2.0) with ExtractAarTransform
Transforming barcode-scanning-17.2.0.aar (com.google.mlkit:barcode-scanning:17.2.0) with AarTransform
Transforming play-services-mlkit-barcode-scanning-18.3.0.aar (com.google.android.gms:play-services-mlkit-barcode-scanning:18.3.0) with ExtractAarTransform
Transforming play-services-mlkit-barcode-scanning-18.3.0.aar (com.google.android.gms:play-services-mlkit-barcode-scanning:18.3.0) with AarTransform
Transforming barcode-scanning-common-17.0.0.aar (com.google.mlkit:barcode-scanning-common:17.0.0) with ExtractAarTransform
Transforming barcode-scanning-common-17.0.0.aar (com.google.mlkit:barcode-scanning-common:17.0.0) with AarTransform
Transforming vision-common-17.3.0.aar (com.google.mlkit:vision-common:17.3.0) with ExtractAarTransform
Transforming vision-common-17.3.0.aar (com.google.mlkit:vision-common:17.3.0) with AarTransform
Transforming common-18.9.0.aar (com.google.mlkit:common:18.9.0) with ExtractAarTransform
Transforming common-18.9.0.aar (com.google.mlkit:common:18.9.0) with AarTransform
Transforming play-services-base-18.1.0.aar (com.google.android.gms:play-services-base:18.1.0) with ExtractAarTransform
Transforming play-services-base-18.1.0.aar (com.google.android.gms:play-services-base:18.1.0) with AarTransform
Transforming vision-interfaces-16.2.0.aar (com.google.mlkit:vision-interfaces:16.2.0) with ExtractAarTransform
Transforming vision-interfaces-16.2.0.aar (com.google.mlkit:vision-interfaces:16.2.0) with AarTransform
Transforming play-services-tasks-18.0.2.aar (com.google.android.gms:play-services-tasks:18.0.2) with ExtractAarTransform
Transforming play-services-tasks-18.0.2.aar (com.google.android.gms:play-services-tasks:18.0.2) with AarTransform
Transforming play-services-basement-18.1.0.aar (com.google.android.gms:play-services-basement:18.1.0) with ExtractAarTransform
Transforming play-services-basement-18.1.0.aar (com.google.android.gms:play-services-basement:18.1.0) with AarTransform
Transforming camera-video-1.3.0.aar (androidx.camera:camera-video:1.3.0) with ExtractAarTransform
Transforming camera-video-1.3.0.aar (androidx.camera:camera-video:1.3.0) with AarTransform
Transforming camera-core-1.3.0.aar (androidx.camera:camera-core:1.3.0) with ExtractAarTransform
Transforming camera-core-1.3.0.aar (androidx.camera:camera-core:1.3.0) with AarTransform
Transforming camera-lifecycle-1.3.0.aar (androidx.camera:camera-lifecycle:1.3.0) with ExtractAarTransform
Transforming camera-lifecycle-1.3.0.aar (androidx.camera:camera-lifecycle:1.3.0) with AarTransform
Transforming camera-camera2-1.3.0.aar (androidx.camera:camera-camera2:1.3.0) with ExtractAarTransform
Transforming camera-camera2-1.3.0.aar (androidx.camera:camera-camera2:1.3.0) with AarTransform
Transforming camera-view-1.3.0.aar (androidx.camera:camera-view:1.3.0) with ExtractAarTransform
Transforming camera-view-1.3.0.aar (androidx.camera:camera-view:1.3.0) with AarTransform
Transforming coil-compose-2.5.0.aar (io.coil-kt:coil-compose:2.5.0) with ExtractAarTransform
Transforming coil-compose-2.5.0.aar (io.coil-kt:coil-compose:2.5.0) with AarTransform
Transforming coil-compose-base-2.5.0.aar (io.coil-kt:coil-compose-base:2.5.0) with ExtractAarTransform
Transforming coil-compose-base-2.5.0.aar (io.coil-kt:coil-compose-base:2.5.0) with AarTransform
Transforming coil-2.5.0.aar (io.coil-kt:coil:2.5.0) with ExtractAarTransform
Transforming coil-2.5.0.aar (io.coil-kt:coil:2.5.0) with AarTransform
Transforming coil-base-2.5.0.aar (io.coil-kt:coil-base:2.5.0) with ExtractAarTransform
Transforming coil-base-2.5.0.aar (io.coil-kt:coil-base:2.5.0) with AarTransform
Transforming appcompat-resources-1.6.1.aar (androidx.appcompat:appcompat-resources:1.6.1) with ExtractAarTransform
Transforming appcompat-resources-1.6.1.aar (androidx.appcompat:appcompat-resources:1.6.1) with AarTransform
Transforming appcompat-1.6.1.aar (androidx.appcompat:appcompat:1.6.1) with ExtractAarTransform
Transforming appcompat-1.6.1.aar (androidx.appcompat:appcompat:1.6.1) with AarTransform
Transforming fragment-1.5.1.aar (androidx.fragment:fragment:1.5.1) with ExtractAarTransform
Transforming fragment-1.5.1.aar (androidx.fragment:fragment:1.5.1) with AarTransform
Transforming fragment-1.5.1.aar (androidx.fragment:fragment:1.5.1) with ExtractAarTransform
Transforming fragment-1.5.1.aar (androidx.fragment:fragment:1.5.1) with AarTransform
Transforming accompanist-drawablepainter-0.32.0.aar (com.google.accompanist:accompanist-drawablepainter:0.32.0) with ExtractAarTransform
Transforming accompanist-drawablepainter-0.32.0.aar (com.google.accompanist:accompanist-drawablepainter:0.32.0) with AarTransform
Transforming navigationevent.aar (androidx.navigationevent:navigationevent-android:1.0.1) with ExtractAarTransform
Transforming navigationevent.aar (androidx.navigationevent:navigationevent-android:1.0.1) with AarTransform
Transforming navigationevent-compose.aar (androidx.navigationevent:navigationevent-compose-android:1.0.1) with ExtractAarTransform
Transforming navigationevent-compose.aar (androidx.navigationevent:navigationevent-compose-android:1.0.1) with AarTransform
Transforming material-icons-extended-release.aar (androidx.compose.material:material-icons-extended-android:1.7.0) with ExtractAarTransform
Transforming material-icons-extended-release.aar (androidx.compose.material:material-icons-extended-android:1.7.0) with AarTransform
Transforming material3-release.aar (androidx.compose.material3:material3-android:1.3.0) with ExtractAarTransform
Transforming material3-release.aar (androidx.compose.material3:material3-android:1.3.0) with AarTransform
Transforming material-ripple-release.aar (androidx.compose.material:material-ripple-android:1.7.0) with ExtractAarTransform
Transforming material-ripple-release.aar (androidx.compose.material:material-ripple-android:1.7.0) with AarTransform
Transforming ui-tooling-data.aar (androidx.compose.ui:ui-tooling-data-android:1.9.2) with ExtractAarTransform
Transforming ui-tooling-data.aar (androidx.compose.ui:ui-tooling-data-android:1.9.2) with AarTransform
Transforming ui-tooling-preview.aar (androidx.compose.ui:ui-tooling-preview-android:1.9.2) with ExtractAarTransform
Transforming ui-tooling-preview.aar (androidx.compose.ui:ui-tooling-preview-android:1.9.2) with AarTransform
Transforming foundation-release.aar (androidx.compose.foundation:foundation-android:1.9.2) with ExtractAarTransform
Transforming foundation-release.aar (androidx.compose.foundation:foundation-android:1.9.2) with AarTransform
Transforming foundation-layout.aar (androidx.compose.foundation:foundation-layout-android:1.9.2) with ExtractAarTransform
Transforming foundation-layout.aar (androidx.compose.foundation:foundation-layout-android:1.9.2) with AarTransform
Transforming animation-core.aar (androidx.compose.animation:animation-core-android:1.9.2) with ExtractAarTransform
Transforming animation-core.aar (androidx.compose.animation:animation-core-android:1.9.2) with AarTransform
Transforming animation.aar (androidx.compose.animation:animation-android:1.9.2) with ExtractAarTransform
Transforming animation.aar (androidx.compose.animation:animation-android:1.9.2) with AarTransform
Transforming ui-util.aar (androidx.compose.ui:ui-util-android:1.9.2) with ExtractAarTransform
Transforming ui-util.aar (androidx.compose.ui:ui-util-android:1.9.2) with AarTransform
Transforming ui-unit.aar (androidx.compose.ui:ui-unit-android:1.9.2) with ExtractAarTransform
Transforming ui-unit.aar (androidx.compose.ui:ui-unit-android:1.9.2) with AarTransform
Transforming ui-text.aar (androidx.compose.ui:ui-text-android:1.9.2) with ExtractAarTransform
Transforming ui-text.aar (androidx.compose.ui:ui-text-android:1.9.2) with AarTransform
Transforming ui-graphics-release.aar (androidx.compose.ui:ui-graphics-android:1.9.2) with ExtractAarTransform
Transforming ui-graphics-release.aar (androidx.compose.ui:ui-graphics-android:1.9.2) with AarTransform
Transforming ui-geometry.aar (androidx.compose.ui:ui-geometry-android:1.9.2) with ExtractAarTransform
Transforming ui-geometry.aar (androidx.compose.ui:ui-geometry-android:1.9.2) with AarTransform
Transforming ui-test-manifest-1.9.2.aar (androidx.compose.ui:ui-test-manifest:1.9.2) with ExtractAarTransform
Transforming ui-test-manifest-1.9.2.aar (androidx.compose.ui:ui-test-manifest:1.9.2) with AarTransform
Transforming ui-tooling.aar (androidx.compose.ui:ui-tooling-android:1.9.2) with ExtractAarTransform
Transforming ui-tooling.aar (androidx.compose.ui:ui-tooling-android:1.9.2) with AarTransform
Transforming material-release.aar (androidx.compose.material:material-android:1.7.0) with ExtractAarTransform
Transforming material-release.aar (androidx.compose.material:material-android:1.7.0) with AarTransform
Transforming material-icons-core-release.aar (androidx.compose.material:material-icons-core-android:1.7.0) with ExtractAarTransform
Transforming material-icons-core-release.aar (androidx.compose.material:material-icons-core-android:1.7.0) with AarTransform
Transforming loader-1.0.0.aar (androidx.loader:loader:1.0.0) with ExtractAarTransform
Transforming loader-1.0.0.aar (androidx.loader:loader:1.0.0) with AarTransform
Transforming viewpager-1.0.0.aar (androidx.viewpager:viewpager:1.0.0) with ExtractAarTransform
Transforming viewpager-1.0.0.aar (androidx.viewpager:viewpager:1.0.0) with AarTransform
Transforming drawerlayout-1.0.0.aar (androidx.drawerlayout:drawerlayout:1.0.0) with ExtractAarTransform
Transforming drawerlayout-1.0.0.aar (androidx.drawerlayout:drawerlayout:1.0.0) with AarTransform
Transforming customview-1.0.0.aar (androidx.customview:customview:1.0.0) with ExtractAarTransform
Transforming customview-1.0.0.aar (androidx.customview:customview:1.0.0) with AarTransform
Transforming vectordrawable-animated-1.1.0.aar (androidx.vectordrawable:vectordrawable-animated:1.1.0) with ExtractAarTransform
Transforming vectordrawable-animated-1.1.0.aar (androidx.vectordrawable:vectordrawable-animated:1.1.0) with AarTransform
Transforming vectordrawable-1.1.0.aar (androidx.vectordrawable:vectordrawable:1.1.0) with ExtractAarTransform
Transforming vectordrawable-1.1.0.aar (androidx.vectordrawable:vectordrawable:1.1.0) with AarTransform
Transforming vectordrawable-1.1.0.aar (androidx.vectordrawable:vectordrawable:1.1.0) with ExtractAarTransform
Transforming vectordrawable-1.1.0.aar (androidx.vectordrawable:vectordrawable:1.1.0) with AarTransform
Transforming autofill-1.0.0.aar (androidx.autofill:autofill:1.0.0) with ExtractAarTransform
Transforming autofill-1.0.0.aar (androidx.autofill:autofill:1.0.0) with AarTransform
Transforming graphics-path-1.0.1.aar (androidx.graphics:graphics-path:1.0.1) with ExtractAarTransform
Transforming graphics-path-1.0.1.aar (androidx.graphics:graphics-path:1.0.1) with AarTransform
Transforming emoji2-views-helper-1.4.0.aar (androidx.emoji2:emoji2-views-helper:1.4.0) with ExtractAarTransform
Transforming emoji2-views-helper-1.4.0.aar (androidx.emoji2:emoji2-views-helper:1.4.0) with AarTransform
Transforming emoji2-1.4.0.aar (androidx.emoji2:emoji2:1.4.0) with ExtractAarTransform
Transforming emoji2-1.4.0.aar (androidx.emoji2:emoji2:1.4.0) with AarTransform
Transforming core-1.17.0.aar (androidx.core:core:1.17.0) with ExtractAarTransform
Transforming core-1.17.0.aar (androidx.core:core:1.17.0) with AarTransform
Transforming core-1.17.0.aar (androidx.core:core:1.17.0) with ExtractAarTransform
Transforming core-1.17.0.aar (androidx.core:core:1.17.0) with AarTransform
Transforming lifecycle-process-2.10.0.aar (androidx.lifecycle:lifecycle-process:2.10.0) with ExtractAarTransform
Transforming lifecycle-process-2.10.0.aar (androidx.lifecycle:lifecycle-process:2.10.0) with AarTransform
Transforming lifecycle-viewmodel-ktx-2.10.0.aar (androidx.lifecycle:lifecycle-viewmodel-ktx:2.10.0) with ExtractAarTransform
Transforming lifecycle-viewmodel-ktx-2.10.0.aar (androidx.lifecycle:lifecycle-viewmodel-ktx:2.10.0) with AarTransform
Transforming lifecycle-viewmodel-savedstate.aar (androidx.lifecycle:lifecycle-viewmodel-savedstate-android:2.10.0) with ExtractAarTransform
Transforming lifecycle-viewmodel-savedstate.aar (androidx.lifecycle:lifecycle-viewmodel-savedstate-android:2.10.0) with AarTransform
Transforming lifecycle-viewmodel-2.10.0.aar (androidx.lifecycle:lifecycle-viewmodel:2.10.0) with ExtractAarTransform
Transforming lifecycle-viewmodel-2.10.0.aar (androidx.lifecycle:lifecycle-viewmodel:2.10.0) with AarTransform
Transforming lifecycle-viewmodel.aar (androidx.lifecycle:lifecycle-viewmodel-android:2.10.0) with ExtractAarTransform
Transforming lifecycle-viewmodel.aar (androidx.lifecycle:lifecycle-viewmodel-android:2.10.0) with AarTransform
Transforming savedstate-ktx-1.4.0.aar (androidx.savedstate:savedstate-ktx:1.4.0) with ExtractAarTransform
Transforming savedstate-ktx-1.4.0.aar (androidx.savedstate:savedstate-ktx:1.4.0) with AarTransform
Transforming savedstate.aar (androidx.savedstate:savedstate-android:1.4.0) with ExtractAarTransform
Transforming savedstate.aar (androidx.savedstate:savedstate-android:1.4.0) with AarTransform
Transforming savedstate-compose.aar (androidx.savedstate:savedstate-compose-android:1.4.0) with ExtractAarTransform
Transforming savedstate-compose.aar (androidx.savedstate:savedstate-compose-android:1.4.0) with AarTransform
Transforming runtime.aar (androidx.compose.runtime:runtime-android:1.9.2) with ExtractAarTransform
Transforming runtime.aar (androidx.compose.runtime:runtime-android:1.9.2) with AarTransform
Transforming runtime-annotation.aar (androidx.compose.runtime:runtime-annotation-android:1.9.2) with ExtractAarTransform
Transforming runtime-annotation.aar (androidx.compose.runtime:runtime-annotation-android:1.9.2) with AarTransform
Transforming runtime-saveable.aar (androidx.compose.runtime:runtime-saveable-android:1.9.2) with ExtractAarTransform
Transforming runtime-saveable.aar (androidx.compose.runtime:runtime-saveable-android:1.9.2) with AarTransform
Transforming lifecycle-runtime-compose.aar (androidx.lifecycle:lifecycle-runtime-compose-android:2.10.0) with ExtractAarTransform
Transforming lifecycle-runtime-compose.aar (androidx.lifecycle:lifecycle-runtime-compose-android:2.10.0) with AarTransform
Transforming lifecycle-livedata-core-ktx-2.10.0.aar (androidx.lifecycle:lifecycle-livedata-core-ktx:2.10.0) with ExtractAarTransform
Transforming lifecycle-livedata-core-ktx-2.10.0.aar (androidx.lifecycle:lifecycle-livedata-core-ktx:2.10.0) with AarTransform
Transforming lifecycle-runtime.aar (androidx.lifecycle:lifecycle-runtime-android:2.10.0) with ExtractAarTransform
Transforming lifecycle-runtime.aar (androidx.lifecycle:lifecycle-runtime-android:2.10.0) with AarTransform
Transforming lifecycle-livedata-core-2.10.0.aar (androidx.lifecycle:lifecycle-livedata-core:2.10.0) with ExtractAarTransform
Transforming lifecycle-livedata-core-2.10.0.aar (androidx.lifecycle:lifecycle-livedata-core:2.10.0) with AarTransform
Transforming lifecycle-livedata-2.10.0.aar (androidx.lifecycle:lifecycle-livedata:2.10.0) with ExtractAarTransform
Transforming lifecycle-livedata-2.10.0.aar (androidx.lifecycle:lifecycle-livedata:2.10.0) with AarTransform
Transforming lifecycle-livedata-2.10.0.aar (androidx.lifecycle:lifecycle-livedata:2.10.0) with ExtractAarTransform
Transforming lifecycle-livedata-2.10.0.aar (androidx.lifecycle:lifecycle-livedata:2.10.0) with AarTransform
Transforming lifecycle-runtime-ktx.aar (androidx.lifecycle:lifecycle-runtime-ktx-android:2.10.0) with ExtractAarTransform
Transforming lifecycle-runtime-ktx.aar (androidx.lifecycle:lifecycle-runtime-ktx-android:2.10.0) with AarTransform
Transforming lifecycle-viewmodel-compose.aar (androidx.lifecycle:lifecycle-viewmodel-compose-android:2.10.0) with ExtractAarTransform
Transforming lifecycle-viewmodel-compose.aar (androidx.lifecycle:lifecycle-viewmodel-compose-android:2.10.0) with AarTransform
Transforming ui-release.aar (androidx.compose.ui:ui-android:1.9.2) with ExtractAarTransform
Transforming ui-release.aar (androidx.compose.ui:ui-android:1.9.2) with AarTransform
Transforming activity-ktx-1.12.2.aar (androidx.activity:activity-ktx:1.12.2) with ExtractAarTransform
Transforming activity-ktx-1.12.2.aar (androidx.activity:activity-ktx:1.12.2) with AarTransform
Transforming activity-1.12.2.aar (androidx.activity:activity:1.12.2) with ExtractAarTransform
Transforming activity-1.12.2.aar (androidx.activity:activity:1.12.2) with AarTransform
Transforming activity-compose-1.12.2.aar (androidx.activity:activity-compose:1.12.2) with ExtractAarTransform
Transforming activity-compose-1.12.2.aar (androidx.activity:activity-compose:1.12.2) with AarTransform
Transforming customview-poolingcontainer-1.0.0.aar (androidx.customview:customview-poolingcontainer:1.0.0) with ExtractAarTransform
Transforming customview-poolingcontainer-1.0.0.aar (androidx.customview:customview-poolingcontainer:1.0.0) with AarTransform
Transforming core-ktx-1.17.0.aar (androidx.core:core-ktx:1.17.0) with ExtractAarTransform
Transforming core-ktx-1.17.0.aar (androidx.core:core-ktx:1.17.0) with AarTransform
Transforming sqlite-framework-2.4.0.aar (androidx.sqlite:sqlite-framework:2.4.0) with ExtractAarTransform
Transforming sqlite-framework-2.4.0.aar (androidx.sqlite:sqlite-framework:2.4.0) with AarTransform
Transforming sqlite-2.4.0.aar (androidx.sqlite:sqlite:2.4.0) with ExtractAarTransform
Transforming sqlite-2.4.0.aar (androidx.sqlite:sqlite:2.4.0) with AarTransform
Transforming annotation-experimental-1.4.1.aar (androidx.annotation:annotation-experimental:1.4.1) with ExtractAarTransform
Transforming annotation-experimental-1.4.1.aar (androidx.annotation:annotation-experimental:1.4.1) with AarTransform
Transforming core-viewtree-1.0.0.aar (androidx.core:core-viewtree:1.0.0) with ExtractAarTransform
Transforming core-viewtree-1.0.0.aar (androidx.core:core-viewtree:1.0.0) with AarTransform
Transforming core-runtime-2.2.0.aar (androidx.arch.core:core-runtime:2.2.0) with ExtractAarTransform
Transforming core-runtime-2.2.0.aar (androidx.arch.core:core-runtime:2.2.0) with AarTransform
Transforming transport-backend-cct-2.3.3.aar (com.google.android.datatransport:transport-backend-cct:2.3.3) with ExtractAarTransform
Transforming transport-backend-cct-2.3.3.aar (com.google.android.datatransport:transport-backend-cct:2.3.3) with AarTransform
Transforming transport-runtime-2.2.6.aar (com.google.android.datatransport:transport-runtime:2.2.6) with ExtractAarTransform
Transforming transport-runtime-2.2.6.aar (com.google.android.datatransport:transport-runtime:2.2.6) with AarTransform
Transforming transport-api-2.2.1.aar (com.google.android.datatransport:transport-api:2.2.1) with ExtractAarTransform
Transforming transport-api-2.2.1.aar (com.google.android.datatransport:transport-api:2.2.1) with AarTransform
Transforming firebase-components-16.1.0.aar (com.google.firebase:firebase-components:16.1.0) with ExtractAarTransform
Transforming firebase-components-16.1.0.aar (com.google.firebase:firebase-components:16.1.0) with AarTransform
Transforming firebase-encoders-json-17.1.0.aar (com.google.firebase:firebase-encoders-json:17.1.0) with ExtractAarTransform
Transforming firebase-encoders-json-17.1.0.aar (com.google.firebase:firebase-encoders-json:17.1.0) with AarTransform
Transforming interpolator-1.0.0.aar (androidx.interpolator:interpolator:1.0.0) with ExtractAarTransform
Transforming interpolator-1.0.0.aar (androidx.interpolator:interpolator:1.0.0) with AarTransform
Transforming interpolator-1.0.0.aar (androidx.interpolator:interpolator:1.0.0) with ExtractAarTransform
Transforming interpolator-1.0.0.aar (androidx.interpolator:interpolator:1.0.0) with AarTransform
Transforming profileinstaller-1.4.0.aar (androidx.profileinstaller:profileinstaller:1.4.0) with ExtractAarTransform
Transforming profileinstaller-1.4.0.aar (androidx.profileinstaller:profileinstaller:1.4.0) with AarTransform
Transforming startup-runtime-1.1.1.aar (androidx.startup:startup-runtime:1.1.1) with ExtractAarTransform
Transforming startup-runtime-1.1.1.aar (androidx.startup:startup-runtime:1.1.1) with AarTransform
Transforming tracing-1.2.0.aar (androidx.tracing:tracing:1.2.0) with ExtractAarTransform
Transforming tracing-1.2.0.aar (androidx.tracing:tracing:1.2.0) with AarTransform
Transforming versionedparcelable-1.1.1.aar (androidx.versionedparcelable:versionedparcelable:1.1.1) with ExtractAarTransform
Transforming versionedparcelable-1.1.1.aar (androidx.versionedparcelable:versionedparcelable:1.1.1) with AarTransform
Transforming exifinterface-1.3.6.aar (androidx.exifinterface:exifinterface:1.3.6) with ExtractAarTransform
Transforming exifinterface-1.3.6.aar (androidx.exifinterface:exifinterface:1.3.6) with AarTransform
Transforming exifinterface-1.3.6.aar (androidx.exifinterface:exifinterface:1.3.6) with ExtractAarTransform
Transforming exifinterface-1.3.6.aar (androidx.exifinterface:exifinterface:1.3.6) with AarTransform
Transforming cursoradapter-1.0.0.aar (androidx.cursoradapter:cursoradapter:1.0.0) with ExtractAarTransform
Transforming cursoradapter-1.0.0.aar (androidx.cursoradapter:cursoradapter:1.0.0) with AarTransform
Transforming dagger-lint-aar-2.51.1.aar (com.google.dagger:dagger-lint-aar:2.51.1) with ExtractAarTransform
Transforming dagger-lint-aar-2.51.1.aar (com.google.dagger:dagger-lint-aar:2.51.1) with AarTransform
Transforming image-1.0.0-beta1.aar (com.google.android.odml:image:1.0.0-beta1) with ExtractAarTransform
Transforming image-1.0.0-beta1.aar (com.google.android.odml:image:1.0.0-beta1) with AarTransform
Caching disabled for task ':app:processDebugMainManifest' because:
  Build cache is disabled
Skipping task ':app:processDebugMainManifest' as it is up-to-date.
Resolve mutations for :app:processDebugManifest (Thread[#206,Execution worker Thread 2,5,main]) started.
:app:processDebugManifest (Thread[#206,Execution worker Thread 2,5,main]) started.

> Task :app:processDebugManifest UP-TO-DATE
Caching disabled for task ':app:processDebugManifest' because:
  Build cache is disabled
Skipping task ':app:processDebugManifest' as it is up-to-date.
Resolve mutations for :app:processDebugManifestForPackage (Thread[#206,Execution worker Thread 2,5,main]) started.
:app:processDebugManifestForPackage (Thread[#206,Execution worker Thread 2,5,main]) started.

> Task :app:processDebugManifestForPackage UP-TO-DATE
Custom actions are attached to task ':app:processDebugManifestForPackage'.
Caching disabled for task ':app:processDebugManifestForPackage' because:
  Build cache is disabled
Skipping task ':app:processDebugManifestForPackage' as it is up-to-date.
Resolve mutations for :app:processDebugResources (Thread[#206,Execution worker Thread 2,5,main]) started.
:app:processDebugResources (Thread[#206,Execution worker Thread 2,5,main]) started.

> Task :app:processDebugResources UP-TO-DATE
Transforming aapt2-8.10.1-12782657-windows.jar (com.android.tools.build:aapt2:8.10.1-12782657) with Aapt2Extractor
Transforming benchmark-traceprocessor.aar (androidx.benchmark:benchmark-traceprocessor-android:1.4.1) with ExtractAarTransform
Transforming benchmark-traceprocessor.aar (androidx.benchmark:benchmark-traceprocessor-android:1.4.1) with AarResourcesCompilerTransform
Transforming core-splashscreen-1.0.1.aar (androidx.core:core-splashscreen:1.0.1) with ExtractAarTransform
Transforming core-splashscreen-1.0.1.aar (androidx.core:core-splashscreen:1.0.1) with AarResourcesCompilerTransform
Transforming hilt-navigation-compose-1.2.0.aar (androidx.hilt:hilt-navigation-compose:1.2.0) with ExtractAarTransform
Transforming hilt-navigation-compose-1.2.0.aar (androidx.hilt:hilt-navigation-compose:1.2.0) with AarResourcesCompilerTransform
Transforming hilt-navigation-1.2.0.aar (androidx.hilt:hilt-navigation:1.2.0) with ExtractAarTransform
Transforming hilt-navigation-1.2.0.aar (androidx.hilt:hilt-navigation:1.2.0) with AarResourcesCompilerTransform
Transforming hilt-android-2.51.1.aar (com.google.dagger:hilt-android:2.51.1) with ExtractAarTransform
Transforming hilt-android-2.51.1.aar (com.google.dagger:hilt-android:2.51.1) with AarResourcesCompilerTransform
Transforming room-runtime-2.6.0.aar (androidx.room:room-runtime:2.6.0) with ExtractAarTransform
Transforming room-runtime-2.6.0.aar (androidx.room:room-runtime:2.6.0) with AarResourcesCompilerTransform
Transforming room-ktx-2.6.0.aar (androidx.room:room-ktx:2.6.0) with ExtractAarTransform
Transforming room-ktx-2.6.0.aar (androidx.room:room-ktx:2.6.0) with AarResourcesCompilerTransform
Transforming navigation-runtime-release.aar (androidx.navigation:navigation-runtime-android:2.9.7) with ExtractAarTransform
Transforming navigation-runtime-release.aar (androidx.navigation:navigation-runtime-android:2.9.7) with AarResourcesCompilerTransform
Transforming navigation-common-release.aar (androidx.navigation:navigation-common-android:2.9.7) with ExtractAarTransform
Transforming navigation-common-release.aar (androidx.navigation:navigation-common-android:2.9.7) with AarResourcesCompilerTransform
Transforming navigation-compose-release.aar (androidx.navigation:navigation-compose-android:2.9.7) with ExtractAarTransform
Transforming navigation-compose-release.aar (androidx.navigation:navigation-compose-android:2.9.7) with AarResourcesCompilerTransform
Transforming barcode-scanning-17.2.0.aar (com.google.mlkit:barcode-scanning:17.2.0) with ExtractAarTransform
Transforming barcode-scanning-17.2.0.aar (com.google.mlkit:barcode-scanning:17.2.0) with AarResourcesCompilerTransform
Transforming play-services-mlkit-barcode-scanning-18.3.0.aar (com.google.android.gms:play-services-mlkit-barcode-scanning:18.3.0) with ExtractAarTransform
Transforming play-services-mlkit-barcode-scanning-18.3.0.aar (com.google.android.gms:play-services-mlkit-barcode-scanning:18.3.0) with AarResourcesCompilerTransform
Transforming barcode-scanning-common-17.0.0.aar (com.google.mlkit:barcode-scanning-common:17.0.0) with ExtractAarTransform
Transforming barcode-scanning-common-17.0.0.aar (com.google.mlkit:barcode-scanning-common:17.0.0) with AarResourcesCompilerTransform
Transforming vision-common-17.3.0.aar (com.google.mlkit:vision-common:17.3.0) with ExtractAarTransform
Transforming vision-common-17.3.0.aar (com.google.mlkit:vision-common:17.3.0) with AarResourcesCompilerTransform
Transforming common-18.9.0.aar (com.google.mlkit:common:18.9.0) with ExtractAarTransform
Transforming common-18.9.0.aar (com.google.mlkit:common:18.9.0) with AarResourcesCompilerTransform
Transforming play-services-base-18.1.0.aar (com.google.android.gms:play-services-base:18.1.0) with ExtractAarTransform
Transforming play-services-base-18.1.0.aar (com.google.android.gms:play-services-base:18.1.0) with AarResourcesCompilerTransform
Transforming vision-interfaces-16.2.0.aar (com.google.mlkit:vision-interfaces:16.2.0) with ExtractAarTransform
Transforming vision-interfaces-16.2.0.aar (com.google.mlkit:vision-interfaces:16.2.0) with AarResourcesCompilerTransform
Transforming play-services-tasks-18.0.2.aar (com.google.android.gms:play-services-tasks:18.0.2) with ExtractAarTransform
Transforming play-services-tasks-18.0.2.aar (com.google.android.gms:play-services-tasks:18.0.2) with AarResourcesCompilerTransform
Transforming play-services-basement-18.1.0.aar (com.google.android.gms:play-services-basement:18.1.0) with ExtractAarTransform
Transforming play-services-basement-18.1.0.aar (com.google.android.gms:play-services-basement:18.1.0) with AarResourcesCompilerTransform
Transforming camera-video-1.3.0.aar (androidx.camera:camera-video:1.3.0) with ExtractAarTransform
Transforming camera-video-1.3.0.aar (androidx.camera:camera-video:1.3.0) with AarResourcesCompilerTransform
Transforming camera-core-1.3.0.aar (androidx.camera:camera-core:1.3.0) with ExtractAarTransform
Transforming camera-core-1.3.0.aar (androidx.camera:camera-core:1.3.0) with AarResourcesCompilerTransform
Transforming camera-lifecycle-1.3.0.aar (androidx.camera:camera-lifecycle:1.3.0) with ExtractAarTransform
Transforming camera-lifecycle-1.3.0.aar (androidx.camera:camera-lifecycle:1.3.0) with AarResourcesCompilerTransform
Transforming camera-camera2-1.3.0.aar (androidx.camera:camera-camera2:1.3.0) with ExtractAarTransform
Transforming camera-camera2-1.3.0.aar (androidx.camera:camera-camera2:1.3.0) with AarResourcesCompilerTransform
Transforming camera-view-1.3.0.aar (androidx.camera:camera-view:1.3.0) with ExtractAarTransform
Transforming camera-view-1.3.0.aar (androidx.camera:camera-view:1.3.0) with AarResourcesCompilerTransform
Transforming coil-compose-2.5.0.aar (io.coil-kt:coil-compose:2.5.0) with ExtractAarTransform
Transforming coil-compose-2.5.0.aar (io.coil-kt:coil-compose:2.5.0) with AarResourcesCompilerTransform
Transforming coil-compose-base-2.5.0.aar (io.coil-kt:coil-compose-base:2.5.0) with ExtractAarTransform
Transforming coil-compose-base-2.5.0.aar (io.coil-kt:coil-compose-base:2.5.0) with AarResourcesCompilerTransform
Transforming coil-2.5.0.aar (io.coil-kt:coil:2.5.0) with ExtractAarTransform
Transforming coil-2.5.0.aar (io.coil-kt:coil:2.5.0) with AarResourcesCompilerTransform
Transforming coil-base-2.5.0.aar (io.coil-kt:coil-base:2.5.0) with ExtractAarTransform
Transforming coil-base-2.5.0.aar (io.coil-kt:coil-base:2.5.0) with AarResourcesCompilerTransform
Transforming appcompat-resources-1.6.1.aar (androidx.appcompat:appcompat-resources:1.6.1) with ExtractAarTransform
Transforming appcompat-resources-1.6.1.aar (androidx.appcompat:appcompat-resources:1.6.1) with AarResourcesCompilerTransform
Transforming appcompat-1.6.1.aar (androidx.appcompat:appcompat:1.6.1) with ExtractAarTransform
Transforming appcompat-1.6.1.aar (androidx.appcompat:appcompat:1.6.1) with AarResourcesCompilerTransform
Transforming fragment-1.5.1.aar (androidx.fragment:fragment:1.5.1) with ExtractAarTransform
Transforming fragment-1.5.1.aar (androidx.fragment:fragment:1.5.1) with AarResourcesCompilerTransform
Transforming fragment-1.5.1.aar (androidx.fragment:fragment:1.5.1) with ExtractAarTransform
Transforming fragment-1.5.1.aar (androidx.fragment:fragment:1.5.1) with AarResourcesCompilerTransform
Transforming accompanist-drawablepainter-0.32.0.aar (com.google.accompanist:accompanist-drawablepainter:0.32.0) with ExtractAarTransform
Transforming accompanist-drawablepainter-0.32.0.aar (com.google.accompanist:accompanist-drawablepainter:0.32.0) with AarResourcesCompilerTransform
Transforming navigationevent.aar (androidx.navigationevent:navigationevent-android:1.0.1) with ExtractAarTransform
Transforming navigationevent.aar (androidx.navigationevent:navigationevent-android:1.0.1) with AarResourcesCompilerTransform
Transforming navigationevent-compose.aar (androidx.navigationevent:navigationevent-compose-android:1.0.1) with ExtractAarTransform
Transforming navigationevent-compose.aar (androidx.navigationevent:navigationevent-compose-android:1.0.1) with AarResourcesCompilerTransform
Transforming material-icons-extended-release.aar (androidx.compose.material:material-icons-extended-android:1.7.0) with ExtractAarTransform
Transforming material-icons-extended-release.aar (androidx.compose.material:material-icons-extended-android:1.7.0) with AarResourcesCompilerTransform
Transforming material3-release.aar (androidx.compose.material3:material3-android:1.3.0) with ExtractAarTransform
Transforming material3-release.aar (androidx.compose.material3:material3-android:1.3.0) with AarResourcesCompilerTransform
Transforming material-ripple-release.aar (androidx.compose.material:material-ripple-android:1.7.0) with ExtractAarTransform
Transforming material-ripple-release.aar (androidx.compose.material:material-ripple-android:1.7.0) with AarResourcesCompilerTransform
Transforming ui-tooling-data.aar (androidx.compose.ui:ui-tooling-data-android:1.9.2) with ExtractAarTransform
Transforming ui-tooling-data.aar (androidx.compose.ui:ui-tooling-data-android:1.9.2) with AarResourcesCompilerTransform
Transforming ui-tooling-preview.aar (androidx.compose.ui:ui-tooling-preview-android:1.9.2) with ExtractAarTransform
Transforming ui-tooling-preview.aar (androidx.compose.ui:ui-tooling-preview-android:1.9.2) with AarResourcesCompilerTransform
Transforming foundation-release.aar (androidx.compose.foundation:foundation-android:1.9.2) with ExtractAarTransform
Transforming foundation-release.aar (androidx.compose.foundation:foundation-android:1.9.2) with AarResourcesCompilerTransform
Transforming foundation-layout.aar (androidx.compose.foundation:foundation-layout-android:1.9.2) with ExtractAarTransform
Transforming foundation-layout.aar (androidx.compose.foundation:foundation-layout-android:1.9.2) with AarResourcesCompilerTransform
Transforming animation-core.aar (androidx.compose.animation:animation-core-android:1.9.2) with ExtractAarTransform
Transforming animation-core.aar (androidx.compose.animation:animation-core-android:1.9.2) with AarResourcesCompilerTransform
Transforming animation.aar (androidx.compose.animation:animation-android:1.9.2) with ExtractAarTransform
Transforming animation.aar (androidx.compose.animation:animation-android:1.9.2) with AarResourcesCompilerTransform
Transforming ui-util.aar (androidx.compose.ui:ui-util-android:1.9.2) with ExtractAarTransform
Transforming ui-util.aar (androidx.compose.ui:ui-util-android:1.9.2) with AarResourcesCompilerTransform
Transforming ui-unit.aar (androidx.compose.ui:ui-unit-android:1.9.2) with ExtractAarTransform
Transforming ui-unit.aar (androidx.compose.ui:ui-unit-android:1.9.2) with AarResourcesCompilerTransform
Transforming ui-text.aar (androidx.compose.ui:ui-text-android:1.9.2) with ExtractAarTransform
Transforming ui-text.aar (androidx.compose.ui:ui-text-android:1.9.2) with AarResourcesCompilerTransform
Transforming ui-graphics-release.aar (androidx.compose.ui:ui-graphics-android:1.9.2) with ExtractAarTransform
Transforming ui-graphics-release.aar (androidx.compose.ui:ui-graphics-android:1.9.2) with AarResourcesCompilerTransform
Transforming ui-geometry.aar (androidx.compose.ui:ui-geometry-android:1.9.2) with ExtractAarTransform
Transforming ui-geometry.aar (androidx.compose.ui:ui-geometry-android:1.9.2) with AarResourcesCompilerTransform
Transforming ui-test-manifest-1.9.2.aar (androidx.compose.ui:ui-test-manifest:1.9.2) with ExtractAarTransform
Transforming ui-test-manifest-1.9.2.aar (androidx.compose.ui:ui-test-manifest:1.9.2) with AarResourcesCompilerTransform
Transforming ui-tooling.aar (androidx.compose.ui:ui-tooling-android:1.9.2) with ExtractAarTransform
Transforming ui-tooling.aar (androidx.compose.ui:ui-tooling-android:1.9.2) with AarResourcesCompilerTransform
Transforming material-release.aar (androidx.compose.material:material-android:1.7.0) with ExtractAarTransform
Transforming material-release.aar (androidx.compose.material:material-android:1.7.0) with AarResourcesCompilerTransform
Transforming material-icons-core-release.aar (androidx.compose.material:material-icons-core-android:1.7.0) with ExtractAarTransform
Transforming material-icons-core-release.aar (androidx.compose.material:material-icons-core-android:1.7.0) with AarResourcesCompilerTransform
Transforming loader-1.0.0.aar (androidx.loader:loader:1.0.0) with ExtractAarTransform
Transforming loader-1.0.0.aar (androidx.loader:loader:1.0.0) with AarResourcesCompilerTransform
Transforming viewpager-1.0.0.aar (androidx.viewpager:viewpager:1.0.0) with ExtractAarTransform
Transforming viewpager-1.0.0.aar (androidx.viewpager:viewpager:1.0.0) with AarResourcesCompilerTransform
Transforming drawerlayout-1.0.0.aar (androidx.drawerlayout:drawerlayout:1.0.0) with ExtractAarTransform
Transforming drawerlayout-1.0.0.aar (androidx.drawerlayout:drawerlayout:1.0.0) with AarResourcesCompilerTransform
Transforming customview-1.0.0.aar (androidx.customview:customview:1.0.0) with ExtractAarTransform
Transforming customview-1.0.0.aar (androidx.customview:customview:1.0.0) with AarResourcesCompilerTransform
Transforming vectordrawable-animated-1.1.0.aar (androidx.vectordrawable:vectordrawable-animated:1.1.0) with ExtractAarTransform
Transforming vectordrawable-animated-1.1.0.aar (androidx.vectordrawable:vectordrawable-animated:1.1.0) with AarResourcesCompilerTransform
Transforming vectordrawable-1.1.0.aar (androidx.vectordrawable:vectordrawable:1.1.0) with ExtractAarTransform
Transforming vectordrawable-1.1.0.aar (androidx.vectordrawable:vectordrawable:1.1.0) with AarResourcesCompilerTransform
Transforming vectordrawable-1.1.0.aar (androidx.vectordrawable:vectordrawable:1.1.0) with ExtractAarTransform
Transforming vectordrawable-1.1.0.aar (androidx.vectordrawable:vectordrawable:1.1.0) with AarResourcesCompilerTransform
Transforming autofill-1.0.0.aar (androidx.autofill:autofill:1.0.0) with ExtractAarTransform
Transforming autofill-1.0.0.aar (androidx.autofill:autofill:1.0.0) with AarResourcesCompilerTransform
Transforming graphics-path-1.0.1.aar (androidx.graphics:graphics-path:1.0.1) with ExtractAarTransform
Transforming graphics-path-1.0.1.aar (androidx.graphics:graphics-path:1.0.1) with AarResourcesCompilerTransform
Transforming emoji2-views-helper-1.4.0.aar (androidx.emoji2:emoji2-views-helper:1.4.0) with ExtractAarTransform
Transforming emoji2-views-helper-1.4.0.aar (androidx.emoji2:emoji2-views-helper:1.4.0) with AarResourcesCompilerTransform
Transforming emoji2-1.4.0.aar (androidx.emoji2:emoji2:1.4.0) with ExtractAarTransform
Transforming emoji2-1.4.0.aar (androidx.emoji2:emoji2:1.4.0) with AarResourcesCompilerTransform
Transforming core-1.17.0.aar (androidx.core:core:1.17.0) with ExtractAarTransform
Transforming core-1.17.0.aar (androidx.core:core:1.17.0) with AarResourcesCompilerTransform
Transforming core-1.17.0.aar (androidx.core:core:1.17.0) with ExtractAarTransform
Transforming core-1.17.0.aar (androidx.core:core:1.17.0) with AarResourcesCompilerTransform
Transforming lifecycle-process-2.10.0.aar (androidx.lifecycle:lifecycle-process:2.10.0) with ExtractAarTransform
Transforming lifecycle-process-2.10.0.aar (androidx.lifecycle:lifecycle-process:2.10.0) with AarResourcesCompilerTransform
Transforming lifecycle-viewmodel-ktx-2.10.0.aar (androidx.lifecycle:lifecycle-viewmodel-ktx:2.10.0) with ExtractAarTransform
Transforming lifecycle-viewmodel-ktx-2.10.0.aar (androidx.lifecycle:lifecycle-viewmodel-ktx:2.10.0) with AarResourcesCompilerTransform
Transforming lifecycle-viewmodel-savedstate.aar (androidx.lifecycle:lifecycle-viewmodel-savedstate-android:2.10.0) with ExtractAarTransform
Transforming lifecycle-viewmodel-savedstate.aar (androidx.lifecycle:lifecycle-viewmodel-savedstate-android:2.10.0) with AarResourcesCompilerTransform
Transforming lifecycle-viewmodel-2.10.0.aar (androidx.lifecycle:lifecycle-viewmodel:2.10.0) with ExtractAarTransform
Transforming lifecycle-viewmodel-2.10.0.aar (androidx.lifecycle:lifecycle-viewmodel:2.10.0) with AarResourcesCompilerTransform
Transforming lifecycle-viewmodel.aar (androidx.lifecycle:lifecycle-viewmodel-android:2.10.0) with ExtractAarTransform
Transforming lifecycle-viewmodel.aar (androidx.lifecycle:lifecycle-viewmodel-android:2.10.0) with AarResourcesCompilerTransform
Transforming savedstate-ktx-1.4.0.aar (androidx.savedstate:savedstate-ktx:1.4.0) with ExtractAarTransform
Transforming savedstate-ktx-1.4.0.aar (androidx.savedstate:savedstate-ktx:1.4.0) with AarResourcesCompilerTransform
Transforming savedstate.aar (androidx.savedstate:savedstate-android:1.4.0) with ExtractAarTransform
Transforming savedstate.aar (androidx.savedstate:savedstate-android:1.4.0) with AarResourcesCompilerTransform
Transforming savedstate-compose.aar (androidx.savedstate:savedstate-compose-android:1.4.0) with ExtractAarTransform
Transforming savedstate-compose.aar (androidx.savedstate:savedstate-compose-android:1.4.0) with AarResourcesCompilerTransform
Transforming runtime.aar (androidx.compose.runtime:runtime-android:1.9.2) with ExtractAarTransform
Transforming runtime.aar (androidx.compose.runtime:runtime-android:1.9.2) with AarResourcesCompilerTransform
Transforming runtime-annotation.aar (androidx.compose.runtime:runtime-annotation-android:1.9.2) with ExtractAarTransform
Transforming runtime-annotation.aar (androidx.compose.runtime:runtime-annotation-android:1.9.2) with AarResourcesCompilerTransform
Transforming runtime-saveable.aar (androidx.compose.runtime:runtime-saveable-android:1.9.2) with ExtractAarTransform
Transforming runtime-saveable.aar (androidx.compose.runtime:runtime-saveable-android:1.9.2) with AarResourcesCompilerTransform
Transforming lifecycle-runtime-compose.aar (androidx.lifecycle:lifecycle-runtime-compose-android:2.10.0) with ExtractAarTransform
Transforming lifecycle-runtime-compose.aar (androidx.lifecycle:lifecycle-runtime-compose-android:2.10.0) with AarResourcesCompilerTransform
Transforming lifecycle-livedata-core-ktx-2.10.0.aar (androidx.lifecycle:lifecycle-livedata-core-ktx:2.10.0) with ExtractAarTransform
Transforming lifecycle-livedata-core-ktx-2.10.0.aar (androidx.lifecycle:lifecycle-livedata-core-ktx:2.10.0) with AarResourcesCompilerTransform
Transforming lifecycle-runtime.aar (androidx.lifecycle:lifecycle-runtime-android:2.10.0) with ExtractAarTransform
Transforming lifecycle-runtime.aar (androidx.lifecycle:lifecycle-runtime-android:2.10.0) with AarResourcesCompilerTransform
Transforming lifecycle-livedata-core-2.10.0.aar (androidx.lifecycle:lifecycle-livedata-core:2.10.0) with ExtractAarTransform
Transforming lifecycle-livedata-core-2.10.0.aar (androidx.lifecycle:lifecycle-livedata-core:2.10.0) with AarResourcesCompilerTransform
Transforming lifecycle-livedata-2.10.0.aar (androidx.lifecycle:lifecycle-livedata:2.10.0) with ExtractAarTransform
Transforming lifecycle-livedata-2.10.0.aar (androidx.lifecycle:lifecycle-livedata:2.10.0) with AarResourcesCompilerTransform
Transforming lifecycle-livedata-2.10.0.aar (androidx.lifecycle:lifecycle-livedata:2.10.0) with ExtractAarTransform
Transforming lifecycle-livedata-2.10.0.aar (androidx.lifecycle:lifecycle-livedata:2.10.0) with AarResourcesCompilerTransform
Transforming lifecycle-runtime-ktx.aar (androidx.lifecycle:lifecycle-runtime-ktx-android:2.10.0) with ExtractAarTransform
Transforming lifecycle-runtime-ktx.aar (androidx.lifecycle:lifecycle-runtime-ktx-android:2.10.0) with AarResourcesCompilerTransform
Transforming lifecycle-viewmodel-compose.aar (androidx.lifecycle:lifecycle-viewmodel-compose-android:2.10.0) with ExtractAarTransform
Transforming lifecycle-viewmodel-compose.aar (androidx.lifecycle:lifecycle-viewmodel-compose-android:2.10.0) with AarResourcesCompilerTransform
Transforming ui-release.aar (androidx.compose.ui:ui-android:1.9.2) with ExtractAarTransform
Transforming ui-release.aar (androidx.compose.ui:ui-android:1.9.2) with AarResourcesCompilerTransform
Transforming activity-ktx-1.12.2.aar (androidx.activity:activity-ktx:1.12.2) with ExtractAarTransform
Transforming activity-ktx-1.12.2.aar (androidx.activity:activity-ktx:1.12.2) with AarResourcesCompilerTransform
Transforming activity-1.12.2.aar (androidx.activity:activity:1.12.2) with ExtractAarTransform
Transforming activity-1.12.2.aar (androidx.activity:activity:1.12.2) with AarResourcesCompilerTransform
Transforming activity-compose-1.12.2.aar (androidx.activity:activity-compose:1.12.2) with ExtractAarTransform
Transforming activity-compose-1.12.2.aar (androidx.activity:activity-compose:1.12.2) with AarResourcesCompilerTransform
Transforming customview-poolingcontainer-1.0.0.aar (androidx.customview:customview-poolingcontainer:1.0.0) with ExtractAarTransform
Transforming customview-poolingcontainer-1.0.0.aar (androidx.customview:customview-poolingcontainer:1.0.0) with AarResourcesCompilerTransform
Transforming core-ktx-1.17.0.aar (androidx.core:core-ktx:1.17.0) with ExtractAarTransform
Transforming core-ktx-1.17.0.aar (androidx.core:core-ktx:1.17.0) with AarResourcesCompilerTransform
Transforming sqlite-framework-2.4.0.aar (androidx.sqlite:sqlite-framework:2.4.0) with ExtractAarTransform
Transforming sqlite-framework-2.4.0.aar (androidx.sqlite:sqlite-framework:2.4.0) with AarResourcesCompilerTransform
Transforming sqlite-2.4.0.aar (androidx.sqlite:sqlite:2.4.0) with ExtractAarTransform
Transforming sqlite-2.4.0.aar (androidx.sqlite:sqlite:2.4.0) with AarResourcesCompilerTransform
Transforming annotation-experimental-1.4.1.aar (androidx.annotation:annotation-experimental:1.4.1) with ExtractAarTransform
Transforming annotation-experimental-1.4.1.aar (androidx.annotation:annotation-experimental:1.4.1) with AarResourcesCompilerTransform
Transforming core-viewtree-1.0.0.aar (androidx.core:core-viewtree:1.0.0) with ExtractAarTransform
Transforming core-viewtree-1.0.0.aar (androidx.core:core-viewtree:1.0.0) with AarResourcesCompilerTransform
Transforming core-runtime-2.2.0.aar (androidx.arch.core:core-runtime:2.2.0) with ExtractAarTransform
Transforming core-runtime-2.2.0.aar (androidx.arch.core:core-runtime:2.2.0) with AarResourcesCompilerTransform
Transforming transport-backend-cct-2.3.3.aar (com.google.android.datatransport:transport-backend-cct:2.3.3) with ExtractAarTransform
Transforming transport-backend-cct-2.3.3.aar (com.google.android.datatransport:transport-backend-cct:2.3.3) with AarResourcesCompilerTransform
Transforming transport-runtime-2.2.6.aar (com.google.android.datatransport:transport-runtime:2.2.6) with ExtractAarTransform
Transforming transport-runtime-2.2.6.aar (com.google.android.datatransport:transport-runtime:2.2.6) with AarResourcesCompilerTransform
Transforming transport-api-2.2.1.aar (com.google.android.datatransport:transport-api:2.2.1) with ExtractAarTransform
Transforming transport-api-2.2.1.aar (com.google.android.datatransport:transport-api:2.2.1) with AarResourcesCompilerTransform
Transforming firebase-components-16.1.0.aar (com.google.firebase:firebase-components:16.1.0) with ExtractAarTransform
Transforming firebase-components-16.1.0.aar (com.google.firebase:firebase-components:16.1.0) with AarResourcesCompilerTransform
Transforming firebase-encoders-json-17.1.0.aar (com.google.firebase:firebase-encoders-json:17.1.0) with ExtractAarTransform
Transforming firebase-encoders-json-17.1.0.aar (com.google.firebase:firebase-encoders-json:17.1.0) with AarResourcesCompilerTransform
Transforming interpolator-1.0.0.aar (androidx.interpolator:interpolator:1.0.0) with ExtractAarTransform
Transforming interpolator-1.0.0.aar (androidx.interpolator:interpolator:1.0.0) with AarResourcesCompilerTransform
Transforming interpolator-1.0.0.aar (androidx.interpolator:interpolator:1.0.0) with ExtractAarTransform
Transforming interpolator-1.0.0.aar (androidx.interpolator:interpolator:1.0.0) with AarResourcesCompilerTransform
Transforming profileinstaller-1.4.0.aar (androidx.profileinstaller:profileinstaller:1.4.0) with ExtractAarTransform
Transforming profileinstaller-1.4.0.aar (androidx.profileinstaller:profileinstaller:1.4.0) with AarResourcesCompilerTransform
Transforming startup-runtime-1.1.1.aar (androidx.startup:startup-runtime:1.1.1) with ExtractAarTransform
Transforming startup-runtime-1.1.1.aar (androidx.startup:startup-runtime:1.1.1) with AarResourcesCompilerTransform
Transforming tracing-1.2.0.aar (androidx.tracing:tracing:1.2.0) with ExtractAarTransform
Transforming tracing-1.2.0.aar (androidx.tracing:tracing:1.2.0) with AarResourcesCompilerTransform
Transforming versionedparcelable-1.1.1.aar (androidx.versionedparcelable:versionedparcelable:1.1.1) with ExtractAarTransform
Transforming versionedparcelable-1.1.1.aar (androidx.versionedparcelable:versionedparcelable:1.1.1) with AarResourcesCompilerTransform
Transforming exifinterface-1.3.6.aar (androidx.exifinterface:exifinterface:1.3.6) with ExtractAarTransform
Transforming exifinterface-1.3.6.aar (androidx.exifinterface:exifinterface:1.3.6) with AarResourcesCompilerTransform
Transforming exifinterface-1.3.6.aar (androidx.exifinterface:exifinterface:1.3.6) with ExtractAarTransform
Transforming exifinterface-1.3.6.aar (androidx.exifinterface:exifinterface:1.3.6) with AarResourcesCompilerTransform
Transforming cursoradapter-1.0.0.aar (androidx.cursoradapter:cursoradapter:1.0.0) with ExtractAarTransform
Transforming cursoradapter-1.0.0.aar (androidx.cursoradapter:cursoradapter:1.0.0) with AarResourcesCompilerTransform
Transforming dagger-lint-aar-2.51.1.aar (com.google.dagger:dagger-lint-aar:2.51.1) with ExtractAarTransform
Transforming dagger-lint-aar-2.51.1.aar (com.google.dagger:dagger-lint-aar:2.51.1) with AarResourcesCompilerTransform
Transforming image-1.0.0-beta1.aar (com.google.android.odml:image:1.0.0-beta1) with ExtractAarTransform
Transforming image-1.0.0-beta1.aar (com.google.android.odml:image:1.0.0-beta1) with AarResourcesCompilerTransform
Transforming benchmark-traceprocessor.aar (androidx.benchmark:benchmark-traceprocessor-android:1.4.1) with ExtractAarTransform
Transforming benchmark-traceprocessor.aar (androidx.benchmark:benchmark-traceprocessor-android:1.4.1) with LibrarySymbolTableTransform
Transforming core-splashscreen-1.0.1.aar (androidx.core:core-splashscreen:1.0.1) with ExtractAarTransform
Transforming core-splashscreen-1.0.1.aar (androidx.core:core-splashscreen:1.0.1) with LibrarySymbolTableTransform
Transforming hilt-navigation-compose-1.2.0.aar (androidx.hilt:hilt-navigation-compose:1.2.0) with ExtractAarTransform
Transforming hilt-navigation-compose-1.2.0.aar (androidx.hilt:hilt-navigation-compose:1.2.0) with LibrarySymbolTableTransform
Transforming hilt-navigation-1.2.0.aar (androidx.hilt:hilt-navigation:1.2.0) with ExtractAarTransform
Transforming hilt-navigation-1.2.0.aar (androidx.hilt:hilt-navigation:1.2.0) with LibrarySymbolTableTransform
Transforming hilt-android-2.51.1.aar (com.google.dagger:hilt-android:2.51.1) with ExtractAarTransform
Transforming hilt-android-2.51.1.aar (com.google.dagger:hilt-android:2.51.1) with LibrarySymbolTableTransform
Transforming room-runtime-2.6.0.aar (androidx.room:room-runtime:2.6.0) with ExtractAarTransform
Transforming room-runtime-2.6.0.aar (androidx.room:room-runtime:2.6.0) with LibrarySymbolTableTransform
Transforming room-ktx-2.6.0.aar (androidx.room:room-ktx:2.6.0) with ExtractAarTransform
Transforming room-ktx-2.6.0.aar (androidx.room:room-ktx:2.6.0) with LibrarySymbolTableTransform
Transforming navigation-runtime-release.aar (androidx.navigation:navigation-runtime-android:2.9.7) with ExtractAarTransform
Transforming navigation-runtime-release.aar (androidx.navigation:navigation-runtime-android:2.9.7) with LibrarySymbolTableTransform
Transforming navigation-common-release.aar (androidx.navigation:navigation-common-android:2.9.7) with ExtractAarTransform
Transforming navigation-common-release.aar (androidx.navigation:navigation-common-android:2.9.7) with LibrarySymbolTableTransform
Transforming navigation-compose-release.aar (androidx.navigation:navigation-compose-android:2.9.7) with ExtractAarTransform
Transforming navigation-compose-release.aar (androidx.navigation:navigation-compose-android:2.9.7) with LibrarySymbolTableTransform
Transforming barcode-scanning-17.2.0.aar (com.google.mlkit:barcode-scanning:17.2.0) with ExtractAarTransform
Transforming barcode-scanning-17.2.0.aar (com.google.mlkit:barcode-scanning:17.2.0) with LibrarySymbolTableTransform
Transforming play-services-mlkit-barcode-scanning-18.3.0.aar (com.google.android.gms:play-services-mlkit-barcode-scanning:18.3.0) with ExtractAarTransform
Transforming play-services-mlkit-barcode-scanning-18.3.0.aar (com.google.android.gms:play-services-mlkit-barcode-scanning:18.3.0) with LibrarySymbolTableTransform
Transforming barcode-scanning-common-17.0.0.aar (com.google.mlkit:barcode-scanning-common:17.0.0) with ExtractAarTransform
Transforming barcode-scanning-common-17.0.0.aar (com.google.mlkit:barcode-scanning-common:17.0.0) with LibrarySymbolTableTransform
Transforming vision-common-17.3.0.aar (com.google.mlkit:vision-common:17.3.0) with ExtractAarTransform
Transforming vision-common-17.3.0.aar (com.google.mlkit:vision-common:17.3.0) with LibrarySymbolTableTransform
Transforming common-18.9.0.aar (com.google.mlkit:common:18.9.0) with ExtractAarTransform
Transforming common-18.9.0.aar (com.google.mlkit:common:18.9.0) with LibrarySymbolTableTransform
Transforming play-services-base-18.1.0.aar (com.google.android.gms:play-services-base:18.1.0) with ExtractAarTransform
Transforming play-services-base-18.1.0.aar (com.google.android.gms:play-services-base:18.1.0) with LibrarySymbolTableTransform
Transforming vision-interfaces-16.2.0.aar (com.google.mlkit:vision-interfaces:16.2.0) with ExtractAarTransform
Transforming vision-interfaces-16.2.0.aar (com.google.mlkit:vision-interfaces:16.2.0) with LibrarySymbolTableTransform
Transforming play-services-tasks-18.0.2.aar (com.google.android.gms:play-services-tasks:18.0.2) with ExtractAarTransform
Transforming play-services-tasks-18.0.2.aar (com.google.android.gms:play-services-tasks:18.0.2) with LibrarySymbolTableTransform
Transforming play-services-basement-18.1.0.aar (com.google.android.gms:play-services-basement:18.1.0) with ExtractAarTransform
Transforming play-services-basement-18.1.0.aar (com.google.android.gms:play-services-basement:18.1.0) with LibrarySymbolTableTransform
Transforming camera-video-1.3.0.aar (androidx.camera:camera-video:1.3.0) with ExtractAarTransform
Transforming camera-video-1.3.0.aar (androidx.camera:camera-video:1.3.0) with LibrarySymbolTableTransform
Transforming camera-core-1.3.0.aar (androidx.camera:camera-core:1.3.0) with ExtractAarTransform
Transforming camera-core-1.3.0.aar (androidx.camera:camera-core:1.3.0) with LibrarySymbolTableTransform
Transforming camera-lifecycle-1.3.0.aar (androidx.camera:camera-lifecycle:1.3.0) with ExtractAarTransform
Transforming camera-lifecycle-1.3.0.aar (androidx.camera:camera-lifecycle:1.3.0) with LibrarySymbolTableTransform
Transforming camera-camera2-1.3.0.aar (androidx.camera:camera-camera2:1.3.0) with ExtractAarTransform
Transforming camera-camera2-1.3.0.aar (androidx.camera:camera-camera2:1.3.0) with LibrarySymbolTableTransform
Transforming camera-view-1.3.0.aar (androidx.camera:camera-view:1.3.0) with ExtractAarTransform
Transforming camera-view-1.3.0.aar (androidx.camera:camera-view:1.3.0) with LibrarySymbolTableTransform
Transforming coil-compose-2.5.0.aar (io.coil-kt:coil-compose:2.5.0) with ExtractAarTransform
Transforming coil-compose-2.5.0.aar (io.coil-kt:coil-compose:2.5.0) with LibrarySymbolTableTransform
Transforming coil-compose-base-2.5.0.aar (io.coil-kt:coil-compose-base:2.5.0) with ExtractAarTransform
Transforming coil-compose-base-2.5.0.aar (io.coil-kt:coil-compose-base:2.5.0) with LibrarySymbolTableTransform
Transforming coil-2.5.0.aar (io.coil-kt:coil:2.5.0) with ExtractAarTransform
Transforming coil-2.5.0.aar (io.coil-kt:coil:2.5.0) with LibrarySymbolTableTransform
Transforming coil-base-2.5.0.aar (io.coil-kt:coil-base:2.5.0) with ExtractAarTransform
Transforming coil-base-2.5.0.aar (io.coil-kt:coil-base:2.5.0) with LibrarySymbolTableTransform
Transforming appcompat-resources-1.6.1.aar (androidx.appcompat:appcompat-resources:1.6.1) with ExtractAarTransform
Transforming appcompat-resources-1.6.1.aar (androidx.appcompat:appcompat-resources:1.6.1) with LibrarySymbolTableTransform
Transforming appcompat-1.6.1.aar (androidx.appcompat:appcompat:1.6.1) with ExtractAarTransform
Transforming appcompat-1.6.1.aar (androidx.appcompat:appcompat:1.6.1) with LibrarySymbolTableTransform
Transforming fragment-1.5.1.aar (androidx.fragment:fragment:1.5.1) with ExtractAarTransform
Transforming fragment-1.5.1.aar (androidx.fragment:fragment:1.5.1) with LibrarySymbolTableTransform
Transforming fragment-1.5.1.aar (androidx.fragment:fragment:1.5.1) with ExtractAarTransform
Transforming fragment-1.5.1.aar (androidx.fragment:fragment:1.5.1) with LibrarySymbolTableTransform
Transforming accompanist-drawablepainter-0.32.0.aar (com.google.accompanist:accompanist-drawablepainter:0.32.0) with ExtractAarTransform
Transforming accompanist-drawablepainter-0.32.0.aar (com.google.accompanist:accompanist-drawablepainter:0.32.0) with LibrarySymbolTableTransform
Transforming navigationevent.aar (androidx.navigationevent:navigationevent-android:1.0.1) with ExtractAarTransform
Transforming navigationevent.aar (androidx.navigationevent:navigationevent-android:1.0.1) with LibrarySymbolTableTransform
Transforming navigationevent-compose.aar (androidx.navigationevent:navigationevent-compose-android:1.0.1) with ExtractAarTransform
Transforming navigationevent-compose.aar (androidx.navigationevent:navigationevent-compose-android:1.0.1) with LibrarySymbolTableTransform
Transforming material-icons-extended-release.aar (androidx.compose.material:material-icons-extended-android:1.7.0) with ExtractAarTransform
Transforming material-icons-extended-release.aar (androidx.compose.material:material-icons-extended-android:1.7.0) with LibrarySymbolTableTransform
Transforming material3-release.aar (androidx.compose.material3:material3-android:1.3.0) with ExtractAarTransform
Transforming material3-release.aar (androidx.compose.material3:material3-android:1.3.0) with LibrarySymbolTableTransform
Transforming material-ripple-release.aar (androidx.compose.material:material-ripple-android:1.7.0) with ExtractAarTransform
Transforming material-ripple-release.aar (androidx.compose.material:material-ripple-android:1.7.0) with LibrarySymbolTableTransform
Transforming ui-tooling-data.aar (androidx.compose.ui:ui-tooling-data-android:1.9.2) with ExtractAarTransform
Transforming ui-tooling-data.aar (androidx.compose.ui:ui-tooling-data-android:1.9.2) with LibrarySymbolTableTransform
Transforming ui-tooling-preview.aar (androidx.compose.ui:ui-tooling-preview-android:1.9.2) with ExtractAarTransform
Transforming ui-tooling-preview.aar (androidx.compose.ui:ui-tooling-preview-android:1.9.2) with LibrarySymbolTableTransform
Transforming foundation-release.aar (androidx.compose.foundation:foundation-android:1.9.2) with ExtractAarTransform
Transforming foundation-release.aar (androidx.compose.foundation:foundation-android:1.9.2) with LibrarySymbolTableTransform
Transforming foundation-layout.aar (androidx.compose.foundation:foundation-layout-android:1.9.2) with ExtractAarTransform
Transforming foundation-layout.aar (androidx.compose.foundation:foundation-layout-android:1.9.2) with LibrarySymbolTableTransform
Transforming animation-core.aar (androidx.compose.animation:animation-core-android:1.9.2) with ExtractAarTransform
Transforming animation-core.aar (androidx.compose.animation:animation-core-android:1.9.2) with LibrarySymbolTableTransform
Transforming animation.aar (androidx.compose.animation:animation-android:1.9.2) with ExtractAarTransform
Transforming animation.aar (androidx.compose.animation:animation-android:1.9.2) with LibrarySymbolTableTransform
Transforming ui-util.aar (androidx.compose.ui:ui-util-android:1.9.2) with ExtractAarTransform
Transforming ui-util.aar (androidx.compose.ui:ui-util-android:1.9.2) with LibrarySymbolTableTransform
Transforming ui-unit.aar (androidx.compose.ui:ui-unit-android:1.9.2) with ExtractAarTransform
Transforming ui-unit.aar (androidx.compose.ui:ui-unit-android:1.9.2) with LibrarySymbolTableTransform
Transforming ui-text.aar (androidx.compose.ui:ui-text-android:1.9.2) with ExtractAarTransform
Transforming ui-text.aar (androidx.compose.ui:ui-text-android:1.9.2) with LibrarySymbolTableTransform
Transforming ui-graphics-release.aar (androidx.compose.ui:ui-graphics-android:1.9.2) with ExtractAarTransform
Transforming ui-graphics-release.aar (androidx.compose.ui:ui-graphics-android:1.9.2) with LibrarySymbolTableTransform
Transforming ui-geometry.aar (androidx.compose.ui:ui-geometry-android:1.9.2) with ExtractAarTransform
Transforming ui-geometry.aar (androidx.compose.ui:ui-geometry-android:1.9.2) with LibrarySymbolTableTransform
Transforming ui-test-manifest-1.9.2.aar (androidx.compose.ui:ui-test-manifest:1.9.2) with ExtractAarTransform
Transforming ui-test-manifest-1.9.2.aar (androidx.compose.ui:ui-test-manifest:1.9.2) with LibrarySymbolTableTransform
Transforming ui-tooling.aar (androidx.compose.ui:ui-tooling-android:1.9.2) with ExtractAarTransform
Transforming ui-tooling.aar (androidx.compose.ui:ui-tooling-android:1.9.2) with LibrarySymbolTableTransform
Transforming material-release.aar (androidx.compose.material:material-android:1.7.0) with ExtractAarTransform
Transforming material-release.aar (androidx.compose.material:material-android:1.7.0) with LibrarySymbolTableTransform
Transforming material-icons-core-release.aar (androidx.compose.material:material-icons-core-android:1.7.0) with ExtractAarTransform
Transforming material-icons-core-release.aar (androidx.compose.material:material-icons-core-android:1.7.0) with LibrarySymbolTableTransform
Transforming loader-1.0.0.aar (androidx.loader:loader:1.0.0) with ExtractAarTransform
Transforming loader-1.0.0.aar (androidx.loader:loader:1.0.0) with LibrarySymbolTableTransform
Transforming viewpager-1.0.0.aar (androidx.viewpager:viewpager:1.0.0) with ExtractAarTransform
Transforming viewpager-1.0.0.aar (androidx.viewpager:viewpager:1.0.0) with LibrarySymbolTableTransform
Transforming drawerlayout-1.0.0.aar (androidx.drawerlayout:drawerlayout:1.0.0) with ExtractAarTransform
Transforming drawerlayout-1.0.0.aar (androidx.drawerlayout:drawerlayout:1.0.0) with LibrarySymbolTableTransform
Transforming customview-1.0.0.aar (androidx.customview:customview:1.0.0) with ExtractAarTransform
Transforming customview-1.0.0.aar (androidx.customview:customview:1.0.0) with LibrarySymbolTableTransform
Transforming vectordrawable-animated-1.1.0.aar (androidx.vectordrawable:vectordrawable-animated:1.1.0) with ExtractAarTransform
Transforming vectordrawable-animated-1.1.0.aar (androidx.vectordrawable:vectordrawable-animated:1.1.0) with LibrarySymbolTableTransform
Transforming vectordrawable-1.1.0.aar (androidx.vectordrawable:vectordrawable:1.1.0) with ExtractAarTransform
Transforming vectordrawable-1.1.0.aar (androidx.vectordrawable:vectordrawable:1.1.0) with LibrarySymbolTableTransform
Transforming vectordrawable-1.1.0.aar (androidx.vectordrawable:vectordrawable:1.1.0) with ExtractAarTransform
Transforming vectordrawable-1.1.0.aar (androidx.vectordrawable:vectordrawable:1.1.0) with LibrarySymbolTableTransform
Transforming autofill-1.0.0.aar (androidx.autofill:autofill:1.0.0) with ExtractAarTransform
Transforming autofill-1.0.0.aar (androidx.autofill:autofill:1.0.0) with LibrarySymbolTableTransform
Transforming graphics-path-1.0.1.aar (androidx.graphics:graphics-path:1.0.1) with ExtractAarTransform
Transforming graphics-path-1.0.1.aar (androidx.graphics:graphics-path:1.0.1) with LibrarySymbolTableTransform
Transforming emoji2-views-helper-1.4.0.aar (androidx.emoji2:emoji2-views-helper:1.4.0) with ExtractAarTransform
Transforming emoji2-views-helper-1.4.0.aar (androidx.emoji2:emoji2-views-helper:1.4.0) with LibrarySymbolTableTransform
Transforming emoji2-1.4.0.aar (androidx.emoji2:emoji2:1.4.0) with ExtractAarTransform
Transforming emoji2-1.4.0.aar (androidx.emoji2:emoji2:1.4.0) with LibrarySymbolTableTransform
Transforming core-1.17.0.aar (androidx.core:core:1.17.0) with ExtractAarTransform
Transforming core-1.17.0.aar (androidx.core:core:1.17.0) with LibrarySymbolTableTransform
Transforming core-1.17.0.aar (androidx.core:core:1.17.0) with ExtractAarTransform
Transforming core-1.17.0.aar (androidx.core:core:1.17.0) with LibrarySymbolTableTransform
Transforming lifecycle-process-2.10.0.aar (androidx.lifecycle:lifecycle-process:2.10.0) with ExtractAarTransform
Transforming lifecycle-process-2.10.0.aar (androidx.lifecycle:lifecycle-process:2.10.0) with LibrarySymbolTableTransform
Transforming lifecycle-viewmodel-ktx-2.10.0.aar (androidx.lifecycle:lifecycle-viewmodel-ktx:2.10.0) with ExtractAarTransform
Transforming lifecycle-viewmodel-ktx-2.10.0.aar (androidx.lifecycle:lifecycle-viewmodel-ktx:2.10.0) with LibrarySymbolTableTransform
Transforming lifecycle-viewmodel-savedstate.aar (androidx.lifecycle:lifecycle-viewmodel-savedstate-android:2.10.0) with ExtractAarTransform
Transforming lifecycle-viewmodel-savedstate.aar (androidx.lifecycle:lifecycle-viewmodel-savedstate-android:2.10.0) with LibrarySymbolTableTransform
Transforming lifecycle-viewmodel-2.10.0.aar (androidx.lifecycle:lifecycle-viewmodel:2.10.0) with ExtractAarTransform
Transforming lifecycle-viewmodel-2.10.0.aar (androidx.lifecycle:lifecycle-viewmodel:2.10.0) with LibrarySymbolTableTransform
Transforming lifecycle-viewmodel.aar (androidx.lifecycle:lifecycle-viewmodel-android:2.10.0) with ExtractAarTransform
Transforming lifecycle-viewmodel.aar (androidx.lifecycle:lifecycle-viewmodel-android:2.10.0) with LibrarySymbolTableTransform
Transforming savedstate-ktx-1.4.0.aar (androidx.savedstate:savedstate-ktx:1.4.0) with ExtractAarTransform
Transforming savedstate-ktx-1.4.0.aar (androidx.savedstate:savedstate-ktx:1.4.0) with LibrarySymbolTableTransform
Transforming savedstate.aar (androidx.savedstate:savedstate-android:1.4.0) with ExtractAarTransform
Transforming savedstate.aar (androidx.savedstate:savedstate-android:1.4.0) with LibrarySymbolTableTransform
Transforming savedstate-compose.aar (androidx.savedstate:savedstate-compose-android:1.4.0) with ExtractAarTransform
Transforming savedstate-compose.aar (androidx.savedstate:savedstate-compose-android:1.4.0) with LibrarySymbolTableTransform
Transforming runtime.aar (androidx.compose.runtime:runtime-android:1.9.2) with ExtractAarTransform
Transforming runtime.aar (androidx.compose.runtime:runtime-android:1.9.2) with LibrarySymbolTableTransform
Transforming runtime-annotation.aar (androidx.compose.runtime:runtime-annotation-android:1.9.2) with ExtractAarTransform
Transforming runtime-annotation.aar (androidx.compose.runtime:runtime-annotation-android:1.9.2) with LibrarySymbolTableTransform
Transforming runtime-saveable.aar (androidx.compose.runtime:runtime-saveable-android:1.9.2) with ExtractAarTransform
Transforming runtime-saveable.aar (androidx.compose.runtime:runtime-saveable-android:1.9.2) with LibrarySymbolTableTransform
Transforming lifecycle-runtime-compose.aar (androidx.lifecycle:lifecycle-runtime-compose-android:2.10.0) with ExtractAarTransform
Transforming lifecycle-runtime-compose.aar (androidx.lifecycle:lifecycle-runtime-compose-android:2.10.0) with LibrarySymbolTableTransform
Transforming lifecycle-livedata-core-ktx-2.10.0.aar (androidx.lifecycle:lifecycle-livedata-core-ktx:2.10.0) with ExtractAarTransform
Transforming lifecycle-livedata-core-ktx-2.10.0.aar (androidx.lifecycle:lifecycle-livedata-core-ktx:2.10.0) with LibrarySymbolTableTransform
Transforming lifecycle-runtime.aar (androidx.lifecycle:lifecycle-runtime-android:2.10.0) with ExtractAarTransform
Transforming lifecycle-runtime.aar (androidx.lifecycle:lifecycle-runtime-android:2.10.0) with LibrarySymbolTableTransform
Transforming lifecycle-livedata-core-2.10.0.aar (androidx.lifecycle:lifecycle-livedata-core:2.10.0) with ExtractAarTransform
Transforming lifecycle-livedata-core-2.10.0.aar (androidx.lifecycle:lifecycle-livedata-core:2.10.0) with LibrarySymbolTableTransform
Transforming lifecycle-livedata-2.10.0.aar (androidx.lifecycle:lifecycle-livedata:2.10.0) with ExtractAarTransform
Transforming lifecycle-livedata-2.10.0.aar (androidx.lifecycle:lifecycle-livedata:2.10.0) with LibrarySymbolTableTransform
Transforming lifecycle-livedata-2.10.0.aar (androidx.lifecycle:lifecycle-livedata:2.10.0) with ExtractAarTransform
Transforming lifecycle-livedata-2.10.0.aar (androidx.lifecycle:lifecycle-livedata:2.10.0) with LibrarySymbolTableTransform
Transforming lifecycle-runtime-ktx.aar (androidx.lifecycle:lifecycle-runtime-ktx-android:2.10.0) with ExtractAarTransform
Transforming lifecycle-runtime-ktx.aar (androidx.lifecycle:lifecycle-runtime-ktx-android:2.10.0) with LibrarySymbolTableTransform
Transforming lifecycle-viewmodel-compose.aar (androidx.lifecycle:lifecycle-viewmodel-compose-android:2.10.0) with ExtractAarTransform
Transforming lifecycle-viewmodel-compose.aar (androidx.lifecycle:lifecycle-viewmodel-compose-android:2.10.0) with LibrarySymbolTableTransform
Transforming ui-release.aar (androidx.compose.ui:ui-android:1.9.2) with ExtractAarTransform
Transforming ui-release.aar (androidx.compose.ui:ui-android:1.9.2) with LibrarySymbolTableTransform
Transforming activity-ktx-1.12.2.aar (androidx.activity:activity-ktx:1.12.2) with ExtractAarTransform
Transforming activity-ktx-1.12.2.aar (androidx.activity:activity-ktx:1.12.2) with LibrarySymbolTableTransform
Transforming activity-1.12.2.aar (androidx.activity:activity:1.12.2) with ExtractAarTransform
Transforming activity-1.12.2.aar (androidx.activity:activity:1.12.2) with LibrarySymbolTableTransform
Transforming activity-compose-1.12.2.aar (androidx.activity:activity-compose:1.12.2) with ExtractAarTransform
Transforming activity-compose-1.12.2.aar (androidx.activity:activity-compose:1.12.2) with LibrarySymbolTableTransform
Transforming customview-poolingcontainer-1.0.0.aar (androidx.customview:customview-poolingcontainer:1.0.0) with ExtractAarTransform
Transforming customview-poolingcontainer-1.0.0.aar (androidx.customview:customview-poolingcontainer:1.0.0) with LibrarySymbolTableTransform
Transforming core-ktx-1.17.0.aar (androidx.core:core-ktx:1.17.0) with ExtractAarTransform
Transforming core-ktx-1.17.0.aar (androidx.core:core-ktx:1.17.0) with LibrarySymbolTableTransform
Transforming sqlite-framework-2.4.0.aar (androidx.sqlite:sqlite-framework:2.4.0) with ExtractAarTransform
Transforming sqlite-framework-2.4.0.aar (androidx.sqlite:sqlite-framework:2.4.0) with LibrarySymbolTableTransform
Transforming sqlite-2.4.0.aar (androidx.sqlite:sqlite:2.4.0) with ExtractAarTransform
Transforming sqlite-2.4.0.aar (androidx.sqlite:sqlite:2.4.0) with LibrarySymbolTableTransform
Transforming annotation-experimental-1.4.1.aar (androidx.annotation:annotation-experimental:1.4.1) with ExtractAarTransform
Transforming annotation-experimental-1.4.1.aar (androidx.annotation:annotation-experimental:1.4.1) with LibrarySymbolTableTransform
Transforming core-viewtree-1.0.0.aar (androidx.core:core-viewtree:1.0.0) with ExtractAarTransform
Transforming core-viewtree-1.0.0.aar (androidx.core:core-viewtree:1.0.0) with LibrarySymbolTableTransform
Transforming core-runtime-2.2.0.aar (androidx.arch.core:core-runtime:2.2.0) with ExtractAarTransform
Transforming core-runtime-2.2.0.aar (androidx.arch.core:core-runtime:2.2.0) with LibrarySymbolTableTransform
Transforming transport-backend-cct-2.3.3.aar (com.google.android.datatransport:transport-backend-cct:2.3.3) with ExtractAarTransform
Transforming transport-backend-cct-2.3.3.aar (com.google.android.datatransport:transport-backend-cct:2.3.3) with LibrarySymbolTableTransform
Transforming transport-runtime-2.2.6.aar (com.google.android.datatransport:transport-runtime:2.2.6) with ExtractAarTransform
Transforming transport-runtime-2.2.6.aar (com.google.android.datatransport:transport-runtime:2.2.6) with LibrarySymbolTableTransform
Transforming transport-api-2.2.1.aar (com.google.android.datatransport:transport-api:2.2.1) with ExtractAarTransform
Transforming transport-api-2.2.1.aar (com.google.android.datatransport:transport-api:2.2.1) with LibrarySymbolTableTransform
Transforming firebase-components-16.1.0.aar (com.google.firebase:firebase-components:16.1.0) with ExtractAarTransform
Transforming firebase-components-16.1.0.aar (com.google.firebase:firebase-components:16.1.0) with LibrarySymbolTableTransform
Transforming firebase-encoders-json-17.1.0.aar (com.google.firebase:firebase-encoders-json:17.1.0) with ExtractAarTransform
Transforming firebase-encoders-json-17.1.0.aar (com.google.firebase:firebase-encoders-json:17.1.0) with LibrarySymbolTableTransform
Transforming interpolator-1.0.0.aar (androidx.interpolator:interpolator:1.0.0) with ExtractAarTransform
Transforming interpolator-1.0.0.aar (androidx.interpolator:interpolator:1.0.0) with LibrarySymbolTableTransform
Transforming interpolator-1.0.0.aar (androidx.interpolator:interpolator:1.0.0) with ExtractAarTransform
Transforming interpolator-1.0.0.aar (androidx.interpolator:interpolator:1.0.0) with LibrarySymbolTableTransform
Transforming profileinstaller-1.4.0.aar (androidx.profileinstaller:profileinstaller:1.4.0) with ExtractAarTransform
Transforming profileinstaller-1.4.0.aar (androidx.profileinstaller:profileinstaller:1.4.0) with LibrarySymbolTableTransform
Transforming startup-runtime-1.1.1.aar (androidx.startup:startup-runtime:1.1.1) with ExtractAarTransform
Transforming startup-runtime-1.1.1.aar (androidx.startup:startup-runtime:1.1.1) with LibrarySymbolTableTransform
Transforming tracing-1.2.0.aar (androidx.tracing:tracing:1.2.0) with ExtractAarTransform
Transforming tracing-1.2.0.aar (androidx.tracing:tracing:1.2.0) with LibrarySymbolTableTransform
Transforming versionedparcelable-1.1.1.aar (androidx.versionedparcelable:versionedparcelable:1.1.1) with ExtractAarTransform
Transforming versionedparcelable-1.1.1.aar (androidx.versionedparcelable:versionedparcelable:1.1.1) with LibrarySymbolTableTransform
Transforming exifinterface-1.3.6.aar (androidx.exifinterface:exifinterface:1.3.6) with ExtractAarTransform
Transforming exifinterface-1.3.6.aar (androidx.exifinterface:exifinterface:1.3.6) with LibrarySymbolTableTransform
Transforming exifinterface-1.3.6.aar (androidx.exifinterface:exifinterface:1.3.6) with ExtractAarTransform
Transforming exifinterface-1.3.6.aar (androidx.exifinterface:exifinterface:1.3.6) with LibrarySymbolTableTransform
Transforming cursoradapter-1.0.0.aar (androidx.cursoradapter:cursoradapter:1.0.0) with ExtractAarTransform
Transforming cursoradapter-1.0.0.aar (androidx.cursoradapter:cursoradapter:1.0.0) with LibrarySymbolTableTransform
Transforming dagger-lint-aar-2.51.1.aar (com.google.dagger:dagger-lint-aar:2.51.1) with ExtractAarTransform
Transforming dagger-lint-aar-2.51.1.aar (com.google.dagger:dagger-lint-aar:2.51.1) with LibrarySymbolTableTransform
Transforming image-1.0.0-beta1.aar (com.google.android.odml:image:1.0.0-beta1) with ExtractAarTransform
Transforming image-1.0.0-beta1.aar (com.google.android.odml:image:1.0.0-beta1) with LibrarySymbolTableTransform
Caching disabled for task ':app:processDebugResources' because:
  Build cache is disabled
Skipping task ':app:processDebugResources' as it is up-to-date.
Resolve mutations for :app:kaptGenerateStubsDebugKotlin (Thread[#205,Execution worker,5,main]) started.
:app:kaptGenerateStubsDebugKotlin (Thread[#205,Execution worker,5,main]) started.

> Task :app:kaptGenerateStubsDebugKotlin UP-TO-DATE
Transforming benchmark-traceprocessor.aar (androidx.benchmark:benchmark-traceprocessor-android:1.4.1) with AarToClassTransform
Transforming core-splashscreen-1.0.1.aar (androidx.core:core-splashscreen:1.0.1) with AarToClassTransform
Transforming hilt-navigation-compose-1.2.0.aar (androidx.hilt:hilt-navigation-compose:1.2.0) with AarToClassTransform
Transforming hilt-navigation-1.2.0.aar (androidx.hilt:hilt-navigation:1.2.0) with AarToClassTransform
Transforming hilt-android-2.51.1.aar (com.google.dagger:hilt-android:2.51.1) with AarToClassTransform
Transforming room-runtime-2.6.0.aar (androidx.room:room-runtime:2.6.0) with AarToClassTransform
Transforming room-ktx-2.6.0.aar (androidx.room:room-ktx:2.6.0) with AarToClassTransform
Transforming navigation-runtime-release.aar (androidx.navigation:navigation-runtime-android:2.9.7) with AarToClassTransform
Transforming navigation-common-release.aar (androidx.navigation:navigation-common-android:2.9.7) with AarToClassTransform
Transforming navigation-compose-release.aar (androidx.navigation:navigation-compose-android:2.9.7) with AarToClassTransform
Transforming camera-video-1.3.0.aar (androidx.camera:camera-video:1.3.0) with AarToClassTransform
Transforming camera-view-1.3.0.aar (androidx.camera:camera-view:1.3.0) with AarToClassTransform
Transforming camera-lifecycle-1.3.0.aar (androidx.camera:camera-lifecycle:1.3.0) with AarToClassTransform
Transforming camera-camera2-1.3.0.aar (androidx.camera:camera-camera2:1.3.0) with AarToClassTransform
Transforming camera-core-1.3.0.aar (androidx.camera:camera-core:1.3.0) with AarToClassTransform
Transforming barcode-scanning-17.2.0.aar (com.google.mlkit:barcode-scanning:17.2.0) with AarToClassTransform
Transforming play-services-mlkit-barcode-scanning-18.3.0.aar (com.google.android.gms:play-services-mlkit-barcode-scanning:18.3.0) with AarToClassTransform
Transforming barcode-scanning-common-17.0.0.aar (com.google.mlkit:barcode-scanning-common:17.0.0) with AarToClassTransform
Transforming vision-common-17.3.0.aar (com.google.mlkit:vision-common:17.3.0) with AarToClassTransform
Transforming common-18.9.0.aar (com.google.mlkit:common:18.9.0) with AarToClassTransform
Transforming play-services-base-18.1.0.aar (com.google.android.gms:play-services-base:18.1.0) with AarToClassTransform
Transforming vision-interfaces-16.2.0.aar (com.google.mlkit:vision-interfaces:16.2.0) with AarToClassTransform
Transforming play-services-tasks-18.0.2.aar (com.google.android.gms:play-services-tasks:18.0.2) with AarToClassTransform
Transforming play-services-basement-18.1.0.aar (com.google.android.gms:play-services-basement:18.1.0) with AarToClassTransform
Transforming fragment-1.5.1.aar (androidx.fragment:fragment:1.5.1) with AarToClassTransform
Transforming fragment-1.5.1.aar (androidx.fragment:fragment:1.5.1) with AarToClassTransform
Transforming loader-1.0.0.aar (androidx.loader:loader:1.0.0) with AarToClassTransform
Transforming viewpager-1.0.0.aar (androidx.viewpager:viewpager:1.0.0) with AarToClassTransform
Transforming room-common-2.6.0.jar (androidx.room:room-common:2.6.0) with IdentityTransform
Transforming customview-1.0.0.aar (androidx.customview:customview:1.0.0) with AarToClassTransform
Transforming core-1.17.0.aar (androidx.core:core:1.17.0) with AarToClassTransform
Transforming core-1.17.0.aar (androidx.core:core:1.17.0) with AarToClassTransform
Transforming coil-compose-2.5.0.aar (io.coil-kt:coil-compose:2.5.0) with AarToClassTransform
Transforming coil-compose-base-2.5.0.aar (io.coil-kt:coil-compose-base:2.5.0) with AarToClassTransform
Transforming coil-2.5.0.aar (io.coil-kt:coil:2.5.0) with AarToClassTransform
Transforming coil-base-2.5.0.aar (io.coil-kt:coil-base:2.5.0) with AarToClassTransform
Transforming activity-ktx-1.12.2.aar (androidx.activity:activity-ktx:1.12.2) with AarToClassTransform
Transforming lifecycle-viewmodel-ktx-2.10.0.aar (androidx.lifecycle:lifecycle-viewmodel-ktx:2.10.0) with AarToClassTransform
Transforming lifecycle-runtime-compose.aar (androidx.lifecycle:lifecycle-runtime-compose-android:2.10.0) with AarToClassTransform
Transforming lifecycle-livedata-core-ktx-2.10.0.aar (androidx.lifecycle:lifecycle-livedata-core-ktx:2.10.0) with AarToClassTransform
Transforming lifecycle-runtime.aar (androidx.lifecycle:lifecycle-runtime-android:2.10.0) with AarToClassTransform
Transforming lifecycle-viewmodel-savedstate.aar (androidx.lifecycle:lifecycle-viewmodel-savedstate-android:2.10.0) with AarToClassTransform
Transforming lifecycle-viewmodel-2.10.0.aar (androidx.lifecycle:lifecycle-viewmodel:2.10.0) with AarToClassTransform
Transforming lifecycle-viewmodel.aar (androidx.lifecycle:lifecycle-viewmodel-android:2.10.0) with AarToClassTransform
Transforming lifecycle-livedata-core-2.10.0.aar (androidx.lifecycle:lifecycle-livedata-core:2.10.0) with AarToClassTransform
Transforming lifecycle-livedata-2.10.0.aar (androidx.lifecycle:lifecycle-livedata:2.10.0) with AarToClassTransform
Transforming lifecycle-livedata-2.10.0.aar (androidx.lifecycle:lifecycle-livedata:2.10.0) with AarToClassTransform
Transforming lifecycle-runtime-ktx.aar (androidx.lifecycle:lifecycle-runtime-ktx-android:2.10.0) with AarToClassTransform
Transforming lifecycle-viewmodel-compose.aar (androidx.lifecycle:lifecycle-viewmodel-compose-android:2.10.0) with AarToClassTransform
Transforming material-icons-extended-release.aar (androidx.compose.material:material-icons-extended-android:1.7.0) with AarToClassTransform
Transforming material3-release.aar (androidx.compose.material3:material3-android:1.3.0) with AarToClassTransform
Transforming material-icons-core-release.aar (androidx.compose.material:material-icons-core-android:1.7.0) with AarToClassTransform
Transforming foundation-layout.aar (androidx.compose.foundation:foundation-layout-android:1.9.2) with AarToClassTransform
Transforming material-ripple-release.aar (androidx.compose.material:material-ripple-android:1.7.0) with AarToClassTransform
Transforming foundation-release.aar (androidx.compose.foundation:foundation-android:1.9.2) with AarToClassTransform
Transforming animation-core.aar (androidx.compose.animation:animation-core-android:1.9.2) with AarToClassTransform
Transforming lifecycle-common-jvm-2.10.0.jar (androidx.lifecycle:lifecycle-common-jvm:2.10.0) with IdentityTransform
Transforming animation.aar (androidx.compose.animation:animation-android:1.9.2) with AarToClassTransform
Transforming ui-util.aar (androidx.compose.ui:ui-util-android:1.9.2) with AarToClassTransform
Transforming ui-unit.aar (androidx.compose.ui:ui-unit-android:1.9.2) with AarToClassTransform
Transforming ui-text.aar (androidx.compose.ui:ui-text-android:1.9.2) with AarToClassTransform
Transforming ui-geometry.aar (androidx.compose.ui:ui-geometry-android:1.9.2) with AarToClassTransform
Transforming ui-tooling-data.aar (androidx.compose.ui:ui-tooling-data-android:1.9.2) with AarToClassTransform
Transforming ui-tooling-preview.aar (androidx.compose.ui:ui-tooling-preview-android:1.9.2) with AarToClassTransform
Transforming ui-graphics-release.aar (androidx.compose.ui:ui-graphics-android:1.9.2) with AarToClassTransform
Transforming ui-release.aar (androidx.compose.ui:ui-android:1.9.2) with AarToClassTransform
Transforming ui-tooling.aar (androidx.compose.ui:ui-tooling-android:1.9.2) with AarToClassTransform
Transforming ui-test-manifest-1.9.2.aar (androidx.compose.ui:ui-test-manifest:1.9.2) with AarToClassTransform
Transforming activity-1.12.2.aar (androidx.activity:activity:1.12.2) with AarToClassTransform
Transforming activity-compose-1.12.2.aar (androidx.activity:activity-compose:1.12.2) with AarToClassTransform
Transforming core-ktx-1.17.0.aar (androidx.core:core-ktx:1.17.0) with AarToClassTransform
Transforming navigationevent.aar (androidx.navigationevent:navigationevent-android:1.0.1) with AarToClassTransform
Transforming navigationevent-compose.aar (androidx.navigationevent:navigationevent-compose-android:1.0.1) with AarToClassTransform
Transforming runtime-annotation.aar (androidx.compose.runtime:runtime-annotation-android:1.9.2) with AarToClassTransform
Transforming runtime.aar (androidx.compose.runtime:runtime-android:1.9.2) with AarToClassTransform
Transforming runtime-saveable.aar (androidx.compose.runtime:runtime-saveable-android:1.9.2) with AarToClassTransform
Transforming savedstate-ktx-1.4.0.aar (androidx.savedstate:savedstate-ktx:1.4.0) with AarToClassTransform
Transforming savedstate-compose.aar (androidx.savedstate:savedstate-compose-android:1.4.0) with AarToClassTransform
Transforming savedstate.aar (androidx.savedstate:savedstate-android:1.4.0) with AarToClassTransform
Transforming annotation-experimental-1.4.1.aar (androidx.annotation:annotation-experimental:1.4.1) with AarToClassTransform
Transforming core-viewtree-1.0.0.aar (androidx.core:core-viewtree:1.0.0) with AarToClassTransform
Transforming converter-gson-2.9.0.jar (com.squareup.retrofit2:converter-gson:2.9.0) with IdentityTransform
Transforming sqlite-framework-2.4.0.aar (androidx.sqlite:sqlite-framework:2.4.0) with AarToClassTransform
Transforming sqlite-2.4.0.aar (androidx.sqlite:sqlite:2.4.0) with AarToClassTransform
Transforming transport-backend-cct-2.3.3.aar (com.google.android.datatransport:transport-backend-cct:2.3.3) with AarToClassTransform
Transforming transport-runtime-2.2.6.aar (com.google.android.datatransport:transport-runtime:2.2.6) with AarToClassTransform
Transforming transport-api-2.2.1.aar (com.google.android.datatransport:transport-api:2.2.1) with AarToClassTransform
Transforming firebase-components-16.1.0.aar (com.google.firebase:firebase-components:16.1.0) with AarToClassTransform
Transforming firebase-encoders-json-17.1.0.aar (com.google.firebase:firebase-encoders-json:17.1.0) with AarToClassTransform
Transforming versionedparcelable-1.1.1.aar (androidx.versionedparcelable:versionedparcelable:1.1.1) with AarToClassTransform
Transforming core-runtime-2.2.0.aar (androidx.arch.core:core-runtime:2.2.0) with AarToClassTransform
Transforming exifinterface-1.3.6.aar (androidx.exifinterface:exifinterface:1.3.6) with AarToClassTransform
Transforming javax.inject-1.jar (javax.inject:javax.inject:1) with IdentityTransform
Transforming image-1.0.0-beta1.aar (com.google.android.odml:image:1.0.0-beta1) with AarToClassTransform
Transforming dagger-lint-aar-2.51.1.aar (com.google.dagger:dagger-lint-aar:2.51.1) with AarToClassTransform
Transforming jsr305-3.0.2.jar (com.google.code.findbugs:jsr305:3.0.2) with IdentityTransform
Transforming retrofit-2.9.0.jar (com.squareup.retrofit2:retrofit:2.9.0) with IdentityTransform
Transforming okhttp-4.12.0.jar (com.squareup.okhttp3:okhttp:4.12.0) with IdentityTransform
Transforming kotlin-stdlib-jdk8-1.9.10.jar (org.jetbrains.kotlin:kotlin-stdlib-jdk8:1.9.10) with IdentityTransform
Transforming kotlinx-serialization-core-jvm-1.7.3.jar (org.jetbrains.kotlinx:kotlinx-serialization-core-jvm:1.7.3) with IdentityTransform
Transforming kotlinx-coroutines-core-jvm-1.9.0.jar (org.jetbrains.kotlinx:kotlinx-coroutines-core-jvm:1.9.0) with IdentityTransform
Transforming kotlinx-serialization-json-jvm-1.7.3.jar (org.jetbrains.kotlinx:kotlinx-serialization-json-jvm:1.7.3) with IdentityTransform
Transforming kotlinx-coroutines-android-1.9.0.jar (org.jetbrains.kotlinx:kotlinx-coroutines-android:1.9.0) with IdentityTransform
Transforming collection-jvm-1.5.0.jar (androidx.collection:collection-jvm:1.5.0) with IdentityTransform
Transforming firebase-encoders-16.1.0.jar (com.google.firebase:firebase-encoders:16.1.0) with IdentityTransform
Transforming core-common-2.2.0.jar (androidx.arch.core:core-common:2.2.0) with IdentityTransform
Transforming annotation-jvm-1.9.1.jar (androidx.annotation:annotation-jvm:1.9.1) with IdentityTransform
Transforming wire-runtime-jvm-5.2.1.jar (com.squareup.wire:wire-runtime-jvm:5.2.1) with IdentityTransform
Transforming kotlin-stdlib-jdk7-1.9.10.jar (org.jetbrains.kotlin:kotlin-stdlib-jdk7:1.9.10) with IdentityTransform
Transforming okio-jvm-3.9.1.jar (com.squareup.okio:okio-jvm:3.9.1) with IdentityTransform
Transforming gson-2.10.1.jar (com.google.code.gson:gson:2.10.1) with IdentityTransform
Transforming annotations-23.0.0.jar (org.jetbrains:annotations:23.0.0) with IdentityTransform
Transforming kotlin-stdlib-2.0.21.jar (org.jetbrains.kotlin:kotlin-stdlib:2.0.21) with IdentityTransform
Transforming listenablefuture-1.0.jar (com.google.guava:listenablefuture:1.0) with IdentityTransform
Transforming jspecify-1.0.0.jar (org.jspecify:jspecify:1.0.0) with IdentityTransform
Transforming hilt-core-2.51.1.jar (com.google.dagger:hilt-core:2.51.1) with IdentityTransform
Transforming dagger-2.51.1.jar (com.google.dagger:dagger:2.51.1) with IdentityTransform
Transforming firebase-annotations-16.0.0.jar (com.google.firebase:firebase-annotations:16.0.0) with IdentityTransform
Adding -Xuse-inline-scopes-numbers Kotlin compiler flag for task :app:compileDebugAndroidTestKotlin
GradleBuildProject.Builder should not be accessed through AnalyticsConfiguratorService after AnalyticsService is created. Analytics information of this build might be incomplete.
Transforming R.jar with BuildToolsApiClasspathEntrySnapshotTransform
Transforming benchmark-traceprocessor-api.jar with BuildToolsApiClasspathEntrySnapshotTransform
Transforming core-splashscreen-1.0.1-api.jar with BuildToolsApiClasspathEntrySnapshotTransform
Transforming hilt-navigation-compose-1.2.0-api.jar with BuildToolsApiClasspathEntrySnapshotTransform
Transforming hilt-navigation-1.2.0-api.jar with BuildToolsApiClasspathEntrySnapshotTransform
Transforming hilt-android-2.51.1-api.jar with BuildToolsApiClasspathEntrySnapshotTransform
Transforming room-common-2.6.0.jar with BuildToolsApiClasspathEntrySnapshotTransform
Transforming room-runtime-2.6.0-api.jar with BuildToolsApiClasspathEntrySnapshotTransform
Transforming room-ktx-2.6.0-api.jar with BuildToolsApiClasspathEntrySnapshotTransform
Transforming navigation-runtime-release-api.jar with BuildToolsApiClasspathEntrySnapshotTransform
Transforming navigation-common-release-api.jar with BuildToolsApiClasspathEntrySnapshotTransform
Transforming navigation-compose-release-api.jar with BuildToolsApiClasspathEntrySnapshotTransform
Transforming camera-video-1.3.0-api.jar with BuildToolsApiClasspathEntrySnapshotTransform
Transforming camera-view-1.3.0-api.jar with BuildToolsApiClasspathEntrySnapshotTransform
Transforming camera-lifecycle-1.3.0-api.jar with BuildToolsApiClasspathEntrySnapshotTransform
Transforming camera-camera2-1.3.0-api.jar with BuildToolsApiClasspathEntrySnapshotTransform
Transforming camera-core-1.3.0-api.jar with BuildToolsApiClasspathEntrySnapshotTransform
Transforming barcode-scanning-17.2.0-api.jar with BuildToolsApiClasspathEntrySnapshotTransform
Transforming play-services-mlkit-barcode-scanning-18.3.0-api.jar with BuildToolsApiClasspathEntrySnapshotTransform
Transforming barcode-scanning-common-17.0.0-api.jar with BuildToolsApiClasspathEntrySnapshotTransform
Transforming vision-common-17.3.0-api.jar with BuildToolsApiClasspathEntrySnapshotTransform
Transforming common-18.9.0-api.jar with BuildToolsApiClasspathEntrySnapshotTransform
Transforming play-services-base-18.1.0-api.jar with BuildToolsApiClasspathEntrySnapshotTransform
Transforming vision-interfaces-16.2.0-api.jar with BuildToolsApiClasspathEntrySnapshotTransform
Transforming play-services-tasks-18.0.2-api.jar with BuildToolsApiClasspathEntrySnapshotTransform
Transforming play-services-basement-18.1.0-api.jar with BuildToolsApiClasspathEntrySnapshotTransform
Transforming fragment-1.5.1-api.jar with BuildToolsApiClasspathEntrySnapshotTransform
Transforming loader-1.0.0-api.jar with BuildToolsApiClasspathEntrySnapshotTransform
Transforming viewpager-1.0.0-api.jar with BuildToolsApiClasspathEntrySnapshotTransform
Transforming customview-1.0.0-api.jar with BuildToolsApiClasspathEntrySnapshotTransform
Transforming core-1.17.0-api.jar with BuildToolsApiClasspathEntrySnapshotTransform
Transforming coil-compose-2.5.0-api.jar with BuildToolsApiClasspathEntrySnapshotTransform
Transforming coil-compose-base-2.5.0-api.jar with BuildToolsApiClasspathEntrySnapshotTransform
Transforming coil-2.5.0-api.jar with BuildToolsApiClasspathEntrySnapshotTransform
Transforming coil-base-2.5.0-api.jar with BuildToolsApiClasspathEntrySnapshotTransform
Transforming activity-ktx-1.12.2-api.jar with BuildToolsApiClasspathEntrySnapshotTransform
Transforming lifecycle-viewmodel-ktx-2.10.0-api.jar with BuildToolsApiClasspathEntrySnapshotTransform
Transforming lifecycle-runtime-compose-api.jar with BuildToolsApiClasspathEntrySnapshotTransform
Transforming lifecycle-livedata-core-ktx-2.10.0-api.jar with BuildToolsApiClasspathEntrySnapshotTransform
Transforming lifecycle-runtime-api.jar with BuildToolsApiClasspathEntrySnapshotTransform
Transforming lifecycle-viewmodel-savedstate-api.jar with BuildToolsApiClasspathEntrySnapshotTransform
Transforming lifecycle-viewmodel-2.10.0-api.jar with BuildToolsApiClasspathEntrySnapshotTransform
Transforming lifecycle-viewmodel-api.jar with BuildToolsApiClasspathEntrySnapshotTransform
Transforming lifecycle-livedata-core-2.10.0-api.jar with BuildToolsApiClasspathEntrySnapshotTransform
Transforming lifecycle-common-jvm-2.10.0.jar with BuildToolsApiClasspathEntrySnapshotTransform
Transforming lifecycle-livedata-2.10.0-api.jar with BuildToolsApiClasspathEntrySnapshotTransform
Transforming lifecycle-runtime-ktx-api.jar with BuildToolsApiClasspathEntrySnapshotTransform
Transforming lifecycle-viewmodel-compose-api.jar with BuildToolsApiClasspathEntrySnapshotTransform
Transforming material-icons-extended-release-api.jar with BuildToolsApiClasspathEntrySnapshotTransform
Transforming material3-release-api.jar with BuildToolsApiClasspathEntrySnapshotTransform
Transforming material-icons-core-release-api.jar with BuildToolsApiClasspathEntrySnapshotTransform
Transforming foundation-layout-api.jar with BuildToolsApiClasspathEntrySnapshotTransform
Transforming material-ripple-release-api.jar with BuildToolsApiClasspathEntrySnapshotTransform
Transforming foundation-release-api.jar with BuildToolsApiClasspathEntrySnapshotTransform
Transforming animation-core-api.jar with BuildToolsApiClasspathEntrySnapshotTransform
Transforming animation-api.jar with BuildToolsApiClasspathEntrySnapshotTransform
Transforming ui-util-api.jar with BuildToolsApiClasspathEntrySnapshotTransform
Transforming ui-unit-api.jar with BuildToolsApiClasspathEntrySnapshotTransform
Transforming ui-text-api.jar with BuildToolsApiClasspathEntrySnapshotTransform
Transforming ui-geometry-api.jar with BuildToolsApiClasspathEntrySnapshotTransform
Transforming ui-tooling-data-api.jar with BuildToolsApiClasspathEntrySnapshotTransform
Transforming ui-tooling-preview-api.jar with BuildToolsApiClasspathEntrySnapshotTransform
Transforming ui-graphics-release-api.jar with BuildToolsApiClasspathEntrySnapshotTransform
Transforming ui-release-api.jar with BuildToolsApiClasspathEntrySnapshotTransform
Transforming ui-tooling-api.jar with BuildToolsApiClasspathEntrySnapshotTransform
Transforming ui-test-manifest-1.9.2-api.jar with BuildToolsApiClasspathEntrySnapshotTransform
Transforming activity-1.12.2-api.jar with BuildToolsApiClasspathEntrySnapshotTransform
Transforming activity-compose-1.12.2-api.jar with BuildToolsApiClasspathEntrySnapshotTransform
Transforming core-ktx-1.17.0-api.jar with BuildToolsApiClasspathEntrySnapshotTransform
Transforming converter-gson-2.9.0.jar with BuildToolsApiClasspathEntrySnapshotTransform
Transforming retrofit-2.9.0.jar with BuildToolsApiClasspathEntrySnapshotTransform
Transforming okhttp-4.12.0.jar with BuildToolsApiClasspathEntrySnapshotTransform
Transforming kotlin-stdlib-jdk8-1.9.10.jar with BuildToolsApiClasspathEntrySnapshotTransform
Transforming navigationevent-api.jar with BuildToolsApiClasspathEntrySnapshotTransform
Transforming navigationevent-compose-api.jar with BuildToolsApiClasspathEntrySnapshotTransform
Transforming runtime-annotation-api.jar with BuildToolsApiClasspathEntrySnapshotTransform
Transforming runtime-api.jar with BuildToolsApiClasspathEntrySnapshotTransform
Transforming runtime-saveable-api.jar with BuildToolsApiClasspathEntrySnapshotTransform
Transforming savedstate-ktx-1.4.0-api.jar with BuildToolsApiClasspathEntrySnapshotTransform
Transforming savedstate-compose-api.jar with BuildToolsApiClasspathEntrySnapshotTransform
Transforming savedstate-api.jar with BuildToolsApiClasspathEntrySnapshotTransform
Transforming kotlinx-serialization-core-jvm-1.7.3.jar with BuildToolsApiClasspathEntrySnapshotTransform
Transforming kotlinx-serialization-json-jvm-1.7.3.jar with BuildToolsApiClasspathEntrySnapshotTransform
Transforming annotation-experimental-1.4.1-api.jar with BuildToolsApiClasspathEntrySnapshotTransform
Transforming kotlinx-coroutines-core-jvm-1.9.0.jar with BuildToolsApiClasspathEntrySnapshotTransform
Transforming kotlinx-coroutines-android-1.9.0.jar with BuildToolsApiClasspathEntrySnapshotTransform
Transforming core-viewtree-1.0.0-api.jar with BuildToolsApiClasspathEntrySnapshotTransform
Transforming sqlite-framework-2.4.0-api.jar with BuildToolsApiClasspathEntrySnapshotTransform
Transforming sqlite-2.4.0-api.jar with BuildToolsApiClasspathEntrySnapshotTransform
Transforming transport-backend-cct-2.3.3-api.jar with BuildToolsApiClasspathEntrySnapshotTransform
Transforming transport-runtime-2.2.6-api.jar with BuildToolsApiClasspathEntrySnapshotTransform
Transforming transport-api-2.2.1-api.jar with BuildToolsApiClasspathEntrySnapshotTransform
Transforming firebase-components-16.1.0-api.jar with BuildToolsApiClasspathEntrySnapshotTransform
Transforming firebase-encoders-json-17.1.0-api.jar with BuildToolsApiClasspathEntrySnapshotTransform
Transforming firebase-encoders-16.1.0.jar with BuildToolsApiClasspathEntrySnapshotTransform
Transforming versionedparcelable-1.1.1-api.jar with BuildToolsApiClasspathEntrySnapshotTransform
Transforming core-runtime-2.2.0-api.jar with BuildToolsApiClasspathEntrySnapshotTransform
Transforming collection-jvm-1.5.0.jar with BuildToolsApiClasspathEntrySnapshotTransform
Transforming core-common-2.2.0.jar with BuildToolsApiClasspathEntrySnapshotTransform
Transforming annotation-jvm-1.9.1.jar with BuildToolsApiClasspathEntrySnapshotTransform
Transforming wire-runtime-jvm-5.2.1.jar with BuildToolsApiClasspathEntrySnapshotTransform
Transforming kotlin-stdlib-jdk7-1.9.10.jar with BuildToolsApiClasspathEntrySnapshotTransform
Transforming okio-jvm-3.9.1.jar with BuildToolsApiClasspathEntrySnapshotTransform
Transforming kotlin-stdlib-2.0.21.jar with BuildToolsApiClasspathEntrySnapshotTransform
Transforming gson-2.10.1.jar with BuildToolsApiClasspathEntrySnapshotTransform
Transforming annotations-23.0.0.jar with BuildToolsApiClasspathEntrySnapshotTransform
Transforming listenablefuture-1.0.jar with BuildToolsApiClasspathEntrySnapshotTransform
Transforming jspecify-1.0.0.jar with BuildToolsApiClasspathEntrySnapshotTransform
Transforming exifinterface-1.3.6-api.jar with BuildToolsApiClasspathEntrySnapshotTransform
Transforming hilt-core-2.51.1.jar with BuildToolsApiClasspathEntrySnapshotTransform
Transforming dagger-2.51.1.jar with BuildToolsApiClasspathEntrySnapshotTransform
Transforming javax.inject-1.jar with BuildToolsApiClasspathEntrySnapshotTransform
Transforming image-1.0.0-beta1-api.jar with BuildToolsApiClasspathEntrySnapshotTransform
Transforming firebase-annotations-16.0.0.jar with BuildToolsApiClasspathEntrySnapshotTransform
Transforming dagger-lint-aar-2.51.1-api.jar with BuildToolsApiClasspathEntrySnapshotTransform
Transforming jsr305-3.0.2.jar with BuildToolsApiClasspathEntrySnapshotTransform
Transforming android.jar with BuildToolsApiClasspathEntrySnapshotTransform
Transforming core-lambda-stubs.jar with BuildToolsApiClasspathEntrySnapshotTransform
Caching disabled for task ':app:kaptGenerateStubsDebugKotlin' because:
  Build cache is disabled
Skipping task ':app:kaptGenerateStubsDebugKotlin' as it is up-to-date.
Resolve mutations for :app:kaptDebugKotlin (Thread[#206,Execution worker Thread 2,5,main]) started.
:app:kaptDebugKotlin (Thread[#206,Execution worker Thread 2,5,main]) started.

> Task :app:kaptDebugKotlin UP-TO-DATE
Transforming R.jar with StructureTransformAction
Transforming benchmark-traceprocessor-api.jar with StructureTransformAction
Transforming core-splashscreen-1.0.1-api.jar with StructureTransformAction
Transforming hilt-navigation-compose-1.2.0-api.jar with StructureTransformAction
Transforming hilt-navigation-1.2.0-api.jar with StructureTransformAction
Transforming hilt-android-2.51.1-api.jar with StructureTransformAction
Transforming room-common-2.6.0.jar with StructureTransformAction
Transforming room-runtime-2.6.0-api.jar with StructureTransformAction
Transforming room-ktx-2.6.0-api.jar with StructureTransformAction
Transforming navigation-runtime-release-api.jar with StructureTransformAction
Transforming navigation-common-release-api.jar with StructureTransformAction
Transforming navigation-compose-release-api.jar with StructureTransformAction
Transforming camera-video-1.3.0-api.jar with StructureTransformAction
Transforming camera-view-1.3.0-api.jar with StructureTransformAction
Transforming camera-lifecycle-1.3.0-api.jar with StructureTransformAction
Transforming camera-camera2-1.3.0-api.jar with StructureTransformAction
Transforming camera-core-1.3.0-api.jar with StructureTransformAction
Transforming barcode-scanning-17.2.0-api.jar with StructureTransformAction
Transforming play-services-mlkit-barcode-scanning-18.3.0-api.jar with StructureTransformAction
Transforming barcode-scanning-common-17.0.0-api.jar with StructureTransformAction
Transforming vision-common-17.3.0-api.jar with StructureTransformAction
Transforming common-18.9.0-api.jar with StructureTransformAction
Transforming play-services-base-18.1.0-api.jar with StructureTransformAction
Transforming vision-interfaces-16.2.0-api.jar with StructureTransformAction
Transforming play-services-tasks-18.0.2-api.jar with StructureTransformAction
Transforming play-services-basement-18.1.0-api.jar with StructureTransformAction
Transforming fragment-1.5.1-api.jar with StructureTransformAction
Transforming loader-1.0.0-api.jar with StructureTransformAction
Transforming viewpager-1.0.0-api.jar with StructureTransformAction
Transforming customview-1.0.0-api.jar with StructureTransformAction
Transforming core-1.17.0-api.jar with StructureTransformAction
Transforming coil-compose-2.5.0-api.jar with StructureTransformAction
Transforming coil-compose-base-2.5.0-api.jar with StructureTransformAction
Transforming coil-2.5.0-api.jar with StructureTransformAction
Transforming coil-base-2.5.0-api.jar with StructureTransformAction
Transforming activity-ktx-1.12.2-api.jar with StructureTransformAction
Transforming lifecycle-viewmodel-ktx-2.10.0-api.jar with StructureTransformAction
Transforming lifecycle-runtime-compose-api.jar with StructureTransformAction
Transforming lifecycle-livedata-core-ktx-2.10.0-api.jar with StructureTransformAction
Transforming lifecycle-runtime-api.jar with StructureTransformAction
Transforming lifecycle-viewmodel-savedstate-api.jar with StructureTransformAction
Transforming lifecycle-viewmodel-2.10.0-api.jar with StructureTransformAction
Transforming lifecycle-viewmodel-api.jar with StructureTransformAction
Transforming lifecycle-livedata-core-2.10.0-api.jar with StructureTransformAction
Transforming lifecycle-common-jvm-2.10.0.jar with StructureTransformAction
Transforming lifecycle-livedata-2.10.0-api.jar with StructureTransformAction
Transforming lifecycle-runtime-ktx-api.jar with StructureTransformAction
Transforming lifecycle-viewmodel-compose-api.jar with StructureTransformAction
Transforming material-icons-extended-release-api.jar with StructureTransformAction
Transforming material3-release-api.jar with StructureTransformAction
Transforming material-icons-core-release-api.jar with StructureTransformAction
Transforming foundation-layout-api.jar with StructureTransformAction
Transforming material-ripple-release-api.jar with StructureTransformAction
Transforming foundation-release-api.jar with StructureTransformAction
Transforming animation-core-api.jar with StructureTransformAction
Transforming animation-api.jar with StructureTransformAction
Transforming ui-util-api.jar with StructureTransformAction
Transforming ui-unit-api.jar with StructureTransformAction
Transforming ui-text-api.jar with StructureTransformAction
Transforming ui-geometry-api.jar with StructureTransformAction
Transforming ui-tooling-data-api.jar with StructureTransformAction
Transforming ui-tooling-preview-api.jar with StructureTransformAction
Transforming ui-graphics-release-api.jar with StructureTransformAction
Transforming ui-release-api.jar with StructureTransformAction
Transforming ui-tooling-api.jar with StructureTransformAction
Transforming ui-test-manifest-1.9.2-api.jar with StructureTransformAction
Transforming activity-1.12.2-api.jar with StructureTransformAction
Transforming activity-compose-1.12.2-api.jar with StructureTransformAction
Transforming core-ktx-1.17.0-api.jar with StructureTransformAction
Transforming converter-gson-2.9.0.jar with StructureTransformAction
Transforming retrofit-2.9.0.jar with StructureTransformAction
Transforming okhttp-4.12.0.jar with StructureTransformAction
Transforming kotlin-stdlib-jdk8-1.9.10.jar with StructureTransformAction
Transforming navigationevent-api.jar with StructureTransformAction
Transforming navigationevent-compose-api.jar with StructureTransformAction
Transforming runtime-annotation-api.jar with StructureTransformAction
Transforming runtime-api.jar with StructureTransformAction
Transforming runtime-saveable-api.jar with StructureTransformAction
Transforming savedstate-ktx-1.4.0-api.jar with StructureTransformAction
Transforming savedstate-compose-api.jar with StructureTransformAction
Transforming savedstate-api.jar with StructureTransformAction
Transforming kotlinx-serialization-core-jvm-1.7.3.jar with StructureTransformAction
Transforming kotlinx-serialization-json-jvm-1.7.3.jar with StructureTransformAction
Transforming annotation-experimental-1.4.1-api.jar with StructureTransformAction
Transforming kotlinx-coroutines-core-jvm-1.9.0.jar with StructureTransformAction
Transforming kotlinx-coroutines-android-1.9.0.jar with StructureTransformAction
Transforming core-viewtree-1.0.0-api.jar with StructureTransformAction
Transforming sqlite-framework-2.4.0-api.jar with StructureTransformAction
Transforming sqlite-2.4.0-api.jar with StructureTransformAction
Transforming transport-backend-cct-2.3.3-api.jar with StructureTransformAction
Transforming transport-runtime-2.2.6-api.jar with StructureTransformAction
Transforming transport-api-2.2.1-api.jar with StructureTransformAction
Transforming firebase-components-16.1.0-api.jar with StructureTransformAction
Transforming firebase-encoders-json-17.1.0-api.jar with StructureTransformAction
Transforming firebase-encoders-16.1.0.jar with StructureTransformAction
Transforming versionedparcelable-1.1.1-api.jar with StructureTransformAction
Transforming core-runtime-2.2.0-api.jar with StructureTransformAction
Transforming collection-jvm-1.5.0.jar with StructureTransformAction
Transforming core-common-2.2.0.jar with StructureTransformAction
Transforming annotation-jvm-1.9.1.jar with StructureTransformAction
Transforming wire-runtime-jvm-5.2.1.jar with StructureTransformAction
Transforming kotlin-stdlib-jdk7-1.9.10.jar with StructureTransformAction
Transforming okio-jvm-3.9.1.jar with StructureTransformAction
Transforming kotlin-stdlib-2.0.21.jar with StructureTransformAction
Transforming gson-2.10.1.jar with StructureTransformAction
Transforming annotations-23.0.0.jar with StructureTransformAction
Transforming listenablefuture-1.0.jar with StructureTransformAction
Transforming jspecify-1.0.0.jar with StructureTransformAction
Transforming exifinterface-1.3.6-api.jar with StructureTransformAction
Transforming hilt-core-2.51.1.jar with StructureTransformAction
Transforming dagger-2.51.1.jar with StructureTransformAction
Transforming javax.inject-1.jar with StructureTransformAction
Transforming image-1.0.0-beta1-api.jar with StructureTransformAction
Transforming firebase-annotations-16.0.0.jar with StructureTransformAction
Transforming dagger-lint-aar-2.51.1-api.jar with StructureTransformAction
Transforming jsr305-3.0.2.jar with StructureTransformAction
Transforming android.jar with StructureTransformAction
Transforming core-lambda-stubs.jar with StructureTransformAction
file or directory 'E:\Desktop\calourie_ai\app\src\debug\kotlin', not found
file or directory 'E:\Desktop\calourie_ai\app\src\debug\java', not found
file or directory 'E:\Desktop\calourie_ai\app\src\debug\kotlin', not found
file or directory 'E:\Desktop\calourie_ai\app\src\debug\kotlin', not found
file or directory 'E:\Desktop\calourie_ai\app\src\debug\java', not found
file or directory 'E:\Desktop\calourie_ai\app\src\main\kotlin', not found
file or directory 'E:\Desktop\calourie_ai\app\src\main\kotlin', not found
file or directory 'E:\Desktop\calourie_ai\app\src\main\kotlin', not found
file or directory 'E:\Desktop\calourie_ai\app\src\main\kotlin', not found
file or directory 'E:\Desktop\calourie_ai\app\src\main\kotlin', not found
file or directory 'E:\Desktop\calourie_ai\app\src\main\kotlin', not found
file or directory 'E:\Desktop\calourie_ai\app\src\debug\kotlin', not found
file or directory 'E:\Desktop\calourie_ai\app\src\debug\java', not found
file or directory 'E:\Desktop\calourie_ai\app\src\debug\kotlin', not found
file or directory 'E:\Desktop\calourie_ai\app\src\debug\kotlin', not found
file or directory 'E:\Desktop\calourie_ai\app\src\debug\java', not found
file or directory 'E:\Desktop\calourie_ai\app\src\debug\java', not found
Caching disabled for task ':app:kaptDebugKotlin' because:
  Build cache is disabled
Skipping task ':app:kaptDebugKotlin' as it is up-to-date.
Resolve mutations for :app:compileDebugKotlin (Thread[#205,Execution worker,5,main]) started.
:app:compileDebugKotlin (Thread[#205,Execution worker,5,main]) started.

> Task :app:compileDebugKotlin UP-TO-DATE
Transforming R.jar with BuildToolsApiClasspathEntrySnapshotTransform
Transforming benchmark-traceprocessor-api.jar with BuildToolsApiClasspathEntrySnapshotTransform
Transforming core-splashscreen-1.0.1-api.jar with BuildToolsApiClasspathEntrySnapshotTransform
Transforming hilt-navigation-compose-1.2.0-api.jar with BuildToolsApiClasspathEntrySnapshotTransform
Transforming hilt-navigation-1.2.0-api.jar with BuildToolsApiClasspathEntrySnapshotTransform
Transforming hilt-android-2.51.1-api.jar with BuildToolsApiClasspathEntrySnapshotTransform
Transforming room-common-2.6.0.jar with BuildToolsApiClasspathEntrySnapshotTransform
Transforming room-runtime-2.6.0-api.jar with BuildToolsApiClasspathEntrySnapshotTransform
Transforming room-ktx-2.6.0-api.jar with BuildToolsApiClasspathEntrySnapshotTransform
Transforming navigation-runtime-release-api.jar with BuildToolsApiClasspathEntrySnapshotTransform
Transforming navigation-common-release-api.jar with BuildToolsApiClasspathEntrySnapshotTransform
Transforming navigation-compose-release-api.jar with BuildToolsApiClasspathEntrySnapshotTransform
Transforming camera-video-1.3.0-api.jar with BuildToolsApiClasspathEntrySnapshotTransform
Transforming camera-view-1.3.0-api.jar with BuildToolsApiClasspathEntrySnapshotTransform
Transforming camera-lifecycle-1.3.0-api.jar with BuildToolsApiClasspathEntrySnapshotTransform
Transforming camera-camera2-1.3.0-api.jar with BuildToolsApiClasspathEntrySnapshotTransform
Transforming camera-core-1.3.0-api.jar with BuildToolsApiClasspathEntrySnapshotTransform
Transforming barcode-scanning-17.2.0-api.jar with BuildToolsApiClasspathEntrySnapshotTransform
Transforming play-services-mlkit-barcode-scanning-18.3.0-api.jar with BuildToolsApiClasspathEntrySnapshotTransform
Transforming barcode-scanning-common-17.0.0-api.jar with BuildToolsApiClasspathEntrySnapshotTransform
Transforming vision-common-17.3.0-api.jar with BuildToolsApiClasspathEntrySnapshotTransform
Transforming common-18.9.0-api.jar with BuildToolsApiClasspathEntrySnapshotTransform
Transforming play-services-base-18.1.0-api.jar with BuildToolsApiClasspathEntrySnapshotTransform
Transforming vision-interfaces-16.2.0-api.jar with BuildToolsApiClasspathEntrySnapshotTransform
Transforming play-services-tasks-18.0.2-api.jar with BuildToolsApiClasspathEntrySnapshotTransform
Transforming play-services-basement-18.1.0-api.jar with BuildToolsApiClasspathEntrySnapshotTransform
Transforming fragment-1.5.1-api.jar with BuildToolsApiClasspathEntrySnapshotTransform
Transforming loader-1.0.0-api.jar with BuildToolsApiClasspathEntrySnapshotTransform
Transforming viewpager-1.0.0-api.jar with BuildToolsApiClasspathEntrySnapshotTransform
Transforming customview-1.0.0-api.jar with BuildToolsApiClasspathEntrySnapshotTransform
Transforming core-1.17.0-api.jar with BuildToolsApiClasspathEntrySnapshotTransform
Transforming coil-compose-2.5.0-api.jar with BuildToolsApiClasspathEntrySnapshotTransform
Transforming coil-compose-base-2.5.0-api.jar with BuildToolsApiClasspathEntrySnapshotTransform
Transforming coil-2.5.0-api.jar with BuildToolsApiClasspathEntrySnapshotTransform
Transforming coil-base-2.5.0-api.jar with BuildToolsApiClasspathEntrySnapshotTransform
Transforming activity-ktx-1.12.2-api.jar with BuildToolsApiClasspathEntrySnapshotTransform
Transforming lifecycle-viewmodel-ktx-2.10.0-api.jar with BuildToolsApiClasspathEntrySnapshotTransform
Transforming lifecycle-runtime-compose-api.jar with BuildToolsApiClasspathEntrySnapshotTransform
Transforming lifecycle-livedata-core-ktx-2.10.0-api.jar with BuildToolsApiClasspathEntrySnapshotTransform
Transforming lifecycle-runtime-api.jar with BuildToolsApiClasspathEntrySnapshotTransform
Transforming lifecycle-viewmodel-savedstate-api.jar with BuildToolsApiClasspathEntrySnapshotTransform
Transforming lifecycle-viewmodel-2.10.0-api.jar with BuildToolsApiClasspathEntrySnapshotTransform
Transforming lifecycle-viewmodel-api.jar with BuildToolsApiClasspathEntrySnapshotTransform
Transforming lifecycle-livedata-core-2.10.0-api.jar with BuildToolsApiClasspathEntrySnapshotTransform
Transforming lifecycle-common-jvm-2.10.0.jar with BuildToolsApiClasspathEntrySnapshotTransform
Transforming lifecycle-livedata-2.10.0-api.jar with BuildToolsApiClasspathEntrySnapshotTransform
Transforming lifecycle-runtime-ktx-api.jar with BuildToolsApiClasspathEntrySnapshotTransform
Transforming lifecycle-viewmodel-compose-api.jar with BuildToolsApiClasspathEntrySnapshotTransform
Transforming material-icons-extended-release-api.jar with BuildToolsApiClasspathEntrySnapshotTransform
Transforming material3-release-api.jar with BuildToolsApiClasspathEntrySnapshotTransform
Transforming material-icons-core-release-api.jar with BuildToolsApiClasspathEntrySnapshotTransform
Transforming foundation-layout-api.jar with BuildToolsApiClasspathEntrySnapshotTransform
Transforming material-ripple-release-api.jar with BuildToolsApiClasspathEntrySnapshotTransform
Transforming foundation-release-api.jar with BuildToolsApiClasspathEntrySnapshotTransform
Transforming animation-core-api.jar with BuildToolsApiClasspathEntrySnapshotTransform
Transforming animation-api.jar with BuildToolsApiClasspathEntrySnapshotTransform
Transforming ui-util-api.jar with BuildToolsApiClasspathEntrySnapshotTransform
Transforming ui-unit-api.jar with BuildToolsApiClasspathEntrySnapshotTransform
Transforming ui-text-api.jar with BuildToolsApiClasspathEntrySnapshotTransform
Transforming ui-geometry-api.jar with BuildToolsApiClasspathEntrySnapshotTransform
Transforming ui-tooling-data-api.jar with BuildToolsApiClasspathEntrySnapshotTransform
Transforming ui-tooling-preview-api.jar with BuildToolsApiClasspathEntrySnapshotTransform
Transforming ui-graphics-release-api.jar with BuildToolsApiClasspathEntrySnapshotTransform
Transforming ui-release-api.jar with BuildToolsApiClasspathEntrySnapshotTransform
Transforming ui-tooling-api.jar with BuildToolsApiClasspathEntrySnapshotTransform
Transforming ui-test-manifest-1.9.2-api.jar with BuildToolsApiClasspathEntrySnapshotTransform
Transforming activity-1.12.2-api.jar with BuildToolsApiClasspathEntrySnapshotTransform
Transforming activity-compose-1.12.2-api.jar with BuildToolsApiClasspathEntrySnapshotTransform
Transforming core-ktx-1.17.0-api.jar with BuildToolsApiClasspathEntrySnapshotTransform
Transforming converter-gson-2.9.0.jar with BuildToolsApiClasspathEntrySnapshotTransform
Transforming retrofit-2.9.0.jar with BuildToolsApiClasspathEntrySnapshotTransform
Transforming okhttp-4.12.0.jar with BuildToolsApiClasspathEntrySnapshotTransform
Transforming kotlin-stdlib-jdk8-1.9.10.jar with BuildToolsApiClasspathEntrySnapshotTransform
Transforming navigationevent-api.jar with BuildToolsApiClasspathEntrySnapshotTransform
Transforming navigationevent-compose-api.jar with BuildToolsApiClasspathEntrySnapshotTransform
Transforming runtime-annotation-api.jar with BuildToolsApiClasspathEntrySnapshotTransform
Transforming runtime-api.jar with BuildToolsApiClasspathEntrySnapshotTransform
Transforming runtime-saveable-api.jar with BuildToolsApiClasspathEntrySnapshotTransform
Transforming savedstate-ktx-1.4.0-api.jar with BuildToolsApiClasspathEntrySnapshotTransform
Transforming savedstate-compose-api.jar with BuildToolsApiClasspathEntrySnapshotTransform
Transforming savedstate-api.jar with BuildToolsApiClasspathEntrySnapshotTransform
Transforming kotlinx-serialization-core-jvm-1.7.3.jar with BuildToolsApiClasspathEntrySnapshotTransform
Transforming kotlinx-serialization-json-jvm-1.7.3.jar with BuildToolsApiClasspathEntrySnapshotTransform
Transforming annotation-experimental-1.4.1-api.jar with BuildToolsApiClasspathEntrySnapshotTransform
Transforming kotlinx-coroutines-core-jvm-1.9.0.jar with BuildToolsApiClasspathEntrySnapshotTransform
Transforming kotlinx-coroutines-android-1.9.0.jar with BuildToolsApiClasspathEntrySnapshotTransform
Transforming core-viewtree-1.0.0-api.jar with BuildToolsApiClasspathEntrySnapshotTransform
Transforming sqlite-framework-2.4.0-api.jar with BuildToolsApiClasspathEntrySnapshotTransform
Transforming sqlite-2.4.0-api.jar with BuildToolsApiClasspathEntrySnapshotTransform
Transforming transport-backend-cct-2.3.3-api.jar with BuildToolsApiClasspathEntrySnapshotTransform
Transforming transport-runtime-2.2.6-api.jar with BuildToolsApiClasspathEntrySnapshotTransform
Transforming transport-api-2.2.1-api.jar with BuildToolsApiClasspathEntrySnapshotTransform
Transforming firebase-components-16.1.0-api.jar with BuildToolsApiClasspathEntrySnapshotTransform
Transforming firebase-encoders-json-17.1.0-api.jar with BuildToolsApiClasspathEntrySnapshotTransform
Transforming firebase-encoders-16.1.0.jar with BuildToolsApiClasspathEntrySnapshotTransform
Transforming versionedparcelable-1.1.1-api.jar with BuildToolsApiClasspathEntrySnapshotTransform
Transforming core-runtime-2.2.0-api.jar with BuildToolsApiClasspathEntrySnapshotTransform
Transforming collection-jvm-1.5.0.jar with BuildToolsApiClasspathEntrySnapshotTransform
Transforming core-common-2.2.0.jar with BuildToolsApiClasspathEntrySnapshotTransform
Transforming annotation-jvm-1.9.1.jar with BuildToolsApiClasspathEntrySnapshotTransform
Transforming wire-runtime-jvm-5.2.1.jar with BuildToolsApiClasspathEntrySnapshotTransform
Transforming kotlin-stdlib-jdk7-1.9.10.jar with BuildToolsApiClasspathEntrySnapshotTransform
Transforming okio-jvm-3.9.1.jar with BuildToolsApiClasspathEntrySnapshotTransform
Transforming kotlin-stdlib-2.0.21.jar with BuildToolsApiClasspathEntrySnapshotTransform
Transforming gson-2.10.1.jar with BuildToolsApiClasspathEntrySnapshotTransform
Transforming annotations-23.0.0.jar with BuildToolsApiClasspathEntrySnapshotTransform
Transforming listenablefuture-1.0.jar with BuildToolsApiClasspathEntrySnapshotTransform
Transforming jspecify-1.0.0.jar with BuildToolsApiClasspathEntrySnapshotTransform
Transforming exifinterface-1.3.6-api.jar with BuildToolsApiClasspathEntrySnapshotTransform
Transforming hilt-core-2.51.1.jar with BuildToolsApiClasspathEntrySnapshotTransform
Transforming dagger-2.51.1.jar with BuildToolsApiClasspathEntrySnapshotTransform
Transforming javax.inject-1.jar with BuildToolsApiClasspathEntrySnapshotTransform
Transforming image-1.0.0-beta1-api.jar with BuildToolsApiClasspathEntrySnapshotTransform
Transforming firebase-annotations-16.0.0.jar with BuildToolsApiClasspathEntrySnapshotTransform
Transforming dagger-lint-aar-2.51.1-api.jar with BuildToolsApiClasspathEntrySnapshotTransform
Transforming jsr305-3.0.2.jar with BuildToolsApiClasspathEntrySnapshotTransform
Transforming android.jar with BuildToolsApiClasspathEntrySnapshotTransform
Transforming core-lambda-stubs.jar with BuildToolsApiClasspathEntrySnapshotTransform
Transforming debug with BuildToolsApiClasspathEntrySnapshotTransform
Caching disabled for task ':app:compileDebugKotlin' because:
  Build cache is disabled
Skipping task ':app:compileDebugKotlin' as it is up-to-date.
Resolve mutations for :app:javaPreCompileDebug (Thread[#206,Execution worker Thread 2,5,main]) started.
:app:javaPreCompileDebug (Thread[#206,Execution worker Thread 2,5,main]) started.

> Task :app:javaPreCompileDebug UP-TO-DATE
Caching disabled for task ':app:javaPreCompileDebug' because:
  Build cache is disabled
Skipping task ':app:javaPreCompileDebug' as it is up-to-date.
Resolve mutations for :app:compileDebugJavaWithJavac (Thread[#206,Execution worker Thread 2,5,main]) started.
:app:compileDebugJavaWithJavac (Thread[#206,Execution worker Thread 2,5,main]) started.

> Task :app:compileDebugJavaWithJavac UP-TO-DATE
Transforming core-for-system-modules.jar with JdkImageTransform
Transforming core-for-system-modules.jar with JdkImageTransform
Transforming core-for-system-modules.jar with JdkImageTransform
Transforming core-for-system-modules.jar with JdkImageTransform
Transforming core-for-system-modules.jar with JdkImageTransform
Transforming core-for-system-modules.jar with JdkImageTransform
Custom actions are attached to task ':app:compileDebugJavaWithJavac'.
Caching disabled for task ':app:compileDebugJavaWithJavac' because:
  Build cache is disabled
Skipping task ':app:compileDebugJavaWithJavac' as it is up-to-date.
No compile result for :app:compileDebugJavaWithJavac
No compile result for :app:compileDebugJavaWithJavac
Resolve mutations for :app:hiltAggregateDepsDebug (Thread[#205,Execution worker,5,main]) started.
:app:hiltAggregateDepsDebug (Thread[#205,Execution worker,5,main]) started.

> Task :app:hiltAggregateDepsDebug UP-TO-DATE
Transforming benchmark-traceprocessor.aar (androidx.benchmark:benchmark-traceprocessor-android:1.4.1) with AarToClassTransform
Transforming benchmark-traceprocessor.aar (androidx.benchmark:benchmark-traceprocessor-android:1.4.1) with IdentityTransform
Transforming benchmark-traceprocessor.aar (androidx.benchmark:benchmark-traceprocessor-android:1.4.1) with CopyTransform
Transforming benchmark-traceprocessor.aar (androidx.benchmark:benchmark-traceprocessor-android:1.4.1) with AggregatedPackagesTransform
Transforming core-splashscreen-1.0.1.aar (androidx.core:core-splashscreen:1.0.1) with AarToClassTransform
Transforming core-splashscreen-1.0.1.aar (androidx.core:core-splashscreen:1.0.1) with IdentityTransform
Transforming core-splashscreen-1.0.1.aar (androidx.core:core-splashscreen:1.0.1) with CopyTransform
Transforming core-splashscreen-1.0.1.aar (androidx.core:core-splashscreen:1.0.1) with AggregatedPackagesTransform
Transforming hilt-navigation-compose-1.2.0.aar (androidx.hilt:hilt-navigation-compose:1.2.0) with AarToClassTransform
Transforming hilt-navigation-compose-1.2.0.aar (androidx.hilt:hilt-navigation-compose:1.2.0) with IdentityTransform
Transforming hilt-navigation-compose-1.2.0.aar (androidx.hilt:hilt-navigation-compose:1.2.0) with CopyTransform
Transforming hilt-navigation-compose-1.2.0.aar (androidx.hilt:hilt-navigation-compose:1.2.0) with AggregatedPackagesTransform
Transforming hilt-navigation-1.2.0.aar (androidx.hilt:hilt-navigation:1.2.0) with AarToClassTransform
Transforming hilt-navigation-1.2.0.aar (androidx.hilt:hilt-navigation:1.2.0) with IdentityTransform
Transforming hilt-navigation-1.2.0.aar (androidx.hilt:hilt-navigation:1.2.0) with CopyTransform
Transforming hilt-navigation-1.2.0.aar (androidx.hilt:hilt-navigation:1.2.0) with AggregatedPackagesTransform
Transforming hilt-android-2.51.1.aar (com.google.dagger:hilt-android:2.51.1) with AarToClassTransform
Transforming hilt-android-2.51.1.aar (com.google.dagger:hilt-android:2.51.1) with IdentityTransform
Transforming hilt-android-2.51.1.aar (com.google.dagger:hilt-android:2.51.1) with CopyTransform
Transforming hilt-android-2.51.1.aar (com.google.dagger:hilt-android:2.51.1) with AggregatedPackagesTransform
Transforming room-common-2.6.0.jar (androidx.room:room-common:2.6.0) with IdentityTransform
Transforming room-common-2.6.0.jar (androidx.room:room-common:2.6.0) with IdentityTransform
Transforming room-common-2.6.0.jar (androidx.room:room-common:2.6.0) with CopyTransform
Transforming room-common-2.6.0.jar (androidx.room:room-common:2.6.0) with AggregatedPackagesTransform
Transforming room-runtime-2.6.0.aar (androidx.room:room-runtime:2.6.0) with AarToClassTransform
Transforming room-runtime-2.6.0.aar (androidx.room:room-runtime:2.6.0) with IdentityTransform
Transforming room-runtime-2.6.0.aar (androidx.room:room-runtime:2.6.0) with CopyTransform
Transforming room-runtime-2.6.0.aar (androidx.room:room-runtime:2.6.0) with AggregatedPackagesTransform
Transforming room-ktx-2.6.0.aar (androidx.room:room-ktx:2.6.0) with AarToClassTransform
Transforming room-ktx-2.6.0.aar (androidx.room:room-ktx:2.6.0) with IdentityTransform
Transforming room-ktx-2.6.0.aar (androidx.room:room-ktx:2.6.0) with CopyTransform
Transforming room-ktx-2.6.0.aar (androidx.room:room-ktx:2.6.0) with AggregatedPackagesTransform
Transforming navigation-runtime-release.aar (androidx.navigation:navigation-runtime-android:2.9.7) with AarToClassTransform
Transforming navigation-runtime-release.aar (androidx.navigation:navigation-runtime-android:2.9.7) with IdentityTransform
Transforming navigation-runtime-release.aar (androidx.navigation:navigation-runtime-android:2.9.7) with CopyTransform
Transforming navigation-runtime-release.aar (androidx.navigation:navigation-runtime-android:2.9.7) with AggregatedPackagesTransform
Transforming navigation-common-release.aar (androidx.navigation:navigation-common-android:2.9.7) with AarToClassTransform
Transforming navigation-common-release.aar (androidx.navigation:navigation-common-android:2.9.7) with IdentityTransform
Transforming navigation-common-release.aar (androidx.navigation:navigation-common-android:2.9.7) with CopyTransform
Transforming navigation-common-release.aar (androidx.navigation:navigation-common-android:2.9.7) with AggregatedPackagesTransform
Transforming navigation-compose-release.aar (androidx.navigation:navigation-compose-android:2.9.7) with AarToClassTransform
Transforming navigation-compose-release.aar (androidx.navigation:navigation-compose-android:2.9.7) with IdentityTransform
Transforming navigation-compose-release.aar (androidx.navigation:navigation-compose-android:2.9.7) with CopyTransform
Transforming navigation-compose-release.aar (androidx.navigation:navigation-compose-android:2.9.7) with AggregatedPackagesTransform
Transforming barcode-scanning-17.2.0.aar (com.google.mlkit:barcode-scanning:17.2.0) with AarToClassTransform
Transforming barcode-scanning-17.2.0.aar (com.google.mlkit:barcode-scanning:17.2.0) with IdentityTransform
Transforming barcode-scanning-17.2.0.aar (com.google.mlkit:barcode-scanning:17.2.0) with CopyTransform
Transforming barcode-scanning-17.2.0.aar (com.google.mlkit:barcode-scanning:17.2.0) with AggregatedPackagesTransform
Transforming play-services-mlkit-barcode-scanning-18.3.0.aar (com.google.android.gms:play-services-mlkit-barcode-scanning:18.3.0) with AarToClassTransform
Transforming play-services-mlkit-barcode-scanning-18.3.0.aar (com.google.android.gms:play-services-mlkit-barcode-scanning:18.3.0) with IdentityTransform
Transforming play-services-mlkit-barcode-scanning-18.3.0.aar (com.google.android.gms:play-services-mlkit-barcode-scanning:18.3.0) with CopyTransform
Transforming play-services-mlkit-barcode-scanning-18.3.0.aar (com.google.android.gms:play-services-mlkit-barcode-scanning:18.3.0) with AggregatedPackagesTransform
Transforming barcode-scanning-common-17.0.0.aar (com.google.mlkit:barcode-scanning-common:17.0.0) with AarToClassTransform
Transforming barcode-scanning-common-17.0.0.aar (com.google.mlkit:barcode-scanning-common:17.0.0) with IdentityTransform
Transforming barcode-scanning-common-17.0.0.aar (com.google.mlkit:barcode-scanning-common:17.0.0) with CopyTransform
Transforming barcode-scanning-common-17.0.0.aar (com.google.mlkit:barcode-scanning-common:17.0.0) with AggregatedPackagesTransform
Transforming vision-common-17.3.0.aar (com.google.mlkit:vision-common:17.3.0) with AarToClassTransform
Transforming vision-common-17.3.0.aar (com.google.mlkit:vision-common:17.3.0) with IdentityTransform
Transforming vision-common-17.3.0.aar (com.google.mlkit:vision-common:17.3.0) with CopyTransform
Transforming vision-common-17.3.0.aar (com.google.mlkit:vision-common:17.3.0) with AggregatedPackagesTransform
Transforming common-18.9.0.aar (com.google.mlkit:common:18.9.0) with AarToClassTransform
Transforming common-18.9.0.aar (com.google.mlkit:common:18.9.0) with IdentityTransform
Transforming common-18.9.0.aar (com.google.mlkit:common:18.9.0) with CopyTransform
Transforming common-18.9.0.aar (com.google.mlkit:common:18.9.0) with AggregatedPackagesTransform
Transforming play-services-base-18.1.0.aar (com.google.android.gms:play-services-base:18.1.0) with AarToClassTransform
Transforming play-services-base-18.1.0.aar (com.google.android.gms:play-services-base:18.1.0) with IdentityTransform
Transforming play-services-base-18.1.0.aar (com.google.android.gms:play-services-base:18.1.0) with CopyTransform
Transforming play-services-base-18.1.0.aar (com.google.android.gms:play-services-base:18.1.0) with AggregatedPackagesTransform
Transforming vision-interfaces-16.2.0.aar (com.google.mlkit:vision-interfaces:16.2.0) with AarToClassTransform
Transforming vision-interfaces-16.2.0.aar (com.google.mlkit:vision-interfaces:16.2.0) with IdentityTransform
Transforming vision-interfaces-16.2.0.aar (com.google.mlkit:vision-interfaces:16.2.0) with CopyTransform
Transforming vision-interfaces-16.2.0.aar (com.google.mlkit:vision-interfaces:16.2.0) with AggregatedPackagesTransform
Transforming play-services-tasks-18.0.2.aar (com.google.android.gms:play-services-tasks:18.0.2) with AarToClassTransform
Transforming play-services-tasks-18.0.2.aar (com.google.android.gms:play-services-tasks:18.0.2) with IdentityTransform
Transforming play-services-tasks-18.0.2.aar (com.google.android.gms:play-services-tasks:18.0.2) with CopyTransform
Transforming play-services-tasks-18.0.2.aar (com.google.android.gms:play-services-tasks:18.0.2) with AggregatedPackagesTransform
Transforming play-services-basement-18.1.0.aar (com.google.android.gms:play-services-basement:18.1.0) with AarToClassTransform
Transforming play-services-basement-18.1.0.aar (com.google.android.gms:play-services-basement:18.1.0) with IdentityTransform
Transforming play-services-basement-18.1.0.aar (com.google.android.gms:play-services-basement:18.1.0) with CopyTransform
Transforming play-services-basement-18.1.0.aar (com.google.android.gms:play-services-basement:18.1.0) with AggregatedPackagesTransform
Transforming camera-video-1.3.0.aar (androidx.camera:camera-video:1.3.0) with AarToClassTransform
Transforming camera-video-1.3.0.aar (androidx.camera:camera-video:1.3.0) with IdentityTransform
Transforming camera-video-1.3.0.aar (androidx.camera:camera-video:1.3.0) with CopyTransform
Transforming camera-video-1.3.0.aar (androidx.camera:camera-video:1.3.0) with AggregatedPackagesTransform
Transforming camera-core-1.3.0.aar (androidx.camera:camera-core:1.3.0) with AarToClassTransform
Transforming camera-core-1.3.0.aar (androidx.camera:camera-core:1.3.0) with IdentityTransform
Transforming camera-core-1.3.0.aar (androidx.camera:camera-core:1.3.0) with CopyTransform
Transforming camera-core-1.3.0.aar (androidx.camera:camera-core:1.3.0) with AggregatedPackagesTransform
Transforming camera-lifecycle-1.3.0.aar (androidx.camera:camera-lifecycle:1.3.0) with AarToClassTransform
Transforming camera-lifecycle-1.3.0.aar (androidx.camera:camera-lifecycle:1.3.0) with IdentityTransform
Transforming camera-lifecycle-1.3.0.aar (androidx.camera:camera-lifecycle:1.3.0) with CopyTransform
Transforming camera-lifecycle-1.3.0.aar (androidx.camera:camera-lifecycle:1.3.0) with AggregatedPackagesTransform
Transforming camera-camera2-1.3.0.aar (androidx.camera:camera-camera2:1.3.0) with AarToClassTransform
Transforming camera-camera2-1.3.0.aar (androidx.camera:camera-camera2:1.3.0) with IdentityTransform
Transforming camera-camera2-1.3.0.aar (androidx.camera:camera-camera2:1.3.0) with CopyTransform
Transforming camera-camera2-1.3.0.aar (androidx.camera:camera-camera2:1.3.0) with AggregatedPackagesTransform
Transforming camera-view-1.3.0.aar (androidx.camera:camera-view:1.3.0) with AarToClassTransform
Transforming camera-view-1.3.0.aar (androidx.camera:camera-view:1.3.0) with IdentityTransform
Transforming camera-view-1.3.0.aar (androidx.camera:camera-view:1.3.0) with CopyTransform
Transforming camera-view-1.3.0.aar (androidx.camera:camera-view:1.3.0) with AggregatedPackagesTransform
Transforming coil-compose-2.5.0.aar (io.coil-kt:coil-compose:2.5.0) with AarToClassTransform
Transforming coil-compose-2.5.0.aar (io.coil-kt:coil-compose:2.5.0) with IdentityTransform
Transforming coil-compose-2.5.0.aar (io.coil-kt:coil-compose:2.5.0) with CopyTransform
Transforming coil-compose-2.5.0.aar (io.coil-kt:coil-compose:2.5.0) with AggregatedPackagesTransform
Transforming coil-compose-base-2.5.0.aar (io.coil-kt:coil-compose-base:2.5.0) with AarToClassTransform
Transforming coil-compose-base-2.5.0.aar (io.coil-kt:coil-compose-base:2.5.0) with IdentityTransform
Transforming coil-compose-base-2.5.0.aar (io.coil-kt:coil-compose-base:2.5.0) with CopyTransform
Transforming coil-compose-base-2.5.0.aar (io.coil-kt:coil-compose-base:2.5.0) with AggregatedPackagesTransform
Transforming coil-2.5.0.aar (io.coil-kt:coil:2.5.0) with AarToClassTransform
Transforming coil-2.5.0.aar (io.coil-kt:coil:2.5.0) with IdentityTransform
Transforming coil-2.5.0.aar (io.coil-kt:coil:2.5.0) with CopyTransform
Transforming coil-2.5.0.aar (io.coil-kt:coil:2.5.0) with AggregatedPackagesTransform
Transforming coil-base-2.5.0.aar (io.coil-kt:coil-base:2.5.0) with AarToClassTransform
Transforming coil-base-2.5.0.aar (io.coil-kt:coil-base:2.5.0) with IdentityTransform
Transforming coil-base-2.5.0.aar (io.coil-kt:coil-base:2.5.0) with CopyTransform
Transforming coil-base-2.5.0.aar (io.coil-kt:coil-base:2.5.0) with AggregatedPackagesTransform
Transforming appcompat-resources-1.6.1.aar (androidx.appcompat:appcompat-resources:1.6.1) with AarToClassTransform
Transforming appcompat-resources-1.6.1.aar (androidx.appcompat:appcompat-resources:1.6.1) with IdentityTransform
Transforming appcompat-resources-1.6.1.aar (androidx.appcompat:appcompat-resources:1.6.1) with CopyTransform
Transforming appcompat-resources-1.6.1.aar (androidx.appcompat:appcompat-resources:1.6.1) with AggregatedPackagesTransform
Transforming appcompat-1.6.1.aar (androidx.appcompat:appcompat:1.6.1) with AarToClassTransform
Transforming appcompat-1.6.1.aar (androidx.appcompat:appcompat:1.6.1) with IdentityTransform
Transforming appcompat-1.6.1.aar (androidx.appcompat:appcompat:1.6.1) with CopyTransform
Transforming appcompat-1.6.1.aar (androidx.appcompat:appcompat:1.6.1) with AggregatedPackagesTransform
Transforming fragment-1.5.1.aar (androidx.fragment:fragment:1.5.1) with AarToClassTransform
Transforming fragment-1.5.1.aar (androidx.fragment:fragment:1.5.1) with IdentityTransform
Transforming fragment-1.5.1.aar (androidx.fragment:fragment:1.5.1) with CopyTransform
Transforming fragment-1.5.1.aar (androidx.fragment:fragment:1.5.1) with AggregatedPackagesTransform
Transforming fragment-1.5.1.aar (androidx.fragment:fragment:1.5.1) with AarToClassTransform
Transforming fragment-1.5.1.aar (androidx.fragment:fragment:1.5.1) with IdentityTransform
Transforming fragment-1.5.1.aar (androidx.fragment:fragment:1.5.1) with CopyTransform
Transforming fragment-1.5.1.aar (androidx.fragment:fragment:1.5.1) with AggregatedPackagesTransform
Transforming accompanist-drawablepainter-0.32.0.aar (com.google.accompanist:accompanist-drawablepainter:0.32.0) with AarToClassTransform
Transforming accompanist-drawablepainter-0.32.0.aar (com.google.accompanist:accompanist-drawablepainter:0.32.0) with IdentityTransform
Transforming accompanist-drawablepainter-0.32.0.aar (com.google.accompanist:accompanist-drawablepainter:0.32.0) with CopyTransform
Transforming accompanist-drawablepainter-0.32.0.aar (com.google.accompanist:accompanist-drawablepainter:0.32.0) with AggregatedPackagesTransform
Transforming navigationevent.aar (androidx.navigationevent:navigationevent-android:1.0.1) with AarToClassTransform
Transforming navigationevent.aar (androidx.navigationevent:navigationevent-android:1.0.1) with IdentityTransform
Transforming navigationevent.aar (androidx.navigationevent:navigationevent-android:1.0.1) with CopyTransform
Transforming navigationevent.aar (androidx.navigationevent:navigationevent-android:1.0.1) with AggregatedPackagesTransform
Transforming navigationevent-compose.aar (androidx.navigationevent:navigationevent-compose-android:1.0.1) with AarToClassTransform
Transforming navigationevent-compose.aar (androidx.navigationevent:navigationevent-compose-android:1.0.1) with IdentityTransform
Transforming navigationevent-compose.aar (androidx.navigationevent:navigationevent-compose-android:1.0.1) with CopyTransform
Transforming navigationevent-compose.aar (androidx.navigationevent:navigationevent-compose-android:1.0.1) with AggregatedPackagesTransform
Transforming material-icons-extended-release.aar (androidx.compose.material:material-icons-extended-android:1.7.0) with AarToClassTransform
Transforming material-icons-extended-release.aar (androidx.compose.material:material-icons-extended-android:1.7.0) with IdentityTransform
Transforming material-icons-extended-release.aar (androidx.compose.material:material-icons-extended-android:1.7.0) with CopyTransform
Transforming material-icons-extended-release.aar (androidx.compose.material:material-icons-extended-android:1.7.0) with AggregatedPackagesTransform
Transforming material3-release.aar (androidx.compose.material3:material3-android:1.3.0) with AarToClassTransform
Transforming material3-release.aar (androidx.compose.material3:material3-android:1.3.0) with IdentityTransform
Transforming material3-release.aar (androidx.compose.material3:material3-android:1.3.0) with CopyTransform
Transforming material3-release.aar (androidx.compose.material3:material3-android:1.3.0) with AggregatedPackagesTransform
Transforming material-ripple-release.aar (androidx.compose.material:material-ripple-android:1.7.0) with AarToClassTransform
Transforming material-ripple-release.aar (androidx.compose.material:material-ripple-android:1.7.0) with IdentityTransform
Transforming material-ripple-release.aar (androidx.compose.material:material-ripple-android:1.7.0) with CopyTransform
Transforming material-ripple-release.aar (androidx.compose.material:material-ripple-android:1.7.0) with AggregatedPackagesTransform
Transforming ui-tooling-data.aar (androidx.compose.ui:ui-tooling-data-android:1.9.2) with AarToClassTransform
Transforming ui-tooling-data.aar (androidx.compose.ui:ui-tooling-data-android:1.9.2) with IdentityTransform
Transforming ui-tooling-data.aar (androidx.compose.ui:ui-tooling-data-android:1.9.2) with CopyTransform
Transforming ui-tooling-data.aar (androidx.compose.ui:ui-tooling-data-android:1.9.2) with AggregatedPackagesTransform
Transforming ui-tooling-preview.aar (androidx.compose.ui:ui-tooling-preview-android:1.9.2) with AarToClassTransform
Transforming ui-tooling-preview.aar (androidx.compose.ui:ui-tooling-preview-android:1.9.2) with IdentityTransform
Transforming ui-tooling-preview.aar (androidx.compose.ui:ui-tooling-preview-android:1.9.2) with CopyTransform
Transforming ui-tooling-preview.aar (androidx.compose.ui:ui-tooling-preview-android:1.9.2) with AggregatedPackagesTransform
Transforming foundation-release.aar (androidx.compose.foundation:foundation-android:1.9.2) with AarToClassTransform
Transforming foundation-release.aar (androidx.compose.foundation:foundation-android:1.9.2) with IdentityTransform
Transforming foundation-release.aar (androidx.compose.foundation:foundation-android:1.9.2) with CopyTransform
Transforming foundation-release.aar (androidx.compose.foundation:foundation-android:1.9.2) with AggregatedPackagesTransform
Transforming foundation-layout.aar (androidx.compose.foundation:foundation-layout-android:1.9.2) with AarToClassTransform
Transforming foundation-layout.aar (androidx.compose.foundation:foundation-layout-android:1.9.2) with IdentityTransform
Transforming foundation-layout.aar (androidx.compose.foundation:foundation-layout-android:1.9.2) with CopyTransform
Transforming foundation-layout.aar (androidx.compose.foundation:foundation-layout-android:1.9.2) with AggregatedPackagesTransform
Transforming animation-core.aar (androidx.compose.animation:animation-core-android:1.9.2) with AarToClassTransform
Transforming animation-core.aar (androidx.compose.animation:animation-core-android:1.9.2) with IdentityTransform
Transforming animation-core.aar (androidx.compose.animation:animation-core-android:1.9.2) with CopyTransform
Transforming animation-core.aar (androidx.compose.animation:animation-core-android:1.9.2) with AggregatedPackagesTransform
Transforming animation.aar (androidx.compose.animation:animation-android:1.9.2) with AarToClassTransform
Transforming animation.aar (androidx.compose.animation:animation-android:1.9.2) with IdentityTransform
Transforming animation.aar (androidx.compose.animation:animation-android:1.9.2) with CopyTransform
Transforming animation.aar (androidx.compose.animation:animation-android:1.9.2) with AggregatedPackagesTransform
Transforming ui-util.aar (androidx.compose.ui:ui-util-android:1.9.2) with AarToClassTransform
Transforming ui-util.aar (androidx.compose.ui:ui-util-android:1.9.2) with IdentityTransform
Transforming ui-util.aar (androidx.compose.ui:ui-util-android:1.9.2) with CopyTransform
Transforming ui-util.aar (androidx.compose.ui:ui-util-android:1.9.2) with AggregatedPackagesTransform
Transforming ui-unit.aar (androidx.compose.ui:ui-unit-android:1.9.2) with AarToClassTransform
Transforming ui-unit.aar (androidx.compose.ui:ui-unit-android:1.9.2) with IdentityTransform
Transforming ui-unit.aar (androidx.compose.ui:ui-unit-android:1.9.2) with CopyTransform
Transforming ui-unit.aar (androidx.compose.ui:ui-unit-android:1.9.2) with AggregatedPackagesTransform
Transforming ui-text.aar (androidx.compose.ui:ui-text-android:1.9.2) with AarToClassTransform
Transforming ui-text.aar (androidx.compose.ui:ui-text-android:1.9.2) with IdentityTransform
Transforming ui-text.aar (androidx.compose.ui:ui-text-android:1.9.2) with CopyTransform
Transforming ui-text.aar (androidx.compose.ui:ui-text-android:1.9.2) with AggregatedPackagesTransform
Transforming ui-graphics-release.aar (androidx.compose.ui:ui-graphics-android:1.9.2) with AarToClassTransform
Transforming ui-graphics-release.aar (androidx.compose.ui:ui-graphics-android:1.9.2) with IdentityTransform
Transforming ui-graphics-release.aar (androidx.compose.ui:ui-graphics-android:1.9.2) with CopyTransform
Transforming ui-graphics-release.aar (androidx.compose.ui:ui-graphics-android:1.9.2) with AggregatedPackagesTransform
Transforming ui-geometry.aar (androidx.compose.ui:ui-geometry-android:1.9.2) with AarToClassTransform
Transforming ui-geometry.aar (androidx.compose.ui:ui-geometry-android:1.9.2) with IdentityTransform
Transforming ui-geometry.aar (androidx.compose.ui:ui-geometry-android:1.9.2) with CopyTransform
Transforming ui-geometry.aar (androidx.compose.ui:ui-geometry-android:1.9.2) with AggregatedPackagesTransform
Transforming ui-test-manifest-1.9.2.aar (androidx.compose.ui:ui-test-manifest:1.9.2) with AarToClassTransform
Transforming ui-test-manifest-1.9.2.aar (androidx.compose.ui:ui-test-manifest:1.9.2) with IdentityTransform
Transforming ui-test-manifest-1.9.2.aar (androidx.compose.ui:ui-test-manifest:1.9.2) with CopyTransform
Transforming ui-test-manifest-1.9.2.aar (androidx.compose.ui:ui-test-manifest:1.9.2) with AggregatedPackagesTransform
Transforming ui-tooling.aar (androidx.compose.ui:ui-tooling-android:1.9.2) with AarToClassTransform
Transforming ui-tooling.aar (androidx.compose.ui:ui-tooling-android:1.9.2) with IdentityTransform
Transforming ui-tooling.aar (androidx.compose.ui:ui-tooling-android:1.9.2) with CopyTransform
Transforming ui-tooling.aar (androidx.compose.ui:ui-tooling-android:1.9.2) with AggregatedPackagesTransform
Transforming material-release.aar (androidx.compose.material:material-android:1.7.0) with AarToClassTransform
Transforming material-release.aar (androidx.compose.material:material-android:1.7.0) with IdentityTransform
Transforming material-release.aar (androidx.compose.material:material-android:1.7.0) with CopyTransform
Transforming material-release.aar (androidx.compose.material:material-android:1.7.0) with AggregatedPackagesTransform
Transforming material-icons-core-release.aar (androidx.compose.material:material-icons-core-android:1.7.0) with AarToClassTransform
Transforming material-icons-core-release.aar (androidx.compose.material:material-icons-core-android:1.7.0) with IdentityTransform
Transforming material-icons-core-release.aar (androidx.compose.material:material-icons-core-android:1.7.0) with CopyTransform
Transforming material-icons-core-release.aar (androidx.compose.material:material-icons-core-android:1.7.0) with AggregatedPackagesTransform
Transforming loader-1.0.0.aar (androidx.loader:loader:1.0.0) with AarToClassTransform
Transforming loader-1.0.0.aar (androidx.loader:loader:1.0.0) with IdentityTransform
Transforming loader-1.0.0.aar (androidx.loader:loader:1.0.0) with CopyTransform
Transforming loader-1.0.0.aar (androidx.loader:loader:1.0.0) with AggregatedPackagesTransform
Transforming viewpager-1.0.0.aar (androidx.viewpager:viewpager:1.0.0) with AarToClassTransform
Transforming viewpager-1.0.0.aar (androidx.viewpager:viewpager:1.0.0) with IdentityTransform
Transforming viewpager-1.0.0.aar (androidx.viewpager:viewpager:1.0.0) with CopyTransform
Transforming viewpager-1.0.0.aar (androidx.viewpager:viewpager:1.0.0) with AggregatedPackagesTransform
Transforming drawerlayout-1.0.0.aar (androidx.drawerlayout:drawerlayout:1.0.0) with AarToClassTransform
Transforming drawerlayout-1.0.0.aar (androidx.drawerlayout:drawerlayout:1.0.0) with IdentityTransform
Transforming drawerlayout-1.0.0.aar (androidx.drawerlayout:drawerlayout:1.0.0) with CopyTransform
Transforming drawerlayout-1.0.0.aar (androidx.drawerlayout:drawerlayout:1.0.0) with AggregatedPackagesTransform
Transforming customview-1.0.0.aar (androidx.customview:customview:1.0.0) with AarToClassTransform
Transforming customview-1.0.0.aar (androidx.customview:customview:1.0.0) with IdentityTransform
Transforming customview-1.0.0.aar (androidx.customview:customview:1.0.0) with CopyTransform
Transforming customview-1.0.0.aar (androidx.customview:customview:1.0.0) with AggregatedPackagesTransform
Transforming vectordrawable-animated-1.1.0.aar (androidx.vectordrawable:vectordrawable-animated:1.1.0) with AarToClassTransform
Transforming vectordrawable-animated-1.1.0.aar (androidx.vectordrawable:vectordrawable-animated:1.1.0) with IdentityTransform
Transforming vectordrawable-animated-1.1.0.aar (androidx.vectordrawable:vectordrawable-animated:1.1.0) with CopyTransform
Transforming vectordrawable-animated-1.1.0.aar (androidx.vectordrawable:vectordrawable-animated:1.1.0) with AggregatedPackagesTransform
Transforming vectordrawable-1.1.0.aar (androidx.vectordrawable:vectordrawable:1.1.0) with AarToClassTransform
Transforming vectordrawable-1.1.0.aar (androidx.vectordrawable:vectordrawable:1.1.0) with IdentityTransform
Transforming vectordrawable-1.1.0.aar (androidx.vectordrawable:vectordrawable:1.1.0) with CopyTransform
Transforming vectordrawable-1.1.0.aar (androidx.vectordrawable:vectordrawable:1.1.0) with AggregatedPackagesTransform
Transforming vectordrawable-1.1.0.aar (androidx.vectordrawable:vectordrawable:1.1.0) with AarToClassTransform
Transforming vectordrawable-1.1.0.aar (androidx.vectordrawable:vectordrawable:1.1.0) with IdentityTransform
Transforming vectordrawable-1.1.0.aar (androidx.vectordrawable:vectordrawable:1.1.0) with CopyTransform
Transforming vectordrawable-1.1.0.aar (androidx.vectordrawable:vectordrawable:1.1.0) with AggregatedPackagesTransform
Transforming autofill-1.0.0.aar (androidx.autofill:autofill:1.0.0) with AarToClassTransform
Transforming autofill-1.0.0.aar (androidx.autofill:autofill:1.0.0) with IdentityTransform
Transforming autofill-1.0.0.aar (androidx.autofill:autofill:1.0.0) with CopyTransform
Transforming autofill-1.0.0.aar (androidx.autofill:autofill:1.0.0) with AggregatedPackagesTransform
Transforming graphics-path-1.0.1.aar (androidx.graphics:graphics-path:1.0.1) with AarToClassTransform
Transforming graphics-path-1.0.1.aar (androidx.graphics:graphics-path:1.0.1) with IdentityTransform
Transforming graphics-path-1.0.1.aar (androidx.graphics:graphics-path:1.0.1) with CopyTransform
Transforming graphics-path-1.0.1.aar (androidx.graphics:graphics-path:1.0.1) with AggregatedPackagesTransform
Transforming emoji2-views-helper-1.4.0.aar (androidx.emoji2:emoji2-views-helper:1.4.0) with AarToClassTransform
Transforming emoji2-views-helper-1.4.0.aar (androidx.emoji2:emoji2-views-helper:1.4.0) with IdentityTransform
Transforming emoji2-views-helper-1.4.0.aar (androidx.emoji2:emoji2-views-helper:1.4.0) with CopyTransform
Transforming emoji2-views-helper-1.4.0.aar (androidx.emoji2:emoji2-views-helper:1.4.0) with AggregatedPackagesTransform
Transforming emoji2-1.4.0.aar (androidx.emoji2:emoji2:1.4.0) with AarToClassTransform
Transforming emoji2-1.4.0.aar (androidx.emoji2:emoji2:1.4.0) with IdentityTransform
Transforming emoji2-1.4.0.aar (androidx.emoji2:emoji2:1.4.0) with CopyTransform
Transforming emoji2-1.4.0.aar (androidx.emoji2:emoji2:1.4.0) with AggregatedPackagesTransform
Transforming core-1.17.0.aar (androidx.core:core:1.17.0) with AarToClassTransform
Transforming core-1.17.0.aar (androidx.core:core:1.17.0) with IdentityTransform
Transforming core-1.17.0.aar (androidx.core:core:1.17.0) with CopyTransform
Transforming core-1.17.0.aar (androidx.core:core:1.17.0) with AggregatedPackagesTransform
Transforming core-1.17.0.aar (androidx.core:core:1.17.0) with AarToClassTransform
Transforming core-1.17.0.aar (androidx.core:core:1.17.0) with IdentityTransform
Transforming core-1.17.0.aar (androidx.core:core:1.17.0) with CopyTransform
Transforming core-1.17.0.aar (androidx.core:core:1.17.0) with AggregatedPackagesTransform
Transforming lifecycle-process-2.10.0.aar (androidx.lifecycle:lifecycle-process:2.10.0) with AarToClassTransform
Transforming lifecycle-process-2.10.0.aar (androidx.lifecycle:lifecycle-process:2.10.0) with IdentityTransform
Transforming lifecycle-process-2.10.0.aar (androidx.lifecycle:lifecycle-process:2.10.0) with CopyTransform
Transforming lifecycle-process-2.10.0.aar (androidx.lifecycle:lifecycle-process:2.10.0) with AggregatedPackagesTransform
Transforming lifecycle-viewmodel-ktx-2.10.0.aar (androidx.lifecycle:lifecycle-viewmodel-ktx:2.10.0) with AarToClassTransform
Transforming lifecycle-viewmodel-ktx-2.10.0.aar (androidx.lifecycle:lifecycle-viewmodel-ktx:2.10.0) with IdentityTransform
Transforming lifecycle-viewmodel-ktx-2.10.0.aar (androidx.lifecycle:lifecycle-viewmodel-ktx:2.10.0) with CopyTransform
Transforming lifecycle-viewmodel-ktx-2.10.0.aar (androidx.lifecycle:lifecycle-viewmodel-ktx:2.10.0) with AggregatedPackagesTransform
Transforming lifecycle-viewmodel-savedstate.aar (androidx.lifecycle:lifecycle-viewmodel-savedstate-android:2.10.0) with AarToClassTransform
Transforming lifecycle-viewmodel-savedstate.aar (androidx.lifecycle:lifecycle-viewmodel-savedstate-android:2.10.0) with IdentityTransform
Transforming lifecycle-viewmodel-savedstate.aar (androidx.lifecycle:lifecycle-viewmodel-savedstate-android:2.10.0) with CopyTransform
Transforming lifecycle-viewmodel-savedstate.aar (androidx.lifecycle:lifecycle-viewmodel-savedstate-android:2.10.0) with AggregatedPackagesTransform
Transforming lifecycle-viewmodel-2.10.0.aar (androidx.lifecycle:lifecycle-viewmodel:2.10.0) with AarToClassTransform
Transforming lifecycle-viewmodel-2.10.0.aar (androidx.lifecycle:lifecycle-viewmodel:2.10.0) with IdentityTransform
Transforming lifecycle-viewmodel-2.10.0.aar (androidx.lifecycle:lifecycle-viewmodel:2.10.0) with CopyTransform
Transforming lifecycle-viewmodel-2.10.0.aar (androidx.lifecycle:lifecycle-viewmodel:2.10.0) with AggregatedPackagesTransform
Transforming lifecycle-viewmodel.aar (androidx.lifecycle:lifecycle-viewmodel-android:2.10.0) with AarToClassTransform
Transforming lifecycle-viewmodel.aar (androidx.lifecycle:lifecycle-viewmodel-android:2.10.0) with IdentityTransform
Transforming lifecycle-viewmodel.aar (androidx.lifecycle:lifecycle-viewmodel-android:2.10.0) with CopyTransform
Transforming lifecycle-viewmodel.aar (androidx.lifecycle:lifecycle-viewmodel-android:2.10.0) with AggregatedPackagesTransform
Transforming savedstate-ktx-1.4.0.aar (androidx.savedstate:savedstate-ktx:1.4.0) with AarToClassTransform
Transforming savedstate-ktx-1.4.0.aar (androidx.savedstate:savedstate-ktx:1.4.0) with IdentityTransform
Transforming savedstate-ktx-1.4.0.aar (androidx.savedstate:savedstate-ktx:1.4.0) with CopyTransform
Transforming savedstate-ktx-1.4.0.aar (androidx.savedstate:savedstate-ktx:1.4.0) with AggregatedPackagesTransform
Transforming savedstate.aar (androidx.savedstate:savedstate-android:1.4.0) with AarToClassTransform
Transforming savedstate.aar (androidx.savedstate:savedstate-android:1.4.0) with IdentityTransform
Transforming savedstate.aar (androidx.savedstate:savedstate-android:1.4.0) with CopyTransform
Transforming savedstate.aar (androidx.savedstate:savedstate-android:1.4.0) with AggregatedPackagesTransform
Transforming savedstate-compose.aar (androidx.savedstate:savedstate-compose-android:1.4.0) with AarToClassTransform
Transforming savedstate-compose.aar (androidx.savedstate:savedstate-compose-android:1.4.0) with IdentityTransform
Transforming savedstate-compose.aar (androidx.savedstate:savedstate-compose-android:1.4.0) with CopyTransform
Transforming savedstate-compose.aar (androidx.savedstate:savedstate-compose-android:1.4.0) with AggregatedPackagesTransform
Transforming runtime.aar (androidx.compose.runtime:runtime-android:1.9.2) with AarToClassTransform
Transforming runtime.aar (androidx.compose.runtime:runtime-android:1.9.2) with IdentityTransform
Transforming runtime.aar (androidx.compose.runtime:runtime-android:1.9.2) with CopyTransform
Transforming runtime.aar (androidx.compose.runtime:runtime-android:1.9.2) with AggregatedPackagesTransform
Transforming runtime-annotation.aar (androidx.compose.runtime:runtime-annotation-android:1.9.2) with AarToClassTransform
Transforming runtime-annotation.aar (androidx.compose.runtime:runtime-annotation-android:1.9.2) with IdentityTransform
Transforming runtime-annotation.aar (androidx.compose.runtime:runtime-annotation-android:1.9.2) with CopyTransform
Transforming runtime-annotation.aar (androidx.compose.runtime:runtime-annotation-android:1.9.2) with AggregatedPackagesTransform
Transforming runtime-saveable.aar (androidx.compose.runtime:runtime-saveable-android:1.9.2) with AarToClassTransform
Transforming runtime-saveable.aar (androidx.compose.runtime:runtime-saveable-android:1.9.2) with IdentityTransform
Transforming runtime-saveable.aar (androidx.compose.runtime:runtime-saveable-android:1.9.2) with CopyTransform
Transforming runtime-saveable.aar (androidx.compose.runtime:runtime-saveable-android:1.9.2) with AggregatedPackagesTransform
Transforming lifecycle-runtime-compose.aar (androidx.lifecycle:lifecycle-runtime-compose-android:2.10.0) with AarToClassTransform
Transforming lifecycle-runtime-compose.aar (androidx.lifecycle:lifecycle-runtime-compose-android:2.10.0) with IdentityTransform
Transforming lifecycle-runtime-compose.aar (androidx.lifecycle:lifecycle-runtime-compose-android:2.10.0) with CopyTransform
Transforming lifecycle-runtime-compose.aar (androidx.lifecycle:lifecycle-runtime-compose-android:2.10.0) with AggregatedPackagesTransform
Transforming lifecycle-livedata-core-ktx-2.10.0.aar (androidx.lifecycle:lifecycle-livedata-core-ktx:2.10.0) with AarToClassTransform
Transforming lifecycle-livedata-core-ktx-2.10.0.aar (androidx.lifecycle:lifecycle-livedata-core-ktx:2.10.0) with IdentityTransform
Transforming lifecycle-livedata-core-ktx-2.10.0.aar (androidx.lifecycle:lifecycle-livedata-core-ktx:2.10.0) with CopyTransform
Transforming lifecycle-livedata-core-ktx-2.10.0.aar (androidx.lifecycle:lifecycle-livedata-core-ktx:2.10.0) with AggregatedPackagesTransform
Transforming lifecycle-common-jvm-2.10.0.jar (androidx.lifecycle:lifecycle-common-jvm:2.10.0) with IdentityTransform
Transforming lifecycle-common-jvm-2.10.0.jar (androidx.lifecycle:lifecycle-common-jvm:2.10.0) with IdentityTransform
Transforming lifecycle-common-jvm-2.10.0.jar (androidx.lifecycle:lifecycle-common-jvm:2.10.0) with CopyTransform
Transforming lifecycle-common-jvm-2.10.0.jar (androidx.lifecycle:lifecycle-common-jvm:2.10.0) with AggregatedPackagesTransform
Transforming lifecycle-runtime.aar (androidx.lifecycle:lifecycle-runtime-android:2.10.0) with AarToClassTransform
Transforming lifecycle-runtime.aar (androidx.lifecycle:lifecycle-runtime-android:2.10.0) with IdentityTransform
Transforming lifecycle-runtime.aar (androidx.lifecycle:lifecycle-runtime-android:2.10.0) with CopyTransform
Transforming lifecycle-runtime.aar (androidx.lifecycle:lifecycle-runtime-android:2.10.0) with AggregatedPackagesTransform
Transforming lifecycle-livedata-core-2.10.0.aar (androidx.lifecycle:lifecycle-livedata-core:2.10.0) with AarToClassTransform
Transforming lifecycle-livedata-core-2.10.0.aar (androidx.lifecycle:lifecycle-livedata-core:2.10.0) with IdentityTransform
Transforming lifecycle-livedata-core-2.10.0.aar (androidx.lifecycle:lifecycle-livedata-core:2.10.0) with CopyTransform
Transforming lifecycle-livedata-core-2.10.0.aar (androidx.lifecycle:lifecycle-livedata-core:2.10.0) with AggregatedPackagesTransform
Transforming lifecycle-livedata-2.10.0.aar (androidx.lifecycle:lifecycle-livedata:2.10.0) with AarToClassTransform
Transforming lifecycle-livedata-2.10.0.aar (androidx.lifecycle:lifecycle-livedata:2.10.0) with IdentityTransform
Transforming lifecycle-livedata-2.10.0.aar (androidx.lifecycle:lifecycle-livedata:2.10.0) with CopyTransform
Transforming lifecycle-livedata-2.10.0.aar (androidx.lifecycle:lifecycle-livedata:2.10.0) with AggregatedPackagesTransform
Transforming lifecycle-livedata-2.10.0.aar (androidx.lifecycle:lifecycle-livedata:2.10.0) with AarToClassTransform
Transforming lifecycle-livedata-2.10.0.aar (androidx.lifecycle:lifecycle-livedata:2.10.0) with IdentityTransform
Transforming lifecycle-livedata-2.10.0.aar (androidx.lifecycle:lifecycle-livedata:2.10.0) with CopyTransform
Transforming lifecycle-livedata-2.10.0.aar (androidx.lifecycle:lifecycle-livedata:2.10.0) with AggregatedPackagesTransform
Transforming lifecycle-runtime-ktx.aar (androidx.lifecycle:lifecycle-runtime-ktx-android:2.10.0) with AarToClassTransform
Transforming lifecycle-runtime-ktx.aar (androidx.lifecycle:lifecycle-runtime-ktx-android:2.10.0) with IdentityTransform
Transforming lifecycle-runtime-ktx.aar (androidx.lifecycle:lifecycle-runtime-ktx-android:2.10.0) with CopyTransform
Transforming lifecycle-runtime-ktx.aar (androidx.lifecycle:lifecycle-runtime-ktx-android:2.10.0) with AggregatedPackagesTransform
Transforming lifecycle-viewmodel-compose.aar (androidx.lifecycle:lifecycle-viewmodel-compose-android:2.10.0) with AarToClassTransform
Transforming lifecycle-viewmodel-compose.aar (androidx.lifecycle:lifecycle-viewmodel-compose-android:2.10.0) with IdentityTransform
Transforming lifecycle-viewmodel-compose.aar (androidx.lifecycle:lifecycle-viewmodel-compose-android:2.10.0) with CopyTransform
Transforming lifecycle-viewmodel-compose.aar (androidx.lifecycle:lifecycle-viewmodel-compose-android:2.10.0) with AggregatedPackagesTransform
Transforming ui-release.aar (androidx.compose.ui:ui-android:1.9.2) with AarToClassTransform
Transforming ui-release.aar (androidx.compose.ui:ui-android:1.9.2) with IdentityTransform
Transforming ui-release.aar (androidx.compose.ui:ui-android:1.9.2) with CopyTransform
Transforming ui-release.aar (androidx.compose.ui:ui-android:1.9.2) with AggregatedPackagesTransform
Transforming activity-ktx-1.12.2.aar (androidx.activity:activity-ktx:1.12.2) with AarToClassTransform
Transforming activity-ktx-1.12.2.aar (androidx.activity:activity-ktx:1.12.2) with IdentityTransform
Transforming activity-ktx-1.12.2.aar (androidx.activity:activity-ktx:1.12.2) with CopyTransform
Transforming activity-ktx-1.12.2.aar (androidx.activity:activity-ktx:1.12.2) with AggregatedPackagesTransform
Transforming activity-1.12.2.aar (androidx.activity:activity:1.12.2) with AarToClassTransform
Transforming activity-1.12.2.aar (androidx.activity:activity:1.12.2) with IdentityTransform
Transforming activity-1.12.2.aar (androidx.activity:activity:1.12.2) with CopyTransform
Transforming activity-1.12.2.aar (androidx.activity:activity:1.12.2) with AggregatedPackagesTransform
Transforming activity-compose-1.12.2.aar (androidx.activity:activity-compose:1.12.2) with AarToClassTransform
Transforming activity-compose-1.12.2.aar (androidx.activity:activity-compose:1.12.2) with IdentityTransform
Transforming activity-compose-1.12.2.aar (androidx.activity:activity-compose:1.12.2) with CopyTransform
Transforming activity-compose-1.12.2.aar (androidx.activity:activity-compose:1.12.2) with AggregatedPackagesTransform
Transforming customview-poolingcontainer-1.0.0.aar (androidx.customview:customview-poolingcontainer:1.0.0) with AarToClassTransform
Transforming customview-poolingcontainer-1.0.0.aar (androidx.customview:customview-poolingcontainer:1.0.0) with IdentityTransform
Transforming customview-poolingcontainer-1.0.0.aar (androidx.customview:customview-poolingcontainer:1.0.0) with CopyTransform
Transforming customview-poolingcontainer-1.0.0.aar (androidx.customview:customview-poolingcontainer:1.0.0) with AggregatedPackagesTransform
Transforming core-ktx-1.17.0.aar (androidx.core:core-ktx:1.17.0) with AarToClassTransform
Transforming core-ktx-1.17.0.aar (androidx.core:core-ktx:1.17.0) with IdentityTransform
Transforming core-ktx-1.17.0.aar (androidx.core:core-ktx:1.17.0) with CopyTransform
Transforming core-ktx-1.17.0.aar (androidx.core:core-ktx:1.17.0) with AggregatedPackagesTransform
Transforming kotlinx-serialization-core-jvm-1.7.3.jar (org.jetbrains.kotlinx:kotlinx-serialization-core-jvm:1.7.3) with IdentityTransform
Transforming kotlinx-serialization-core-jvm-1.7.3.jar (org.jetbrains.kotlinx:kotlinx-serialization-core-jvm:1.7.3) with IdentityTransform
Transforming kotlinx-serialization-core-jvm-1.7.3.jar (org.jetbrains.kotlinx:kotlinx-serialization-core-jvm:1.7.3) with CopyTransform
Transforming kotlinx-serialization-core-jvm-1.7.3.jar (org.jetbrains.kotlinx:kotlinx-serialization-core-jvm:1.7.3) with AggregatedPackagesTransform
Transforming kotlinx-serialization-json-jvm-1.7.3.jar (org.jetbrains.kotlinx:kotlinx-serialization-json-jvm:1.7.3) with IdentityTransform
Transforming kotlinx-serialization-json-jvm-1.7.3.jar (org.jetbrains.kotlinx:kotlinx-serialization-json-jvm:1.7.3) with IdentityTransform
Transforming kotlinx-serialization-json-jvm-1.7.3.jar (org.jetbrains.kotlinx:kotlinx-serialization-json-jvm:1.7.3) with CopyTransform
Transforming kotlinx-serialization-json-jvm-1.7.3.jar (org.jetbrains.kotlinx:kotlinx-serialization-json-jvm:1.7.3) with AggregatedPackagesTransform
Transforming sqlite-framework-2.4.0.aar (androidx.sqlite:sqlite-framework:2.4.0) with AarToClassTransform
Transforming sqlite-framework-2.4.0.aar (androidx.sqlite:sqlite-framework:2.4.0) with IdentityTransform
Transforming sqlite-framework-2.4.0.aar (androidx.sqlite:sqlite-framework:2.4.0) with CopyTransform
Transforming sqlite-framework-2.4.0.aar (androidx.sqlite:sqlite-framework:2.4.0) with AggregatedPackagesTransform
Transforming sqlite-2.4.0.aar (androidx.sqlite:sqlite:2.4.0) with AarToClassTransform
Transforming sqlite-2.4.0.aar (androidx.sqlite:sqlite:2.4.0) with IdentityTransform
Transforming sqlite-2.4.0.aar (androidx.sqlite:sqlite:2.4.0) with CopyTransform
Transforming sqlite-2.4.0.aar (androidx.sqlite:sqlite:2.4.0) with AggregatedPackagesTransform
Transforming wire-runtime-jvm-5.2.1.jar (com.squareup.wire:wire-runtime-jvm:5.2.1) with IdentityTransform
Transforming wire-runtime-jvm-5.2.1.jar (com.squareup.wire:wire-runtime-jvm:5.2.1) with IdentityTransform
Transforming wire-runtime-jvm-5.2.1.jar (com.squareup.wire:wire-runtime-jvm:5.2.1) with CopyTransform
Transforming wire-runtime-jvm-5.2.1.jar (com.squareup.wire:wire-runtime-jvm:5.2.1) with AggregatedPackagesTransform
Transforming converter-gson-2.9.0.jar (com.squareup.retrofit2:converter-gson:2.9.0) with IdentityTransform
Transforming converter-gson-2.9.0.jar (com.squareup.retrofit2:converter-gson:2.9.0) with IdentityTransform
Transforming converter-gson-2.9.0.jar (com.squareup.retrofit2:converter-gson:2.9.0) with CopyTransform
Transforming converter-gson-2.9.0.jar (com.squareup.retrofit2:converter-gson:2.9.0) with AggregatedPackagesTransform
Transforming retrofit-2.9.0.jar (com.squareup.retrofit2:retrofit:2.9.0) with IdentityTransform
Transforming retrofit-2.9.0.jar (com.squareup.retrofit2:retrofit:2.9.0) with IdentityTransform
Transforming retrofit-2.9.0.jar (com.squareup.retrofit2:retrofit:2.9.0) with CopyTransform
Transforming retrofit-2.9.0.jar (com.squareup.retrofit2:retrofit:2.9.0) with AggregatedPackagesTransform
Transforming okhttp-4.12.0.jar (com.squareup.okhttp3:okhttp:4.12.0) with IdentityTransform
Transforming okhttp-4.12.0.jar (com.squareup.okhttp3:okhttp:4.12.0) with IdentityTransform
Transforming okhttp-4.12.0.jar (com.squareup.okhttp3:okhttp:4.12.0) with CopyTransform
Transforming okhttp-4.12.0.jar (com.squareup.okhttp3:okhttp:4.12.0) with AggregatedPackagesTransform
Transforming kotlin-stdlib-jdk8-1.9.10.jar (org.jetbrains.kotlin:kotlin-stdlib-jdk8:1.9.10) with IdentityTransform
Transforming kotlin-stdlib-jdk8-1.9.10.jar (org.jetbrains.kotlin:kotlin-stdlib-jdk8:1.9.10) with IdentityTransform
Transforming kotlin-stdlib-jdk8-1.9.10.jar (org.jetbrains.kotlin:kotlin-stdlib-jdk8:1.9.10) with CopyTransform
Transforming kotlin-stdlib-jdk8-1.9.10.jar (org.jetbrains.kotlin:kotlin-stdlib-jdk8:1.9.10) with AggregatedPackagesTransform
Transforming annotation-experimental-1.4.1.aar (androidx.annotation:annotation-experimental:1.4.1) with AarToClassTransform
Transforming annotation-experimental-1.4.1.aar (androidx.annotation:annotation-experimental:1.4.1) with IdentityTransform
Transforming annotation-experimental-1.4.1.aar (androidx.annotation:annotation-experimental:1.4.1) with CopyTransform
Transforming annotation-experimental-1.4.1.aar (androidx.annotation:annotation-experimental:1.4.1) with AggregatedPackagesTransform
Transforming core-viewtree-1.0.0.aar (androidx.core:core-viewtree:1.0.0) with AarToClassTransform
Transforming core-viewtree-1.0.0.aar (androidx.core:core-viewtree:1.0.0) with IdentityTransform
Transforming core-viewtree-1.0.0.aar (androidx.core:core-viewtree:1.0.0) with CopyTransform
Transforming core-viewtree-1.0.0.aar (androidx.core:core-viewtree:1.0.0) with AggregatedPackagesTransform
Transforming kotlinx-coroutines-core-jvm-1.9.0.jar (org.jetbrains.kotlinx:kotlinx-coroutines-core-jvm:1.9.0) with IdentityTransform
Transforming kotlinx-coroutines-core-jvm-1.9.0.jar (org.jetbrains.kotlinx:kotlinx-coroutines-core-jvm:1.9.0) with IdentityTransform
Transforming kotlinx-coroutines-core-jvm-1.9.0.jar (org.jetbrains.kotlinx:kotlinx-coroutines-core-jvm:1.9.0) with CopyTransform
Transforming kotlinx-coroutines-core-jvm-1.9.0.jar (org.jetbrains.kotlinx:kotlinx-coroutines-core-jvm:1.9.0) with AggregatedPackagesTransform
Transforming kotlinx-coroutines-android-1.9.0.jar (org.jetbrains.kotlinx:kotlinx-coroutines-android:1.9.0) with IdentityTransform
Transforming kotlinx-coroutines-android-1.9.0.jar (org.jetbrains.kotlinx:kotlinx-coroutines-android:1.9.0) with IdentityTransform
Transforming kotlinx-coroutines-android-1.9.0.jar (org.jetbrains.kotlinx:kotlinx-coroutines-android:1.9.0) with CopyTransform
Transforming kotlinx-coroutines-android-1.9.0.jar (org.jetbrains.kotlinx:kotlinx-coroutines-android:1.9.0) with AggregatedPackagesTransform
Transforming kotlin-stdlib-jdk7-1.9.10.jar (org.jetbrains.kotlin:kotlin-stdlib-jdk7:1.9.10) with IdentityTransform
Transforming kotlin-stdlib-jdk7-1.9.10.jar (org.jetbrains.kotlin:kotlin-stdlib-jdk7:1.9.10) with IdentityTransform
Transforming kotlin-stdlib-jdk7-1.9.10.jar (org.jetbrains.kotlin:kotlin-stdlib-jdk7:1.9.10) with CopyTransform
Transforming kotlin-stdlib-jdk7-1.9.10.jar (org.jetbrains.kotlin:kotlin-stdlib-jdk7:1.9.10) with AggregatedPackagesTransform
Transforming core-runtime-2.2.0.aar (androidx.arch.core:core-runtime:2.2.0) with AarToClassTransform
Transforming core-runtime-2.2.0.aar (androidx.arch.core:core-runtime:2.2.0) with IdentityTransform
Transforming core-runtime-2.2.0.aar (androidx.arch.core:core-runtime:2.2.0) with CopyTransform
Transforming core-runtime-2.2.0.aar (androidx.arch.core:core-runtime:2.2.0) with AggregatedPackagesTransform
Transforming transport-backend-cct-2.3.3.aar (com.google.android.datatransport:transport-backend-cct:2.3.3) with AarToClassTransform
Transforming transport-backend-cct-2.3.3.aar (com.google.android.datatransport:transport-backend-cct:2.3.3) with IdentityTransform
Transforming transport-backend-cct-2.3.3.aar (com.google.android.datatransport:transport-backend-cct:2.3.3) with CopyTransform
Transforming transport-backend-cct-2.3.3.aar (com.google.android.datatransport:transport-backend-cct:2.3.3) with AggregatedPackagesTransform
Transforming transport-runtime-2.2.6.aar (com.google.android.datatransport:transport-runtime:2.2.6) with AarToClassTransform
Transforming transport-runtime-2.2.6.aar (com.google.android.datatransport:transport-runtime:2.2.6) with IdentityTransform
Transforming transport-runtime-2.2.6.aar (com.google.android.datatransport:transport-runtime:2.2.6) with CopyTransform
Transforming transport-runtime-2.2.6.aar (com.google.android.datatransport:transport-runtime:2.2.6) with AggregatedPackagesTransform
Transforming transport-api-2.2.1.aar (com.google.android.datatransport:transport-api:2.2.1) with AarToClassTransform
Transforming transport-api-2.2.1.aar (com.google.android.datatransport:transport-api:2.2.1) with IdentityTransform
Transforming transport-api-2.2.1.aar (com.google.android.datatransport:transport-api:2.2.1) with CopyTransform
Transforming transport-api-2.2.1.aar (com.google.android.datatransport:transport-api:2.2.1) with AggregatedPackagesTransform
Transforming firebase-components-16.1.0.aar (com.google.firebase:firebase-components:16.1.0) with AarToClassTransform
Transforming firebase-components-16.1.0.aar (com.google.firebase:firebase-components:16.1.0) with IdentityTransform
Transforming firebase-components-16.1.0.aar (com.google.firebase:firebase-components:16.1.0) with CopyTransform
Transforming firebase-components-16.1.0.aar (com.google.firebase:firebase-components:16.1.0) with AggregatedPackagesTransform
Transforming firebase-encoders-json-17.1.0.aar (com.google.firebase:firebase-encoders-json:17.1.0) with AarToClassTransform
Transforming firebase-encoders-json-17.1.0.aar (com.google.firebase:firebase-encoders-json:17.1.0) with IdentityTransform
Transforming firebase-encoders-json-17.1.0.aar (com.google.firebase:firebase-encoders-json:17.1.0) with CopyTransform
Transforming firebase-encoders-json-17.1.0.aar (com.google.firebase:firebase-encoders-json:17.1.0) with AggregatedPackagesTransform
Transforming firebase-encoders-16.1.0.jar (com.google.firebase:firebase-encoders:16.1.0) with IdentityTransform
Transforming firebase-encoders-16.1.0.jar (com.google.firebase:firebase-encoders:16.1.0) with IdentityTransform
Transforming firebase-encoders-16.1.0.jar (com.google.firebase:firebase-encoders:16.1.0) with CopyTransform
Transforming firebase-encoders-16.1.0.jar (com.google.firebase:firebase-encoders:16.1.0) with AggregatedPackagesTransform
Transforming core-common-2.2.0.jar (androidx.arch.core:core-common:2.2.0) with IdentityTransform
Transforming core-common-2.2.0.jar (androidx.arch.core:core-common:2.2.0) with IdentityTransform
Transforming core-common-2.2.0.jar (androidx.arch.core:core-common:2.2.0) with CopyTransform
Transforming core-common-2.2.0.jar (androidx.arch.core:core-common:2.2.0) with AggregatedPackagesTransform
Transforming interpolator-1.0.0.aar (androidx.interpolator:interpolator:1.0.0) with AarToClassTransform
Transforming interpolator-1.0.0.aar (androidx.interpolator:interpolator:1.0.0) with IdentityTransform
Transforming interpolator-1.0.0.aar (androidx.interpolator:interpolator:1.0.0) with CopyTransform
Transforming interpolator-1.0.0.aar (androidx.interpolator:interpolator:1.0.0) with AggregatedPackagesTransform
Transforming interpolator-1.0.0.aar (androidx.interpolator:interpolator:1.0.0) with AarToClassTransform
Transforming interpolator-1.0.0.aar (androidx.interpolator:interpolator:1.0.0) with IdentityTransform
Transforming interpolator-1.0.0.aar (androidx.interpolator:interpolator:1.0.0) with CopyTransform
Transforming interpolator-1.0.0.aar (androidx.interpolator:interpolator:1.0.0) with AggregatedPackagesTransform
Transforming profileinstaller-1.4.0.aar (androidx.profileinstaller:profileinstaller:1.4.0) with AarToClassTransform
Transforming profileinstaller-1.4.0.aar (androidx.profileinstaller:profileinstaller:1.4.0) with IdentityTransform
Transforming profileinstaller-1.4.0.aar (androidx.profileinstaller:profileinstaller:1.4.0) with CopyTransform
Transforming profileinstaller-1.4.0.aar (androidx.profileinstaller:profileinstaller:1.4.0) with AggregatedPackagesTransform
Transforming startup-runtime-1.1.1.aar (androidx.startup:startup-runtime:1.1.1) with AarToClassTransform
Transforming startup-runtime-1.1.1.aar (androidx.startup:startup-runtime:1.1.1) with IdentityTransform
Transforming startup-runtime-1.1.1.aar (androidx.startup:startup-runtime:1.1.1) with CopyTransform
Transforming startup-runtime-1.1.1.aar (androidx.startup:startup-runtime:1.1.1) with AggregatedPackagesTransform
Transforming tracing-1.2.0.aar (androidx.tracing:tracing:1.2.0) with AarToClassTransform
Transforming tracing-1.2.0.aar (androidx.tracing:tracing:1.2.0) with IdentityTransform
Transforming tracing-1.2.0.aar (androidx.tracing:tracing:1.2.0) with CopyTransform
Transforming tracing-1.2.0.aar (androidx.tracing:tracing:1.2.0) with AggregatedPackagesTransform
Transforming versionedparcelable-1.1.1.aar (androidx.versionedparcelable:versionedparcelable:1.1.1) with AarToClassTransform
Transforming versionedparcelable-1.1.1.aar (androidx.versionedparcelable:versionedparcelable:1.1.1) with IdentityTransform
Transforming versionedparcelable-1.1.1.aar (androidx.versionedparcelable:versionedparcelable:1.1.1) with CopyTransform
Transforming versionedparcelable-1.1.1.aar (androidx.versionedparcelable:versionedparcelable:1.1.1) with AggregatedPackagesTransform
Transforming exifinterface-1.3.6.aar (androidx.exifinterface:exifinterface:1.3.6) with AarToClassTransform
Transforming exifinterface-1.3.6.aar (androidx.exifinterface:exifinterface:1.3.6) with IdentityTransform
Transforming exifinterface-1.3.6.aar (androidx.exifinterface:exifinterface:1.3.6) with CopyTransform
Transforming exifinterface-1.3.6.aar (androidx.exifinterface:exifinterface:1.3.6) with AggregatedPackagesTransform
Transforming exifinterface-1.3.6.aar (androidx.exifinterface:exifinterface:1.3.6) with AarToClassTransform
Transforming exifinterface-1.3.6.aar (androidx.exifinterface:exifinterface:1.3.6) with IdentityTransform
Transforming exifinterface-1.3.6.aar (androidx.exifinterface:exifinterface:1.3.6) with CopyTransform
Transforming exifinterface-1.3.6.aar (androidx.exifinterface:exifinterface:1.3.6) with AggregatedPackagesTransform
Transforming cursoradapter-1.0.0.aar (androidx.cursoradapter:cursoradapter:1.0.0) with AarToClassTransform
Transforming cursoradapter-1.0.0.aar (androidx.cursoradapter:cursoradapter:1.0.0) with IdentityTransform
Transforming cursoradapter-1.0.0.aar (androidx.cursoradapter:cursoradapter:1.0.0) with CopyTransform
Transforming cursoradapter-1.0.0.aar (androidx.cursoradapter:cursoradapter:1.0.0) with AggregatedPackagesTransform
Transforming collection-jvm-1.5.0.jar (androidx.collection:collection-jvm:1.5.0) with IdentityTransform
Transforming collection-jvm-1.5.0.jar (androidx.collection:collection-jvm:1.5.0) with IdentityTransform
Transforming collection-jvm-1.5.0.jar (androidx.collection:collection-jvm:1.5.0) with CopyTransform
Transforming collection-jvm-1.5.0.jar (androidx.collection:collection-jvm:1.5.0) with AggregatedPackagesTransform
Transforming annotation-jvm-1.9.1.jar (androidx.annotation:annotation-jvm:1.9.1) with IdentityTransform
Transforming annotation-jvm-1.9.1.jar (androidx.annotation:annotation-jvm:1.9.1) with IdentityTransform
Transforming annotation-jvm-1.9.1.jar (androidx.annotation:annotation-jvm:1.9.1) with CopyTransform
Transforming annotation-jvm-1.9.1.jar (androidx.annotation:annotation-jvm:1.9.1) with AggregatedPackagesTransform
Transforming okio-jvm-3.9.1.jar (com.squareup.okio:okio-jvm:3.9.1) with IdentityTransform
Transforming okio-jvm-3.9.1.jar (com.squareup.okio:okio-jvm:3.9.1) with IdentityTransform
Transforming okio-jvm-3.9.1.jar (com.squareup.okio:okio-jvm:3.9.1) with CopyTransform
Transforming okio-jvm-3.9.1.jar (com.squareup.okio:okio-jvm:3.9.1) with AggregatedPackagesTransform
Transforming kotlin-stdlib-2.0.21.jar (org.jetbrains.kotlin:kotlin-stdlib:2.0.21) with IdentityTransform
Transforming kotlin-stdlib-2.0.21.jar (org.jetbrains.kotlin:kotlin-stdlib:2.0.21) with IdentityTransform
Transforming kotlin-stdlib-2.0.21.jar (org.jetbrains.kotlin:kotlin-stdlib:2.0.21) with CopyTransform
Transforming kotlin-stdlib-2.0.21.jar (org.jetbrains.kotlin:kotlin-stdlib:2.0.21) with AggregatedPackagesTransform
Transforming gson-2.10.1.jar (com.google.code.gson:gson:2.10.1) with IdentityTransform
Transforming gson-2.10.1.jar (com.google.code.gson:gson:2.10.1) with IdentityTransform
Transforming gson-2.10.1.jar (com.google.code.gson:gson:2.10.1) with CopyTransform
Transforming gson-2.10.1.jar (com.google.code.gson:gson:2.10.1) with AggregatedPackagesTransform
Transforming annotations-23.0.0.jar (org.jetbrains:annotations:23.0.0) with IdentityTransform
Transforming annotations-23.0.0.jar (org.jetbrains:annotations:23.0.0) with IdentityTransform
Transforming annotations-23.0.0.jar (org.jetbrains:annotations:23.0.0) with CopyTransform
Transforming annotations-23.0.0.jar (org.jetbrains:annotations:23.0.0) with AggregatedPackagesTransform
Transforming auto-value-annotations-1.6.3.jar (com.google.auto.value:auto-value-annotations:1.6.3) with IdentityTransform
Transforming auto-value-annotations-1.6.3.jar (com.google.auto.value:auto-value-annotations:1.6.3) with IdentityTransform
Transforming auto-value-annotations-1.6.3.jar (com.google.auto.value:auto-value-annotations:1.6.3) with CopyTransform
Transforming auto-value-annotations-1.6.3.jar (com.google.auto.value:auto-value-annotations:1.6.3) with AggregatedPackagesTransform
Transforming listenablefuture-1.0.jar (com.google.guava:listenablefuture:1.0) with IdentityTransform
Transforming listenablefuture-1.0.jar (com.google.guava:listenablefuture:1.0) with IdentityTransform
Transforming listenablefuture-1.0.jar (com.google.guava:listenablefuture:1.0) with CopyTransform
Transforming listenablefuture-1.0.jar (com.google.guava:listenablefuture:1.0) with AggregatedPackagesTransform
Transforming hilt-core-2.51.1.jar (com.google.dagger:hilt-core:2.51.1) with IdentityTransform
Transforming hilt-core-2.51.1.jar (com.google.dagger:hilt-core:2.51.1) with IdentityTransform
Transforming hilt-core-2.51.1.jar (com.google.dagger:hilt-core:2.51.1) with CopyTransform
Transforming hilt-core-2.51.1.jar (com.google.dagger:hilt-core:2.51.1) with AggregatedPackagesTransform
Transforming dagger-2.51.1.jar (com.google.dagger:dagger:2.51.1) with IdentityTransform
Transforming dagger-2.51.1.jar (com.google.dagger:dagger:2.51.1) with IdentityTransform
Transforming dagger-2.51.1.jar (com.google.dagger:dagger:2.51.1) with CopyTransform
Transforming dagger-2.51.1.jar (com.google.dagger:dagger:2.51.1) with AggregatedPackagesTransform
Transforming dagger-lint-aar-2.51.1.aar (com.google.dagger:dagger-lint-aar:2.51.1) with AarToClassTransform
Transforming dagger-lint-aar-2.51.1.aar (com.google.dagger:dagger-lint-aar:2.51.1) with IdentityTransform
Transforming dagger-lint-aar-2.51.1.aar (com.google.dagger:dagger-lint-aar:2.51.1) with CopyTransform
Transforming dagger-lint-aar-2.51.1.aar (com.google.dagger:dagger-lint-aar:2.51.1) with AggregatedPackagesTransform
Transforming jsr305-3.0.2.jar (com.google.code.findbugs:jsr305:3.0.2) with IdentityTransform
Transforming jsr305-3.0.2.jar (com.google.code.findbugs:jsr305:3.0.2) with IdentityTransform
Transforming jsr305-3.0.2.jar (com.google.code.findbugs:jsr305:3.0.2) with CopyTransform
Transforming jsr305-3.0.2.jar (com.google.code.findbugs:jsr305:3.0.2) with AggregatedPackagesTransform
Transforming javax.inject-1.jar (javax.inject:javax.inject:1) with IdentityTransform
Transforming javax.inject-1.jar (javax.inject:javax.inject:1) with IdentityTransform
Transforming javax.inject-1.jar (javax.inject:javax.inject:1) with CopyTransform
Transforming javax.inject-1.jar (javax.inject:javax.inject:1) with AggregatedPackagesTransform
Transforming image-1.0.0-beta1.aar (com.google.android.odml:image:1.0.0-beta1) with AarToClassTransform
Transforming image-1.0.0-beta1.aar (com.google.android.odml:image:1.0.0-beta1) with IdentityTransform
Transforming image-1.0.0-beta1.aar (com.google.android.odml:image:1.0.0-beta1) with CopyTransform
Transforming image-1.0.0-beta1.aar (com.google.android.odml:image:1.0.0-beta1) with AggregatedPackagesTransform
Transforming jspecify-1.0.0.jar (org.jspecify:jspecify:1.0.0) with IdentityTransform
Transforming jspecify-1.0.0.jar (org.jspecify:jspecify:1.0.0) with IdentityTransform
Transforming jspecify-1.0.0.jar (org.jspecify:jspecify:1.0.0) with CopyTransform
Transforming jspecify-1.0.0.jar (org.jspecify:jspecify:1.0.0) with AggregatedPackagesTransform
Transforming firebase-annotations-16.0.0.jar (com.google.firebase:firebase-annotations:16.0.0) with IdentityTransform
Transforming lifecycle-common-java8-2.10.0.jar (androidx.lifecycle:lifecycle-common-java8:2.10.0) with IdentityTransform
Transforming lifecycle-common-java8-2.10.0.jar (androidx.lifecycle:lifecycle-common-java8:2.10.0) with IdentityTransform
Transforming lifecycle-common-java8-2.10.0.jar (androidx.lifecycle:lifecycle-common-java8:2.10.0) with CopyTransform
Transforming lifecycle-common-java8-2.10.0.jar (androidx.lifecycle:lifecycle-common-java8:2.10.0) with AggregatedPackagesTransform
Transforming concurrent-futures-1.1.0.jar (androidx.concurrent:concurrent-futures:1.1.0) with IdentityTransform
Transforming concurrent-futures-1.1.0.jar (androidx.concurrent:concurrent-futures:1.1.0) with IdentityTransform
Transforming concurrent-futures-1.1.0.jar (androidx.concurrent:concurrent-futures:1.1.0) with CopyTransform
Transforming concurrent-futures-1.1.0.jar (androidx.concurrent:concurrent-futures:1.1.0) with AggregatedPackagesTransform
Transforming resourceinspection-annotation-1.0.1.jar (androidx.resourceinspection:resourceinspection-annotation:1.0.1) with IdentityTransform
Transforming resourceinspection-annotation-1.0.1.jar (androidx.resourceinspection:resourceinspection-annotation:1.0.1) with IdentityTransform
Transforming resourceinspection-annotation-1.0.1.jar (androidx.resourceinspection:resourceinspection-annotation:1.0.1) with CopyTransform
Transforming resourceinspection-annotation-1.0.1.jar (androidx.resourceinspection:resourceinspection-annotation:1.0.1) with AggregatedPackagesTransform
Transforming collection-ktx-1.5.0.jar (androidx.collection:collection-ktx:1.5.0) with IdentityTransform
Transforming firebase-annotations-16.0.0.jar (com.google.firebase:firebase-annotations:16.0.0) with IdentityTransform
Transforming collection-ktx-1.5.0.jar (androidx.collection:collection-ktx:1.5.0) with IdentityTransform
Transforming firebase-annotations-16.0.0.jar (com.google.firebase:firebase-annotations:16.0.0) with CopyTransform
Transforming collection-ktx-1.5.0.jar (androidx.collection:collection-ktx:1.5.0) with CopyTransform
Transforming firebase-annotations-16.0.0.jar (com.google.firebase:firebase-annotations:16.0.0) with AggregatedPackagesTransform
Transforming collection-ktx-1.5.0.jar (androidx.collection:collection-ktx:1.5.0) with AggregatedPackagesTransform
Transforming android.jar with IdentityTransform
Transforming android.jar with IdentityTransform
Transforming android.jar with CopyTransform
Transforming android.jar with AggregatedPackagesTransform
Transforming core-lambda-stubs.jar with IdentityTransform
Transforming core-lambda-stubs.jar with IdentityTransform
Transforming core-lambda-stubs.jar with CopyTransform
Transforming core-lambda-stubs.jar with AggregatedPackagesTransform
Transforming R.jar with IdentityTransform
Transforming R.jar with IdentityTransform
Transforming R.jar with CopyTransform
Transforming R.jar with AggregatedPackagesTransform
Transforming benchmark-traceprocessor-api.jar with IdentityTransform
Transforming benchmark-traceprocessor-api.jar with IdentityTransform
Transforming benchmark-traceprocessor-api.jar with CopyTransform
Transforming benchmark-traceprocessor-api.jar with AggregatedPackagesTransform
Transforming core-splashscreen-1.0.1-api.jar with IdentityTransform
Transforming core-splashscreen-1.0.1-api.jar with IdentityTransform
Transforming core-splashscreen-1.0.1-api.jar with CopyTransform
Transforming core-splashscreen-1.0.1-api.jar with AggregatedPackagesTransform
Transforming hilt-navigation-compose-1.2.0-api.jar with IdentityTransform
Transforming hilt-navigation-compose-1.2.0-api.jar with IdentityTransform
Transforming hilt-navigation-compose-1.2.0-api.jar with CopyTransform
Transforming hilt-navigation-compose-1.2.0-api.jar with AggregatedPackagesTransform
Transforming hilt-navigation-1.2.0-api.jar with IdentityTransform
Transforming hilt-navigation-1.2.0-api.jar with IdentityTransform
Transforming hilt-navigation-1.2.0-api.jar with CopyTransform
Transforming hilt-navigation-1.2.0-api.jar with AggregatedPackagesTransform
Transforming hilt-android-2.51.1-api.jar with IdentityTransform
Transforming hilt-android-2.51.1-api.jar with IdentityTransform
Transforming hilt-android-2.51.1-api.jar with CopyTransform
Transforming hilt-android-2.51.1-api.jar with AggregatedPackagesTransform
Transforming room-common-2.6.0.jar with IdentityTransform
Transforming room-common-2.6.0.jar with IdentityTransform
Transforming room-common-2.6.0.jar with CopyTransform
Transforming room-common-2.6.0.jar with AggregatedPackagesTransform
Transforming room-runtime-2.6.0-api.jar with IdentityTransform
Transforming room-runtime-2.6.0-api.jar with IdentityTransform
Transforming room-runtime-2.6.0-api.jar with CopyTransform
Transforming room-runtime-2.6.0-api.jar with AggregatedPackagesTransform
Transforming room-ktx-2.6.0-api.jar with IdentityTransform
Transforming room-ktx-2.6.0-api.jar with IdentityTransform
Transforming room-ktx-2.6.0-api.jar with CopyTransform
Transforming room-ktx-2.6.0-api.jar with AggregatedPackagesTransform
Transforming navigation-runtime-release-api.jar with IdentityTransform
Transforming navigation-runtime-release-api.jar with IdentityTransform
Transforming navigation-runtime-release-api.jar with CopyTransform
Transforming navigation-runtime-release-api.jar with AggregatedPackagesTransform
Transforming navigation-common-release-api.jar with IdentityTransform
Transforming navigation-common-release-api.jar with IdentityTransform
Transforming navigation-common-release-api.jar with CopyTransform
Transforming navigation-common-release-api.jar with AggregatedPackagesTransform
Transforming navigation-compose-release-api.jar with IdentityTransform
Transforming navigation-compose-release-api.jar with IdentityTransform
Transforming navigation-compose-release-api.jar with CopyTransform
Transforming navigation-compose-release-api.jar with AggregatedPackagesTransform
Transforming camera-video-1.3.0-api.jar with IdentityTransform
Transforming camera-video-1.3.0-api.jar with IdentityTransform
Transforming camera-video-1.3.0-api.jar with CopyTransform
Transforming camera-video-1.3.0-api.jar with AggregatedPackagesTransform
Transforming camera-view-1.3.0-api.jar with IdentityTransform
Transforming camera-view-1.3.0-api.jar with IdentityTransform
Transforming camera-view-1.3.0-api.jar with CopyTransform
Transforming camera-view-1.3.0-api.jar with AggregatedPackagesTransform
Transforming camera-lifecycle-1.3.0-api.jar with IdentityTransform
Transforming camera-lifecycle-1.3.0-api.jar with IdentityTransform
Transforming camera-lifecycle-1.3.0-api.jar with CopyTransform
Transforming camera-lifecycle-1.3.0-api.jar with AggregatedPackagesTransform
Transforming camera-camera2-1.3.0-api.jar with IdentityTransform
Transforming camera-camera2-1.3.0-api.jar with IdentityTransform
Transforming camera-camera2-1.3.0-api.jar with CopyTransform
Transforming camera-camera2-1.3.0-api.jar with AggregatedPackagesTransform
Transforming camera-core-1.3.0-api.jar with IdentityTransform
Transforming camera-core-1.3.0-api.jar with IdentityTransform
Transforming camera-core-1.3.0-api.jar with CopyTransform
Transforming camera-core-1.3.0-api.jar with AggregatedPackagesTransform
Transforming barcode-scanning-17.2.0-api.jar with IdentityTransform
Transforming barcode-scanning-17.2.0-api.jar with IdentityTransform
Transforming barcode-scanning-17.2.0-api.jar with CopyTransform
Transforming barcode-scanning-17.2.0-api.jar with AggregatedPackagesTransform
Transforming play-services-mlkit-barcode-scanning-18.3.0-api.jar with IdentityTransform
Transforming play-services-mlkit-barcode-scanning-18.3.0-api.jar with IdentityTransform
Transforming play-services-mlkit-barcode-scanning-18.3.0-api.jar with CopyTransform
Transforming play-services-mlkit-barcode-scanning-18.3.0-api.jar with AggregatedPackagesTransform
Transforming barcode-scanning-common-17.0.0-api.jar with IdentityTransform
Transforming barcode-scanning-common-17.0.0-api.jar with IdentityTransform
Transforming barcode-scanning-common-17.0.0-api.jar with CopyTransform
Transforming barcode-scanning-common-17.0.0-api.jar with AggregatedPackagesTransform
Transforming vision-common-17.3.0-api.jar with IdentityTransform
Transforming vision-common-17.3.0-api.jar with IdentityTransform
Transforming vision-common-17.3.0-api.jar with CopyTransform
Transforming vision-common-17.3.0-api.jar with AggregatedPackagesTransform
Transforming common-18.9.0-api.jar with IdentityTransform
Transforming common-18.9.0-api.jar with IdentityTransform
Transforming common-18.9.0-api.jar with CopyTransform
Transforming common-18.9.0-api.jar with AggregatedPackagesTransform
Transforming play-services-base-18.1.0-api.jar with IdentityTransform
Transforming play-services-base-18.1.0-api.jar with IdentityTransform
Transforming play-services-base-18.1.0-api.jar with CopyTransform
Transforming play-services-base-18.1.0-api.jar with AggregatedPackagesTransform
Transforming vision-interfaces-16.2.0-api.jar with IdentityTransform
Transforming vision-interfaces-16.2.0-api.jar with IdentityTransform
Transforming vision-interfaces-16.2.0-api.jar with CopyTransform
Transforming vision-interfaces-16.2.0-api.jar with AggregatedPackagesTransform
Transforming play-services-tasks-18.0.2-api.jar with IdentityTransform
Transforming play-services-tasks-18.0.2-api.jar with IdentityTransform
Transforming play-services-tasks-18.0.2-api.jar with CopyTransform
Transforming play-services-tasks-18.0.2-api.jar with AggregatedPackagesTransform
Transforming play-services-basement-18.1.0-api.jar with IdentityTransform
Transforming play-services-basement-18.1.0-api.jar with IdentityTransform
Transforming play-services-basement-18.1.0-api.jar with CopyTransform
Transforming play-services-basement-18.1.0-api.jar with AggregatedPackagesTransform
Transforming fragment-1.5.1-api.jar with IdentityTransform
Transforming fragment-1.5.1-api.jar with IdentityTransform
Transforming fragment-1.5.1-api.jar with CopyTransform
Transforming fragment-1.5.1-api.jar with AggregatedPackagesTransform
Transforming loader-1.0.0-api.jar with IdentityTransform
Transforming loader-1.0.0-api.jar with IdentityTransform
Transforming loader-1.0.0-api.jar with CopyTransform
Transforming loader-1.0.0-api.jar with AggregatedPackagesTransform
Transforming viewpager-1.0.0-api.jar with IdentityTransform
Transforming viewpager-1.0.0-api.jar with IdentityTransform
Transforming viewpager-1.0.0-api.jar with CopyTransform
Transforming viewpager-1.0.0-api.jar with AggregatedPackagesTransform
Transforming customview-1.0.0-api.jar with IdentityTransform
Transforming customview-1.0.0-api.jar with IdentityTransform
Transforming customview-1.0.0-api.jar with CopyTransform
Transforming customview-1.0.0-api.jar with AggregatedPackagesTransform
Transforming core-1.17.0-api.jar with IdentityTransform
Transforming core-1.17.0-api.jar with IdentityTransform
Transforming core-1.17.0-api.jar with CopyTransform
Transforming core-1.17.0-api.jar with AggregatedPackagesTransform
Transforming coil-compose-2.5.0-api.jar with IdentityTransform
Transforming coil-compose-2.5.0-api.jar with IdentityTransform
Transforming coil-compose-2.5.0-api.jar with CopyTransform
Transforming coil-compose-2.5.0-api.jar with AggregatedPackagesTransform
Transforming coil-compose-base-2.5.0-api.jar with IdentityTransform
Transforming coil-compose-base-2.5.0-api.jar with IdentityTransform
Transforming coil-compose-base-2.5.0-api.jar with CopyTransform
Transforming coil-compose-base-2.5.0-api.jar with AggregatedPackagesTransform
Transforming coil-2.5.0-api.jar with IdentityTransform
Transforming coil-2.5.0-api.jar with IdentityTransform
Transforming coil-2.5.0-api.jar with CopyTransform
Transforming coil-2.5.0-api.jar with AggregatedPackagesTransform
Transforming coil-base-2.5.0-api.jar with IdentityTransform
Transforming coil-base-2.5.0-api.jar with IdentityTransform
Transforming coil-base-2.5.0-api.jar with CopyTransform
Transforming coil-base-2.5.0-api.jar with AggregatedPackagesTransform
Transforming activity-ktx-1.12.2-api.jar with IdentityTransform
Transforming activity-ktx-1.12.2-api.jar with IdentityTransform
Transforming activity-ktx-1.12.2-api.jar with CopyTransform
Transforming activity-ktx-1.12.2-api.jar with AggregatedPackagesTransform
Transforming lifecycle-viewmodel-ktx-2.10.0-api.jar with IdentityTransform
Transforming lifecycle-viewmodel-ktx-2.10.0-api.jar with IdentityTransform
Transforming lifecycle-viewmodel-ktx-2.10.0-api.jar with CopyTransform
Transforming lifecycle-viewmodel-ktx-2.10.0-api.jar with AggregatedPackagesTransform
Transforming lifecycle-runtime-compose-api.jar with IdentityTransform
Transforming lifecycle-runtime-compose-api.jar with IdentityTransform
Transforming lifecycle-runtime-compose-api.jar with CopyTransform
Transforming lifecycle-runtime-compose-api.jar with AggregatedPackagesTransform
Transforming lifecycle-livedata-core-ktx-2.10.0-api.jar with IdentityTransform
Transforming lifecycle-livedata-core-ktx-2.10.0-api.jar with IdentityTransform
Transforming lifecycle-livedata-core-ktx-2.10.0-api.jar with CopyTransform
Transforming lifecycle-livedata-core-ktx-2.10.0-api.jar with AggregatedPackagesTransform
Transforming lifecycle-runtime-api.jar with IdentityTransform
Transforming lifecycle-runtime-api.jar with IdentityTransform
Transforming lifecycle-runtime-api.jar with CopyTransform
Transforming lifecycle-runtime-api.jar with AggregatedPackagesTransform
Transforming lifecycle-viewmodel-savedstate-api.jar with IdentityTransform
Transforming lifecycle-viewmodel-savedstate-api.jar with IdentityTransform
Transforming lifecycle-viewmodel-savedstate-api.jar with CopyTransform
Transforming lifecycle-viewmodel-savedstate-api.jar with AggregatedPackagesTransform
Transforming lifecycle-viewmodel-2.10.0-api.jar with IdentityTransform
Transforming lifecycle-viewmodel-2.10.0-api.jar with IdentityTransform
Transforming lifecycle-viewmodel-2.10.0-api.jar with CopyTransform
Transforming lifecycle-viewmodel-2.10.0-api.jar with AggregatedPackagesTransform
Transforming lifecycle-viewmodel-api.jar with IdentityTransform
Transforming lifecycle-viewmodel-api.jar with IdentityTransform
Transforming lifecycle-viewmodel-api.jar with CopyTransform
Transforming lifecycle-viewmodel-api.jar with AggregatedPackagesTransform
Transforming lifecycle-livedata-core-2.10.0-api.jar with IdentityTransform
Transforming lifecycle-livedata-core-2.10.0-api.jar with IdentityTransform
Transforming lifecycle-livedata-core-2.10.0-api.jar with CopyTransform
Transforming lifecycle-livedata-core-2.10.0-api.jar with AggregatedPackagesTransform
Transforming lifecycle-common-jvm-2.10.0.jar with IdentityTransform
Transforming lifecycle-common-jvm-2.10.0.jar with IdentityTransform
Transforming lifecycle-common-jvm-2.10.0.jar with CopyTransform
Transforming lifecycle-common-jvm-2.10.0.jar with AggregatedPackagesTransform
Transforming lifecycle-livedata-2.10.0-api.jar with IdentityTransform
Transforming lifecycle-livedata-2.10.0-api.jar with IdentityTransform
Transforming lifecycle-livedata-2.10.0-api.jar with CopyTransform
Transforming lifecycle-livedata-2.10.0-api.jar with AggregatedPackagesTransform
Transforming lifecycle-runtime-ktx-api.jar with IdentityTransform
Transforming lifecycle-runtime-ktx-api.jar with IdentityTransform
Transforming lifecycle-runtime-ktx-api.jar with CopyTransform
Transforming lifecycle-runtime-ktx-api.jar with AggregatedPackagesTransform
Transforming lifecycle-viewmodel-compose-api.jar with IdentityTransform
Transforming lifecycle-viewmodel-compose-api.jar with IdentityTransform
Transforming lifecycle-viewmodel-compose-api.jar with CopyTransform
Transforming lifecycle-viewmodel-compose-api.jar with AggregatedPackagesTransform
Transforming material-icons-extended-release-api.jar with IdentityTransform
Transforming material-icons-extended-release-api.jar with IdentityTransform
Transforming material-icons-extended-release-api.jar with CopyTransform
Transforming material-icons-extended-release-api.jar with AggregatedPackagesTransform
Transforming material3-release-api.jar with IdentityTransform
Transforming material3-release-api.jar with IdentityTransform
Transforming material3-release-api.jar with CopyTransform
Transforming material3-release-api.jar with AggregatedPackagesTransform
Transforming material-icons-core-release-api.jar with IdentityTransform
Transforming material-icons-core-release-api.jar with IdentityTransform
Transforming material-icons-core-release-api.jar with CopyTransform
Transforming material-icons-core-release-api.jar with AggregatedPackagesTransform
Transforming foundation-layout-api.jar with IdentityTransform
Transforming foundation-layout-api.jar with IdentityTransform
Transforming foundation-layout-api.jar with CopyTransform
Transforming foundation-layout-api.jar with AggregatedPackagesTransform
Transforming material-ripple-release-api.jar with IdentityTransform
Transforming material-ripple-release-api.jar with IdentityTransform
Transforming material-ripple-release-api.jar with CopyTransform
Transforming material-ripple-release-api.jar with AggregatedPackagesTransform
Transforming foundation-release-api.jar with IdentityTransform
Transforming foundation-release-api.jar with IdentityTransform
Transforming foundation-release-api.jar with CopyTransform
Transforming foundation-release-api.jar with AggregatedPackagesTransform
Transforming animation-core-api.jar with IdentityTransform
Transforming animation-core-api.jar with IdentityTransform
Transforming animation-core-api.jar with CopyTransform
Transforming animation-core-api.jar with AggregatedPackagesTransform
Transforming animation-api.jar with IdentityTransform
Transforming animation-api.jar with IdentityTransform
Transforming animation-api.jar with CopyTransform
Transforming animation-api.jar with AggregatedPackagesTransform
Transforming ui-util-api.jar with IdentityTransform
Transforming ui-util-api.jar with IdentityTransform
Transforming ui-util-api.jar with CopyTransform
Transforming ui-util-api.jar with AggregatedPackagesTransform
Transforming ui-unit-api.jar with IdentityTransform
Transforming ui-unit-api.jar with IdentityTransform
Transforming ui-unit-api.jar with CopyTransform
Transforming ui-unit-api.jar with AggregatedPackagesTransform
Transforming ui-text-api.jar with IdentityTransform
Transforming ui-text-api.jar with IdentityTransform
Transforming ui-text-api.jar with CopyTransform
Transforming ui-text-api.jar with AggregatedPackagesTransform
Transforming ui-geometry-api.jar with IdentityTransform
Transforming ui-geometry-api.jar with IdentityTransform
Transforming ui-geometry-api.jar with CopyTransform
Transforming ui-geometry-api.jar with AggregatedPackagesTransform
Transforming ui-tooling-data-api.jar with IdentityTransform
Transforming ui-tooling-data-api.jar with IdentityTransform
Transforming ui-tooling-data-api.jar with CopyTransform
Transforming ui-tooling-data-api.jar with AggregatedPackagesTransform
Transforming ui-tooling-preview-api.jar with IdentityTransform
Transforming ui-tooling-preview-api.jar with IdentityTransform
Transforming ui-tooling-preview-api.jar with CopyTransform
Transforming ui-tooling-preview-api.jar with AggregatedPackagesTransform
Transforming ui-graphics-release-api.jar with IdentityTransform
Transforming ui-graphics-release-api.jar with IdentityTransform
Transforming ui-graphics-release-api.jar with CopyTransform
Transforming ui-graphics-release-api.jar with AggregatedPackagesTransform
Transforming ui-release-api.jar with IdentityTransform
Transforming ui-release-api.jar with IdentityTransform
Transforming ui-release-api.jar with CopyTransform
Transforming ui-release-api.jar with AggregatedPackagesTransform
Transforming ui-tooling-api.jar with IdentityTransform
Transforming ui-tooling-api.jar with IdentityTransform
Transforming ui-tooling-api.jar with CopyTransform
Transforming ui-tooling-api.jar with AggregatedPackagesTransform
Transforming ui-test-manifest-1.9.2-api.jar with IdentityTransform
Transforming ui-test-manifest-1.9.2-api.jar with IdentityTransform
Transforming ui-test-manifest-1.9.2-api.jar with CopyTransform
Transforming ui-test-manifest-1.9.2-api.jar with AggregatedPackagesTransform
Transforming activity-1.12.2-api.jar with IdentityTransform
Transforming activity-1.12.2-api.jar with IdentityTransform
Transforming activity-1.12.2-api.jar with CopyTransform
Transforming activity-1.12.2-api.jar with AggregatedPackagesTransform
Transforming activity-compose-1.12.2-api.jar with IdentityTransform
Transforming activity-compose-1.12.2-api.jar with IdentityTransform
Transforming activity-compose-1.12.2-api.jar with CopyTransform
Transforming activity-compose-1.12.2-api.jar with AggregatedPackagesTransform
Transforming core-ktx-1.17.0-api.jar with IdentityTransform
Transforming core-ktx-1.17.0-api.jar with IdentityTransform
Transforming core-ktx-1.17.0-api.jar with CopyTransform
Transforming core-ktx-1.17.0-api.jar with AggregatedPackagesTransform
Transforming converter-gson-2.9.0.jar with IdentityTransform
Transforming converter-gson-2.9.0.jar with IdentityTransform
Transforming converter-gson-2.9.0.jar with CopyTransform
Transforming converter-gson-2.9.0.jar with AggregatedPackagesTransform
Transforming retrofit-2.9.0.jar with IdentityTransform
Transforming retrofit-2.9.0.jar with IdentityTransform
Transforming retrofit-2.9.0.jar with CopyTransform
Transforming retrofit-2.9.0.jar with AggregatedPackagesTransform
Transforming okhttp-4.12.0.jar with IdentityTransform
Transforming okhttp-4.12.0.jar with IdentityTransform
Transforming okhttp-4.12.0.jar with CopyTransform
Transforming okhttp-4.12.0.jar with AggregatedPackagesTransform
Transforming kotlin-stdlib-jdk8-1.9.10.jar with IdentityTransform
Transforming kotlin-stdlib-jdk8-1.9.10.jar with IdentityTransform
Transforming kotlin-stdlib-jdk8-1.9.10.jar with CopyTransform
Transforming kotlin-stdlib-jdk8-1.9.10.jar with AggregatedPackagesTransform
Transforming navigationevent-api.jar with IdentityTransform
Transforming navigationevent-api.jar with IdentityTransform
Transforming navigationevent-api.jar with CopyTransform
Transforming navigationevent-api.jar with AggregatedPackagesTransform
Transforming navigationevent-compose-api.jar with IdentityTransform
Transforming navigationevent-compose-api.jar with IdentityTransform
Transforming navigationevent-compose-api.jar with CopyTransform
Transforming navigationevent-compose-api.jar with AggregatedPackagesTransform
Transforming runtime-annotation-api.jar with IdentityTransform
Transforming runtime-annotation-api.jar with IdentityTransform
Transforming runtime-annotation-api.jar with CopyTransform
Transforming runtime-annotation-api.jar with AggregatedPackagesTransform
Transforming runtime-api.jar with IdentityTransform
Transforming runtime-api.jar with IdentityTransform
Transforming runtime-api.jar with CopyTransform
Transforming runtime-api.jar with AggregatedPackagesTransform
Transforming runtime-saveable-api.jar with IdentityTransform
Transforming runtime-saveable-api.jar with IdentityTransform
Transforming runtime-saveable-api.jar with CopyTransform
Transforming runtime-saveable-api.jar with AggregatedPackagesTransform
Transforming savedstate-ktx-1.4.0-api.jar with IdentityTransform
Transforming savedstate-ktx-1.4.0-api.jar with IdentityTransform
Transforming savedstate-ktx-1.4.0-api.jar with CopyTransform
Transforming savedstate-ktx-1.4.0-api.jar with AggregatedPackagesTransform
Transforming savedstate-compose-api.jar with IdentityTransform
Transforming savedstate-compose-api.jar with IdentityTransform
Transforming savedstate-compose-api.jar with CopyTransform
Transforming savedstate-compose-api.jar with AggregatedPackagesTransform
Transforming savedstate-api.jar with IdentityTransform
Transforming savedstate-api.jar with IdentityTransform
Transforming savedstate-api.jar with CopyTransform
Transforming savedstate-api.jar with AggregatedPackagesTransform
Transforming kotlinx-serialization-core-jvm-1.7.3.jar with IdentityTransform
Transforming kotlinx-serialization-core-jvm-1.7.3.jar with IdentityTransform
Transforming kotlinx-serialization-core-jvm-1.7.3.jar with CopyTransform
Transforming kotlinx-serialization-core-jvm-1.7.3.jar with AggregatedPackagesTransform
Transforming kotlinx-serialization-json-jvm-1.7.3.jar with IdentityTransform
Transforming kotlinx-serialization-json-jvm-1.7.3.jar with IdentityTransform
Transforming kotlinx-serialization-json-jvm-1.7.3.jar with CopyTransform
Transforming kotlinx-serialization-json-jvm-1.7.3.jar with AggregatedPackagesTransform
Transforming annotation-experimental-1.4.1-api.jar with IdentityTransform
Transforming annotation-experimental-1.4.1-api.jar with IdentityTransform
Transforming annotation-experimental-1.4.1-api.jar with CopyTransform
Transforming annotation-experimental-1.4.1-api.jar with AggregatedPackagesTransform
Transforming kotlinx-coroutines-core-jvm-1.9.0.jar with IdentityTransform
Transforming kotlinx-coroutines-core-jvm-1.9.0.jar with IdentityTransform
Transforming kotlinx-coroutines-core-jvm-1.9.0.jar with CopyTransform
Transforming kotlinx-coroutines-core-jvm-1.9.0.jar with AggregatedPackagesTransform
Transforming kotlinx-coroutines-android-1.9.0.jar with IdentityTransform
Transforming kotlinx-coroutines-android-1.9.0.jar with IdentityTransform
Transforming kotlinx-coroutines-android-1.9.0.jar with CopyTransform
Transforming kotlinx-coroutines-android-1.9.0.jar with AggregatedPackagesTransform
Transforming core-viewtree-1.0.0-api.jar with IdentityTransform
Transforming core-viewtree-1.0.0-api.jar with IdentityTransform
Transforming core-viewtree-1.0.0-api.jar with CopyTransform
Transforming core-viewtree-1.0.0-api.jar with AggregatedPackagesTransform
Transforming sqlite-framework-2.4.0-api.jar with IdentityTransform
Transforming sqlite-framework-2.4.0-api.jar with IdentityTransform
Transforming sqlite-framework-2.4.0-api.jar with CopyTransform
Transforming sqlite-framework-2.4.0-api.jar with AggregatedPackagesTransform
Transforming sqlite-2.4.0-api.jar with IdentityTransform
Transforming sqlite-2.4.0-api.jar with IdentityTransform
Transforming sqlite-2.4.0-api.jar with CopyTransform
Transforming sqlite-2.4.0-api.jar with AggregatedPackagesTransform
Transforming transport-backend-cct-2.3.3-api.jar with IdentityTransform
Transforming transport-backend-cct-2.3.3-api.jar with IdentityTransform
Transforming transport-backend-cct-2.3.3-api.jar with CopyTransform
Transforming transport-backend-cct-2.3.3-api.jar with AggregatedPackagesTransform
Transforming transport-runtime-2.2.6-api.jar with IdentityTransform
Transforming transport-runtime-2.2.6-api.jar with IdentityTransform
Transforming transport-runtime-2.2.6-api.jar with CopyTransform
Transforming transport-runtime-2.2.6-api.jar with AggregatedPackagesTransform
Transforming transport-api-2.2.1-api.jar with IdentityTransform
Transforming transport-api-2.2.1-api.jar with IdentityTransform
Transforming transport-api-2.2.1-api.jar with CopyTransform
Transforming transport-api-2.2.1-api.jar with AggregatedPackagesTransform
Transforming firebase-components-16.1.0-api.jar with IdentityTransform
Transforming firebase-components-16.1.0-api.jar with IdentityTransform
Transforming firebase-components-16.1.0-api.jar with CopyTransform
Transforming firebase-components-16.1.0-api.jar with AggregatedPackagesTransform
Transforming firebase-encoders-json-17.1.0-api.jar with IdentityTransform
Transforming firebase-encoders-json-17.1.0-api.jar with IdentityTransform
Transforming firebase-encoders-json-17.1.0-api.jar with CopyTransform
Transforming firebase-encoders-json-17.1.0-api.jar with AggregatedPackagesTransform
Transforming firebase-encoders-16.1.0.jar with IdentityTransform
Transforming firebase-encoders-16.1.0.jar with IdentityTransform
Transforming firebase-encoders-16.1.0.jar with CopyTransform
Transforming firebase-encoders-16.1.0.jar with AggregatedPackagesTransform
Transforming versionedparcelable-1.1.1-api.jar with IdentityTransform
Transforming versionedparcelable-1.1.1-api.jar with IdentityTransform
Transforming versionedparcelable-1.1.1-api.jar with CopyTransform
Transforming versionedparcelable-1.1.1-api.jar with AggregatedPackagesTransform
Transforming core-runtime-2.2.0-api.jar with IdentityTransform
Transforming core-runtime-2.2.0-api.jar with IdentityTransform
Transforming core-runtime-2.2.0-api.jar with CopyTransform
Transforming core-runtime-2.2.0-api.jar with AggregatedPackagesTransform
Transforming collection-jvm-1.5.0.jar with IdentityTransform
Transforming collection-jvm-1.5.0.jar with IdentityTransform
Transforming collection-jvm-1.5.0.jar with CopyTransform
Transforming collection-jvm-1.5.0.jar with AggregatedPackagesTransform
Transforming core-common-2.2.0.jar with IdentityTransform
Transforming core-common-2.2.0.jar with IdentityTransform
Transforming core-common-2.2.0.jar with CopyTransform
Transforming core-common-2.2.0.jar with AggregatedPackagesTransform
Transforming annotation-jvm-1.9.1.jar with IdentityTransform
Transforming annotation-jvm-1.9.1.jar with IdentityTransform
Transforming annotation-jvm-1.9.1.jar with CopyTransform
Transforming annotation-jvm-1.9.1.jar with AggregatedPackagesTransform
Transforming wire-runtime-jvm-5.2.1.jar with IdentityTransform
Transforming wire-runtime-jvm-5.2.1.jar with IdentityTransform
Transforming wire-runtime-jvm-5.2.1.jar with CopyTransform
Transforming wire-runtime-jvm-5.2.1.jar with AggregatedPackagesTransform
Transforming kotlin-stdlib-jdk7-1.9.10.jar with IdentityTransform
Transforming kotlin-stdlib-jdk7-1.9.10.jar with IdentityTransform
Transforming kotlin-stdlib-jdk7-1.9.10.jar with CopyTransform
Transforming kotlin-stdlib-jdk7-1.9.10.jar with AggregatedPackagesTransform
Transforming okio-jvm-3.9.1.jar with IdentityTransform
Transforming okio-jvm-3.9.1.jar with IdentityTransform
Transforming okio-jvm-3.9.1.jar with CopyTransform
Transforming okio-jvm-3.9.1.jar with AggregatedPackagesTransform
Transforming kotlin-stdlib-2.0.21.jar with IdentityTransform
Transforming kotlin-stdlib-2.0.21.jar with IdentityTransform
Transforming kotlin-stdlib-2.0.21.jar with CopyTransform
Transforming kotlin-stdlib-2.0.21.jar with AggregatedPackagesTransform
Transforming gson-2.10.1.jar with IdentityTransform
Transforming gson-2.10.1.jar with IdentityTransform
Transforming gson-2.10.1.jar with CopyTransform
Transforming gson-2.10.1.jar with AggregatedPackagesTransform
Transforming annotations-23.0.0.jar with IdentityTransform
Transforming annotations-23.0.0.jar with IdentityTransform
Transforming annotations-23.0.0.jar with CopyTransform
Transforming annotations-23.0.0.jar with AggregatedPackagesTransform
Transforming listenablefuture-1.0.jar with IdentityTransform
Transforming listenablefuture-1.0.jar with IdentityTransform
Transforming listenablefuture-1.0.jar with CopyTransform
Transforming listenablefuture-1.0.jar with AggregatedPackagesTransform
Transforming jspecify-1.0.0.jar with IdentityTransform
Transforming jspecify-1.0.0.jar with IdentityTransform
Transforming jspecify-1.0.0.jar with CopyTransform
Transforming jspecify-1.0.0.jar with AggregatedPackagesTransform
Transforming exifinterface-1.3.6-api.jar with IdentityTransform
Transforming exifinterface-1.3.6-api.jar with IdentityTransform
Transforming exifinterface-1.3.6-api.jar with CopyTransform
Transforming exifinterface-1.3.6-api.jar with AggregatedPackagesTransform
Transforming hilt-core-2.51.1.jar with IdentityTransform
Transforming hilt-core-2.51.1.jar with IdentityTransform
Transforming hilt-core-2.51.1.jar with CopyTransform
Transforming hilt-core-2.51.1.jar with AggregatedPackagesTransform
Transforming dagger-2.51.1.jar with IdentityTransform
Transforming dagger-2.51.1.jar with IdentityTransform
Transforming dagger-2.51.1.jar with CopyTransform
Transforming dagger-2.51.1.jar with AggregatedPackagesTransform
Transforming javax.inject-1.jar with IdentityTransform
Transforming javax.inject-1.jar with IdentityTransform
Transforming javax.inject-1.jar with CopyTransform
Transforming javax.inject-1.jar with AggregatedPackagesTransform
Transforming image-1.0.0-beta1-api.jar with IdentityTransform
Transforming image-1.0.0-beta1-api.jar with IdentityTransform
Transforming image-1.0.0-beta1-api.jar with CopyTransform
Transforming image-1.0.0-beta1-api.jar with AggregatedPackagesTransform
Transforming firebase-annotations-16.0.0.jar with IdentityTransform
Transforming firebase-annotations-16.0.0.jar with IdentityTransform
Transforming firebase-annotations-16.0.0.jar with CopyTransform
Transforming firebase-annotations-16.0.0.jar with AggregatedPackagesTransform
Transforming dagger-lint-aar-2.51.1-api.jar with IdentityTransform
Transforming dagger-lint-aar-2.51.1-api.jar with IdentityTransform
Transforming dagger-lint-aar-2.51.1-api.jar with CopyTransform
Transforming dagger-lint-aar-2.51.1-api.jar with AggregatedPackagesTransform
Transforming jsr305-3.0.2.jar with IdentityTransform
Transforming jsr305-3.0.2.jar with IdentityTransform
Transforming jsr305-3.0.2.jar with CopyTransform
Transforming jsr305-3.0.2.jar with AggregatedPackagesTransform
Transforming debug with CopyTransform
Transforming debug with AggregatedPackagesTransform
Transforming debug with CopyTransform
Transforming debug with AggregatedPackagesTransform
Transforming classes with CopyTransform
Transforming classes with AggregatedPackagesTransform
Caching disabled for task ':app:hiltAggregateDepsDebug' because:
  Build cache is disabled
Skipping task ':app:hiltAggregateDepsDebug' as it is up-to-date.
Resolve mutations for :app:hiltJavaCompileDebug (Thread[#207,Execution worker Thread 3,5,main]) started.
:app:hiltJavaCompileDebug (Thread[#205,Execution worker,5,main]) started.

> Task :app:hiltJavaCompileDebug UP-TO-DATE
Transforming benchmark-traceprocessor.aar (androidx.benchmark:benchmark-traceprocessor-android:1.4.1) with AarToClassTransform
Transforming benchmark-traceprocessor.aar (androidx.benchmark:benchmark-traceprocessor-android:1.4.1) with IdentityTransform
Transforming benchmark-traceprocessor.aar (androidx.benchmark:benchmark-traceprocessor-android:1.4.1) with CopyTransform
Transforming core-splashscreen-1.0.1.aar (androidx.core:core-splashscreen:1.0.1) with AarToClassTransform
Transforming core-splashscreen-1.0.1.aar (androidx.core:core-splashscreen:1.0.1) with IdentityTransform
Transforming core-splashscreen-1.0.1.aar (androidx.core:core-splashscreen:1.0.1) with CopyTransform
Transforming hilt-navigation-compose-1.2.0.aar (androidx.hilt:hilt-navigation-compose:1.2.0) with AarToClassTransform
Transforming hilt-navigation-compose-1.2.0.aar (androidx.hilt:hilt-navigation-compose:1.2.0) with IdentityTransform
Transforming hilt-navigation-compose-1.2.0.aar (androidx.hilt:hilt-navigation-compose:1.2.0) with CopyTransform
Transforming hilt-navigation-1.2.0.aar (androidx.hilt:hilt-navigation:1.2.0) with AarToClassTransform
Transforming hilt-navigation-1.2.0.aar (androidx.hilt:hilt-navigation:1.2.0) with IdentityTransform
Transforming hilt-navigation-1.2.0.aar (androidx.hilt:hilt-navigation:1.2.0) with CopyTransform
Transforming hilt-android-2.51.1.aar (com.google.dagger:hilt-android:2.51.1) with AarToClassTransform
Transforming hilt-android-2.51.1.aar (com.google.dagger:hilt-android:2.51.1) with IdentityTransform
Transforming hilt-android-2.51.1.aar (com.google.dagger:hilt-android:2.51.1) with CopyTransform
Transforming room-common-2.6.0.jar (androidx.room:room-common:2.6.0) with IdentityTransform
Transforming room-common-2.6.0.jar (androidx.room:room-common:2.6.0) with IdentityTransform
Transforming room-common-2.6.0.jar (androidx.room:room-common:2.6.0) with CopyTransform
Transforming room-runtime-2.6.0.aar (androidx.room:room-runtime:2.6.0) with AarToClassTransform
Transforming room-runtime-2.6.0.aar (androidx.room:room-runtime:2.6.0) with IdentityTransform
Transforming room-runtime-2.6.0.aar (androidx.room:room-runtime:2.6.0) with CopyTransform
Transforming room-ktx-2.6.0.aar (androidx.room:room-ktx:2.6.0) with AarToClassTransform
Transforming room-ktx-2.6.0.aar (androidx.room:room-ktx:2.6.0) with IdentityTransform
Transforming room-ktx-2.6.0.aar (androidx.room:room-ktx:2.6.0) with CopyTransform
Transforming navigation-runtime-release.aar (androidx.navigation:navigation-runtime-android:2.9.7) with AarToClassTransform
Transforming navigation-runtime-release.aar (androidx.navigation:navigation-runtime-android:2.9.7) with IdentityTransform
Transforming navigation-runtime-release.aar (androidx.navigation:navigation-runtime-android:2.9.7) with CopyTransform
Transforming navigation-common-release.aar (androidx.navigation:navigation-common-android:2.9.7) with AarToClassTransform
Transforming navigation-common-release.aar (androidx.navigation:navigation-common-android:2.9.7) with IdentityTransform
Transforming navigation-common-release.aar (androidx.navigation:navigation-common-android:2.9.7) with CopyTransform
Transforming navigation-compose-release.aar (androidx.navigation:navigation-compose-android:2.9.7) with AarToClassTransform
Transforming navigation-compose-release.aar (androidx.navigation:navigation-compose-android:2.9.7) with IdentityTransform
Transforming navigation-compose-release.aar (androidx.navigation:navigation-compose-android:2.9.7) with CopyTransform
Transforming barcode-scanning-17.2.0.aar (com.google.mlkit:barcode-scanning:17.2.0) with AarToClassTransform
Transforming barcode-scanning-17.2.0.aar (com.google.mlkit:barcode-scanning:17.2.0) with IdentityTransform
Transforming barcode-scanning-17.2.0.aar (com.google.mlkit:barcode-scanning:17.2.0) with CopyTransform
Transforming play-services-mlkit-barcode-scanning-18.3.0.aar (com.google.android.gms:play-services-mlkit-barcode-scanning:18.3.0) with AarToClassTransform
Transforming play-services-mlkit-barcode-scanning-18.3.0.aar (com.google.android.gms:play-services-mlkit-barcode-scanning:18.3.0) with IdentityTransform
Transforming play-services-mlkit-barcode-scanning-18.3.0.aar (com.google.android.gms:play-services-mlkit-barcode-scanning:18.3.0) with CopyTransform
Transforming barcode-scanning-common-17.0.0.aar (com.google.mlkit:barcode-scanning-common:17.0.0) with AarToClassTransform
Transforming barcode-scanning-common-17.0.0.aar (com.google.mlkit:barcode-scanning-common:17.0.0) with IdentityTransform
Transforming barcode-scanning-common-17.0.0.aar (com.google.mlkit:barcode-scanning-common:17.0.0) with CopyTransform
Transforming vision-common-17.3.0.aar (com.google.mlkit:vision-common:17.3.0) with AarToClassTransform
Transforming vision-common-17.3.0.aar (com.google.mlkit:vision-common:17.3.0) with IdentityTransform
Transforming vision-common-17.3.0.aar (com.google.mlkit:vision-common:17.3.0) with CopyTransform
Transforming common-18.9.0.aar (com.google.mlkit:common:18.9.0) with AarToClassTransform
Transforming common-18.9.0.aar (com.google.mlkit:common:18.9.0) with IdentityTransform
Transforming common-18.9.0.aar (com.google.mlkit:common:18.9.0) with CopyTransform
Transforming play-services-base-18.1.0.aar (com.google.android.gms:play-services-base:18.1.0) with AarToClassTransform
Transforming play-services-base-18.1.0.aar (com.google.android.gms:play-services-base:18.1.0) with IdentityTransform
Transforming play-services-base-18.1.0.aar (com.google.android.gms:play-services-base:18.1.0) with CopyTransform
Transforming vision-interfaces-16.2.0.aar (com.google.mlkit:vision-interfaces:16.2.0) with AarToClassTransform
Transforming vision-interfaces-16.2.0.aar (com.google.mlkit:vision-interfaces:16.2.0) with IdentityTransform
Transforming vision-interfaces-16.2.0.aar (com.google.mlkit:vision-interfaces:16.2.0) with CopyTransform
Transforming play-services-tasks-18.0.2.aar (com.google.android.gms:play-services-tasks:18.0.2) with AarToClassTransform
Transforming play-services-tasks-18.0.2.aar (com.google.android.gms:play-services-tasks:18.0.2) with IdentityTransform
Transforming play-services-tasks-18.0.2.aar (com.google.android.gms:play-services-tasks:18.0.2) with CopyTransform
Transforming play-services-basement-18.1.0.aar (com.google.android.gms:play-services-basement:18.1.0) with AarToClassTransform
Transforming play-services-basement-18.1.0.aar (com.google.android.gms:play-services-basement:18.1.0) with IdentityTransform
Transforming play-services-basement-18.1.0.aar (com.google.android.gms:play-services-basement:18.1.0) with CopyTransform
Transforming camera-video-1.3.0.aar (androidx.camera:camera-video:1.3.0) with AarToClassTransform
Transforming camera-video-1.3.0.aar (androidx.camera:camera-video:1.3.0) with IdentityTransform
Transforming camera-video-1.3.0.aar (androidx.camera:camera-video:1.3.0) with CopyTransform
Transforming camera-core-1.3.0.aar (androidx.camera:camera-core:1.3.0) with AarToClassTransform
Transforming camera-core-1.3.0.aar (androidx.camera:camera-core:1.3.0) with IdentityTransform
Transforming camera-core-1.3.0.aar (androidx.camera:camera-core:1.3.0) with CopyTransform
Transforming camera-lifecycle-1.3.0.aar (androidx.camera:camera-lifecycle:1.3.0) with AarToClassTransform
Transforming camera-lifecycle-1.3.0.aar (androidx.camera:camera-lifecycle:1.3.0) with IdentityTransform
Transforming camera-lifecycle-1.3.0.aar (androidx.camera:camera-lifecycle:1.3.0) with CopyTransform
Transforming camera-camera2-1.3.0.aar (androidx.camera:camera-camera2:1.3.0) with AarToClassTransform
Transforming camera-camera2-1.3.0.aar (androidx.camera:camera-camera2:1.3.0) with IdentityTransform
Transforming camera-camera2-1.3.0.aar (androidx.camera:camera-camera2:1.3.0) with CopyTransform
Transforming camera-view-1.3.0.aar (androidx.camera:camera-view:1.3.0) with AarToClassTransform
Transforming camera-view-1.3.0.aar (androidx.camera:camera-view:1.3.0) with IdentityTransform
Transforming camera-view-1.3.0.aar (androidx.camera:camera-view:1.3.0) with CopyTransform
Transforming coil-compose-2.5.0.aar (io.coil-kt:coil-compose:2.5.0) with AarToClassTransform
Transforming coil-compose-2.5.0.aar (io.coil-kt:coil-compose:2.5.0) with IdentityTransform
Transforming coil-compose-2.5.0.aar (io.coil-kt:coil-compose:2.5.0) with CopyTransform
Transforming coil-compose-base-2.5.0.aar (io.coil-kt:coil-compose-base:2.5.0) with AarToClassTransform
Transforming coil-compose-base-2.5.0.aar (io.coil-kt:coil-compose-base:2.5.0) with IdentityTransform
Transforming coil-compose-base-2.5.0.aar (io.coil-kt:coil-compose-base:2.5.0) with CopyTransform
Transforming coil-2.5.0.aar (io.coil-kt:coil:2.5.0) with AarToClassTransform
Transforming coil-2.5.0.aar (io.coil-kt:coil:2.5.0) with IdentityTransform
Transforming coil-2.5.0.aar (io.coil-kt:coil:2.5.0) with CopyTransform
Transforming coil-base-2.5.0.aar (io.coil-kt:coil-base:2.5.0) with AarToClassTransform
Transforming coil-base-2.5.0.aar (io.coil-kt:coil-base:2.5.0) with IdentityTransform
Transforming coil-base-2.5.0.aar (io.coil-kt:coil-base:2.5.0) with CopyTransform
Transforming appcompat-resources-1.6.1.aar (androidx.appcompat:appcompat-resources:1.6.1) with AarToClassTransform
Transforming appcompat-resources-1.6.1.aar (androidx.appcompat:appcompat-resources:1.6.1) with IdentityTransform
Transforming appcompat-resources-1.6.1.aar (androidx.appcompat:appcompat-resources:1.6.1) with CopyTransform
Transforming appcompat-1.6.1.aar (androidx.appcompat:appcompat:1.6.1) with AarToClassTransform
Transforming appcompat-1.6.1.aar (androidx.appcompat:appcompat:1.6.1) with IdentityTransform
Transforming appcompat-1.6.1.aar (androidx.appcompat:appcompat:1.6.1) with CopyTransform
Transforming fragment-1.5.1.aar (androidx.fragment:fragment:1.5.1) with AarToClassTransform
Transforming fragment-1.5.1.aar (androidx.fragment:fragment:1.5.1) with IdentityTransform
Transforming fragment-1.5.1.aar (androidx.fragment:fragment:1.5.1) with CopyTransform
Transforming fragment-1.5.1.aar (androidx.fragment:fragment:1.5.1) with AarToClassTransform
Transforming fragment-1.5.1.aar (androidx.fragment:fragment:1.5.1) with IdentityTransform
Transforming fragment-1.5.1.aar (androidx.fragment:fragment:1.5.1) with CopyTransform
Transforming accompanist-drawablepainter-0.32.0.aar (com.google.accompanist:accompanist-drawablepainter:0.32.0) with AarToClassTransform
Transforming accompanist-drawablepainter-0.32.0.aar (com.google.accompanist:accompanist-drawablepainter:0.32.0) with IdentityTransform
Transforming accompanist-drawablepainter-0.32.0.aar (com.google.accompanist:accompanist-drawablepainter:0.32.0) with CopyTransform
Transforming navigationevent.aar (androidx.navigationevent:navigationevent-android:1.0.1) with AarToClassTransform
Transforming navigationevent.aar (androidx.navigationevent:navigationevent-android:1.0.1) with IdentityTransform
Transforming navigationevent.aar (androidx.navigationevent:navigationevent-android:1.0.1) with CopyTransform
Transforming navigationevent-compose.aar (androidx.navigationevent:navigationevent-compose-android:1.0.1) with AarToClassTransform
Transforming navigationevent-compose.aar (androidx.navigationevent:navigationevent-compose-android:1.0.1) with IdentityTransform
Transforming navigationevent-compose.aar (androidx.navigationevent:navigationevent-compose-android:1.0.1) with CopyTransform
Transforming material-icons-extended-release.aar (androidx.compose.material:material-icons-extended-android:1.7.0) with AarToClassTransform
Transforming material-icons-extended-release.aar (androidx.compose.material:material-icons-extended-android:1.7.0) with IdentityTransform
Transforming material-icons-extended-release.aar (androidx.compose.material:material-icons-extended-android:1.7.0) with CopyTransform
Transforming material3-release.aar (androidx.compose.material3:material3-android:1.3.0) with AarToClassTransform
Transforming material3-release.aar (androidx.compose.material3:material3-android:1.3.0) with IdentityTransform
Transforming material3-release.aar (androidx.compose.material3:material3-android:1.3.0) with CopyTransform
Transforming material-ripple-release.aar (androidx.compose.material:material-ripple-android:1.7.0) with AarToClassTransform
Transforming material-ripple-release.aar (androidx.compose.material:material-ripple-android:1.7.0) with IdentityTransform
Transforming material-ripple-release.aar (androidx.compose.material:material-ripple-android:1.7.0) with CopyTransform
Transforming ui-tooling-data.aar (androidx.compose.ui:ui-tooling-data-android:1.9.2) with AarToClassTransform
Transforming ui-tooling-data.aar (androidx.compose.ui:ui-tooling-data-android:1.9.2) with IdentityTransform
Transforming ui-tooling-data.aar (androidx.compose.ui:ui-tooling-data-android:1.9.2) with CopyTransform
Transforming ui-tooling-preview.aar (androidx.compose.ui:ui-tooling-preview-android:1.9.2) with AarToClassTransform
Transforming ui-tooling-preview.aar (androidx.compose.ui:ui-tooling-preview-android:1.9.2) with IdentityTransform
Transforming ui-tooling-preview.aar (androidx.compose.ui:ui-tooling-preview-android:1.9.2) with CopyTransform
Transforming foundation-release.aar (androidx.compose.foundation:foundation-android:1.9.2) with AarToClassTransform
Transforming foundation-release.aar (androidx.compose.foundation:foundation-android:1.9.2) with IdentityTransform
Transforming foundation-release.aar (androidx.compose.foundation:foundation-android:1.9.2) with CopyTransform
Transforming foundation-layout.aar (androidx.compose.foundation:foundation-layout-android:1.9.2) with AarToClassTransform
Transforming foundation-layout.aar (androidx.compose.foundation:foundation-layout-android:1.9.2) with IdentityTransform
Transforming foundation-layout.aar (androidx.compose.foundation:foundation-layout-android:1.9.2) with CopyTransform
Transforming animation-core.aar (androidx.compose.animation:animation-core-android:1.9.2) with AarToClassTransform
Transforming animation-core.aar (androidx.compose.animation:animation-core-android:1.9.2) with IdentityTransform
Transforming animation-core.aar (androidx.compose.animation:animation-core-android:1.9.2) with CopyTransform
Transforming animation.aar (androidx.compose.animation:animation-android:1.9.2) with AarToClassTransform
Transforming animation.aar (androidx.compose.animation:animation-android:1.9.2) with IdentityTransform
Transforming animation.aar (androidx.compose.animation:animation-android:1.9.2) with CopyTransform
Transforming ui-util.aar (androidx.compose.ui:ui-util-android:1.9.2) with AarToClassTransform
Transforming ui-util.aar (androidx.compose.ui:ui-util-android:1.9.2) with IdentityTransform
Transforming ui-util.aar (androidx.compose.ui:ui-util-android:1.9.2) with CopyTransform
Transforming ui-unit.aar (androidx.compose.ui:ui-unit-android:1.9.2) with AarToClassTransform
Transforming ui-unit.aar (androidx.compose.ui:ui-unit-android:1.9.2) with IdentityTransform
Transforming ui-unit.aar (androidx.compose.ui:ui-unit-android:1.9.2) with CopyTransform
Transforming ui-text.aar (androidx.compose.ui:ui-text-android:1.9.2) with AarToClassTransform
Transforming ui-text.aar (androidx.compose.ui:ui-text-android:1.9.2) with IdentityTransform
Transforming ui-text.aar (androidx.compose.ui:ui-text-android:1.9.2) with CopyTransform
Transforming ui-graphics-release.aar (androidx.compose.ui:ui-graphics-android:1.9.2) with AarToClassTransform
Transforming ui-graphics-release.aar (androidx.compose.ui:ui-graphics-android:1.9.2) with IdentityTransform
Transforming ui-graphics-release.aar (androidx.compose.ui:ui-graphics-android:1.9.2) with CopyTransform
Transforming ui-geometry.aar (androidx.compose.ui:ui-geometry-android:1.9.2) with AarToClassTransform
Transforming ui-geometry.aar (androidx.compose.ui:ui-geometry-android:1.9.2) with IdentityTransform
Transforming ui-geometry.aar (androidx.compose.ui:ui-geometry-android:1.9.2) with CopyTransform
Transforming ui-test-manifest-1.9.2.aar (androidx.compose.ui:ui-test-manifest:1.9.2) with AarToClassTransform
Transforming ui-test-manifest-1.9.2.aar (androidx.compose.ui:ui-test-manifest:1.9.2) with IdentityTransform
Transforming ui-test-manifest-1.9.2.aar (androidx.compose.ui:ui-test-manifest:1.9.2) with CopyTransform
Transforming ui-tooling.aar (androidx.compose.ui:ui-tooling-android:1.9.2) with AarToClassTransform
Transforming ui-tooling.aar (androidx.compose.ui:ui-tooling-android:1.9.2) with IdentityTransform
Transforming ui-tooling.aar (androidx.compose.ui:ui-tooling-android:1.9.2) with CopyTransform
Transforming material-release.aar (androidx.compose.material:material-android:1.7.0) with AarToClassTransform
Transforming material-release.aar (androidx.compose.material:material-android:1.7.0) with IdentityTransform
Transforming material-release.aar (androidx.compose.material:material-android:1.7.0) with CopyTransform
Transforming material-icons-core-release.aar (androidx.compose.material:material-icons-core-android:1.7.0) with AarToClassTransform
Transforming material-icons-core-release.aar (androidx.compose.material:material-icons-core-android:1.7.0) with IdentityTransform
Transforming material-icons-core-release.aar (androidx.compose.material:material-icons-core-android:1.7.0) with CopyTransform
Transforming loader-1.0.0.aar (androidx.loader:loader:1.0.0) with AarToClassTransform
Transforming loader-1.0.0.aar (androidx.loader:loader:1.0.0) with IdentityTransform
Transforming loader-1.0.0.aar (androidx.loader:loader:1.0.0) with CopyTransform
Transforming viewpager-1.0.0.aar (androidx.viewpager:viewpager:1.0.0) with AarToClassTransform
Transforming viewpager-1.0.0.aar (androidx.viewpager:viewpager:1.0.0) with IdentityTransform
Transforming viewpager-1.0.0.aar (androidx.viewpager:viewpager:1.0.0) with CopyTransform
Transforming drawerlayout-1.0.0.aar (androidx.drawerlayout:drawerlayout:1.0.0) with AarToClassTransform
Transforming drawerlayout-1.0.0.aar (androidx.drawerlayout:drawerlayout:1.0.0) with IdentityTransform
Transforming drawerlayout-1.0.0.aar (androidx.drawerlayout:drawerlayout:1.0.0) with CopyTransform
Transforming customview-1.0.0.aar (androidx.customview:customview:1.0.0) with AarToClassTransform
Transforming customview-1.0.0.aar (androidx.customview:customview:1.0.0) with IdentityTransform
Transforming customview-1.0.0.aar (androidx.customview:customview:1.0.0) with CopyTransform
Transforming vectordrawable-animated-1.1.0.aar (androidx.vectordrawable:vectordrawable-animated:1.1.0) with AarToClassTransform
Transforming vectordrawable-animated-1.1.0.aar (androidx.vectordrawable:vectordrawable-animated:1.1.0) with IdentityTransform
Transforming vectordrawable-animated-1.1.0.aar (androidx.vectordrawable:vectordrawable-animated:1.1.0) with CopyTransform
Transforming vectordrawable-1.1.0.aar (androidx.vectordrawable:vectordrawable:1.1.0) with AarToClassTransform
Transforming vectordrawable-1.1.0.aar (androidx.vectordrawable:vectordrawable:1.1.0) with IdentityTransform
Transforming vectordrawable-1.1.0.aar (androidx.vectordrawable:vectordrawable:1.1.0) with CopyTransform
Transforming vectordrawable-1.1.0.aar (androidx.vectordrawable:vectordrawable:1.1.0) with AarToClassTransform
Transforming vectordrawable-1.1.0.aar (androidx.vectordrawable:vectordrawable:1.1.0) with IdentityTransform
Transforming vectordrawable-1.1.0.aar (androidx.vectordrawable:vectordrawable:1.1.0) with CopyTransform
Transforming autofill-1.0.0.aar (androidx.autofill:autofill:1.0.0) with AarToClassTransform
Transforming autofill-1.0.0.aar (androidx.autofill:autofill:1.0.0) with IdentityTransform
Transforming autofill-1.0.0.aar (androidx.autofill:autofill:1.0.0) with CopyTransform
Transforming graphics-path-1.0.1.aar (androidx.graphics:graphics-path:1.0.1) with AarToClassTransform
Transforming graphics-path-1.0.1.aar (androidx.graphics:graphics-path:1.0.1) with IdentityTransform
Transforming graphics-path-1.0.1.aar (androidx.graphics:graphics-path:1.0.1) with CopyTransform
Transforming emoji2-views-helper-1.4.0.aar (androidx.emoji2:emoji2-views-helper:1.4.0) with AarToClassTransform
Transforming emoji2-views-helper-1.4.0.aar (androidx.emoji2:emoji2-views-helper:1.4.0) with IdentityTransform
Transforming emoji2-views-helper-1.4.0.aar (androidx.emoji2:emoji2-views-helper:1.4.0) with CopyTransform
Transforming emoji2-1.4.0.aar (androidx.emoji2:emoji2:1.4.0) with AarToClassTransform
Transforming emoji2-1.4.0.aar (androidx.emoji2:emoji2:1.4.0) with IdentityTransform
Transforming emoji2-1.4.0.aar (androidx.emoji2:emoji2:1.4.0) with CopyTransform
Transforming core-1.17.0.aar (androidx.core:core:1.17.0) with AarToClassTransform
Transforming core-1.17.0.aar (androidx.core:core:1.17.0) with IdentityTransform
Transforming core-1.17.0.aar (androidx.core:core:1.17.0) with CopyTransform
Transforming core-1.17.0.aar (androidx.core:core:1.17.0) with AarToClassTransform
Transforming core-1.17.0.aar (androidx.core:core:1.17.0) with IdentityTransform
Transforming core-1.17.0.aar (androidx.core:core:1.17.0) with CopyTransform
Transforming lifecycle-process-2.10.0.aar (androidx.lifecycle:lifecycle-process:2.10.0) with AarToClassTransform
Transforming lifecycle-process-2.10.0.aar (androidx.lifecycle:lifecycle-process:2.10.0) with IdentityTransform
Transforming lifecycle-process-2.10.0.aar (androidx.lifecycle:lifecycle-process:2.10.0) with CopyTransform
Transforming lifecycle-viewmodel-ktx-2.10.0.aar (androidx.lifecycle:lifecycle-viewmodel-ktx:2.10.0) with AarToClassTransform
Transforming lifecycle-viewmodel-ktx-2.10.0.aar (androidx.lifecycle:lifecycle-viewmodel-ktx:2.10.0) with IdentityTransform
Transforming lifecycle-viewmodel-ktx-2.10.0.aar (androidx.lifecycle:lifecycle-viewmodel-ktx:2.10.0) with CopyTransform
Transforming lifecycle-common-java8-2.10.0.jar (androidx.lifecycle:lifecycle-common-java8:2.10.0) with IdentityTransform
Transforming lifecycle-common-java8-2.10.0.jar (androidx.lifecycle:lifecycle-common-java8:2.10.0) with IdentityTransform
Transforming lifecycle-common-java8-2.10.0.jar (androidx.lifecycle:lifecycle-common-java8:2.10.0) with CopyTransform
Transforming lifecycle-viewmodel-savedstate.aar (androidx.lifecycle:lifecycle-viewmodel-savedstate-android:2.10.0) with AarToClassTransform
Transforming lifecycle-viewmodel-savedstate.aar (androidx.lifecycle:lifecycle-viewmodel-savedstate-android:2.10.0) with IdentityTransform
Transforming lifecycle-viewmodel-savedstate.aar (androidx.lifecycle:lifecycle-viewmodel-savedstate-android:2.10.0) with CopyTransform
Transforming lifecycle-viewmodel-2.10.0.aar (androidx.lifecycle:lifecycle-viewmodel:2.10.0) with AarToClassTransform
Transforming lifecycle-viewmodel-2.10.0.aar (androidx.lifecycle:lifecycle-viewmodel:2.10.0) with IdentityTransform
Transforming lifecycle-viewmodel-2.10.0.aar (androidx.lifecycle:lifecycle-viewmodel:2.10.0) with CopyTransform
Transforming lifecycle-viewmodel.aar (androidx.lifecycle:lifecycle-viewmodel-android:2.10.0) with AarToClassTransform
Transforming lifecycle-viewmodel.aar (androidx.lifecycle:lifecycle-viewmodel-android:2.10.0) with IdentityTransform
Transforming lifecycle-viewmodel.aar (androidx.lifecycle:lifecycle-viewmodel-android:2.10.0) with CopyTransform
Transforming savedstate-ktx-1.4.0.aar (androidx.savedstate:savedstate-ktx:1.4.0) with AarToClassTransform
Transforming savedstate-ktx-1.4.0.aar (androidx.savedstate:savedstate-ktx:1.4.0) with IdentityTransform
Transforming savedstate-ktx-1.4.0.aar (androidx.savedstate:savedstate-ktx:1.4.0) with CopyTransform
Transforming savedstate.aar (androidx.savedstate:savedstate-android:1.4.0) with AarToClassTransform
Transforming savedstate.aar (androidx.savedstate:savedstate-android:1.4.0) with IdentityTransform
Transforming savedstate.aar (androidx.savedstate:savedstate-android:1.4.0) with CopyTransform
Transforming savedstate-compose.aar (androidx.savedstate:savedstate-compose-android:1.4.0) with AarToClassTransform
Transforming savedstate-compose.aar (androidx.savedstate:savedstate-compose-android:1.4.0) with IdentityTransform
Transforming savedstate-compose.aar (androidx.savedstate:savedstate-compose-android:1.4.0) with CopyTransform
Transforming runtime.aar (androidx.compose.runtime:runtime-android:1.9.2) with AarToClassTransform
Transforming runtime.aar (androidx.compose.runtime:runtime-android:1.9.2) with IdentityTransform
Transforming runtime.aar (androidx.compose.runtime:runtime-android:1.9.2) with CopyTransform
Transforming runtime-annotation.aar (androidx.compose.runtime:runtime-annotation-android:1.9.2) with AarToClassTransform
Transforming runtime-annotation.aar (androidx.compose.runtime:runtime-annotation-android:1.9.2) with IdentityTransform
Transforming runtime-annotation.aar (androidx.compose.runtime:runtime-annotation-android:1.9.2) with CopyTransform
Transforming runtime-saveable.aar (androidx.compose.runtime:runtime-saveable-android:1.9.2) with AarToClassTransform
Transforming runtime-saveable.aar (androidx.compose.runtime:runtime-saveable-android:1.9.2) with IdentityTransform
Transforming runtime-saveable.aar (androidx.compose.runtime:runtime-saveable-android:1.9.2) with CopyTransform
Transforming lifecycle-runtime-compose.aar (androidx.lifecycle:lifecycle-runtime-compose-android:2.10.0) with AarToClassTransform
Transforming lifecycle-runtime-compose.aar (androidx.lifecycle:lifecycle-runtime-compose-android:2.10.0) with IdentityTransform
Transforming lifecycle-runtime-compose.aar (androidx.lifecycle:lifecycle-runtime-compose-android:2.10.0) with CopyTransform
Transforming lifecycle-livedata-core-ktx-2.10.0.aar (androidx.lifecycle:lifecycle-livedata-core-ktx:2.10.0) with AarToClassTransform
Transforming lifecycle-livedata-core-ktx-2.10.0.aar (androidx.lifecycle:lifecycle-livedata-core-ktx:2.10.0) with IdentityTransform
Transforming lifecycle-livedata-core-ktx-2.10.0.aar (androidx.lifecycle:lifecycle-livedata-core-ktx:2.10.0) with CopyTransform
Transforming lifecycle-common-jvm-2.10.0.jar (androidx.lifecycle:lifecycle-common-jvm:2.10.0) with IdentityTransform
Transforming lifecycle-common-jvm-2.10.0.jar (androidx.lifecycle:lifecycle-common-jvm:2.10.0) with IdentityTransform
Transforming lifecycle-common-jvm-2.10.0.jar (androidx.lifecycle:lifecycle-common-jvm:2.10.0) with CopyTransform
Transforming lifecycle-runtime.aar (androidx.lifecycle:lifecycle-runtime-android:2.10.0) with AarToClassTransform
Transforming lifecycle-runtime.aar (androidx.lifecycle:lifecycle-runtime-android:2.10.0) with IdentityTransform
Transforming lifecycle-runtime.aar (androidx.lifecycle:lifecycle-runtime-android:2.10.0) with CopyTransform
Transforming lifecycle-livedata-core-2.10.0.aar (androidx.lifecycle:lifecycle-livedata-core:2.10.0) with AarToClassTransform
Transforming lifecycle-livedata-core-2.10.0.aar (androidx.lifecycle:lifecycle-livedata-core:2.10.0) with IdentityTransform
Transforming lifecycle-livedata-core-2.10.0.aar (androidx.lifecycle:lifecycle-livedata-core:2.10.0) with CopyTransform
Transforming lifecycle-livedata-2.10.0.aar (androidx.lifecycle:lifecycle-livedata:2.10.0) with AarToClassTransform
Transforming lifecycle-livedata-2.10.0.aar (androidx.lifecycle:lifecycle-livedata:2.10.0) with IdentityTransform
Transforming lifecycle-livedata-2.10.0.aar (androidx.lifecycle:lifecycle-livedata:2.10.0) with CopyTransform
Transforming lifecycle-livedata-2.10.0.aar (androidx.lifecycle:lifecycle-livedata:2.10.0) with AarToClassTransform
Transforming lifecycle-livedata-2.10.0.aar (androidx.lifecycle:lifecycle-livedata:2.10.0) with IdentityTransform
Transforming lifecycle-livedata-2.10.0.aar (androidx.lifecycle:lifecycle-livedata:2.10.0) with CopyTransform
Transforming lifecycle-runtime-ktx.aar (androidx.lifecycle:lifecycle-runtime-ktx-android:2.10.0) with AarToClassTransform
Transforming lifecycle-runtime-ktx.aar (androidx.lifecycle:lifecycle-runtime-ktx-android:2.10.0) with IdentityTransform
Transforming lifecycle-runtime-ktx.aar (androidx.lifecycle:lifecycle-runtime-ktx-android:2.10.0) with CopyTransform
Transforming lifecycle-viewmodel-compose.aar (androidx.lifecycle:lifecycle-viewmodel-compose-android:2.10.0) with AarToClassTransform
Transforming lifecycle-viewmodel-compose.aar (androidx.lifecycle:lifecycle-viewmodel-compose-android:2.10.0) with IdentityTransform
Transforming lifecycle-viewmodel-compose.aar (androidx.lifecycle:lifecycle-viewmodel-compose-android:2.10.0) with CopyTransform
Transforming ui-release.aar (androidx.compose.ui:ui-android:1.9.2) with AarToClassTransform
Transforming ui-release.aar (androidx.compose.ui:ui-android:1.9.2) with IdentityTransform
Transforming ui-release.aar (androidx.compose.ui:ui-android:1.9.2) with CopyTransform
Transforming activity-ktx-1.12.2.aar (androidx.activity:activity-ktx:1.12.2) with AarToClassTransform
Transforming activity-ktx-1.12.2.aar (androidx.activity:activity-ktx:1.12.2) with IdentityTransform
Transforming activity-ktx-1.12.2.aar (androidx.activity:activity-ktx:1.12.2) with CopyTransform
Transforming activity-1.12.2.aar (androidx.activity:activity:1.12.2) with AarToClassTransform
Transforming activity-1.12.2.aar (androidx.activity:activity:1.12.2) with IdentityTransform
Transforming activity-1.12.2.aar (androidx.activity:activity:1.12.2) with CopyTransform
Transforming activity-compose-1.12.2.aar (androidx.activity:activity-compose:1.12.2) with AarToClassTransform
Transforming activity-compose-1.12.2.aar (androidx.activity:activity-compose:1.12.2) with IdentityTransform
Transforming activity-compose-1.12.2.aar (androidx.activity:activity-compose:1.12.2) with CopyTransform
Transforming customview-poolingcontainer-1.0.0.aar (androidx.customview:customview-poolingcontainer:1.0.0) with AarToClassTransform
Transforming customview-poolingcontainer-1.0.0.aar (androidx.customview:customview-poolingcontainer:1.0.0) with IdentityTransform
Transforming customview-poolingcontainer-1.0.0.aar (androidx.customview:customview-poolingcontainer:1.0.0) with CopyTransform
Transforming core-ktx-1.17.0.aar (androidx.core:core-ktx:1.17.0) with AarToClassTransform
Transforming core-ktx-1.17.0.aar (androidx.core:core-ktx:1.17.0) with IdentityTransform
Transforming core-ktx-1.17.0.aar (androidx.core:core-ktx:1.17.0) with CopyTransform
Transforming kotlinx-serialization-core-jvm-1.7.3.jar (org.jetbrains.kotlinx:kotlinx-serialization-core-jvm:1.7.3) with IdentityTransform
Transforming kotlinx-serialization-core-jvm-1.7.3.jar (org.jetbrains.kotlinx:kotlinx-serialization-core-jvm:1.7.3) with IdentityTransform
Transforming kotlinx-serialization-core-jvm-1.7.3.jar (org.jetbrains.kotlinx:kotlinx-serialization-core-jvm:1.7.3) with CopyTransform
Transforming kotlinx-serialization-json-jvm-1.7.3.jar (org.jetbrains.kotlinx:kotlinx-serialization-json-jvm:1.7.3) with IdentityTransform
Transforming kotlinx-serialization-json-jvm-1.7.3.jar (org.jetbrains.kotlinx:kotlinx-serialization-json-jvm:1.7.3) with IdentityTransform
Transforming kotlinx-serialization-json-jvm-1.7.3.jar (org.jetbrains.kotlinx:kotlinx-serialization-json-jvm:1.7.3) with CopyTransform
Transforming sqlite-framework-2.4.0.aar (androidx.sqlite:sqlite-framework:2.4.0) with AarToClassTransform
Transforming sqlite-framework-2.4.0.aar (androidx.sqlite:sqlite-framework:2.4.0) with IdentityTransform
Transforming sqlite-framework-2.4.0.aar (androidx.sqlite:sqlite-framework:2.4.0) with CopyTransform
Transforming sqlite-2.4.0.aar (androidx.sqlite:sqlite:2.4.0) with AarToClassTransform
Transforming sqlite-2.4.0.aar (androidx.sqlite:sqlite:2.4.0) with IdentityTransform
Transforming sqlite-2.4.0.aar (androidx.sqlite:sqlite:2.4.0) with CopyTransform
Transforming wire-runtime-jvm-5.2.1.jar (com.squareup.wire:wire-runtime-jvm:5.2.1) with IdentityTransform
Transforming wire-runtime-jvm-5.2.1.jar (com.squareup.wire:wire-runtime-jvm:5.2.1) with IdentityTransform
Transforming wire-runtime-jvm-5.2.1.jar (com.squareup.wire:wire-runtime-jvm:5.2.1) with CopyTransform
Transforming converter-gson-2.9.0.jar (com.squareup.retrofit2:converter-gson:2.9.0) with IdentityTransform
Transforming converter-gson-2.9.0.jar (com.squareup.retrofit2:converter-gson:2.9.0) with IdentityTransform
Transforming converter-gson-2.9.0.jar (com.squareup.retrofit2:converter-gson:2.9.0) with CopyTransform
Transforming retrofit-2.9.0.jar (com.squareup.retrofit2:retrofit:2.9.0) with IdentityTransform
Transforming retrofit-2.9.0.jar (com.squareup.retrofit2:retrofit:2.9.0) with IdentityTransform
Transforming retrofit-2.9.0.jar (com.squareup.retrofit2:retrofit:2.9.0) with CopyTransform
Transforming okhttp-4.12.0.jar (com.squareup.okhttp3:okhttp:4.12.0) with IdentityTransform
Transforming okhttp-4.12.0.jar (com.squareup.okhttp3:okhttp:4.12.0) with IdentityTransform
Transforming okhttp-4.12.0.jar (com.squareup.okhttp3:okhttp:4.12.0) with CopyTransform
Transforming kotlin-stdlib-jdk8-1.9.10.jar (org.jetbrains.kotlin:kotlin-stdlib-jdk8:1.9.10) with IdentityTransform
Transforming kotlin-stdlib-jdk8-1.9.10.jar (org.jetbrains.kotlin:kotlin-stdlib-jdk8:1.9.10) with IdentityTransform
Transforming kotlin-stdlib-jdk8-1.9.10.jar (org.jetbrains.kotlin:kotlin-stdlib-jdk8:1.9.10) with CopyTransform
Transforming annotation-experimental-1.4.1.aar (androidx.annotation:annotation-experimental:1.4.1) with AarToClassTransform
Transforming annotation-experimental-1.4.1.aar (androidx.annotation:annotation-experimental:1.4.1) with IdentityTransform
Transforming annotation-experimental-1.4.1.aar (androidx.annotation:annotation-experimental:1.4.1) with CopyTransform
Transforming core-viewtree-1.0.0.aar (androidx.core:core-viewtree:1.0.0) with AarToClassTransform
Transforming core-viewtree-1.0.0.aar (androidx.core:core-viewtree:1.0.0) with IdentityTransform
Transforming core-viewtree-1.0.0.aar (androidx.core:core-viewtree:1.0.0) with CopyTransform
Transforming kotlinx-coroutines-core-jvm-1.9.0.jar (org.jetbrains.kotlinx:kotlinx-coroutines-core-jvm:1.9.0) with IdentityTransform
Transforming kotlinx-coroutines-core-jvm-1.9.0.jar (org.jetbrains.kotlinx:kotlinx-coroutines-core-jvm:1.9.0) with IdentityTransform
Transforming kotlinx-coroutines-core-jvm-1.9.0.jar (org.jetbrains.kotlinx:kotlinx-coroutines-core-jvm:1.9.0) with CopyTransform
Transforming kotlinx-coroutines-android-1.9.0.jar (org.jetbrains.kotlinx:kotlinx-coroutines-android:1.9.0) with IdentityTransform
Transforming kotlinx-coroutines-android-1.9.0.jar (org.jetbrains.kotlinx:kotlinx-coroutines-android:1.9.0) with IdentityTransform
Transforming kotlinx-coroutines-android-1.9.0.jar (org.jetbrains.kotlinx:kotlinx-coroutines-android:1.9.0) with CopyTransform
Transforming kotlin-stdlib-jdk7-1.9.10.jar (org.jetbrains.kotlin:kotlin-stdlib-jdk7:1.9.10) with IdentityTransform
Transforming kotlin-stdlib-jdk7-1.9.10.jar (org.jetbrains.kotlin:kotlin-stdlib-jdk7:1.9.10) with IdentityTransform
Transforming kotlin-stdlib-jdk7-1.9.10.jar (org.jetbrains.kotlin:kotlin-stdlib-jdk7:1.9.10) with CopyTransform
Transforming core-runtime-2.2.0.aar (androidx.arch.core:core-runtime:2.2.0) with AarToClassTransform
Transforming core-runtime-2.2.0.aar (androidx.arch.core:core-runtime:2.2.0) with IdentityTransform
Transforming core-runtime-2.2.0.aar (androidx.arch.core:core-runtime:2.2.0) with CopyTransform
Transforming transport-backend-cct-2.3.3.aar (com.google.android.datatransport:transport-backend-cct:2.3.3) with AarToClassTransform
Transforming transport-backend-cct-2.3.3.aar (com.google.android.datatransport:transport-backend-cct:2.3.3) with IdentityTransform
Transforming transport-backend-cct-2.3.3.aar (com.google.android.datatransport:transport-backend-cct:2.3.3) with CopyTransform
Transforming transport-runtime-2.2.6.aar (com.google.android.datatransport:transport-runtime:2.2.6) with AarToClassTransform
Transforming transport-runtime-2.2.6.aar (com.google.android.datatransport:transport-runtime:2.2.6) with IdentityTransform
Transforming transport-runtime-2.2.6.aar (com.google.android.datatransport:transport-runtime:2.2.6) with CopyTransform
Transforming transport-api-2.2.1.aar (com.google.android.datatransport:transport-api:2.2.1) with AarToClassTransform
Transforming transport-api-2.2.1.aar (com.google.android.datatransport:transport-api:2.2.1) with IdentityTransform
Transforming transport-api-2.2.1.aar (com.google.android.datatransport:transport-api:2.2.1) with CopyTransform
Transforming firebase-components-16.1.0.aar (com.google.firebase:firebase-components:16.1.0) with AarToClassTransform
Transforming firebase-components-16.1.0.aar (com.google.firebase:firebase-components:16.1.0) with IdentityTransform
Transforming firebase-components-16.1.0.aar (com.google.firebase:firebase-components:16.1.0) with CopyTransform
Transforming firebase-encoders-json-17.1.0.aar (com.google.firebase:firebase-encoders-json:17.1.0) with AarToClassTransform
Transforming firebase-encoders-json-17.1.0.aar (com.google.firebase:firebase-encoders-json:17.1.0) with IdentityTransform
Transforming firebase-encoders-json-17.1.0.aar (com.google.firebase:firebase-encoders-json:17.1.0) with CopyTransform
Transforming firebase-encoders-16.1.0.jar (com.google.firebase:firebase-encoders:16.1.0) with IdentityTransform
Transforming firebase-encoders-16.1.0.jar (com.google.firebase:firebase-encoders:16.1.0) with IdentityTransform
Transforming firebase-encoders-16.1.0.jar (com.google.firebase:firebase-encoders:16.1.0) with CopyTransform
Transforming core-common-2.2.0.jar (androidx.arch.core:core-common:2.2.0) with IdentityTransform
Transforming core-common-2.2.0.jar (androidx.arch.core:core-common:2.2.0) with IdentityTransform
Transforming core-common-2.2.0.jar (androidx.arch.core:core-common:2.2.0) with CopyTransform
Transforming interpolator-1.0.0.aar (androidx.interpolator:interpolator:1.0.0) with AarToClassTransform
Transforming interpolator-1.0.0.aar (androidx.interpolator:interpolator:1.0.0) with IdentityTransform
Transforming interpolator-1.0.0.aar (androidx.interpolator:interpolator:1.0.0) with CopyTransform
Transforming interpolator-1.0.0.aar (androidx.interpolator:interpolator:1.0.0) with AarToClassTransform
Transforming interpolator-1.0.0.aar (androidx.interpolator:interpolator:1.0.0) with IdentityTransform
Transforming interpolator-1.0.0.aar (androidx.interpolator:interpolator:1.0.0) with CopyTransform
Transforming profileinstaller-1.4.0.aar (androidx.profileinstaller:profileinstaller:1.4.0) with AarToClassTransform
Transforming profileinstaller-1.4.0.aar (androidx.profileinstaller:profileinstaller:1.4.0) with IdentityTransform
Transforming profileinstaller-1.4.0.aar (androidx.profileinstaller:profileinstaller:1.4.0) with CopyTransform
Transforming startup-runtime-1.1.1.aar (androidx.startup:startup-runtime:1.1.1) with AarToClassTransform
Transforming startup-runtime-1.1.1.aar (androidx.startup:startup-runtime:1.1.1) with IdentityTransform
Transforming startup-runtime-1.1.1.aar (androidx.startup:startup-runtime:1.1.1) with CopyTransform
Transforming tracing-1.2.0.aar (androidx.tracing:tracing:1.2.0) with AarToClassTransform
Transforming tracing-1.2.0.aar (androidx.tracing:tracing:1.2.0) with IdentityTransform
Transforming tracing-1.2.0.aar (androidx.tracing:tracing:1.2.0) with CopyTransform
Transforming versionedparcelable-1.1.1.aar (androidx.versionedparcelable:versionedparcelable:1.1.1) with AarToClassTransform
Transforming versionedparcelable-1.1.1.aar (androidx.versionedparcelable:versionedparcelable:1.1.1) with IdentityTransform
Transforming versionedparcelable-1.1.1.aar (androidx.versionedparcelable:versionedparcelable:1.1.1) with CopyTransform
Transforming exifinterface-1.3.6.aar (androidx.exifinterface:exifinterface:1.3.6) with AarToClassTransform
Transforming exifinterface-1.3.6.aar (androidx.exifinterface:exifinterface:1.3.6) with IdentityTransform
Transforming exifinterface-1.3.6.aar (androidx.exifinterface:exifinterface:1.3.6) with CopyTransform
Transforming exifinterface-1.3.6.aar (androidx.exifinterface:exifinterface:1.3.6) with AarToClassTransform
Transforming exifinterface-1.3.6.aar (androidx.exifinterface:exifinterface:1.3.6) with IdentityTransform
Transforming exifinterface-1.3.6.aar (androidx.exifinterface:exifinterface:1.3.6) with CopyTransform
Transforming concurrent-futures-1.1.0.jar (androidx.concurrent:concurrent-futures:1.1.0) with IdentityTransform
Transforming concurrent-futures-1.1.0.jar (androidx.concurrent:concurrent-futures:1.1.0) with IdentityTransform
Transforming concurrent-futures-1.1.0.jar (androidx.concurrent:concurrent-futures:1.1.0) with CopyTransform
Transforming cursoradapter-1.0.0.aar (androidx.cursoradapter:cursoradapter:1.0.0) with AarToClassTransform
Transforming cursoradapter-1.0.0.aar (androidx.cursoradapter:cursoradapter:1.0.0) with IdentityTransform
Transforming cursoradapter-1.0.0.aar (androidx.cursoradapter:cursoradapter:1.0.0) with CopyTransform
Transforming resourceinspection-annotation-1.0.1.jar (androidx.resourceinspection:resourceinspection-annotation:1.0.1) with IdentityTransform
Transforming resourceinspection-annotation-1.0.1.jar (androidx.resourceinspection:resourceinspection-annotation:1.0.1) with IdentityTransform
Transforming resourceinspection-annotation-1.0.1.jar (androidx.resourceinspection:resourceinspection-annotation:1.0.1) with CopyTransform
Transforming collection-ktx-1.5.0.jar (androidx.collection:collection-ktx:1.5.0) with IdentityTransform
Transforming collection-ktx-1.5.0.jar (androidx.collection:collection-ktx:1.5.0) with IdentityTransform
Transforming collection-ktx-1.5.0.jar (androidx.collection:collection-ktx:1.5.0) with CopyTransform
Transforming collection-jvm-1.5.0.jar (androidx.collection:collection-jvm:1.5.0) with IdentityTransform
Transforming collection-jvm-1.5.0.jar (androidx.collection:collection-jvm:1.5.0) with IdentityTransform
Transforming collection-jvm-1.5.0.jar (androidx.collection:collection-jvm:1.5.0) with CopyTransform
Transforming annotation-jvm-1.9.1.jar (androidx.annotation:annotation-jvm:1.9.1) with IdentityTransform
Transforming annotation-jvm-1.9.1.jar (androidx.annotation:annotation-jvm:1.9.1) with IdentityTransform
Transforming annotation-jvm-1.9.1.jar (androidx.annotation:annotation-jvm:1.9.1) with CopyTransform
Transforming okio-jvm-3.9.1.jar (com.squareup.okio:okio-jvm:3.9.1) with IdentityTransform
Transforming okio-jvm-3.9.1.jar (com.squareup.okio:okio-jvm:3.9.1) with IdentityTransform
Transforming okio-jvm-3.9.1.jar (com.squareup.okio:okio-jvm:3.9.1) with CopyTransform
Transforming kotlin-stdlib-2.0.21.jar (org.jetbrains.kotlin:kotlin-stdlib:2.0.21) with IdentityTransform
Transforming kotlin-stdlib-2.0.21.jar (org.jetbrains.kotlin:kotlin-stdlib:2.0.21) with IdentityTransform
Transforming kotlin-stdlib-2.0.21.jar (org.jetbrains.kotlin:kotlin-stdlib:2.0.21) with CopyTransform
Transforming gson-2.10.1.jar (com.google.code.gson:gson:2.10.1) with IdentityTransform
Transforming gson-2.10.1.jar (com.google.code.gson:gson:2.10.1) with IdentityTransform
Transforming gson-2.10.1.jar (com.google.code.gson:gson:2.10.1) with CopyTransform
Transforming annotations-23.0.0.jar (org.jetbrains:annotations:23.0.0) with IdentityTransform
Transforming annotations-23.0.0.jar (org.jetbrains:annotations:23.0.0) with IdentityTransform
Transforming annotations-23.0.0.jar (org.jetbrains:annotations:23.0.0) with CopyTransform
Transforming auto-value-annotations-1.6.3.jar (com.google.auto.value:auto-value-annotations:1.6.3) with IdentityTransform
Transforming auto-value-annotations-1.6.3.jar (com.google.auto.value:auto-value-annotations:1.6.3) with IdentityTransform
Transforming auto-value-annotations-1.6.3.jar (com.google.auto.value:auto-value-annotations:1.6.3) with CopyTransform
Transforming listenablefuture-1.0.jar (com.google.guava:listenablefuture:1.0) with IdentityTransform
Transforming listenablefuture-1.0.jar (com.google.guava:listenablefuture:1.0) with IdentityTransform
Transforming listenablefuture-1.0.jar (com.google.guava:listenablefuture:1.0) with CopyTransform
Transforming hilt-core-2.51.1.jar (com.google.dagger:hilt-core:2.51.1) with IdentityTransform
Transforming hilt-core-2.51.1.jar (com.google.dagger:hilt-core:2.51.1) with IdentityTransform
Transforming hilt-core-2.51.1.jar (com.google.dagger:hilt-core:2.51.1) with CopyTransform
Transforming dagger-2.51.1.jar (com.google.dagger:dagger:2.51.1) with IdentityTransform
Transforming dagger-2.51.1.jar (com.google.dagger:dagger:2.51.1) with IdentityTransform
Transforming dagger-2.51.1.jar (com.google.dagger:dagger:2.51.1) with CopyTransform
Transforming dagger-lint-aar-2.51.1.aar (com.google.dagger:dagger-lint-aar:2.51.1) with AarToClassTransform
Transforming dagger-lint-aar-2.51.1.aar (com.google.dagger:dagger-lint-aar:2.51.1) with IdentityTransform
Transforming dagger-lint-aar-2.51.1.aar (com.google.dagger:dagger-lint-aar:2.51.1) with CopyTransform
Transforming jsr305-3.0.2.jar (com.google.code.findbugs:jsr305:3.0.2) with IdentityTransform
Transforming jsr305-3.0.2.jar (com.google.code.findbugs:jsr305:3.0.2) with IdentityTransform
Transforming jsr305-3.0.2.jar (com.google.code.findbugs:jsr305:3.0.2) with CopyTransform
Transforming javax.inject-1.jar (javax.inject:javax.inject:1) with IdentityTransform
Transforming javax.inject-1.jar (javax.inject:javax.inject:1) with IdentityTransform
Transforming javax.inject-1.jar (javax.inject:javax.inject:1) with CopyTransform
Transforming image-1.0.0-beta1.aar (com.google.android.odml:image:1.0.0-beta1) with AarToClassTransform
Transforming image-1.0.0-beta1.aar (com.google.android.odml:image:1.0.0-beta1) with IdentityTransform
Transforming image-1.0.0-beta1.aar (com.google.android.odml:image:1.0.0-beta1) with CopyTransform
Transforming jspecify-1.0.0.jar (org.jspecify:jspecify:1.0.0) with IdentityTransform
Transforming jspecify-1.0.0.jar (org.jspecify:jspecify:1.0.0) with IdentityTransform
Transforming jspecify-1.0.0.jar (org.jspecify:jspecify:1.0.0) with CopyTransform
Transforming firebase-annotations-16.0.0.jar (com.google.firebase:firebase-annotations:16.0.0) with IdentityTransform
Transforming firebase-annotations-16.0.0.jar (com.google.firebase:firebase-annotations:16.0.0) with IdentityTransform
Transforming firebase-annotations-16.0.0.jar (com.google.firebase:firebase-annotations:16.0.0) with CopyTransform
Transforming android.jar with IdentityTransform
Transforming android.jar with IdentityTransform
Transforming android.jar with CopyTransform
Transforming core-lambda-stubs.jar with IdentityTransform
Transforming core-lambda-stubs.jar with IdentityTransform
Transforming core-lambda-stubs.jar with CopyTransform
Transforming R.jar with IdentityTransform
Transforming R.jar with IdentityTransform
Transforming R.jar with CopyTransform
Transforming benchmark-traceprocessor-api.jar with IdentityTransform
Transforming benchmark-traceprocessor-api.jar with IdentityTransform
Transforming benchmark-traceprocessor-api.jar with CopyTransform
Transforming core-splashscreen-1.0.1-api.jar with IdentityTransform
Transforming core-splashscreen-1.0.1-api.jar with IdentityTransform
Transforming core-splashscreen-1.0.1-api.jar with CopyTransform
Transforming hilt-navigation-compose-1.2.0-api.jar with IdentityTransform
Transforming hilt-navigation-compose-1.2.0-api.jar with IdentityTransform
Transforming hilt-navigation-compose-1.2.0-api.jar with CopyTransform
Transforming hilt-navigation-1.2.0-api.jar with IdentityTransform
Transforming hilt-navigation-1.2.0-api.jar with IdentityTransform
Transforming hilt-navigation-1.2.0-api.jar with CopyTransform
Transforming hilt-android-2.51.1-api.jar with IdentityTransform
Transforming hilt-android-2.51.1-api.jar with IdentityTransform
Transforming hilt-android-2.51.1-api.jar with CopyTransform
Transforming room-common-2.6.0.jar with IdentityTransform
Transforming room-common-2.6.0.jar with IdentityTransform
Transforming room-common-2.6.0.jar with CopyTransform
Transforming room-runtime-2.6.0-api.jar with IdentityTransform
Transforming room-runtime-2.6.0-api.jar with IdentityTransform
Transforming room-runtime-2.6.0-api.jar with CopyTransform
Transforming room-ktx-2.6.0-api.jar with IdentityTransform
Transforming room-ktx-2.6.0-api.jar with IdentityTransform
Transforming room-ktx-2.6.0-api.jar with CopyTransform
Transforming navigation-runtime-release-api.jar with IdentityTransform
Transforming navigation-runtime-release-api.jar with IdentityTransform
Transforming navigation-runtime-release-api.jar with CopyTransform
Transforming navigation-common-release-api.jar with IdentityTransform
Transforming navigation-common-release-api.jar with IdentityTransform
Transforming navigation-common-release-api.jar with CopyTransform
Transforming navigation-compose-release-api.jar with IdentityTransform
Transforming navigation-compose-release-api.jar with IdentityTransform
Transforming navigation-compose-release-api.jar with CopyTransform
Transforming camera-video-1.3.0-api.jar with IdentityTransform
Transforming camera-video-1.3.0-api.jar with IdentityTransform
Transforming camera-video-1.3.0-api.jar with CopyTransform
Transforming camera-view-1.3.0-api.jar with IdentityTransform
Transforming camera-view-1.3.0-api.jar with IdentityTransform
Transforming camera-view-1.3.0-api.jar with CopyTransform
Transforming camera-lifecycle-1.3.0-api.jar with IdentityTransform
Transforming camera-lifecycle-1.3.0-api.jar with IdentityTransform
Transforming camera-lifecycle-1.3.0-api.jar with CopyTransform
Transforming camera-camera2-1.3.0-api.jar with IdentityTransform
Transforming camera-camera2-1.3.0-api.jar with IdentityTransform
Transforming camera-camera2-1.3.0-api.jar with CopyTransform
Transforming camera-core-1.3.0-api.jar with IdentityTransform
Transforming camera-core-1.3.0-api.jar with IdentityTransform
Transforming camera-core-1.3.0-api.jar with CopyTransform
Transforming barcode-scanning-17.2.0-api.jar with IdentityTransform
Transforming barcode-scanning-17.2.0-api.jar with IdentityTransform
Transforming barcode-scanning-17.2.0-api.jar with CopyTransform
Transforming play-services-mlkit-barcode-scanning-18.3.0-api.jar with IdentityTransform
Transforming play-services-mlkit-barcode-scanning-18.3.0-api.jar with IdentityTransform
Transforming play-services-mlkit-barcode-scanning-18.3.0-api.jar with CopyTransform
Transforming barcode-scanning-common-17.0.0-api.jar with IdentityTransform
Transforming barcode-scanning-common-17.0.0-api.jar with IdentityTransform
Transforming barcode-scanning-common-17.0.0-api.jar with CopyTransform
Transforming vision-common-17.3.0-api.jar with IdentityTransform
Transforming vision-common-17.3.0-api.jar with IdentityTransform
Transforming vision-common-17.3.0-api.jar with CopyTransform
Transforming common-18.9.0-api.jar with IdentityTransform
Transforming common-18.9.0-api.jar with IdentityTransform
Transforming common-18.9.0-api.jar with CopyTransform
Transforming play-services-base-18.1.0-api.jar with IdentityTransform
Transforming play-services-base-18.1.0-api.jar with IdentityTransform
Transforming play-services-base-18.1.0-api.jar with CopyTransform
Transforming vision-interfaces-16.2.0-api.jar with IdentityTransform
Transforming vision-interfaces-16.2.0-api.jar with IdentityTransform
Transforming vision-interfaces-16.2.0-api.jar with CopyTransform
Transforming play-services-tasks-18.0.2-api.jar with IdentityTransform
Transforming play-services-tasks-18.0.2-api.jar with IdentityTransform
Transforming play-services-tasks-18.0.2-api.jar with CopyTransform
Transforming play-services-basement-18.1.0-api.jar with IdentityTransform
Transforming play-services-basement-18.1.0-api.jar with IdentityTransform
Transforming play-services-basement-18.1.0-api.jar with CopyTransform
Transforming fragment-1.5.1-api.jar with IdentityTransform
Transforming fragment-1.5.1-api.jar with IdentityTransform
Transforming fragment-1.5.1-api.jar with CopyTransform
Transforming loader-1.0.0-api.jar with IdentityTransform
Transforming loader-1.0.0-api.jar with IdentityTransform
Transforming loader-1.0.0-api.jar with CopyTransform
Transforming viewpager-1.0.0-api.jar with IdentityTransform
Transforming viewpager-1.0.0-api.jar with IdentityTransform
Transforming viewpager-1.0.0-api.jar with CopyTransform
Transforming customview-1.0.0-api.jar with IdentityTransform
Transforming customview-1.0.0-api.jar with IdentityTransform
Transforming customview-1.0.0-api.jar with CopyTransform
Transforming core-1.17.0-api.jar with IdentityTransform
Transforming core-1.17.0-api.jar with IdentityTransform
Transforming core-1.17.0-api.jar with CopyTransform
Transforming coil-compose-2.5.0-api.jar with IdentityTransform
Transforming coil-compose-2.5.0-api.jar with IdentityTransform
Transforming coil-compose-2.5.0-api.jar with CopyTransform
Transforming coil-compose-base-2.5.0-api.jar with IdentityTransform
Transforming coil-compose-base-2.5.0-api.jar with IdentityTransform
Transforming coil-compose-base-2.5.0-api.jar with CopyTransform
Transforming coil-2.5.0-api.jar with IdentityTransform
Transforming coil-2.5.0-api.jar with IdentityTransform
Transforming coil-2.5.0-api.jar with CopyTransform
Transforming coil-base-2.5.0-api.jar with IdentityTransform
Transforming coil-base-2.5.0-api.jar with IdentityTransform
Transforming coil-base-2.5.0-api.jar with CopyTransform
Transforming activity-ktx-1.12.2-api.jar with IdentityTransform
Transforming activity-ktx-1.12.2-api.jar with IdentityTransform
Transforming activity-ktx-1.12.2-api.jar with CopyTransform
Transforming lifecycle-viewmodel-ktx-2.10.0-api.jar with IdentityTransform
Transforming lifecycle-viewmodel-ktx-2.10.0-api.jar with IdentityTransform
Transforming lifecycle-viewmodel-ktx-2.10.0-api.jar with CopyTransform
Transforming lifecycle-runtime-compose-api.jar with IdentityTransform
Transforming lifecycle-runtime-compose-api.jar with IdentityTransform
Transforming lifecycle-runtime-compose-api.jar with CopyTransform
Transforming lifecycle-livedata-core-ktx-2.10.0-api.jar with IdentityTransform
Transforming lifecycle-livedata-core-ktx-2.10.0-api.jar with IdentityTransform
Transforming lifecycle-livedata-core-ktx-2.10.0-api.jar with CopyTransform
Transforming lifecycle-runtime-api.jar with IdentityTransform
Transforming lifecycle-runtime-api.jar with IdentityTransform
Transforming lifecycle-runtime-api.jar with CopyTransform
Transforming lifecycle-viewmodel-savedstate-api.jar with IdentityTransform
Transforming lifecycle-viewmodel-savedstate-api.jar with IdentityTransform
Transforming lifecycle-viewmodel-savedstate-api.jar with CopyTransform
Transforming lifecycle-viewmodel-2.10.0-api.jar with IdentityTransform
Transforming lifecycle-viewmodel-2.10.0-api.jar with IdentityTransform
Transforming lifecycle-viewmodel-2.10.0-api.jar with CopyTransform
Transforming lifecycle-viewmodel-api.jar with IdentityTransform
Transforming lifecycle-viewmodel-api.jar with IdentityTransform
Transforming lifecycle-viewmodel-api.jar with CopyTransform
Transforming lifecycle-livedata-core-2.10.0-api.jar with IdentityTransform
Transforming lifecycle-livedata-core-2.10.0-api.jar with IdentityTransform
Transforming lifecycle-livedata-core-2.10.0-api.jar with CopyTransform
Transforming lifecycle-common-jvm-2.10.0.jar with IdentityTransform
Transforming lifecycle-common-jvm-2.10.0.jar with IdentityTransform
Transforming lifecycle-common-jvm-2.10.0.jar with CopyTransform
Transforming lifecycle-livedata-2.10.0-api.jar with IdentityTransform
Transforming lifecycle-livedata-2.10.0-api.jar with IdentityTransform
Transforming lifecycle-livedata-2.10.0-api.jar with CopyTransform
Transforming lifecycle-runtime-ktx-api.jar with IdentityTransform
Transforming lifecycle-runtime-ktx-api.jar with IdentityTransform
Transforming lifecycle-runtime-ktx-api.jar with CopyTransform
Transforming lifecycle-viewmodel-compose-api.jar with IdentityTransform
Transforming lifecycle-viewmodel-compose-api.jar with IdentityTransform
Transforming lifecycle-viewmodel-compose-api.jar with CopyTransform
Transforming material-icons-extended-release-api.jar with IdentityTransform
Transforming material-icons-extended-release-api.jar with IdentityTransform
Transforming material-icons-extended-release-api.jar with CopyTransform
Transforming material3-release-api.jar with IdentityTransform
Transforming material3-release-api.jar with IdentityTransform
Transforming material3-release-api.jar with CopyTransform
Transforming material-icons-core-release-api.jar with IdentityTransform
Transforming material-icons-core-release-api.jar with IdentityTransform
Transforming material-icons-core-release-api.jar with CopyTransform
Transforming foundation-layout-api.jar with IdentityTransform
Transforming foundation-layout-api.jar with IdentityTransform
Transforming foundation-layout-api.jar with CopyTransform
Transforming material-ripple-release-api.jar with IdentityTransform
Transforming material-ripple-release-api.jar with IdentityTransform
Transforming material-ripple-release-api.jar with CopyTransform
Transforming foundation-release-api.jar with IdentityTransform
Transforming foundation-release-api.jar with IdentityTransform
Transforming foundation-release-api.jar with CopyTransform
Transforming animation-core-api.jar with IdentityTransform
Transforming animation-core-api.jar with IdentityTransform
Transforming animation-core-api.jar with CopyTransform
Transforming animation-api.jar with IdentityTransform
Transforming animation-api.jar with IdentityTransform
Transforming animation-api.jar with CopyTransform
Transforming ui-util-api.jar with IdentityTransform
Transforming ui-util-api.jar with IdentityTransform
Transforming ui-util-api.jar with CopyTransform
Transforming ui-unit-api.jar with IdentityTransform
Transforming ui-unit-api.jar with IdentityTransform
Transforming ui-unit-api.jar with CopyTransform
Transforming ui-text-api.jar with IdentityTransform
Transforming ui-text-api.jar with IdentityTransform
Transforming ui-text-api.jar with CopyTransform
Transforming ui-geometry-api.jar with IdentityTransform
Transforming ui-geometry-api.jar with IdentityTransform
Transforming ui-geometry-api.jar with CopyTransform
Transforming ui-tooling-data-api.jar with IdentityTransform
Transforming ui-tooling-data-api.jar with IdentityTransform
Transforming ui-tooling-data-api.jar with CopyTransform
Transforming ui-tooling-preview-api.jar with IdentityTransform
Transforming ui-tooling-preview-api.jar with IdentityTransform
Transforming ui-tooling-preview-api.jar with CopyTransform
Transforming ui-graphics-release-api.jar with IdentityTransform
Transforming ui-graphics-release-api.jar with IdentityTransform
Transforming ui-graphics-release-api.jar with CopyTransform
Transforming ui-release-api.jar with IdentityTransform
Transforming ui-release-api.jar with IdentityTransform
Transforming ui-release-api.jar with CopyTransform
Transforming ui-tooling-api.jar with IdentityTransform
Transforming ui-tooling-api.jar with IdentityTransform
Transforming ui-tooling-api.jar with CopyTransform
Transforming ui-test-manifest-1.9.2-api.jar with IdentityTransform
Transforming ui-test-manifest-1.9.2-api.jar with IdentityTransform
Transforming ui-test-manifest-1.9.2-api.jar with CopyTransform
Transforming activity-1.12.2-api.jar with IdentityTransform
Transforming activity-1.12.2-api.jar with IdentityTransform
Transforming activity-1.12.2-api.jar with CopyTransform
Transforming activity-compose-1.12.2-api.jar with IdentityTransform
Transforming activity-compose-1.12.2-api.jar with IdentityTransform
Transforming activity-compose-1.12.2-api.jar with CopyTransform
Transforming core-ktx-1.17.0-api.jar with IdentityTransform
Transforming core-ktx-1.17.0-api.jar with IdentityTransform
Transforming core-ktx-1.17.0-api.jar with CopyTransform
Transforming converter-gson-2.9.0.jar with IdentityTransform
Transforming converter-gson-2.9.0.jar with IdentityTransform
Transforming converter-gson-2.9.0.jar with CopyTransform
Transforming retrofit-2.9.0.jar with IdentityTransform
Transforming retrofit-2.9.0.jar with IdentityTransform
Transforming retrofit-2.9.0.jar with CopyTransform
Transforming okhttp-4.12.0.jar with IdentityTransform
Transforming okhttp-4.12.0.jar with IdentityTransform
Transforming okhttp-4.12.0.jar with CopyTransform
Transforming kotlin-stdlib-jdk8-1.9.10.jar with IdentityTransform
Transforming kotlin-stdlib-jdk8-1.9.10.jar with IdentityTransform
Transforming kotlin-stdlib-jdk8-1.9.10.jar with CopyTransform
Transforming navigationevent-api.jar with IdentityTransform
Transforming navigationevent-api.jar with IdentityTransform
Transforming navigationevent-api.jar with CopyTransform
Transforming navigationevent-compose-api.jar with IdentityTransform
Transforming navigationevent-compose-api.jar with IdentityTransform
Transforming navigationevent-compose-api.jar with CopyTransform
Transforming runtime-annotation-api.jar with IdentityTransform
Transforming runtime-annotation-api.jar with IdentityTransform
Transforming runtime-annotation-api.jar with CopyTransform
Transforming runtime-api.jar with IdentityTransform
Transforming runtime-api.jar with IdentityTransform
Transforming runtime-api.jar with CopyTransform
Transforming runtime-saveable-api.jar with IdentityTransform
Transforming runtime-saveable-api.jar with IdentityTransform
Transforming runtime-saveable-api.jar with CopyTransform
Transforming savedstate-ktx-1.4.0-api.jar with IdentityTransform
Transforming savedstate-ktx-1.4.0-api.jar with IdentityTransform
Transforming savedstate-ktx-1.4.0-api.jar with CopyTransform
Transforming savedstate-compose-api.jar with IdentityTransform
Transforming savedstate-compose-api.jar with IdentityTransform
Transforming savedstate-compose-api.jar with CopyTransform
Transforming savedstate-api.jar with IdentityTransform
Transforming savedstate-api.jar with IdentityTransform
Transforming savedstate-api.jar with CopyTransform
Transforming kotlinx-serialization-core-jvm-1.7.3.jar with IdentityTransform
Transforming kotlinx-serialization-core-jvm-1.7.3.jar with IdentityTransform
Transforming kotlinx-serialization-core-jvm-1.7.3.jar with CopyTransform
Transforming kotlinx-serialization-json-jvm-1.7.3.jar with IdentityTransform
Transforming kotlinx-serialization-json-jvm-1.7.3.jar with IdentityTransform
Transforming kotlinx-serialization-json-jvm-1.7.3.jar with CopyTransform
Transforming annotation-experimental-1.4.1-api.jar with IdentityTransform
Transforming annotation-experimental-1.4.1-api.jar with IdentityTransform
Transforming annotation-experimental-1.4.1-api.jar with CopyTransform
Transforming kotlinx-coroutines-core-jvm-1.9.0.jar with IdentityTransform
Transforming kotlinx-coroutines-core-jvm-1.9.0.jar with IdentityTransform
Transforming kotlinx-coroutines-core-jvm-1.9.0.jar with CopyTransform
Transforming kotlinx-coroutines-android-1.9.0.jar with IdentityTransform
Transforming kotlinx-coroutines-android-1.9.0.jar with IdentityTransform
Transforming kotlinx-coroutines-android-1.9.0.jar with CopyTransform
Transforming core-viewtree-1.0.0-api.jar with IdentityTransform
Transforming core-viewtree-1.0.0-api.jar with IdentityTransform
Transforming core-viewtree-1.0.0-api.jar with CopyTransform
Transforming sqlite-framework-2.4.0-api.jar with IdentityTransform
Transforming sqlite-framework-2.4.0-api.jar with IdentityTransform
Transforming sqlite-framework-2.4.0-api.jar with CopyTransform
Transforming sqlite-2.4.0-api.jar with IdentityTransform
Transforming sqlite-2.4.0-api.jar with IdentityTransform
Transforming sqlite-2.4.0-api.jar with CopyTransform
Transforming transport-backend-cct-2.3.3-api.jar with IdentityTransform
Transforming transport-backend-cct-2.3.3-api.jar with IdentityTransform
Transforming transport-backend-cct-2.3.3-api.jar with CopyTransform
Transforming transport-runtime-2.2.6-api.jar with IdentityTransform
Transforming transport-runtime-2.2.6-api.jar with IdentityTransform
Transforming transport-runtime-2.2.6-api.jar with CopyTransform
Transforming transport-api-2.2.1-api.jar with IdentityTransform
Transforming transport-api-2.2.1-api.jar with IdentityTransform
Transforming transport-api-2.2.1-api.jar with CopyTransform
Transforming firebase-components-16.1.0-api.jar with IdentityTransform
Transforming firebase-components-16.1.0-api.jar with IdentityTransform
Transforming firebase-components-16.1.0-api.jar with CopyTransform
Transforming firebase-encoders-json-17.1.0-api.jar with IdentityTransform
Transforming firebase-encoders-json-17.1.0-api.jar with IdentityTransform
Transforming firebase-encoders-json-17.1.0-api.jar with CopyTransform
Transforming firebase-encoders-16.1.0.jar with IdentityTransform
Transforming firebase-encoders-16.1.0.jar with IdentityTransform
Transforming firebase-encoders-16.1.0.jar with CopyTransform
Transforming versionedparcelable-1.1.1-api.jar with IdentityTransform
Transforming versionedparcelable-1.1.1-api.jar with IdentityTransform
Transforming versionedparcelable-1.1.1-api.jar with CopyTransform
Transforming core-runtime-2.2.0-api.jar with IdentityTransform
Transforming core-runtime-2.2.0-api.jar with IdentityTransform
Transforming core-runtime-2.2.0-api.jar with CopyTransform
Transforming collection-jvm-1.5.0.jar with IdentityTransform
Transforming collection-jvm-1.5.0.jar with IdentityTransform
Transforming collection-jvm-1.5.0.jar with CopyTransform
Transforming core-common-2.2.0.jar with IdentityTransform
Transforming core-common-2.2.0.jar with IdentityTransform
Transforming core-common-2.2.0.jar with CopyTransform
Transforming annotation-jvm-1.9.1.jar with IdentityTransform
Transforming annotation-jvm-1.9.1.jar with IdentityTransform
Transforming annotation-jvm-1.9.1.jar with CopyTransform
Transforming wire-runtime-jvm-5.2.1.jar with IdentityTransform
Transforming wire-runtime-jvm-5.2.1.jar with IdentityTransform
Transforming wire-runtime-jvm-5.2.1.jar with CopyTransform
Transforming kotlin-stdlib-jdk7-1.9.10.jar with IdentityTransform
Transforming kotlin-stdlib-jdk7-1.9.10.jar with IdentityTransform
Transforming kotlin-stdlib-jdk7-1.9.10.jar with CopyTransform
Transforming okio-jvm-3.9.1.jar with IdentityTransform
Transforming okio-jvm-3.9.1.jar with IdentityTransform
Transforming okio-jvm-3.9.1.jar with CopyTransform
Transforming kotlin-stdlib-2.0.21.jar with IdentityTransform
Transforming kotlin-stdlib-2.0.21.jar with IdentityTransform
Transforming kotlin-stdlib-2.0.21.jar with CopyTransform
Transforming gson-2.10.1.jar with IdentityTransform
Transforming gson-2.10.1.jar with IdentityTransform
Transforming gson-2.10.1.jar with CopyTransform
Transforming annotations-23.0.0.jar with IdentityTransform
Transforming annotations-23.0.0.jar with IdentityTransform
Transforming annotations-23.0.0.jar with CopyTransform
Transforming listenablefuture-1.0.jar with IdentityTransform
Transforming listenablefuture-1.0.jar with IdentityTransform
Transforming listenablefuture-1.0.jar with CopyTransform
Transforming jspecify-1.0.0.jar with IdentityTransform
Transforming jspecify-1.0.0.jar with IdentityTransform
Transforming jspecify-1.0.0.jar with CopyTransform
Transforming exifinterface-1.3.6-api.jar with IdentityTransform
Transforming exifinterface-1.3.6-api.jar with IdentityTransform
Transforming exifinterface-1.3.6-api.jar with CopyTransform
Transforming hilt-core-2.51.1.jar with IdentityTransform
Transforming hilt-core-2.51.1.jar with IdentityTransform
Transforming hilt-core-2.51.1.jar with CopyTransform
Transforming dagger-2.51.1.jar with IdentityTransform
Transforming dagger-2.51.1.jar with IdentityTransform
Transforming dagger-2.51.1.jar with CopyTransform
Transforming javax.inject-1.jar with IdentityTransform
Transforming javax.inject-1.jar with IdentityTransform
Transforming javax.inject-1.jar with CopyTransform
Transforming image-1.0.0-beta1-api.jar with IdentityTransform
Transforming image-1.0.0-beta1-api.jar with IdentityTransform
Transforming image-1.0.0-beta1-api.jar with CopyTransform
Transforming firebase-annotations-16.0.0.jar with IdentityTransform
Transforming firebase-annotations-16.0.0.jar with IdentityTransform
Transforming firebase-annotations-16.0.0.jar with CopyTransform
Transforming dagger-lint-aar-2.51.1-api.jar with IdentityTransform
Transforming dagger-lint-aar-2.51.1-api.jar with IdentityTransform
Transforming dagger-lint-aar-2.51.1-api.jar with CopyTransform
Transforming jsr305-3.0.2.jar with IdentityTransform
Transforming jsr305-3.0.2.jar with IdentityTransform
Transforming jsr305-3.0.2.jar with CopyTransform
Transforming debug with CopyTransform
Transforming debug with CopyTransform
Transforming classes with CopyTransform
Transforming core-for-system-modules.jar with JdkImageTransform
Transforming core-for-system-modules.jar with JdkImageTransform
Transforming core-for-system-modules.jar with JdkImageTransform
Transforming core-for-system-modules.jar with JdkImageTransform
Transforming android.jar with IdentityTransform
Transforming android.jar with IdentityTransform
Transforming android.jar with CopyTransform
Transforming core-lambda-stubs.jar with IdentityTransform
Transforming core-lambda-stubs.jar with IdentityTransform
Transforming core-lambda-stubs.jar with CopyTransform
Transforming R.jar with IdentityTransform
Transforming R.jar with IdentityTransform
Transforming R.jar with CopyTransform
Transforming benchmark-traceprocessor-api.jar with IdentityTransform
Transforming benchmark-traceprocessor-api.jar with IdentityTransform
Transforming benchmark-traceprocessor-api.jar with CopyTransform
Transforming core-splashscreen-1.0.1-api.jar with IdentityTransform
Transforming core-splashscreen-1.0.1-api.jar with IdentityTransform
Transforming core-splashscreen-1.0.1-api.jar with CopyTransform
Transforming hilt-navigation-compose-1.2.0-api.jar with IdentityTransform
Transforming hilt-navigation-compose-1.2.0-api.jar with IdentityTransform
Transforming hilt-navigation-compose-1.2.0-api.jar with CopyTransform
Transforming hilt-navigation-1.2.0-api.jar with IdentityTransform
Transforming hilt-navigation-1.2.0-api.jar with IdentityTransform
Transforming hilt-navigation-1.2.0-api.jar with CopyTransform
Transforming hilt-android-2.51.1-api.jar with IdentityTransform
Transforming hilt-android-2.51.1-api.jar with IdentityTransform
Transforming hilt-android-2.51.1-api.jar with CopyTransform
Transforming room-common-2.6.0.jar with IdentityTransform
Transforming room-common-2.6.0.jar with IdentityTransform
Transforming room-common-2.6.0.jar with CopyTransform
Transforming room-runtime-2.6.0-api.jar with IdentityTransform
Transforming room-runtime-2.6.0-api.jar with IdentityTransform
Transforming room-runtime-2.6.0-api.jar with CopyTransform
Transforming room-ktx-2.6.0-api.jar with IdentityTransform
Transforming room-ktx-2.6.0-api.jar with IdentityTransform
Transforming room-ktx-2.6.0-api.jar with CopyTransform
Transforming navigation-runtime-release-api.jar with IdentityTransform
Transforming navigation-runtime-release-api.jar with IdentityTransform
Transforming navigation-runtime-release-api.jar with CopyTransform
Transforming navigation-common-release-api.jar with IdentityTransform
Transforming navigation-common-release-api.jar with IdentityTransform
Transforming navigation-common-release-api.jar with CopyTransform
Transforming navigation-compose-release-api.jar with IdentityTransform
Transforming navigation-compose-release-api.jar with IdentityTransform
Transforming navigation-compose-release-api.jar with CopyTransform
Transforming camera-video-1.3.0-api.jar with IdentityTransform
Transforming camera-video-1.3.0-api.jar with IdentityTransform
Transforming camera-video-1.3.0-api.jar with CopyTransform
Transforming camera-view-1.3.0-api.jar with IdentityTransform
Transforming camera-view-1.3.0-api.jar with IdentityTransform
Transforming camera-view-1.3.0-api.jar with CopyTransform
Transforming camera-lifecycle-1.3.0-api.jar with IdentityTransform
Transforming camera-lifecycle-1.3.0-api.jar with IdentityTransform
Transforming camera-lifecycle-1.3.0-api.jar with CopyTransform
Transforming camera-camera2-1.3.0-api.jar with IdentityTransform
Transforming camera-camera2-1.3.0-api.jar with IdentityTransform
Transforming camera-camera2-1.3.0-api.jar with CopyTransform
Transforming camera-core-1.3.0-api.jar with IdentityTransform
Transforming camera-core-1.3.0-api.jar with IdentityTransform
Transforming camera-core-1.3.0-api.jar with CopyTransform
Transforming barcode-scanning-17.2.0-api.jar with IdentityTransform
Transforming barcode-scanning-17.2.0-api.jar with IdentityTransform
Transforming barcode-scanning-17.2.0-api.jar with CopyTransform
Transforming play-services-mlkit-barcode-scanning-18.3.0-api.jar with IdentityTransform
Transforming play-services-mlkit-barcode-scanning-18.3.0-api.jar with IdentityTransform
Transforming play-services-mlkit-barcode-scanning-18.3.0-api.jar with CopyTransform
Transforming barcode-scanning-common-17.0.0-api.jar with IdentityTransform
Transforming barcode-scanning-common-17.0.0-api.jar with IdentityTransform
Transforming barcode-scanning-common-17.0.0-api.jar with CopyTransform
Transforming vision-common-17.3.0-api.jar with IdentityTransform
Transforming vision-common-17.3.0-api.jar with IdentityTransform
Transforming vision-common-17.3.0-api.jar with CopyTransform
Transforming common-18.9.0-api.jar with IdentityTransform
Transforming common-18.9.0-api.jar with IdentityTransform
Transforming common-18.9.0-api.jar with CopyTransform
Transforming play-services-base-18.1.0-api.jar with IdentityTransform
Transforming play-services-base-18.1.0-api.jar with IdentityTransform
Transforming play-services-base-18.1.0-api.jar with CopyTransform
Transforming vision-interfaces-16.2.0-api.jar with IdentityTransform
Transforming vision-interfaces-16.2.0-api.jar with IdentityTransform
Transforming vision-interfaces-16.2.0-api.jar with CopyTransform
Transforming play-services-tasks-18.0.2-api.jar with IdentityTransform
Transforming play-services-tasks-18.0.2-api.jar with IdentityTransform
Transforming play-services-tasks-18.0.2-api.jar with CopyTransform
Transforming play-services-basement-18.1.0-api.jar with IdentityTransform
Transforming play-services-basement-18.1.0-api.jar with IdentityTransform
Transforming play-services-basement-18.1.0-api.jar with CopyTransform
Transforming fragment-1.5.1-api.jar with IdentityTransform
Transforming fragment-1.5.1-api.jar with IdentityTransform
Transforming fragment-1.5.1-api.jar with CopyTransform
Transforming loader-1.0.0-api.jar with IdentityTransform
Transforming loader-1.0.0-api.jar with IdentityTransform
Transforming loader-1.0.0-api.jar with CopyTransform
Transforming viewpager-1.0.0-api.jar with IdentityTransform
Transforming viewpager-1.0.0-api.jar with IdentityTransform
Transforming viewpager-1.0.0-api.jar with CopyTransform
Transforming customview-1.0.0-api.jar with IdentityTransform
Transforming customview-1.0.0-api.jar with IdentityTransform
Transforming customview-1.0.0-api.jar with CopyTransform
Transforming core-1.17.0-api.jar with IdentityTransform
Transforming core-1.17.0-api.jar with IdentityTransform
Transforming core-1.17.0-api.jar with CopyTransform
Transforming coil-compose-2.5.0-api.jar with IdentityTransform
Transforming coil-compose-2.5.0-api.jar with IdentityTransform
Transforming coil-compose-2.5.0-api.jar with CopyTransform
Transforming coil-compose-base-2.5.0-api.jar with IdentityTransform
Transforming coil-compose-base-2.5.0-api.jar with IdentityTransform
Transforming coil-compose-base-2.5.0-api.jar with CopyTransform
Transforming coil-2.5.0-api.jar with IdentityTransform
Transforming coil-2.5.0-api.jar with IdentityTransform
Transforming coil-2.5.0-api.jar with CopyTransform
Transforming coil-base-2.5.0-api.jar with IdentityTransform
Transforming coil-base-2.5.0-api.jar with IdentityTransform
Transforming coil-base-2.5.0-api.jar with CopyTransform
Transforming activity-ktx-1.12.2-api.jar with IdentityTransform
Transforming activity-ktx-1.12.2-api.jar with IdentityTransform
Transforming activity-ktx-1.12.2-api.jar with CopyTransform
Transforming lifecycle-viewmodel-ktx-2.10.0-api.jar with IdentityTransform
Transforming lifecycle-viewmodel-ktx-2.10.0-api.jar with IdentityTransform
Transforming lifecycle-viewmodel-ktx-2.10.0-api.jar with CopyTransform
Transforming lifecycle-runtime-compose-api.jar with IdentityTransform
Transforming lifecycle-runtime-compose-api.jar with IdentityTransform
Transforming lifecycle-runtime-compose-api.jar with CopyTransform
Transforming lifecycle-livedata-core-ktx-2.10.0-api.jar with IdentityTransform
Transforming lifecycle-livedata-core-ktx-2.10.0-api.jar with IdentityTransform
Transforming lifecycle-livedata-core-ktx-2.10.0-api.jar with CopyTransform
Transforming lifecycle-runtime-api.jar with IdentityTransform
Transforming lifecycle-runtime-api.jar with IdentityTransform
Transforming lifecycle-runtime-api.jar with CopyTransform
Transforming lifecycle-viewmodel-savedstate-api.jar with IdentityTransform
Transforming lifecycle-viewmodel-savedstate-api.jar with IdentityTransform
Transforming lifecycle-viewmodel-savedstate-api.jar with CopyTransform
Transforming lifecycle-viewmodel-2.10.0-api.jar with IdentityTransform
Transforming lifecycle-viewmodel-2.10.0-api.jar with IdentityTransform
Transforming lifecycle-viewmodel-2.10.0-api.jar with CopyTransform
Transforming lifecycle-viewmodel-api.jar with IdentityTransform
Transforming lifecycle-viewmodel-api.jar with IdentityTransform
Transforming lifecycle-viewmodel-api.jar with CopyTransform
Transforming lifecycle-livedata-core-2.10.0-api.jar with IdentityTransform
Transforming lifecycle-livedata-core-2.10.0-api.jar with IdentityTransform
Transforming lifecycle-livedata-core-2.10.0-api.jar with CopyTransform
Transforming lifecycle-common-jvm-2.10.0.jar with IdentityTransform
Transforming lifecycle-common-jvm-2.10.0.jar with IdentityTransform
Transforming lifecycle-common-jvm-2.10.0.jar with CopyTransform
Transforming lifecycle-livedata-2.10.0-api.jar with IdentityTransform
Transforming lifecycle-livedata-2.10.0-api.jar with IdentityTransform
Transforming lifecycle-livedata-2.10.0-api.jar with CopyTransform
Transforming lifecycle-runtime-ktx-api.jar with IdentityTransform
Transforming lifecycle-runtime-ktx-api.jar with IdentityTransform
Transforming lifecycle-runtime-ktx-api.jar with CopyTransform
Transforming lifecycle-viewmodel-compose-api.jar with IdentityTransform
Transforming lifecycle-viewmodel-compose-api.jar with IdentityTransform
Transforming lifecycle-viewmodel-compose-api.jar with CopyTransform
Transforming material-icons-extended-release-api.jar with IdentityTransform
Transforming material-icons-extended-release-api.jar with IdentityTransform
Transforming material-icons-extended-release-api.jar with CopyTransform
Transforming material3-release-api.jar with IdentityTransform
Transforming material3-release-api.jar with IdentityTransform
Transforming material3-release-api.jar with CopyTransform
Transforming material-icons-core-release-api.jar with IdentityTransform
Transforming material-icons-core-release-api.jar with IdentityTransform
Transforming material-icons-core-release-api.jar with CopyTransform
Transforming foundation-layout-api.jar with IdentityTransform
Transforming foundation-layout-api.jar with IdentityTransform
Transforming foundation-layout-api.jar with CopyTransform
Transforming material-ripple-release-api.jar with IdentityTransform
Transforming material-ripple-release-api.jar with IdentityTransform
Transforming material-ripple-release-api.jar with CopyTransform
Transforming foundation-release-api.jar with IdentityTransform
Transforming foundation-release-api.jar with IdentityTransform
Transforming foundation-release-api.jar with CopyTransform
Transforming animation-core-api.jar with IdentityTransform
Transforming animation-core-api.jar with IdentityTransform
Transforming animation-core-api.jar with CopyTransform
Transforming animation-api.jar with IdentityTransform
Transforming animation-api.jar with IdentityTransform
Transforming animation-api.jar with CopyTransform
Transforming ui-util-api.jar with IdentityTransform
Transforming ui-util-api.jar with IdentityTransform
Transforming ui-util-api.jar with CopyTransform
Transforming ui-unit-api.jar with IdentityTransform
Transforming ui-unit-api.jar with IdentityTransform
Transforming ui-unit-api.jar with CopyTransform
Transforming ui-text-api.jar with IdentityTransform
Transforming ui-text-api.jar with IdentityTransform
Transforming ui-text-api.jar with CopyTransform
Transforming ui-geometry-api.jar with IdentityTransform
Transforming ui-geometry-api.jar with IdentityTransform
Transforming ui-geometry-api.jar with CopyTransform
Transforming ui-tooling-data-api.jar with IdentityTransform
Transforming ui-tooling-data-api.jar with IdentityTransform
Transforming ui-tooling-data-api.jar with CopyTransform
Transforming ui-tooling-preview-api.jar with IdentityTransform
Transforming ui-tooling-preview-api.jar with IdentityTransform
Transforming ui-tooling-preview-api.jar with CopyTransform
Transforming ui-graphics-release-api.jar with IdentityTransform
Transforming ui-graphics-release-api.jar with IdentityTransform
Transforming ui-graphics-release-api.jar with CopyTransform
Transforming ui-release-api.jar with IdentityTransform
Transforming ui-release-api.jar with IdentityTransform
Transforming ui-release-api.jar with CopyTransform
Transforming ui-tooling-api.jar with IdentityTransform
Transforming ui-tooling-api.jar with IdentityTransform
Transforming ui-tooling-api.jar with CopyTransform
Transforming ui-test-manifest-1.9.2-api.jar with IdentityTransform
Transforming ui-test-manifest-1.9.2-api.jar with IdentityTransform
Transforming ui-test-manifest-1.9.2-api.jar with CopyTransform
Transforming activity-1.12.2-api.jar with IdentityTransform
Transforming activity-1.12.2-api.jar with IdentityTransform
Transforming activity-1.12.2-api.jar with CopyTransform
Transforming activity-compose-1.12.2-api.jar with IdentityTransform
Transforming activity-compose-1.12.2-api.jar with IdentityTransform
Transforming activity-compose-1.12.2-api.jar with CopyTransform
Transforming core-ktx-1.17.0-api.jar with IdentityTransform
Transforming core-ktx-1.17.0-api.jar with IdentityTransform
Transforming core-ktx-1.17.0-api.jar with CopyTransform
Transforming converter-gson-2.9.0.jar with IdentityTransform
Transforming converter-gson-2.9.0.jar with IdentityTransform
Transforming converter-gson-2.9.0.jar with CopyTransform
Transforming retrofit-2.9.0.jar with IdentityTransform
Transforming retrofit-2.9.0.jar with IdentityTransform
Transforming retrofit-2.9.0.jar with CopyTransform
Transforming okhttp-4.12.0.jar with IdentityTransform
Transforming okhttp-4.12.0.jar with IdentityTransform
Transforming okhttp-4.12.0.jar with CopyTransform
Transforming kotlin-stdlib-jdk8-1.9.10.jar with IdentityTransform
Transforming kotlin-stdlib-jdk8-1.9.10.jar with IdentityTransform
Transforming kotlin-stdlib-jdk8-1.9.10.jar with CopyTransform
Transforming navigationevent-api.jar with IdentityTransform
Transforming navigationevent-api.jar with IdentityTransform
Transforming navigationevent-api.jar with CopyTransform
Transforming navigationevent-compose-api.jar with IdentityTransform
Transforming navigationevent-compose-api.jar with IdentityTransform
Transforming navigationevent-compose-api.jar with CopyTransform
Transforming runtime-annotation-api.jar with IdentityTransform
Transforming runtime-annotation-api.jar with IdentityTransform
Transforming runtime-annotation-api.jar with CopyTransform
Transforming runtime-api.jar with IdentityTransform
Transforming runtime-api.jar with IdentityTransform
Transforming runtime-api.jar with CopyTransform
Transforming runtime-saveable-api.jar with IdentityTransform
Transforming runtime-saveable-api.jar with IdentityTransform
Transforming runtime-saveable-api.jar with CopyTransform
Transforming savedstate-ktx-1.4.0-api.jar with IdentityTransform
Transforming savedstate-ktx-1.4.0-api.jar with IdentityTransform
Transforming savedstate-ktx-1.4.0-api.jar with CopyTransform
Transforming savedstate-compose-api.jar with IdentityTransform
Transforming savedstate-compose-api.jar with IdentityTransform
Transforming savedstate-compose-api.jar with CopyTransform
Transforming savedstate-api.jar with IdentityTransform
Transforming savedstate-api.jar with IdentityTransform
Transforming savedstate-api.jar with CopyTransform
Transforming kotlinx-serialization-core-jvm-1.7.3.jar with IdentityTransform
Transforming kotlinx-serialization-core-jvm-1.7.3.jar with IdentityTransform
Transforming kotlinx-serialization-core-jvm-1.7.3.jar with CopyTransform
Transforming kotlinx-serialization-json-jvm-1.7.3.jar with IdentityTransform
Transforming kotlinx-serialization-json-jvm-1.7.3.jar with IdentityTransform
Transforming kotlinx-serialization-json-jvm-1.7.3.jar with CopyTransform
Transforming annotation-experimental-1.4.1-api.jar with IdentityTransform
Transforming annotation-experimental-1.4.1-api.jar with IdentityTransform
Transforming annotation-experimental-1.4.1-api.jar with CopyTransform
Transforming kotlinx-coroutines-core-jvm-1.9.0.jar with IdentityTransform
Transforming kotlinx-coroutines-core-jvm-1.9.0.jar with IdentityTransform
Transforming kotlinx-coroutines-core-jvm-1.9.0.jar with CopyTransform
Transforming kotlinx-coroutines-android-1.9.0.jar with IdentityTransform
Transforming kotlinx-coroutines-android-1.9.0.jar with IdentityTransform
Transforming kotlinx-coroutines-android-1.9.0.jar with CopyTransform
Transforming core-viewtree-1.0.0-api.jar with IdentityTransform
Transforming core-viewtree-1.0.0-api.jar with IdentityTransform
Transforming core-viewtree-1.0.0-api.jar with CopyTransform
Transforming sqlite-framework-2.4.0-api.jar with IdentityTransform
Transforming sqlite-framework-2.4.0-api.jar with IdentityTransform
Transforming sqlite-framework-2.4.0-api.jar with CopyTransform
Transforming sqlite-2.4.0-api.jar with IdentityTransform
Transforming sqlite-2.4.0-api.jar with IdentityTransform
Transforming sqlite-2.4.0-api.jar with CopyTransform
Transforming transport-backend-cct-2.3.3-api.jar with IdentityTransform
Transforming transport-backend-cct-2.3.3-api.jar with IdentityTransform
Transforming transport-backend-cct-2.3.3-api.jar with CopyTransform
Transforming transport-runtime-2.2.6-api.jar with IdentityTransform
Transforming transport-runtime-2.2.6-api.jar with IdentityTransform
Transforming transport-runtime-2.2.6-api.jar with CopyTransform
Transforming transport-api-2.2.1-api.jar with IdentityTransform
Transforming transport-api-2.2.1-api.jar with IdentityTransform
Transforming transport-api-2.2.1-api.jar with CopyTransform
Transforming firebase-components-16.1.0-api.jar with IdentityTransform
Transforming firebase-components-16.1.0-api.jar with IdentityTransform
Transforming firebase-components-16.1.0-api.jar with CopyTransform
Transforming firebase-encoders-json-17.1.0-api.jar with IdentityTransform
Transforming firebase-encoders-json-17.1.0-api.jar with IdentityTransform
Transforming firebase-encoders-json-17.1.0-api.jar with CopyTransform
Transforming firebase-encoders-16.1.0.jar with IdentityTransform
Transforming firebase-encoders-16.1.0.jar with IdentityTransform
Transforming firebase-encoders-16.1.0.jar with CopyTransform
Transforming versionedparcelable-1.1.1-api.jar with IdentityTransform
Transforming versionedparcelable-1.1.1-api.jar with IdentityTransform
Transforming versionedparcelable-1.1.1-api.jar with CopyTransform
Transforming core-runtime-2.2.0-api.jar with IdentityTransform
Transforming core-runtime-2.2.0-api.jar with IdentityTransform
Transforming core-runtime-2.2.0-api.jar with CopyTransform
Transforming collection-jvm-1.5.0.jar with IdentityTransform
Transforming collection-jvm-1.5.0.jar with IdentityTransform
Transforming collection-jvm-1.5.0.jar with CopyTransform
Transforming core-common-2.2.0.jar with IdentityTransform
Transforming core-common-2.2.0.jar with IdentityTransform
Transforming core-common-2.2.0.jar with CopyTransform
Transforming annotation-jvm-1.9.1.jar with IdentityTransform
Transforming annotation-jvm-1.9.1.jar with IdentityTransform
Transforming annotation-jvm-1.9.1.jar with CopyTransform
Transforming wire-runtime-jvm-5.2.1.jar with IdentityTransform
Transforming wire-runtime-jvm-5.2.1.jar with IdentityTransform
Transforming wire-runtime-jvm-5.2.1.jar with CopyTransform
Transforming kotlin-stdlib-jdk7-1.9.10.jar with IdentityTransform
Transforming kotlin-stdlib-jdk7-1.9.10.jar with IdentityTransform
Transforming kotlin-stdlib-jdk7-1.9.10.jar with CopyTransform
Transforming okio-jvm-3.9.1.jar with IdentityTransform
Transforming okio-jvm-3.9.1.jar with IdentityTransform
Transforming okio-jvm-3.9.1.jar with CopyTransform
Transforming kotlin-stdlib-2.0.21.jar with IdentityTransform
Transforming kotlin-stdlib-2.0.21.jar with IdentityTransform
Transforming kotlin-stdlib-2.0.21.jar with CopyTransform
Transforming gson-2.10.1.jar with IdentityTransform
Transforming gson-2.10.1.jar with IdentityTransform
Transforming gson-2.10.1.jar with CopyTransform
Transforming annotations-23.0.0.jar with IdentityTransform
Transforming annotations-23.0.0.jar with IdentityTransform
Transforming annotations-23.0.0.jar with CopyTransform
Transforming listenablefuture-1.0.jar with IdentityTransform
Transforming listenablefuture-1.0.jar with IdentityTransform
Transforming listenablefuture-1.0.jar with CopyTransform
Transforming jspecify-1.0.0.jar with IdentityTransform
Transforming jspecify-1.0.0.jar with IdentityTransform
Transforming jspecify-1.0.0.jar with CopyTransform
Transforming exifinterface-1.3.6-api.jar with IdentityTransform
Transforming exifinterface-1.3.6-api.jar with IdentityTransform
Transforming exifinterface-1.3.6-api.jar with CopyTransform
Transforming hilt-core-2.51.1.jar with IdentityTransform
Transforming hilt-core-2.51.1.jar with IdentityTransform
Transforming hilt-core-2.51.1.jar with CopyTransform
Transforming dagger-2.51.1.jar with IdentityTransform
Transforming dagger-2.51.1.jar with IdentityTransform
Transforming dagger-2.51.1.jar with CopyTransform
Transforming javax.inject-1.jar with IdentityTransform
Transforming javax.inject-1.jar with IdentityTransform
Transforming javax.inject-1.jar with CopyTransform
Transforming image-1.0.0-beta1-api.jar with IdentityTransform
Transforming image-1.0.0-beta1-api.jar with IdentityTransform
Transforming image-1.0.0-beta1-api.jar with CopyTransform
Transforming firebase-annotations-16.0.0.jar with IdentityTransform
Transforming firebase-annotations-16.0.0.jar with IdentityTransform
Transforming firebase-annotations-16.0.0.jar with CopyTransform
Transforming dagger-lint-aar-2.51.1-api.jar with IdentityTransform
Transforming dagger-lint-aar-2.51.1-api.jar with IdentityTransform
Transforming dagger-lint-aar-2.51.1-api.jar with CopyTransform
Transforming jsr305-3.0.2.jar with IdentityTransform
Transforming jsr305-3.0.2.jar with IdentityTransform
Transforming jsr305-3.0.2.jar with CopyTransform
Transforming debug with CopyTransform
Transforming debug with CopyTransform
Transforming classes with CopyTransform
Transforming core-for-system-modules.jar with JdkImageTransform
Transforming core-for-system-modules.jar with JdkImageTransform
Caching disabled for task ':app:hiltJavaCompileDebug' because:
  Build cache is disabled
Skipping task ':app:hiltJavaCompileDebug' as it is up-to-date.
No compile result for :app:hiltJavaCompileDebug
No compile result for :app:hiltJavaCompileDebug
Resolve mutations for :app:transformDebugClassesWithAsm (Thread[#205,Execution worker,5,main]) started.
:app:transformDebugClassesWithAsm (Thread[#205,Execution worker,5,main]) started.

> Task :app:transformDebugClassesWithAsm UP-TO-DATE
Transforming benchmark-traceprocessor.aar (androidx.benchmark:benchmark-traceprocessor-android:1.4.1) with AarToClassTransform
Transforming core-splashscreen-1.0.1.aar (androidx.core:core-splashscreen:1.0.1) with AarToClassTransform
Transforming hilt-navigation-compose-1.2.0.aar (androidx.hilt:hilt-navigation-compose:1.2.0) with AarToClassTransform
Transforming hilt-navigation-1.2.0.aar (androidx.hilt:hilt-navigation:1.2.0) with AarToClassTransform
Transforming hilt-android-2.51.1.aar (com.google.dagger:hilt-android:2.51.1) with AarToClassTransform
Transforming room-common-2.6.0.jar (androidx.room:room-common:2.6.0) with IdentityTransform
Transforming room-runtime-2.6.0.aar (androidx.room:room-runtime:2.6.0) with AarToClassTransform
Transforming room-ktx-2.6.0.aar (androidx.room:room-ktx:2.6.0) with AarToClassTransform
Transforming navigation-runtime-release.aar (androidx.navigation:navigation-runtime-android:2.9.7) with AarToClassTransform
Transforming navigation-common-release.aar (androidx.navigation:navigation-common-android:2.9.7) with AarToClassTransform
Transforming navigation-compose-release.aar (androidx.navigation:navigation-compose-android:2.9.7) with AarToClassTransform
Transforming barcode-scanning-17.2.0.aar (com.google.mlkit:barcode-scanning:17.2.0) with AarToClassTransform
Transforming play-services-mlkit-barcode-scanning-18.3.0.aar (com.google.android.gms:play-services-mlkit-barcode-scanning:18.3.0) with AarToClassTransform
Transforming barcode-scanning-common-17.0.0.aar (com.google.mlkit:barcode-scanning-common:17.0.0) with AarToClassTransform
Transforming vision-common-17.3.0.aar (com.google.mlkit:vision-common:17.3.0) with AarToClassTransform
Transforming common-18.9.0.aar (com.google.mlkit:common:18.9.0) with AarToClassTransform
Transforming play-services-base-18.1.0.aar (com.google.android.gms:play-services-base:18.1.0) with AarToClassTransform
Transforming vision-interfaces-16.2.0.aar (com.google.mlkit:vision-interfaces:16.2.0) with AarToClassTransform
Transforming play-services-tasks-18.0.2.aar (com.google.android.gms:play-services-tasks:18.0.2) with AarToClassTransform
Transforming play-services-basement-18.1.0.aar (com.google.android.gms:play-services-basement:18.1.0) with AarToClassTransform
Transforming camera-video-1.3.0.aar (androidx.camera:camera-video:1.3.0) with AarToClassTransform
Transforming camera-core-1.3.0.aar (androidx.camera:camera-core:1.3.0) with AarToClassTransform
Transforming camera-lifecycle-1.3.0.aar (androidx.camera:camera-lifecycle:1.3.0) with AarToClassTransform
Transforming camera-camera2-1.3.0.aar (androidx.camera:camera-camera2:1.3.0) with AarToClassTransform
Transforming camera-view-1.3.0.aar (androidx.camera:camera-view:1.3.0) with AarToClassTransform
Transforming coil-compose-2.5.0.aar (io.coil-kt:coil-compose:2.5.0) with AarToClassTransform
Transforming coil-compose-base-2.5.0.aar (io.coil-kt:coil-compose-base:2.5.0) with AarToClassTransform
Transforming coil-2.5.0.aar (io.coil-kt:coil:2.5.0) with AarToClassTransform
Transforming coil-base-2.5.0.aar (io.coil-kt:coil-base:2.5.0) with AarToClassTransform
Transforming appcompat-resources-1.6.1.aar (androidx.appcompat:appcompat-resources:1.6.1) with AarToClassTransform
Transforming appcompat-1.6.1.aar (androidx.appcompat:appcompat:1.6.1) with AarToClassTransform
Transforming fragment-1.5.1.aar (androidx.fragment:fragment:1.5.1) with AarToClassTransform
Transforming fragment-1.5.1.aar (androidx.fragment:fragment:1.5.1) with AarToClassTransform
Transforming accompanist-drawablepainter-0.32.0.aar (com.google.accompanist:accompanist-drawablepainter:0.32.0) with AarToClassTransform
Transforming navigationevent.aar (androidx.navigationevent:navigationevent-android:1.0.1) with AarToClassTransform
Transforming navigationevent-compose.aar (androidx.navigationevent:navigationevent-compose-android:1.0.1) with AarToClassTransform
Transforming material-icons-extended-release.aar (androidx.compose.material:material-icons-extended-android:1.7.0) with AarToClassTransform
Transforming material3-release.aar (androidx.compose.material3:material3-android:1.3.0) with AarToClassTransform
Transforming material-ripple-release.aar (androidx.compose.material:material-ripple-android:1.7.0) with AarToClassTransform
Transforming ui-tooling-data.aar (androidx.compose.ui:ui-tooling-data-android:1.9.2) with AarToClassTransform
Transforming ui-tooling-preview.aar (androidx.compose.ui:ui-tooling-preview-android:1.9.2) with AarToClassTransform
Transforming foundation-release.aar (androidx.compose.foundation:foundation-android:1.9.2) with AarToClassTransform
Transforming foundation-layout.aar (androidx.compose.foundation:foundation-layout-android:1.9.2) with AarToClassTransform
Transforming animation-core.aar (androidx.compose.animation:animation-core-android:1.9.2) with AarToClassTransform
Transforming animation.aar (androidx.compose.animation:animation-android:1.9.2) with AarToClassTransform
Transforming ui-util.aar (androidx.compose.ui:ui-util-android:1.9.2) with AarToClassTransform
Transforming ui-unit.aar (androidx.compose.ui:ui-unit-android:1.9.2) with AarToClassTransform
Transforming ui-text.aar (androidx.compose.ui:ui-text-android:1.9.2) with AarToClassTransform
Transforming ui-graphics-release.aar (androidx.compose.ui:ui-graphics-android:1.9.2) with AarToClassTransform
Transforming ui-geometry.aar (androidx.compose.ui:ui-geometry-android:1.9.2) with AarToClassTransform
Transforming ui-test-manifest-1.9.2.aar (androidx.compose.ui:ui-test-manifest:1.9.2) with AarToClassTransform
Transforming ui-tooling.aar (androidx.compose.ui:ui-tooling-android:1.9.2) with AarToClassTransform
Transforming material-release.aar (androidx.compose.material:material-android:1.7.0) with AarToClassTransform
Transforming material-icons-core-release.aar (androidx.compose.material:material-icons-core-android:1.7.0) with AarToClassTransform
Transforming loader-1.0.0.aar (androidx.loader:loader:1.0.0) with AarToClassTransform
Transforming viewpager-1.0.0.aar (androidx.viewpager:viewpager:1.0.0) with AarToClassTransform
Transforming drawerlayout-1.0.0.aar (androidx.drawerlayout:drawerlayout:1.0.0) with AarToClassTransform
Transforming customview-1.0.0.aar (androidx.customview:customview:1.0.0) with AarToClassTransform
Transforming vectordrawable-animated-1.1.0.aar (androidx.vectordrawable:vectordrawable-animated:1.1.0) with AarToClassTransform
Transforming vectordrawable-1.1.0.aar (androidx.vectordrawable:vectordrawable:1.1.0) with AarToClassTransform
Transforming vectordrawable-1.1.0.aar (androidx.vectordrawable:vectordrawable:1.1.0) with AarToClassTransform
Transforming autofill-1.0.0.aar (androidx.autofill:autofill:1.0.0) with AarToClassTransform
Transforming graphics-path-1.0.1.aar (androidx.graphics:graphics-path:1.0.1) with AarToClassTransform
Transforming emoji2-views-helper-1.4.0.aar (androidx.emoji2:emoji2-views-helper:1.4.0) with AarToClassTransform
Transforming emoji2-1.4.0.aar (androidx.emoji2:emoji2:1.4.0) with AarToClassTransform
Transforming core-1.17.0.aar (androidx.core:core:1.17.0) with AarToClassTransform
Transforming core-1.17.0.aar (androidx.core:core:1.17.0) with AarToClassTransform
Transforming lifecycle-process-2.10.0.aar (androidx.lifecycle:lifecycle-process:2.10.0) with AarToClassTransform
Transforming lifecycle-viewmodel-ktx-2.10.0.aar (androidx.lifecycle:lifecycle-viewmodel-ktx:2.10.0) with AarToClassTransform
Transforming lifecycle-common-java8-2.10.0.jar (androidx.lifecycle:lifecycle-common-java8:2.10.0) with IdentityTransform
Transforming lifecycle-viewmodel-savedstate.aar (androidx.lifecycle:lifecycle-viewmodel-savedstate-android:2.10.0) with AarToClassTransform
Transforming lifecycle-viewmodel-2.10.0.aar (androidx.lifecycle:lifecycle-viewmodel:2.10.0) with AarToClassTransform
Transforming lifecycle-viewmodel.aar (androidx.lifecycle:lifecycle-viewmodel-android:2.10.0) with AarToClassTransform
Transforming savedstate-ktx-1.4.0.aar (androidx.savedstate:savedstate-ktx:1.4.0) with AarToClassTransform
Transforming savedstate.aar (androidx.savedstate:savedstate-android:1.4.0) with AarToClassTransform
Transforming savedstate-compose.aar (androidx.savedstate:savedstate-compose-android:1.4.0) with AarToClassTransform
Transforming runtime.aar (androidx.compose.runtime:runtime-android:1.9.2) with AarToClassTransform
Transforming runtime-annotation.aar (androidx.compose.runtime:runtime-annotation-android:1.9.2) with AarToClassTransform
Transforming runtime-saveable.aar (androidx.compose.runtime:runtime-saveable-android:1.9.2) with AarToClassTransform
Transforming lifecycle-runtime-compose.aar (androidx.lifecycle:lifecycle-runtime-compose-android:2.10.0) with AarToClassTransform
Transforming lifecycle-livedata-core-ktx-2.10.0.aar (androidx.lifecycle:lifecycle-livedata-core-ktx:2.10.0) with AarToClassTransform
Transforming lifecycle-common-jvm-2.10.0.jar (androidx.lifecycle:lifecycle-common-jvm:2.10.0) with IdentityTransform
Transforming lifecycle-runtime.aar (androidx.lifecycle:lifecycle-runtime-android:2.10.0) with AarToClassTransform
Transforming lifecycle-livedata-core-2.10.0.aar (androidx.lifecycle:lifecycle-livedata-core:2.10.0) with AarToClassTransform
Transforming lifecycle-livedata-2.10.0.aar (androidx.lifecycle:lifecycle-livedata:2.10.0) with AarToClassTransform
Transforming lifecycle-livedata-2.10.0.aar (androidx.lifecycle:lifecycle-livedata:2.10.0) with AarToClassTransform
Transforming lifecycle-runtime-ktx.aar (androidx.lifecycle:lifecycle-runtime-ktx-android:2.10.0) with AarToClassTransform
Transforming lifecycle-viewmodel-compose.aar (androidx.lifecycle:lifecycle-viewmodel-compose-android:2.10.0) with AarToClassTransform
Transforming ui-release.aar (androidx.compose.ui:ui-android:1.9.2) with AarToClassTransform
Transforming activity-ktx-1.12.2.aar (androidx.activity:activity-ktx:1.12.2) with AarToClassTransform
Transforming activity-1.12.2.aar (androidx.activity:activity:1.12.2) with AarToClassTransform
Transforming activity-compose-1.12.2.aar (androidx.activity:activity-compose:1.12.2) with AarToClassTransform
Transforming customview-poolingcontainer-1.0.0.aar (androidx.customview:customview-poolingcontainer:1.0.0) with AarToClassTransform
Transforming core-ktx-1.17.0.aar (androidx.core:core-ktx:1.17.0) with AarToClassTransform
Transforming kotlinx-serialization-core-jvm-1.7.3.jar (org.jetbrains.kotlinx:kotlinx-serialization-core-jvm:1.7.3) with IdentityTransform
Transforming kotlinx-serialization-json-jvm-1.7.3.jar (org.jetbrains.kotlinx:kotlinx-serialization-json-jvm:1.7.3) with IdentityTransform
Transforming sqlite-framework-2.4.0.aar (androidx.sqlite:sqlite-framework:2.4.0) with AarToClassTransform
Transforming sqlite-2.4.0.aar (androidx.sqlite:sqlite:2.4.0) with AarToClassTransform
Transforming wire-runtime-jvm-5.2.1.jar (com.squareup.wire:wire-runtime-jvm:5.2.1) with IdentityTransform
Transforming converter-gson-2.9.0.jar (com.squareup.retrofit2:converter-gson:2.9.0) with IdentityTransform
Transforming retrofit-2.9.0.jar (com.squareup.retrofit2:retrofit:2.9.0) with IdentityTransform
Transforming okhttp-4.12.0.jar (com.squareup.okhttp3:okhttp:4.12.0) with IdentityTransform
Transforming kotlin-stdlib-jdk8-1.9.10.jar (org.jetbrains.kotlin:kotlin-stdlib-jdk8:1.9.10) with IdentityTransform
Transforming annotation-experimental-1.4.1.aar (androidx.annotation:annotation-experimental:1.4.1) with AarToClassTransform
Transforming core-viewtree-1.0.0.aar (androidx.core:core-viewtree:1.0.0) with AarToClassTransform
Transforming kotlinx-coroutines-core-jvm-1.9.0.jar (org.jetbrains.kotlinx:kotlinx-coroutines-core-jvm:1.9.0) with IdentityTransform
Transforming kotlinx-coroutines-android-1.9.0.jar (org.jetbrains.kotlinx:kotlinx-coroutines-android:1.9.0) with IdentityTransform
Transforming kotlin-stdlib-jdk7-1.9.10.jar (org.jetbrains.kotlin:kotlin-stdlib-jdk7:1.9.10) with IdentityTransform
Transforming core-runtime-2.2.0.aar (androidx.arch.core:core-runtime:2.2.0) with AarToClassTransform
Transforming transport-backend-cct-2.3.3.aar (com.google.android.datatransport:transport-backend-cct:2.3.3) with AarToClassTransform
Transforming transport-runtime-2.2.6.aar (com.google.android.datatransport:transport-runtime:2.2.6) with AarToClassTransform
Transforming transport-api-2.2.1.aar (com.google.android.datatransport:transport-api:2.2.1) with AarToClassTransform
Transforming firebase-components-16.1.0.aar (com.google.firebase:firebase-components:16.1.0) with AarToClassTransform
Transforming firebase-encoders-json-17.1.0.aar (com.google.firebase:firebase-encoders-json:17.1.0) with AarToClassTransform
Transforming firebase-encoders-16.1.0.jar (com.google.firebase:firebase-encoders:16.1.0) with IdentityTransform
Transforming core-common-2.2.0.jar (androidx.arch.core:core-common:2.2.0) with IdentityTransform
Transforming interpolator-1.0.0.aar (androidx.interpolator:interpolator:1.0.0) with AarToClassTransform
Transforming interpolator-1.0.0.aar (androidx.interpolator:interpolator:1.0.0) with AarToClassTransform
Transforming profileinstaller-1.4.0.aar (androidx.profileinstaller:profileinstaller:1.4.0) with AarToClassTransform
Transforming startup-runtime-1.1.1.aar (androidx.startup:startup-runtime:1.1.1) with AarToClassTransform
Transforming tracing-1.2.0.aar (androidx.tracing:tracing:1.2.0) with AarToClassTransform
Transforming versionedparcelable-1.1.1.aar (androidx.versionedparcelable:versionedparcelable:1.1.1) with AarToClassTransform
Transforming exifinterface-1.3.6.aar (androidx.exifinterface:exifinterface:1.3.6) with AarToClassTransform
Transforming exifinterface-1.3.6.aar (androidx.exifinterface:exifinterface:1.3.6) with AarToClassTransform
Transforming concurrent-futures-1.1.0.jar (androidx.concurrent:concurrent-futures:1.1.0) with IdentityTransform
Transforming cursoradapter-1.0.0.aar (androidx.cursoradapter:cursoradapter:1.0.0) with AarToClassTransform
Transforming resourceinspection-annotation-1.0.1.jar (androidx.resourceinspection:resourceinspection-annotation:1.0.1) with IdentityTransform
Transforming collection-ktx-1.5.0.jar (androidx.collection:collection-ktx:1.5.0) with IdentityTransform
Transforming collection-jvm-1.5.0.jar (androidx.collection:collection-jvm:1.5.0) with IdentityTransform
Transforming annotation-jvm-1.9.1.jar (androidx.annotation:annotation-jvm:1.9.1) with IdentityTransform
Transforming okio-jvm-3.9.1.jar (com.squareup.okio:okio-jvm:3.9.1) with IdentityTransform
Transforming kotlin-stdlib-2.0.21.jar (org.jetbrains.kotlin:kotlin-stdlib:2.0.21) with IdentityTransform
Transforming gson-2.10.1.jar (com.google.code.gson:gson:2.10.1) with IdentityTransform
Transforming annotations-23.0.0.jar (org.jetbrains:annotations:23.0.0) with IdentityTransform
Transforming auto-value-annotations-1.6.3.jar (com.google.auto.value:auto-value-annotations:1.6.3) with IdentityTransform
Transforming listenablefuture-1.0.jar (com.google.guava:listenablefuture:1.0) with IdentityTransform
Transforming hilt-core-2.51.1.jar (com.google.dagger:hilt-core:2.51.1) with IdentityTransform
Transforming dagger-2.51.1.jar (com.google.dagger:dagger:2.51.1) with IdentityTransform
Transforming dagger-lint-aar-2.51.1.aar (com.google.dagger:dagger-lint-aar:2.51.1) with AarToClassTransform
Transforming jsr305-3.0.2.jar (com.google.code.findbugs:jsr305:3.0.2) with IdentityTransform
Transforming javax.inject-1.jar (javax.inject:javax.inject:1) with IdentityTransform
Transforming image-1.0.0-beta1.aar (com.google.android.odml:image:1.0.0-beta1) with AarToClassTransform
Transforming jspecify-1.0.0.jar (org.jspecify:jspecify:1.0.0) with IdentityTransform
Transforming firebase-annotations-16.0.0.jar (com.google.firebase:firebase-annotations:16.0.0) with IdentityTransform
Caching disabled for task ':app:transformDebugClassesWithAsm' because:
  Build cache is disabled
Skipping task ':app:transformDebugClassesWithAsm' as it is up-to-date.
Resolve mutations for :app:bundleDebugClassesToRuntimeJar (Thread[#205,Execution worker,5,main]) started.
:app:bundleDebugClassesToRuntimeJar (Thread[#205,Execution worker,5,main]) started.

> Task :app:bundleDebugClassesToRuntimeJar UP-TO-DATE
Caching disabled for task ':app:bundleDebugClassesToRuntimeJar' because:
  Build cache is disabled
  Caching has been disabled for the task
Skipping task ':app:bundleDebugClassesToRuntimeJar' as it is up-to-date.
work action resolve classes.jar (project :app) (Thread[#207,Execution worker Thread 3,5,main]) started.
Resolve mutations for :app:preDebugUnitTestBuild (Thread[#207,Execution worker Thread 3,5,main]) started.
IdentityTransform (Thread[#206,Execution worker Thread 2,5,main]) started.
:app:preDebugUnitTestBuild (Thread[#207,Execution worker Thread 3,5,main]) started.

> Task :app:preDebugUnitTestBuild UP-TO-DATE
Skipping task ':app:preDebugUnitTestBuild' as it has no actions.

> Transform classes.jar (project :app) with IdentityTransform
Transforming classes.jar (project :app) with IdentityTransform
Resolve mutations for :app:processDebugJavaRes (Thread[#207,Execution worker Thread 3,5,main]) started.
CopyTransform (Thread[#206,Execution worker Thread 2,5,main]) started.

> Transform classes.jar (project :app) with CopyTransform
Transforming classes.jar (project :app) with CopyTransform
AggregatedPackagesTransform (Thread[#206,Execution worker Thread 2,5,main]) started.

> Transform classes.jar (project :app) with AggregatedPackagesTransform
Transforming classes.jar (project :app) with AggregatedPackagesTransform
:app:processDebugJavaRes (Thread[#207,Execution worker Thread 3,5,main]) started.

> Task :app:processDebugJavaRes UP-TO-DATE
file or directory 'E:\Desktop\calourie_ai\app\src\main\resources', not found
file or directory 'E:\Desktop\calourie_ai\app\src\debug\resources', not found
file or directory 'E:\Desktop\calourie_ai\app\src\main\resources', not found
file or directory 'E:\Desktop\calourie_ai\app\src\debug\resources', not found
Caching disabled for task ':app:processDebugJavaRes' because:
  Build cache is disabled
  Caching has been disabled for the task
Skipping task ':app:processDebugJavaRes' as it is up-to-date.
work action resolve out (project :app) (Thread[#207,Execution worker Thread 3,5,main]) started.
Resolve mutations for :app:bundleDebugClassesToCompileJar (Thread[#207,Execution worker Thread 3,5,main]) started.
:app:bundleDebugClassesToCompileJar (Thread[#207,Execution worker Thread 3,5,main]) started.

> Task :app:bundleDebugClassesToCompileJar UP-TO-DATE
Caching disabled for task ':app:bundleDebugClassesToCompileJar' because:
  Build cache is disabled
  Caching has been disabled for the task
Skipping task ':app:bundleDebugClassesToCompileJar' as it is up-to-date.
work action resolve classes.jar (project :app) (Thread[#207,Execution worker Thread 3,5,main]) started.
Resolve mutations for :app:kaptGenerateStubsDebugUnitTestKotlin (Thread[#207,Execution worker Thread 3,5,main]) started.
:app:kaptGenerateStubsDebugUnitTestKotlin (Thread[#207,Execution worker Thread 3,5,main]) started.

> Task :app:kaptGenerateStubsDebugUnitTestKotlin UP-TO-DATE
Transforming junit-4.13.2.jar (junit:junit:4.13.2) with IdentityTransform
Transforming hamcrest-core-1.3.jar (org.hamcrest:hamcrest-core:1.3) with IdentityTransform
Transforming R.jar with BuildToolsApiClasspathEntrySnapshotTransform
Transforming classes.jar with BuildToolsApiClasspathEntrySnapshotTransform
Transforming benchmark-traceprocessor-api.jar with BuildToolsApiClasspathEntrySnapshotTransform
Transforming core-splashscreen-1.0.1-api.jar with BuildToolsApiClasspathEntrySnapshotTransform
Transforming hilt-navigation-compose-1.2.0-api.jar with BuildToolsApiClasspathEntrySnapshotTransform
Transforming hilt-navigation-1.2.0-api.jar with BuildToolsApiClasspathEntrySnapshotTransform
Transforming hilt-android-2.51.1-api.jar with BuildToolsApiClasspathEntrySnapshotTransform
Transforming room-common-2.6.0.jar with BuildToolsApiClasspathEntrySnapshotTransform
Transforming room-runtime-2.6.0-api.jar with BuildToolsApiClasspathEntrySnapshotTransform
Transforming room-ktx-2.6.0-api.jar with BuildToolsApiClasspathEntrySnapshotTransform
Transforming navigation-runtime-release-api.jar with BuildToolsApiClasspathEntrySnapshotTransform
Transforming navigation-common-release-api.jar with BuildToolsApiClasspathEntrySnapshotTransform
Transforming navigation-compose-release-api.jar with BuildToolsApiClasspathEntrySnapshotTransform
Transforming camera-video-1.3.0-api.jar with BuildToolsApiClasspathEntrySnapshotTransform
Transforming camera-view-1.3.0-api.jar with BuildToolsApiClasspathEntrySnapshotTransform
Transforming camera-lifecycle-1.3.0-api.jar with BuildToolsApiClasspathEntrySnapshotTransform
Transforming camera-camera2-1.3.0-api.jar with BuildToolsApiClasspathEntrySnapshotTransform
Transforming camera-core-1.3.0-api.jar with BuildToolsApiClasspathEntrySnapshotTransform
Transforming barcode-scanning-17.2.0-api.jar with BuildToolsApiClasspathEntrySnapshotTransform
Transforming play-services-mlkit-barcode-scanning-18.3.0-api.jar with BuildToolsApiClasspathEntrySnapshotTransform
Transforming barcode-scanning-common-17.0.0-api.jar with BuildToolsApiClasspathEntrySnapshotTransform
Transforming vision-common-17.3.0-api.jar with BuildToolsApiClasspathEntrySnapshotTransform
Transforming common-18.9.0-api.jar with BuildToolsApiClasspathEntrySnapshotTransform
Transforming play-services-base-18.1.0-api.jar with BuildToolsApiClasspathEntrySnapshotTransform
Transforming vision-interfaces-16.2.0-api.jar with BuildToolsApiClasspathEntrySnapshotTransform
Transforming play-services-tasks-18.0.2-api.jar with BuildToolsApiClasspathEntrySnapshotTransform
Transforming play-services-basement-18.1.0-api.jar with BuildToolsApiClasspathEntrySnapshotTransform
Transforming fragment-1.5.1-api.jar with BuildToolsApiClasspathEntrySnapshotTransform
Transforming loader-1.0.0-api.jar with BuildToolsApiClasspathEntrySnapshotTransform
Transforming viewpager-1.0.0-api.jar with BuildToolsApiClasspathEntrySnapshotTransform
Transforming customview-1.0.0-api.jar with BuildToolsApiClasspathEntrySnapshotTransform
Transforming core-1.17.0-api.jar with BuildToolsApiClasspathEntrySnapshotTransform
Transforming coil-compose-2.5.0-api.jar with BuildToolsApiClasspathEntrySnapshotTransform
Transforming coil-compose-base-2.5.0-api.jar with BuildToolsApiClasspathEntrySnapshotTransform
Transforming coil-2.5.0-api.jar with BuildToolsApiClasspathEntrySnapshotTransform
Transforming coil-base-2.5.0-api.jar with BuildToolsApiClasspathEntrySnapshotTransform
Transforming activity-ktx-1.12.2-api.jar with BuildToolsApiClasspathEntrySnapshotTransform
Transforming lifecycle-viewmodel-ktx-2.10.0-api.jar with BuildToolsApiClasspathEntrySnapshotTransform
Transforming lifecycle-runtime-compose-api.jar with BuildToolsApiClasspathEntrySnapshotTransform
Transforming lifecycle-livedata-core-ktx-2.10.0-api.jar with BuildToolsApiClasspathEntrySnapshotTransform
Transforming lifecycle-runtime-api.jar with BuildToolsApiClasspathEntrySnapshotTransform
Transforming lifecycle-viewmodel-savedstate-api.jar with BuildToolsApiClasspathEntrySnapshotTransform
Transforming lifecycle-viewmodel-2.10.0-api.jar with BuildToolsApiClasspathEntrySnapshotTransform
Transforming lifecycle-viewmodel-api.jar with BuildToolsApiClasspathEntrySnapshotTransform
Transforming lifecycle-livedata-core-2.10.0-api.jar with BuildToolsApiClasspathEntrySnapshotTransform
Transforming lifecycle-common-jvm-2.10.0.jar with BuildToolsApiClasspathEntrySnapshotTransform
Transforming lifecycle-livedata-2.10.0-api.jar with BuildToolsApiClasspathEntrySnapshotTransform
Transforming lifecycle-runtime-ktx-api.jar with BuildToolsApiClasspathEntrySnapshotTransform
Transforming lifecycle-viewmodel-compose-api.jar with BuildToolsApiClasspathEntrySnapshotTransform
Transforming material-icons-extended-release-api.jar with BuildToolsApiClasspathEntrySnapshotTransform
Transforming material3-release-api.jar with BuildToolsApiClasspathEntrySnapshotTransform
Transforming material-icons-core-release-api.jar with BuildToolsApiClasspathEntrySnapshotTransform
Transforming foundation-layout-api.jar with BuildToolsApiClasspathEntrySnapshotTransform
Transforming material-ripple-release-api.jar with BuildToolsApiClasspathEntrySnapshotTransform
Transforming foundation-release-api.jar with BuildToolsApiClasspathEntrySnapshotTransform
Transforming animation-core-api.jar with BuildToolsApiClasspathEntrySnapshotTransform
Transforming animation-api.jar with BuildToolsApiClasspathEntrySnapshotTransform
Transforming ui-util-api.jar with BuildToolsApiClasspathEntrySnapshotTransform
Transforming ui-unit-api.jar with BuildToolsApiClasspathEntrySnapshotTransform
Transforming ui-text-api.jar with BuildToolsApiClasspathEntrySnapshotTransform
Transforming ui-geometry-api.jar with BuildToolsApiClasspathEntrySnapshotTransform
Transforming ui-tooling-data-api.jar with BuildToolsApiClasspathEntrySnapshotTransform
Transforming ui-tooling-preview-api.jar with BuildToolsApiClasspathEntrySnapshotTransform
Transforming ui-graphics-release-api.jar with BuildToolsApiClasspathEntrySnapshotTransform
Transforming ui-release-api.jar with BuildToolsApiClasspathEntrySnapshotTransform
Transforming ui-tooling-api.jar with BuildToolsApiClasspathEntrySnapshotTransform
Transforming ui-test-manifest-1.9.2-api.jar with BuildToolsApiClasspathEntrySnapshotTransform
Transforming activity-1.12.2-api.jar with BuildToolsApiClasspathEntrySnapshotTransform
Transforming activity-compose-1.12.2-api.jar with BuildToolsApiClasspathEntrySnapshotTransform
Transforming core-ktx-1.17.0-api.jar with BuildToolsApiClasspathEntrySnapshotTransform
Transforming converter-gson-2.9.0.jar with BuildToolsApiClasspathEntrySnapshotTransform
Transforming retrofit-2.9.0.jar with BuildToolsApiClasspathEntrySnapshotTransform
Transforming okhttp-4.12.0.jar with BuildToolsApiClasspathEntrySnapshotTransform
Transforming kotlin-stdlib-jdk8-1.9.10.jar with BuildToolsApiClasspathEntrySnapshotTransform
Transforming navigationevent-api.jar with BuildToolsApiClasspathEntrySnapshotTransform
Transforming navigationevent-compose-api.jar with BuildToolsApiClasspathEntrySnapshotTransform
Transforming runtime-annotation-api.jar with BuildToolsApiClasspathEntrySnapshotTransform
Transforming runtime-api.jar with BuildToolsApiClasspathEntrySnapshotTransform
Transforming runtime-saveable-api.jar with BuildToolsApiClasspathEntrySnapshotTransform
Transforming savedstate-ktx-1.4.0-api.jar with BuildToolsApiClasspathEntrySnapshotTransform
Transforming savedstate-compose-api.jar with BuildToolsApiClasspathEntrySnapshotTransform
Transforming savedstate-api.jar with BuildToolsApiClasspathEntrySnapshotTransform
Transforming kotlinx-serialization-core-jvm-1.7.3.jar with BuildToolsApiClasspathEntrySnapshotTransform
Transforming kotlinx-serialization-json-jvm-1.7.3.jar with BuildToolsApiClasspathEntrySnapshotTransform
Transforming annotation-experimental-1.4.1-api.jar with BuildToolsApiClasspathEntrySnapshotTransform
Transforming kotlinx-coroutines-core-jvm-1.9.0.jar with BuildToolsApiClasspathEntrySnapshotTransform
Transforming kotlinx-coroutines-android-1.9.0.jar with BuildToolsApiClasspathEntrySnapshotTransform
Transforming core-viewtree-1.0.0-api.jar with BuildToolsApiClasspathEntrySnapshotTransform
Transforming sqlite-framework-2.4.0-api.jar with BuildToolsApiClasspathEntrySnapshotTransform
Transforming sqlite-2.4.0-api.jar with BuildToolsApiClasspathEntrySnapshotTransform
Transforming transport-backend-cct-2.3.3-api.jar with BuildToolsApiClasspathEntrySnapshotTransform
Transforming transport-runtime-2.2.6-api.jar with BuildToolsApiClasspathEntrySnapshotTransform
Transforming transport-api-2.2.1-api.jar with BuildToolsApiClasspathEntrySnapshotTransform
Transforming firebase-components-16.1.0-api.jar with BuildToolsApiClasspathEntrySnapshotTransform
Transforming firebase-encoders-json-17.1.0-api.jar with BuildToolsApiClasspathEntrySnapshotTransform
Transforming firebase-encoders-16.1.0.jar with BuildToolsApiClasspathEntrySnapshotTransform
Transforming versionedparcelable-1.1.1-api.jar with BuildToolsApiClasspathEntrySnapshotTransform
Transforming core-runtime-2.2.0-api.jar with BuildToolsApiClasspathEntrySnapshotTransform
Transforming collection-jvm-1.5.0.jar with BuildToolsApiClasspathEntrySnapshotTransform
Transforming core-common-2.2.0.jar with BuildToolsApiClasspathEntrySnapshotTransform
Transforming annotation-jvm-1.9.1.jar with BuildToolsApiClasspathEntrySnapshotTransform
Transforming wire-runtime-jvm-5.2.1.jar with BuildToolsApiClasspathEntrySnapshotTransform
Transforming kotlin-stdlib-jdk7-1.9.10.jar with BuildToolsApiClasspathEntrySnapshotTransform
Transforming okio-jvm-3.9.1.jar with BuildToolsApiClasspathEntrySnapshotTransform
Transforming kotlin-stdlib-2.0.21.jar with BuildToolsApiClasspathEntrySnapshotTransform
Transforming gson-2.10.1.jar with BuildToolsApiClasspathEntrySnapshotTransform
Transforming junit-4.13.2.jar with BuildToolsApiClasspathEntrySnapshotTransform
Transforming hamcrest-core-1.3.jar with BuildToolsApiClasspathEntrySnapshotTransform
Transforming annotations-23.0.0.jar with BuildToolsApiClasspathEntrySnapshotTransform
Transforming listenablefuture-1.0.jar with BuildToolsApiClasspathEntrySnapshotTransform
Transforming jspecify-1.0.0.jar with BuildToolsApiClasspathEntrySnapshotTransform
Transforming exifinterface-1.3.6-api.jar with BuildToolsApiClasspathEntrySnapshotTransform
Transforming hilt-core-2.51.1.jar with BuildToolsApiClasspathEntrySnapshotTransform
Transforming dagger-2.51.1.jar with BuildToolsApiClasspathEntrySnapshotTransform
Transforming javax.inject-1.jar with BuildToolsApiClasspathEntrySnapshotTransform
Transforming image-1.0.0-beta1-api.jar with BuildToolsApiClasspathEntrySnapshotTransform
Transforming firebase-annotations-16.0.0.jar with BuildToolsApiClasspathEntrySnapshotTransform
Transforming dagger-lint-aar-2.51.1-api.jar with BuildToolsApiClasspathEntrySnapshotTransform
Transforming jsr305-3.0.2.jar with BuildToolsApiClasspathEntrySnapshotTransform
Transforming android.jar with BuildToolsApiClasspathEntrySnapshotTransform
Transforming core-lambda-stubs.jar with BuildToolsApiClasspathEntrySnapshotTransform
Caching disabled for task ':app:kaptGenerateStubsDebugUnitTestKotlin' because:
  Build cache is disabled
Skipping task ':app:kaptGenerateStubsDebugUnitTestKotlin' as it is up-to-date.
Resolve mutations for :app:kaptDebugUnitTestKotlin (Thread[#207,Execution worker Thread 3,5,main]) started.
:app:kaptDebugUnitTestKotlin (Thread[#207,Execution worker Thread 3,5,main]) started.

> Task :app:kaptDebugUnitTestKotlin UP-TO-DATE
Transforming R.jar with StructureTransformAction
Transforming classes.jar with StructureTransformAction
Transforming benchmark-traceprocessor-api.jar with StructureTransformAction
Transforming core-splashscreen-1.0.1-api.jar with StructureTransformAction
Transforming hilt-navigation-compose-1.2.0-api.jar with StructureTransformAction
Transforming hilt-navigation-1.2.0-api.jar with StructureTransformAction
Transforming hilt-android-2.51.1-api.jar with StructureTransformAction
Transforming room-common-2.6.0.jar with StructureTransformAction
Transforming room-runtime-2.6.0-api.jar with StructureTransformAction
Transforming room-ktx-2.6.0-api.jar with StructureTransformAction
Transforming navigation-runtime-release-api.jar with StructureTransformAction
Transforming navigation-common-release-api.jar with StructureTransformAction
Transforming navigation-compose-release-api.jar with StructureTransformAction
Transforming camera-video-1.3.0-api.jar with StructureTransformAction
Transforming camera-view-1.3.0-api.jar with StructureTransformAction
Transforming camera-lifecycle-1.3.0-api.jar with StructureTransformAction
Transforming camera-camera2-1.3.0-api.jar with StructureTransformAction
Transforming camera-core-1.3.0-api.jar with StructureTransformAction
Transforming barcode-scanning-17.2.0-api.jar with StructureTransformAction
Transforming play-services-mlkit-barcode-scanning-18.3.0-api.jar with StructureTransformAction
Transforming barcode-scanning-common-17.0.0-api.jar with StructureTransformAction
Transforming vision-common-17.3.0-api.jar with StructureTransformAction
Transforming common-18.9.0-api.jar with StructureTransformAction
Transforming play-services-base-18.1.0-api.jar with StructureTransformAction
Transforming vision-interfaces-16.2.0-api.jar with StructureTransformAction
Transforming play-services-tasks-18.0.2-api.jar with StructureTransformAction
Transforming play-services-basement-18.1.0-api.jar with StructureTransformAction
Transforming fragment-1.5.1-api.jar with StructureTransformAction
Transforming loader-1.0.0-api.jar with StructureTransformAction
Transforming viewpager-1.0.0-api.jar with StructureTransformAction
Transforming customview-1.0.0-api.jar with StructureTransformAction
Transforming core-1.17.0-api.jar with StructureTransformAction
Transforming coil-compose-2.5.0-api.jar with StructureTransformAction
Transforming coil-compose-base-2.5.0-api.jar with StructureTransformAction
Transforming coil-2.5.0-api.jar with StructureTransformAction
Transforming coil-base-2.5.0-api.jar with StructureTransformAction
Transforming activity-ktx-1.12.2-api.jar with StructureTransformAction
Transforming lifecycle-viewmodel-ktx-2.10.0-api.jar with StructureTransformAction
Transforming lifecycle-runtime-compose-api.jar with StructureTransformAction
Transforming lifecycle-livedata-core-ktx-2.10.0-api.jar with StructureTransformAction
Transforming lifecycle-runtime-api.jar with StructureTransformAction
Transforming lifecycle-viewmodel-savedstate-api.jar with StructureTransformAction
Transforming lifecycle-viewmodel-2.10.0-api.jar with StructureTransformAction
Transforming lifecycle-viewmodel-api.jar with StructureTransformAction
Transforming lifecycle-livedata-core-2.10.0-api.jar with StructureTransformAction
Transforming lifecycle-common-jvm-2.10.0.jar with StructureTransformAction
Transforming lifecycle-livedata-2.10.0-api.jar with StructureTransformAction
Transforming lifecycle-runtime-ktx-api.jar with StructureTransformAction
Transforming lifecycle-viewmodel-compose-api.jar with StructureTransformAction
Transforming material-icons-extended-release-api.jar with StructureTransformAction
Transforming material3-release-api.jar with StructureTransformAction
Transforming material-icons-core-release-api.jar with StructureTransformAction
Transforming foundation-layout-api.jar with StructureTransformAction
Transforming material-ripple-release-api.jar with StructureTransformAction
Transforming foundation-release-api.jar with StructureTransformAction
Transforming animation-core-api.jar with StructureTransformAction
Transforming animation-api.jar with StructureTransformAction
Transforming ui-util-api.jar with StructureTransformAction
Transforming ui-unit-api.jar with StructureTransformAction
Transforming ui-text-api.jar with StructureTransformAction
Transforming ui-geometry-api.jar with StructureTransformAction
Transforming ui-tooling-data-api.jar with StructureTransformAction
Transforming ui-tooling-preview-api.jar with StructureTransformAction
Transforming ui-graphics-release-api.jar with StructureTransformAction
Transforming ui-release-api.jar with StructureTransformAction
Transforming ui-tooling-api.jar with StructureTransformAction
Transforming ui-test-manifest-1.9.2-api.jar with StructureTransformAction
Transforming activity-1.12.2-api.jar with StructureTransformAction
Transforming activity-compose-1.12.2-api.jar with StructureTransformAction
Transforming core-ktx-1.17.0-api.jar with StructureTransformAction
Transforming converter-gson-2.9.0.jar with StructureTransformAction
Transforming retrofit-2.9.0.jar with StructureTransformAction
Transforming okhttp-4.12.0.jar with StructureTransformAction
Transforming kotlin-stdlib-jdk8-1.9.10.jar with StructureTransformAction
Transforming navigationevent-api.jar with StructureTransformAction
Transforming navigationevent-compose-api.jar with StructureTransformAction
Transforming runtime-annotation-api.jar with StructureTransformAction
Transforming runtime-api.jar with StructureTransformAction
Transforming runtime-saveable-api.jar with StructureTransformAction
Transforming savedstate-ktx-1.4.0-api.jar with StructureTransformAction
Transforming savedstate-compose-api.jar with StructureTransformAction
Transforming savedstate-api.jar with StructureTransformAction
Transforming kotlinx-serialization-core-jvm-1.7.3.jar with StructureTransformAction
Transforming kotlinx-serialization-json-jvm-1.7.3.jar with StructureTransformAction
Transforming annotation-experimental-1.4.1-api.jar with StructureTransformAction
Transforming kotlinx-coroutines-core-jvm-1.9.0.jar with StructureTransformAction
Transforming kotlinx-coroutines-android-1.9.0.jar with StructureTransformAction
Transforming core-viewtree-1.0.0-api.jar with StructureTransformAction
Transforming sqlite-framework-2.4.0-api.jar with StructureTransformAction
Transforming sqlite-2.4.0-api.jar with StructureTransformAction
Transforming transport-backend-cct-2.3.3-api.jar with StructureTransformAction
Transforming transport-runtime-2.2.6-api.jar with StructureTransformAction
Transforming transport-api-2.2.1-api.jar with StructureTransformAction
Transforming firebase-components-16.1.0-api.jar with StructureTransformAction
Transforming firebase-encoders-json-17.1.0-api.jar with StructureTransformAction
Transforming firebase-encoders-16.1.0.jar with StructureTransformAction
Transforming versionedparcelable-1.1.1-api.jar with StructureTransformAction
Transforming core-runtime-2.2.0-api.jar with StructureTransformAction
Transforming collection-jvm-1.5.0.jar with StructureTransformAction
Transforming core-common-2.2.0.jar with StructureTransformAction
Transforming annotation-jvm-1.9.1.jar with StructureTransformAction
Transforming wire-runtime-jvm-5.2.1.jar with StructureTransformAction
Transforming kotlin-stdlib-jdk7-1.9.10.jar with StructureTransformAction
Transforming okio-jvm-3.9.1.jar with StructureTransformAction
Transforming kotlin-stdlib-2.0.21.jar with StructureTransformAction
Transforming gson-2.10.1.jar with StructureTransformAction
Transforming junit-4.13.2.jar with StructureTransformAction
Transforming hamcrest-core-1.3.jar with StructureTransformAction
Transforming annotations-23.0.0.jar with StructureTransformAction
Transforming listenablefuture-1.0.jar with StructureTransformAction
Transforming jspecify-1.0.0.jar with StructureTransformAction
Transforming exifinterface-1.3.6-api.jar with StructureTransformAction
Transforming hilt-core-2.51.1.jar with StructureTransformAction
Transforming dagger-2.51.1.jar with StructureTransformAction
Transforming javax.inject-1.jar with StructureTransformAction
Transforming image-1.0.0-beta1-api.jar with StructureTransformAction
Transforming firebase-annotations-16.0.0.jar with StructureTransformAction
Transforming dagger-lint-aar-2.51.1-api.jar with StructureTransformAction
Transforming jsr305-3.0.2.jar with StructureTransformAction
Transforming android.jar with StructureTransformAction
Transforming core-lambda-stubs.jar with StructureTransformAction
file or directory 'E:\Desktop\calourie_ai\app\src\debugUnitTest\kotlin', not found
file or directory 'E:\Desktop\calourie_ai\app\src\test\kotlin', not found
file or directory 'E:\Desktop\calourie_ai\app\src\test\kotlin', not found
file or directory 'E:\Desktop\calourie_ai\app\src\test\kotlin', not found
file or directory 'E:\Desktop\calourie_ai\app\src\testDebug\kotlin', not found
file or directory 'E:\Desktop\calourie_ai\app\src\testDebug\java', not found
file or directory 'E:\Desktop\calourie_ai\app\src\testDebug\kotlin', not found
file or directory 'E:\Desktop\calourie_ai\app\src\testDebug\kotlin', not found
file or directory 'E:\Desktop\calourie_ai\app\src\testDebug\java', not found
file or directory 'E:\Desktop\calourie_ai\app\src\test\kotlin', not found
file or directory 'E:\Desktop\calourie_ai\app\src\test\kotlin', not found
file or directory 'E:\Desktop\calourie_ai\app\src\test\kotlin', not found
file or directory 'E:\Desktop\calourie_ai\app\src\testDebug\kotlin', not found
file or directory 'E:\Desktop\calourie_ai\app\src\testDebug\java', not found
file or directory 'E:\Desktop\calourie_ai\app\src\testDebug\kotlin', not found
file or directory 'E:\Desktop\calourie_ai\app\src\testDebug\kotlin', not found
file or directory 'E:\Desktop\calourie_ai\app\src\testDebug\java', not found
file or directory 'E:\Desktop\calourie_ai\app\src\testDebug\java', not found
Caching disabled for task ':app:kaptDebugUnitTestKotlin' because:
  Build cache is disabled
Skipping task ':app:kaptDebugUnitTestKotlin' as it is up-to-date.
Resolve mutations for :app:compileDebugUnitTestKotlin (Thread[#204,included builds,5,main]) started.
:app:compileDebugUnitTestKotlin (Thread[#204,included builds,5,main]) started.
Resolve mutations for :app:javaPreCompileDebugUnitTest (Thread[#207,Execution worker Thread 3,5,main]) started.
:app:javaPreCompileDebugUnitTest (Thread[#207,Execution worker Thread 3,5,main]) started.

> Task :app:javaPreCompileDebugUnitTest UP-TO-DATE
Caching disabled for task ':app:javaPreCompileDebugUnitTest' because:
  Build cache is disabled
Skipping task ':app:javaPreCompileDebugUnitTest' as it is up-to-date.

> Task :app:compileDebugUnitTestKotlin FAILED
Transforming R.jar with BuildToolsApiClasspathEntrySnapshotTransform
Transforming classes.jar with BuildToolsApiClasspathEntrySnapshotTransform
Transforming benchmark-traceprocessor-api.jar with BuildToolsApiClasspathEntrySnapshotTransform
Transforming core-splashscreen-1.0.1-api.jar with BuildToolsApiClasspathEntrySnapshotTransform
Transforming hilt-navigation-compose-1.2.0-api.jar with BuildToolsApiClasspathEntrySnapshotTransform
Transforming hilt-navigation-1.2.0-api.jar with BuildToolsApiClasspathEntrySnapshotTransform
Transforming hilt-android-2.51.1-api.jar with BuildToolsApiClasspathEntrySnapshotTransform
Transforming room-common-2.6.0.jar with BuildToolsApiClasspathEntrySnapshotTransform
Transforming room-runtime-2.6.0-api.jar with BuildToolsApiClasspathEntrySnapshotTransform
Transforming room-ktx-2.6.0-api.jar with BuildToolsApiClasspathEntrySnapshotTransform
Transforming navigation-runtime-release-api.jar with BuildToolsApiClasspathEntrySnapshotTransform
Transforming navigation-common-release-api.jar with BuildToolsApiClasspathEntrySnapshotTransform
Transforming navigation-compose-release-api.jar with BuildToolsApiClasspathEntrySnapshotTransform
Transforming camera-video-1.3.0-api.jar with BuildToolsApiClasspathEntrySnapshotTransform
Transforming camera-view-1.3.0-api.jar with BuildToolsApiClasspathEntrySnapshotTransform
Transforming camera-lifecycle-1.3.0-api.jar with BuildToolsApiClasspathEntrySnapshotTransform
Transforming camera-camera2-1.3.0-api.jar with BuildToolsApiClasspathEntrySnapshotTransform
Transforming camera-core-1.3.0-api.jar with BuildToolsApiClasspathEntrySnapshotTransform
Transforming barcode-scanning-17.2.0-api.jar with BuildToolsApiClasspathEntrySnapshotTransform
Transforming play-services-mlkit-barcode-scanning-18.3.0-api.jar with BuildToolsApiClasspathEntrySnapshotTransform
Transforming barcode-scanning-common-17.0.0-api.jar with BuildToolsApiClasspathEntrySnapshotTransform
Transforming vision-common-17.3.0-api.jar with BuildToolsApiClasspathEntrySnapshotTransform
Transforming common-18.9.0-api.jar with BuildToolsApiClasspathEntrySnapshotTransform
Transforming play-services-base-18.1.0-api.jar with BuildToolsApiClasspathEntrySnapshotTransform
Transforming vision-interfaces-16.2.0-api.jar with BuildToolsApiClasspathEntrySnapshotTransform
Transforming play-services-tasks-18.0.2-api.jar with BuildToolsApiClasspathEntrySnapshotTransform
Transforming play-services-basement-18.1.0-api.jar with BuildToolsApiClasspathEntrySnapshotTransform
Transforming fragment-1.5.1-api.jar with BuildToolsApiClasspathEntrySnapshotTransform
Transforming loader-1.0.0-api.jar with BuildToolsApiClasspathEntrySnapshotTransform
Transforming viewpager-1.0.0-api.jar with BuildToolsApiClasspathEntrySnapshotTransform
Transforming customview-1.0.0-api.jar with BuildToolsApiClasspathEntrySnapshotTransform
Transforming core-1.17.0-api.jar with BuildToolsApiClasspathEntrySnapshotTransform
Transforming coil-compose-2.5.0-api.jar with BuildToolsApiClasspathEntrySnapshotTransform
Transforming coil-compose-base-2.5.0-api.jar with BuildToolsApiClasspathEntrySnapshotTransform
Transforming coil-2.5.0-api.jar with BuildToolsApiClasspathEntrySnapshotTransform
Transforming coil-base-2.5.0-api.jar with BuildToolsApiClasspathEntrySnapshotTransform
Transforming activity-ktx-1.12.2-api.jar with BuildToolsApiClasspathEntrySnapshotTransform
Transforming lifecycle-viewmodel-ktx-2.10.0-api.jar with BuildToolsApiClasspathEntrySnapshotTransform
Transforming lifecycle-runtime-compose-api.jar with BuildToolsApiClasspathEntrySnapshotTransform
Transforming lifecycle-livedata-core-ktx-2.10.0-api.jar with BuildToolsApiClasspathEntrySnapshotTransform
Transforming lifecycle-runtime-api.jar with BuildToolsApiClasspathEntrySnapshotTransform
Transforming lifecycle-viewmodel-savedstate-api.jar with BuildToolsApiClasspathEntrySnapshotTransform
Transforming lifecycle-viewmodel-2.10.0-api.jar with BuildToolsApiClasspathEntrySnapshotTransform
Transforming lifecycle-viewmodel-api.jar with BuildToolsApiClasspathEntrySnapshotTransform
Transforming lifecycle-livedata-core-2.10.0-api.jar with BuildToolsApiClasspathEntrySnapshotTransform
Transforming lifecycle-common-jvm-2.10.0.jar with BuildToolsApiClasspathEntrySnapshotTransform
Transforming lifecycle-livedata-2.10.0-api.jar with BuildToolsApiClasspathEntrySnapshotTransform
Transforming lifecycle-runtime-ktx-api.jar with BuildToolsApiClasspathEntrySnapshotTransform
Transforming lifecycle-viewmodel-compose-api.jar with BuildToolsApiClasspathEntrySnapshotTransform
Transforming material-icons-extended-release-api.jar with BuildToolsApiClasspathEntrySnapshotTransform
Transforming material3-release-api.jar with BuildToolsApiClasspathEntrySnapshotTransform
Transforming material-icons-core-release-api.jar with BuildToolsApiClasspathEntrySnapshotTransform
Transforming foundation-layout-api.jar with BuildToolsApiClasspathEntrySnapshotTransform
Transforming material-ripple-release-api.jar with BuildToolsApiClasspathEntrySnapshotTransform
Transforming foundation-release-api.jar with BuildToolsApiClasspathEntrySnapshotTransform
Transforming animation-core-api.jar with BuildToolsApiClasspathEntrySnapshotTransform
Transforming animation-api.jar with BuildToolsApiClasspathEntrySnapshotTransform
Transforming ui-util-api.jar with BuildToolsApiClasspathEntrySnapshotTransform
Transforming ui-unit-api.jar with BuildToolsApiClasspathEntrySnapshotTransform
Transforming ui-text-api.jar with BuildToolsApiClasspathEntrySnapshotTransform
Transforming ui-geometry-api.jar with BuildToolsApiClasspathEntrySnapshotTransform
Transforming ui-tooling-data-api.jar with BuildToolsApiClasspathEntrySnapshotTransform
Transforming ui-tooling-preview-api.jar with BuildToolsApiClasspathEntrySnapshotTransform
Transforming ui-graphics-release-api.jar with BuildToolsApiClasspathEntrySnapshotTransform
Transforming ui-release-api.jar with BuildToolsApiClasspathEntrySnapshotTransform
Transforming ui-tooling-api.jar with BuildToolsApiClasspathEntrySnapshotTransform
Transforming ui-test-manifest-1.9.2-api.jar with BuildToolsApiClasspathEntrySnapshotTransform
Transforming activity-1.12.2-api.jar with BuildToolsApiClasspathEntrySnapshotTransform
Transforming activity-compose-1.12.2-api.jar with BuildToolsApiClasspathEntrySnapshotTransform
Transforming core-ktx-1.17.0-api.jar with BuildToolsApiClasspathEntrySnapshotTransform
Transforming converter-gson-2.9.0.jar with BuildToolsApiClasspathEntrySnapshotTransform
Transforming retrofit-2.9.0.jar with BuildToolsApiClasspathEntrySnapshotTransform
Transforming okhttp-4.12.0.jar with BuildToolsApiClasspathEntrySnapshotTransform
Transforming kotlin-stdlib-jdk8-1.9.10.jar with BuildToolsApiClasspathEntrySnapshotTransform
Transforming navigationevent-api.jar with BuildToolsApiClasspathEntrySnapshotTransform
Transforming navigationevent-compose-api.jar with BuildToolsApiClasspathEntrySnapshotTransform
Transforming runtime-annotation-api.jar with BuildToolsApiClasspathEntrySnapshotTransform
Transforming runtime-api.jar with BuildToolsApiClasspathEntrySnapshotTransform
Transforming runtime-saveable-api.jar with BuildToolsApiClasspathEntrySnapshotTransform
Transforming savedstate-ktx-1.4.0-api.jar with BuildToolsApiClasspathEntrySnapshotTransform
Transforming savedstate-compose-api.jar with BuildToolsApiClasspathEntrySnapshotTransform
Transforming savedstate-api.jar with BuildToolsApiClasspathEntrySnapshotTransform
Transforming kotlinx-serialization-core-jvm-1.7.3.jar with BuildToolsApiClasspathEntrySnapshotTransform
Transforming kotlinx-serialization-json-jvm-1.7.3.jar with BuildToolsApiClasspathEntrySnapshotTransform
Transforming annotation-experimental-1.4.1-api.jar with BuildToolsApiClasspathEntrySnapshotTransform
Transforming kotlinx-coroutines-core-jvm-1.9.0.jar with BuildToolsApiClasspathEntrySnapshotTransform
Transforming kotlinx-coroutines-android-1.9.0.jar with BuildToolsApiClasspathEntrySnapshotTransform
Transforming core-viewtree-1.0.0-api.jar with BuildToolsApiClasspathEntrySnapshotTransform
Transforming sqlite-framework-2.4.0-api.jar with BuildToolsApiClasspathEntrySnapshotTransform
Transforming sqlite-2.4.0-api.jar with BuildToolsApiClasspathEntrySnapshotTransform
Transforming transport-backend-cct-2.3.3-api.jar with BuildToolsApiClasspathEntrySnapshotTransform
Transforming transport-runtime-2.2.6-api.jar with BuildToolsApiClasspathEntrySnapshotTransform
Transforming transport-api-2.2.1-api.jar with BuildToolsApiClasspathEntrySnapshotTransform
Transforming firebase-components-16.1.0-api.jar with BuildToolsApiClasspathEntrySnapshotTransform
Transforming firebase-encoders-json-17.1.0-api.jar with BuildToolsApiClasspathEntrySnapshotTransform
Transforming firebase-encoders-16.1.0.jar with BuildToolsApiClasspathEntrySnapshotTransform
Transforming versionedparcelable-1.1.1-api.jar with BuildToolsApiClasspathEntrySnapshotTransform
Transforming core-runtime-2.2.0-api.jar with BuildToolsApiClasspathEntrySnapshotTransform
Transforming collection-jvm-1.5.0.jar with BuildToolsApiClasspathEntrySnapshotTransform
Transforming core-common-2.2.0.jar with BuildToolsApiClasspathEntrySnapshotTransform
Transforming annotation-jvm-1.9.1.jar with BuildToolsApiClasspathEntrySnapshotTransform
Transforming wire-runtime-jvm-5.2.1.jar with BuildToolsApiClasspathEntrySnapshotTransform
Transforming kotlin-stdlib-jdk7-1.9.10.jar with BuildToolsApiClasspathEntrySnapshotTransform
Transforming okio-jvm-3.9.1.jar with BuildToolsApiClasspathEntrySnapshotTransform
Transforming kotlin-stdlib-2.0.21.jar with BuildToolsApiClasspathEntrySnapshotTransform
Transforming gson-2.10.1.jar with BuildToolsApiClasspathEntrySnapshotTransform
Transforming junit-4.13.2.jar with BuildToolsApiClasspathEntrySnapshotTransform
Transforming hamcrest-core-1.3.jar with BuildToolsApiClasspathEntrySnapshotTransform
Transforming annotations-23.0.0.jar with BuildToolsApiClasspathEntrySnapshotTransform
Transforming listenablefuture-1.0.jar with BuildToolsApiClasspathEntrySnapshotTransform
Transforming jspecify-1.0.0.jar with BuildToolsApiClasspathEntrySnapshotTransform
Transforming exifinterface-1.3.6-api.jar with BuildToolsApiClasspathEntrySnapshotTransform
Transforming hilt-core-2.51.1.jar with BuildToolsApiClasspathEntrySnapshotTransform
Transforming dagger-2.51.1.jar with BuildToolsApiClasspathEntrySnapshotTransform
Transforming javax.inject-1.jar with BuildToolsApiClasspathEntrySnapshotTransform
Transforming image-1.0.0-beta1-api.jar with BuildToolsApiClasspathEntrySnapshotTransform
Transforming firebase-annotations-16.0.0.jar with BuildToolsApiClasspathEntrySnapshotTransform
Transforming dagger-lint-aar-2.51.1-api.jar with BuildToolsApiClasspathEntrySnapshotTransform
Transforming jsr305-3.0.2.jar with BuildToolsApiClasspathEntrySnapshotTransform
Transforming android.jar with BuildToolsApiClasspathEntrySnapshotTransform
Transforming core-lambda-stubs.jar with BuildToolsApiClasspathEntrySnapshotTransform
Transforming debugUnitTest with BuildToolsApiClasspathEntrySnapshotTransform
Caching disabled for task ':app:compileDebugUnitTestKotlin' because:
  Build cache is disabled
Task ':app:compileDebugUnitTestKotlin' is not up-to-date because:
  Input property 'classpathSnapshotProperties.classpathSnapshot' file C:\Users\saqib\.gradle\caches\8.11.1\transforms\e04afadd212b952a036c1ab0a7442d49\transformed\classes_jar-snapshot.bin has been removed.
  Input property 'classpathSnapshotProperties.classpathSnapshot' file C:\Users\saqib\.gradle\caches\8.11.1\transforms\c4733febc8b070c2d51a2e15df3ad371\transformed\classes_jar-snapshot.bin has been added.
  Input property 'sources' file E:\Desktop\calourie_ai\app\src\test\java\com\example\calorieapp\domain\validation\ManualEntryValidatorTest.kt has changed.
file or directory 'E:\Desktop\calourie_ai\app\src\debugUnitTest\kotlin', not found
file or directory 'E:\Desktop\calourie_ai\app\src\debugUnitTest\kotlin', not found
file or directory 'E:\Desktop\calourie_ai\app\src\test\kotlin', not found
file or directory 'E:\Desktop\calourie_ai\app\src\test\kotlin', not found
file or directory 'E:\Desktop\calourie_ai\app\src\test\kotlin', not found
file or directory 'E:\Desktop\calourie_ai\app\src\test\kotlin', not found
file or directory 'E:\Desktop\calourie_ai\app\src\test\kotlin', not found
file or directory 'E:\Desktop\calourie_ai\app\src\test\kotlin', not found
file or directory 'E:\Desktop\calourie_ai\app\src\testDebug\kotlin', not found
file or directory 'E:\Desktop\calourie_ai\app\src\testDebug\java', not found
file or directory 'E:\Desktop\calourie_ai\app\src\testDebug\kotlin', not found
file or directory 'E:\Desktop\calourie_ai\app\src\testDebug\kotlin', not found
file or directory 'E:\Desktop\calourie_ai\app\src\testDebug\java', not found
file or directory 'E:\Desktop\calourie_ai\app\src\testDebug\kotlin', not found
file or directory 'E:\Desktop\calourie_ai\app\src\testDebug\java', not found
file or directory 'E:\Desktop\calourie_ai\app\src\testDebug\kotlin', not found
file or directory 'E:\Desktop\calourie_ai\app\src\testDebug\kotlin', not found
file or directory 'E:\Desktop\calourie_ai\app\src\testDebug\java', not found
file or directory 'E:\Desktop\calourie_ai\app\src\testDebug\java', not found
file or directory 'E:\Desktop\calourie_ai\app\src\debugUnitTest\kotlin', not found
file or directory 'E:\Desktop\calourie_ai\app\src\debugUnitTest\kotlin', not found
file or directory 'E:\Desktop\calourie_ai\app\src\test\kotlin', not found
file or directory 'E:\Desktop\calourie_ai\app\src\test\kotlin', not found
file or directory 'E:\Desktop\calourie_ai\app\src\test\kotlin', not found
file or directory 'E:\Desktop\calourie_ai\app\src\test\kotlin', not found
file or directory 'E:\Desktop\calourie_ai\app\src\test\kotlin', not found
file or directory 'E:\Desktop\calourie_ai\app\src\test\kotlin', not found
file or directory 'E:\Desktop\calourie_ai\app\src\testDebug\kotlin', not found
file or directory 'E:\Desktop\calourie_ai\app\src\testDebug\java', not found
file or directory 'E:\Desktop\calourie_ai\app\src\testDebug\kotlin', not found
file or directory 'E:\Desktop\calourie_ai\app\src\testDebug\kotlin', not found
file or directory 'E:\Desktop\calourie_ai\app\src\testDebug\java', not found
file or directory 'E:\Desktop\calourie_ai\app\src\testDebug\kotlin', not found
file or directory 'E:\Desktop\calourie_ai\app\src\testDebug\java', not found
file or directory 'E:\Desktop\calourie_ai\app\src\testDebug\kotlin', not found
file or directory 'E:\Desktop\calourie_ai\app\src\testDebug\kotlin', not found
file or directory 'E:\Desktop\calourie_ai\app\src\testDebug\java', not found
file or directory 'E:\Desktop\calourie_ai\app\src\testDebug\java', not found
file or directory 'E:\Desktop\calourie_ai\app\src\debugUnitTest\kotlin', not found
file or directory 'E:\Desktop\calourie_ai\app\src\debugUnitTest\kotlin', not found
file or directory 'E:\Desktop\calourie_ai\app\src\test\kotlin', not found
file or directory 'E:\Desktop\calourie_ai\app\src\test\kotlin', not found
file or directory 'E:\Desktop\calourie_ai\app\src\test\kotlin', not found
file or directory 'E:\Desktop\calourie_ai\app\src\test\kotlin', not found
file or directory 'E:\Desktop\calourie_ai\app\src\test\kotlin', not found
file or directory 'E:\Desktop\calourie_ai\app\src\test\kotlin', not found
file or directory 'E:\Desktop\calourie_ai\app\src\testDebug\kotlin', not found
file or directory 'E:\Desktop\calourie_ai\app\src\testDebug\java', not found
file or directory 'E:\Desktop\calourie_ai\app\src\testDebug\kotlin', not found
file or directory 'E:\Desktop\calourie_ai\app\src\testDebug\kotlin', not found
file or directory 'E:\Desktop\calourie_ai\app\src\testDebug\java', not found
file or directory 'E:\Desktop\calourie_ai\app\src\testDebug\kotlin', not found
file or directory 'E:\Desktop\calourie_ai\app\src\testDebug\java', not found
file or directory 'E:\Desktop\calourie_ai\app\src\testDebug\kotlin', not found
file or directory 'E:\Desktop\calourie_ai\app\src\testDebug\kotlin', not found
file or directory 'E:\Desktop\calourie_ai\app\src\testDebug\java', not found
file or directory 'E:\Desktop\calourie_ai\app\src\testDebug\java', not found
file or directory 'E:\Desktop\calourie_ai\app\src\debugUnitTest\kotlin', not found
file or directory 'E:\Desktop\calourie_ai\app\src\debugUnitTest\kotlin', not found
file or directory 'E:\Desktop\calourie_ai\app\src\test\kotlin', not found
file or directory 'E:\Desktop\calourie_ai\app\src\test\kotlin', not found
file or directory 'E:\Desktop\calourie_ai\app\src\test\kotlin', not found
file or directory 'E:\Desktop\calourie_ai\app\src\test\kotlin', not found
file or directory 'E:\Desktop\calourie_ai\app\src\test\kotlin', not found
file or directory 'E:\Desktop\calourie_ai\app\src\test\kotlin', not found
file or directory 'E:\Desktop\calourie_ai\app\src\testDebug\kotlin', not found
file or directory 'E:\Desktop\calourie_ai\app\src\testDebug\java', not found
file or directory 'E:\Desktop\calourie_ai\app\src\testDebug\kotlin', not found
file or directory 'E:\Desktop\calourie_ai\app\src\testDebug\kotlin', not found
file or directory 'E:\Desktop\calourie_ai\app\src\testDebug\java', not found
file or directory 'E:\Desktop\calourie_ai\app\src\testDebug\kotlin', not found
file or directory 'E:\Desktop\calourie_ai\app\src\testDebug\java', not found
file or directory 'E:\Desktop\calourie_ai\app\src\testDebug\kotlin', not found
file or directory 'E:\Desktop\calourie_ai\app\src\testDebug\kotlin', not found
file or directory 'E:\Desktop\calourie_ai\app\src\testDebug\java', not found
file or directory 'E:\Desktop\calourie_ai\app\src\testDebug\java', not found
Kotlin source files: E:\Desktop\calourie_ai\app\src\test\java\com\example\calorieapp\domain\validation\ManualEntryValidatorTest.kt, E:\Desktop\calourie_ai\app\src\test\java\com\example\calorieapp\ExampleUnitTest.kt
Java source files: 
Script source files: 
Script file extensions: 
Using Kotlin/JVM incremental compilation
[KOTLIN] Kotlin compilation 'jdkHome' argument: null
Options for KOTLIN DAEMON: IncrementalCompilationOptions(super=CompilationOptions(compilerMode=INCREMENTAL_COMPILER, targetPlatform=JVM, reportCategories=[0, 3], reportSeverity=2, requestedCompilationResults=[0], kotlinScriptExtensions=[]), areFileChangesKnown=true, modifiedFiles=[E:\Desktop\calourie_ai\app\src\test\java\com\example\calorieapp\domain\validation\ManualEntryValidatorTest.kt, C:\Users\saqib\.gradle\caches\8.11.1\transforms\c4733febc8b070c2d51a2e15df3ad371\transformed\classes_jar-snapshot.bin], deletedFiles=[C:\Users\saqib\.gradle\caches\8.11.1\transforms\e04afadd212b952a036c1ab0a7442d49\transformed\classes_jar-snapshot.bin], classpathChanges=ToBeComputedByIncrementalCompiler, workingDir=E:\Desktop\calourie_ai\app\build\kotlin\compileDebugUnitTestKotlin\cacheable, multiModuleICSettings=MultiModuleICSettings(buildHistoryFile=E:\Desktop\calourie_ai\app\build\kotlin\compileDebugUnitTestKotlin\local-state\build-history.bin, useModuleDetection=true), usePreciseJavaTracking=true, icFeatures=IncrementalCompilationFeatures(withAbiSnapshot=false, preciseCompilationResultsBackup=true, keepIncrementalCompilationCachesInMemory=true, enableUnsafeIncrementalCompilationForMultiplatform=false), outputFiles=[E:\Desktop\calourie_ai\app\build\tmp\kotlin-classes\debugUnitTest, E:\Desktop\calourie_ai\app\build\kotlin\compileDebugUnitTestKotlin\cacheable, E:\Desktop\calourie_ai\app\build\kotlin\compileDebugUnitTestKotlin\local-state])
.\gradlew : e: file:///
E:/Desktop/calourie_ai/
app/src/test/java/com/e
xample/calorieapp/domai
n/validation/ManualEntr
yValidatorTest.kt:10:5 
This annotation is not 
repeatable.
At line:1 char:1
+ .\gradlew 
:app:testDebugUnitTest 
--tests "com.example.ca
lorieapp.doma ...
+ ~~~~~~~~~~~~~~~~~~~~~
~~~~~~~~~~~~~~~~~~~~~~~
~~~~~~~~~~~~~~~~~~~~~~~
~~
    + CategoryInfo     
         : NotSpecifi  
  ed: (e: file:///E:   
 /D...not repeatabl    
e.:String) [], Rem    
oteException
    + FullyQualifiedEr 
   rorId : NativeComm  
  andError
 
Finished executing kotlin compiler using DAEMON strategy
Restoring task outputs to pre-compilation state

FAILURE: Build failed 
with an exception.

* What went wrong:
Execution failed for 
task ':app:compileDebug
UnitTestKotlin'.
> A failure occurred 
while executing org.jet
brains.kotlin.compilerR
unner.GradleCompilerRun
nerWithWorkers$GradleKo
tlinCompilerWorkAction
   > Compilation 
error. See log for 
more details

* Try:
> Run with 
--stacktrace option to 
get the stack trace.
> Run with --debug 
option to get more log 
output.
> Run with --scan to 
get full insights.
> Get more help at http
s://help.gradle.org.

BUILD FAILED in 7s
28 actionable tasks: 1 executed, 27 up-to-date
Watched directory hierarchies: [E:\Desktop\calourie_ai]
